WARNING: Makefile 'package/feeds/packages/bmx7-dnsupdate/Makefile' has a dependency on 'bmx7', which does not exist
WARNING: Makefile 'package/feeds/packages/bmx7-dnsupdate/Makefile' has a dependency on 'bmx7-json', which does not exist
WARNING: Makefile 'package/feeds/luci/luci-app-babeld/Makefile' has a dependency on 'babeld', which does not exist
WARNING: Makefile 'package/feeds/luci/luci-app-bmx7/Makefile' has a dependency on 'bmx7', which does not exist
WARNING: Makefile 'package/feeds/luci/luci-app-bmx7/Makefile' has a dependency on 'bmx7-uci-config', which does not exist
WARNING: Makefile 'package/feeds/luci/luci-app-bmx7/Makefile' has a dependency on 'bmx7-json', which does not exist
WARNING: Makefile 'package/feeds/luci/luci-app-bmx7/Makefile' has a dependency on 'bmx7-tun', which does not exist
WARNING: Makefile 'package/feeds/luci/luci-app-bmx7/Makefile' has a dependency on 'bmx7-iwinfo', which does not exist
WARNING: Makefile 'package/feeds/luci/luci-app-dcwapd/Makefile' has a dependency on 'dcwapd', which does not exist
WARNING: Makefile 'package/feeds/packages/prometheus-node-exporter-lua/Makefile' has a dependency on 'bmx7', which does not exist
WARNING: Makefile 'package/feeds/packages/prometheus-node-exporter-lua/Makefile' has a dependency on 'bmx7-json', which does not exist
make[2]: Entering directory '/home/jackie/Downloads/Askey_Spectrum_SBE1V1K/scripts/config'
make[2]: 'conf' is up to date.
make[2]: Leaving directory '/home/jackie/Downloads/Askey_Spectrum_SBE1V1K/scripts/config'
make[1]: Entering directory '/home/jackie/Downloads/Askey_Spectrum_SBE1V1K'
make[2]: Entering directory '/home/jackie/Downloads/Askey_Spectrum_SBE1V1K'
+ mkdir -p /home/jackie/Downloads/Askey_Spectrum_SBE1V1K/staging_dir/target-aarch64_cortex-a53_musl
+ cd /home/jackie/Downloads/Askey_Spectrum_SBE1V1K/staging_dir/target-aarch64_cortex-a53_musl
+ mkdir -p bin lib stamp usr/include usr/lib
mkdir -p /home/jackie/Downloads/Askey_Spectrum_SBE1V1K/build_dir/target-aarch64_cortex-a53_musl/stamp
touch /home/jackie/Downloads/Askey_Spectrum_SBE1V1K/staging_dir/target-aarch64_cortex-a53_musl/.prepared
make[3]: Entering directory '/home/jackie/Downloads/Askey_Spectrum_SBE1V1K/target/linux'
make[4]: Entering directory '/home/jackie/Downloads/Askey_Spectrum_SBE1V1K/target/linux/qualcommbe'
rm -f /home/jackie/Downloads/Askey_Spectrum_SBE1V1K/build_dir/target-aarch64_cortex-a53_musl/linux-qualcommbe_ipq95xx/linux-6.18.44/localversion
/home/jackie/Downloads/Askey_Spectrum_SBE1V1K/scripts/kconfig.pl  + + /home/jackie/Downloads/Askey_Spectrum_SBE1V1K/target/linux/generic/config-6.18 /home/jackie/Downloads/Askey_Spectrum_SBE1V1K/target/linux/qualcommbe/config-6.18 /home/jackie/Downloads/Askey_Spectrum_SBE1V1K/target/linux/qualcommbe/ipq95xx/config-default > /home/jackie/Downloads/Askey_Spectrum_SBE1V1K/build_dir/target-aarch64_cortex-a53_musl/linux-qualcommbe_ipq95xx/linux-6.18.44/.config.target
awk '/^(#[[:space:]]+)?CONFIG_KERNEL/{sub("CONFIG_KERNEL_","CONFIG_");print}' /home/jackie/Downloads/Askey_Spectrum_SBE1V1K/.config >> /home/jackie/Downloads/Askey_Spectrum_SBE1V1K/build_dir/target-aarch64_cortex-a53_musl/linux-qualcommbe_ipq95xx/linux-6.18.44/.config.target
echo "# CONFIG_KALLSYMS_EXTRA_PASS is not set" >> /home/jackie/Downloads/Askey_Spectrum_SBE1V1K/build_dir/target-aarch64_cortex-a53_musl/linux-qualcommbe_ipq95xx/linux-6.18.44/.config.target
echo "# CONFIG_KALLSYMS_ALL is not set" >> /home/jackie/Downloads/Askey_Spectrum_SBE1V1K/build_dir/target-aarch64_cortex-a53_musl/linux-qualcommbe_ipq95xx/linux-6.18.44/.config.target
echo "CONFIG_KALLSYMS_UNCOMPRESSED=y" >> /home/jackie/Downloads/Askey_Spectrum_SBE1V1K/build_dir/target-aarch64_cortex-a53_musl/linux-qualcommbe_ipq95xx/linux-6.18.44/.config.target
/home/jackie/Downloads/Askey_Spectrum_SBE1V1K/scripts/package-metadata.pl kconfig /home/jackie/Downloads/Askey_Spectrum_SBE1V1K/tmp/.packageinfo /home/jackie/Downloads/Askey_Spectrum_SBE1V1K/.config 6.18 > /home/jackie/Downloads/Askey_Spectrum_SBE1V1K/build_dir/target-aarch64_cortex-a53_musl/linux-qualcommbe_ipq95xx/linux-6.18.44/.config.override
/home/jackie/Downloads/Askey_Spectrum_SBE1V1K/scripts/kconfig.pl 'm+' '+' /home/jackie/Downloads/Askey_Spectrum_SBE1V1K/build_dir/target-aarch64_cortex-a53_musl/linux-qualcommbe_ipq95xx/linux-6.18.44/.config.target /dev/null /home/jackie/Downloads/Askey_Spectrum_SBE1V1K/build_dir/target-aarch64_cortex-a53_musl/linux-qualcommbe_ipq95xx/linux-6.18.44/.config.override > /home/jackie/Downloads/Askey_Spectrum_SBE1V1K/build_dir/target-aarch64_cortex-a53_musl/linux-qualcommbe_ipq95xx/linux-6.18.44/.config.set
mv /home/jackie/Downloads/Askey_Spectrum_SBE1V1K/build_dir/target-aarch64_cortex-a53_musl/linux-qualcommbe_ipq95xx/linux-6.18.44/.config.set /home/jackie/Downloads/Askey_Spectrum_SBE1V1K/build_dir/target-aarch64_cortex-a53_musl/linux-qualcommbe_ipq95xx/linux-6.18.44/.config.old
grep -v INITRAMFS /home/jackie/Downloads/Askey_Spectrum_SBE1V1K/build_dir/target-aarch64_cortex-a53_musl/linux-qualcommbe_ipq95xx/linux-6.18.44/.config.old > /home/jackie/Downloads/Askey_Spectrum_SBE1V1K/build_dir/target-aarch64_cortex-a53_musl/linux-qualcommbe_ipq95xx/linux-6.18.44/.config.set
echo 'CONFIG_INITRAMFS_SOURCE=""' >> /home/jackie/Downloads/Askey_Spectrum_SBE1V1K/build_dir/target-aarch64_cortex-a53_musl/linux-qualcommbe_ipq95xx/linux-6.18.44/.config.set
echo '# CONFIG_INITRAMFS_FORCE is not set' >> /home/jackie/Downloads/Askey_Spectrum_SBE1V1K/build_dir/target-aarch64_cortex-a53_musl/linux-qualcommbe_ipq95xx/linux-6.18.44/.config.set
echo "# CONFIG_INITRAMFS_PRESERVE_MTIME is not set" >> /home/jackie/Downloads/Askey_Spectrum_SBE1V1K/build_dir/target-aarch64_cortex-a53_musl/linux-qualcommbe_ipq95xx/linux-6.18.44/.config.set
rm -rf /home/jackie/Downloads/Askey_Spectrum_SBE1V1K/build_dir/target-aarch64_cortex-a53_musl/linux-qualcommbe_ipq95xx/modules
cmp -s /home/jackie/Downloads/Askey_Spectrum_SBE1V1K/build_dir/target-aarch64_cortex-a53_musl/linux-qualcommbe_ipq95xx/linux-6.18.44/.config.set /home/jackie/Downloads/Askey_Spectrum_SBE1V1K/build_dir/target-aarch64_cortex-a53_musl/linux-qualcommbe_ipq95xx/linux-6.18.44/.config.prev || { cp /home/jackie/Downloads/Askey_Spectrum_SBE1V1K/build_dir/target-aarch64_cortex-a53_musl/linux-qualcommbe_ipq95xx/linux-6.18.44/.config.set /home/jackie/Downloads/Askey_Spectrum_SBE1V1K/build_dir/target-aarch64_cortex-a53_musl/linux-qualcommbe_ipq95xx/linux-6.18.44/.config; cp /home/jackie/Downloads/Askey_Spectrum_SBE1V1K/build_dir/target-aarch64_cortex-a53_musl/linux-qualcommbe_ipq95xx/linux-6.18.44/.config.set /home/jackie/Downloads/Askey_Spectrum_SBE1V1K/build_dir/target-aarch64_cortex-a53_musl/linux-qualcommbe_ipq95xx/linux-6.18.44/.config.prev; }
export MAKEFLAGS= ; [ -d /home/jackie/Downloads/Askey_Spectrum_SBE1V1K/build_dir/target-aarch64_cortex-a53_musl/linux-qualcommbe_ipq95xx/linux-6.18.44/user_headers ] || make -C /home/jackie/Downloads/Askey_Spectrum_SBE1V1K/build_dir/target-aarch64_cortex-a53_musl/linux-qualcommbe_ipq95xx/linux-6.18.44 KCFLAGS="-fmacro-prefix-map=/home/jackie/Downloads/Askey_Spectrum_SBE1V1K/build_dir/target-aarch64_cortex-a53_musl=target-aarch64_cortex-a53_musl -fno-caller-saves " KAFLAGS="-fmacro-prefix-map=/home/jackie/Downloads/Askey_Spectrum_SBE1V1K/build_dir/target-aarch64_cortex-a53_musl=target-aarch64_cortex-a53_musl" HOSTCFLAGS="-O2 -I/home/jackie/Downloads/Askey_Spectrum_SBE1V1K/staging_dir/host/include -Wall -Wmissing-prototypes -Wstrict-prototypes" CROSS_COMPILE="aarch64-openwrt-linux-musl-" ARCH="arm64" KBUILD_HAVE_NLS=no KBUILD_BUILD_USER="" KBUILD_BUILD_HOST="" KBUILD_BUILD_TIMESTAMP="Sat Sep 12 10:36:20 2026" KBUILD_BUILD_VERSION="0" KBUILD_HOSTLDFLAGS="-L/home/jackie/Downloads/Askey_Spectrum_SBE1V1K/staging_dir/host/lib" CONFIG_SHELL="bash" V=''  cmd_syscalls=  CC="aarch64-openwrt-linux-musl-gcc" KERNELRELEASE=6.18.44  INSTALL_HDR_PATH=/home/jackie/Downloads/Askey_Spectrum_SBE1V1K/build_dir/target-aarch64_cortex-a53_musl/linux-qualcommbe_ipq95xx/linux-6.18.44/user_headers headers_install
touch /home/jackie/Downloads/Askey_Spectrum_SBE1V1K/build_dir/target-aarch64_cortex-a53_musl/linux-qualcommbe_ipq95xx/linux-6.18.44/.configured
rm -f /home/jackie/Downloads/Askey_Spectrum_SBE1V1K/build_dir/target-aarch64_cortex-a53_musl/linux-qualcommbe_ipq95xx/linux-6.18.44/vmlinux /home/jackie/Downloads/Askey_Spectrum_SBE1V1K/build_dir/target-aarch64_cortex-a53_musl/linux-qualcommbe_ipq95xx/linux-6.18.44/System.map
make -C /home/jackie/Downloads/Askey_Spectrum_SBE1V1K/build_dir/target-aarch64_cortex-a53_musl/linux-qualcommbe_ipq95xx/linux-6.18.44 KCFLAGS="-fmacro-prefix-map=/home/jackie/Downloads/Askey_Spectrum_SBE1V1K/build_dir/target-aarch64_cortex-a53_musl=target-aarch64_cortex-a53_musl -fno-caller-saves " KAFLAGS="-fmacro-prefix-map=/home/jackie/Downloads/Askey_Spectrum_SBE1V1K/build_dir/target-aarch64_cortex-a53_musl=target-aarch64_cortex-a53_musl" HOSTCFLAGS="-O2 -I/home/jackie/Downloads/Askey_Spectrum_SBE1V1K/staging_dir/host/include -Wall -Wmissing-prototypes -Wstrict-prototypes" CROSS_COMPILE="aarch64-openwrt-linux-musl-" ARCH="arm64" KBUILD_HAVE_NLS=no KBUILD_BUILD_USER="" KBUILD_BUILD_HOST="" KBUILD_BUILD_TIMESTAMP="Sat Sep 12 10:36:20 2026" KBUILD_BUILD_VERSION="0" KBUILD_HOSTLDFLAGS="-L/home/jackie/Downloads/Askey_Spectrum_SBE1V1K/staging_dir/host/lib" CONFIG_SHELL="bash" V=''  cmd_syscalls=  CC="aarch64-openwrt-linux-musl-gcc" KERNELRELEASE=6.18.44 Image modules
make[5]: Entering directory '/home/jackie/Downloads/Askey_Spectrum_SBE1V1K/build_dir/target-aarch64_cortex-a53_musl/linux-qualcommbe_ipq95xx/linux-6.18.44'
  OBJCOPY vmlinux
  OBJCOPY arch/arm64/boot/Image
make[5]: Leaving directory '/home/jackie/Downloads/Askey_Spectrum_SBE1V1K/build_dir/target-aarch64_cortex-a53_musl/linux-qualcommbe_ipq95xx/linux-6.18.44'
# If .config did not change, use the previous timestamp to avoid package rebuilds
cmp -s /home/jackie/Downloads/Askey_Spectrum_SBE1V1K/build_dir/target-aarch64_cortex-a53_musl/linux-qualcommbe_ipq95xx/linux-6.18.44/.config /home/jackie/Downloads/Askey_Spectrum_SBE1V1K/build_dir/target-aarch64_cortex-a53_musl/linux-qualcommbe_ipq95xx/linux-6.18.44/.config.modules.save && mv /home/jackie/Downloads/Askey_Spectrum_SBE1V1K/build_dir/target-aarch64_cortex-a53_musl/linux-qualcommbe_ipq95xx/linux-6.18.44/.config.modules.save /home/jackie/Downloads/Askey_Spectrum_SBE1V1K/build_dir/target-aarch64_cortex-a53_musl/linux-qualcommbe_ipq95xx/linux-6.18.44/.config; cp -fpR /home/jackie/Downloads/Askey_Spectrum_SBE1V1K/build_dir/target-aarch64_cortex-a53_musl/linux-qualcommbe_ipq95xx/linux-6.18.44/.config /home/jackie/Downloads/Askey_Spectrum_SBE1V1K/build_dir/target-aarch64_cortex-a53_musl/linux-qualcommbe_ipq95xx/linux-6.18.44/.config.modules.save
touch /home/jackie/Downloads/Askey_Spectrum_SBE1V1K/build_dir/target-aarch64_cortex-a53_musl/linux-qualcommbe_ipq95xx/linux-6.18.44/.modules
make -C image compile TARGET_BUILD=
make[5]: Entering directory '/home/jackie/Downloads/Askey_Spectrum_SBE1V1K/target/linux/qualcommbe/image'
make[5]: Nothing to be done for 'compile'.
make[5]: Leaving directory '/home/jackie/Downloads/Askey_Spectrum_SBE1V1K/target/linux/qualcommbe/image'
make[4]: Leaving directory '/home/jackie/Downloads/Askey_Spectrum_SBE1V1K/target/linux/qualcommbe'
make[3]: Leaving directory '/home/jackie/Downloads/Askey_Spectrum_SBE1V1K/target/linux'
time: target/linux/compile#6.27#2.73#9.66
make[2]: Leaving directory '/home/jackie/Downloads/Askey_Spectrum_SBE1V1K'
export MAKEFLAGS= ;make -w -r buildinfo
make[2]: Entering directory '/home/jackie/Downloads/Askey_Spectrum_SBE1V1K'
 make[3] diffconfig buildversion feedsversion
 make[4] scripts/config/conf
make[2]: Leaving directory '/home/jackie/Downloads/Askey_Spectrum_SBE1V1K'
make[2]: Entering directory '/home/jackie/Downloads/Askey_Spectrum_SBE1V1K'
rm -rf /home/jackie/Downloads/Askey_Spectrum_SBE1V1K/staging_dir/target-aarch64_cortex-a53_musl/root-qualcommbe
make[2]: Leaving directory '/home/jackie/Downloads/Askey_Spectrum_SBE1V1K'
make[2]: Entering directory '/home/jackie/Downloads/Askey_Spectrum_SBE1V1K'
make[3]: Entering directory '/home/jackie/Downloads/Askey_Spectrum_SBE1V1K/package/utils/lua'
make[3]: Leaving directory '/home/jackie/Downloads/Askey_Spectrum_SBE1V1K/package/utils/lua'
time: package/utils/lua/host-compile#0.12#0.10#0.21
make[3]: Entering directory '/home/jackie/Downloads/Askey_Spectrum_SBE1V1K/package/system/apk'
make[3]: Leaving directory '/home/jackie/Downloads/Askey_Spectrum_SBE1V1K/package/system/apk'
time: package/system/apk/host-compile#0.12#0.10#0.20
make[3]: Entering directory '/home/jackie/Downloads/Askey_Spectrum_SBE1V1K/package/libs/toolchain'
rm -f /home/jackie/Downloads/Askey_Spectrum_SBE1V1K/build_dir/target-aarch64_cortex-a53_musl/toolchain/.built
touch /home/jackie/Downloads/Askey_Spectrum_SBE1V1K/build_dir/target-aarch64_cortex-a53_musl/toolchain/.built_check
cp -fpR /home/jackie/Downloads/Askey_Spectrum_SBE1V1K/staging_dir/toolchain-aarch64_cortex-a53_gcc-14.4.0_musl/lib/libgcc_s.so.1 /home/jackie/Downloads/Askey_Spectrum_SBE1V1K/build_dir/target-aarch64_cortex-a53_musl/toolchain/
touch /home/jackie/Downloads/Askey_Spectrum_SBE1V1K/build_dir/target-aarch64_cortex-a53_musl/toolchain/.built
rm -rf /home/jackie/Downloads/Askey_Spectrum_SBE1V1K/build_dir/target-aarch64_cortex-a53_musl/toolchain/ipkg-aarch64_cortex-a53/libgcc
/home/jackie/Downloads/Askey_Spectrum_SBE1V1K/scripts/ipkg-remove libgcc /home/jackie/Downloads/Askey_Spectrum_SBE1V1K/bin/targets/qualcommbe/ipq95xx/packages/libgcc1-14.4.0-r5.apk
removed '/home/jackie/Downloads/Askey_Spectrum_SBE1V1K/bin/targets/qualcommbe/ipq95xx/packages/libgcc1-14.4.0-r5.apk'
mkdir -p /home/jackie/Downloads/Askey_Spectrum_SBE1V1K/bin/targets/qualcommbe/ipq95xx/packages /home/jackie/Downloads/Askey_Spectrum_SBE1V1K/build_dir/target-aarch64_cortex-a53_musl/toolchain/ipkg-aarch64_cortex-a53/libgcc /home/jackie/Downloads/Askey_Spectrum_SBE1V1K/staging_dir/target-aarch64_cortex-a53_musl/pkginfo
install -d -m0755 /home/jackie/Downloads/Askey_Spectrum_SBE1V1K/build_dir/target-aarch64_cortex-a53_musl/toolchain/ipkg-aarch64_cortex-a53/libgcc/lib
cp -fpR /home/jackie/Downloads/Askey_Spectrum_SBE1V1K/staging_dir/toolchain-aarch64_cortex-a53_gcc-14.4.0_musl/lib/libgcc_s.so.* /home/jackie/Downloads/Askey_Spectrum_SBE1V1K/build_dir/target-aarch64_cortex-a53_musl/toolchain/ipkg-aarch64_cortex-a53/libgcc/lib/
find /home/jackie/Downloads/Askey_Spectrum_SBE1V1K/build_dir/target-aarch64_cortex-a53_musl/toolchain/ipkg-aarch64_cortex-a53/libgcc -name '.svn' -o -name '.#*' -o -name '*~'| xargs -r rm -rf
export CROSS="aarch64-openwrt-linux-musl-"  NO_RENAME=1 ; NM="aarch64-openwrt-linux-musl-nm" STRIP="/home/jackie/Downloads/Askey_Spectrum_SBE1V1K/staging_dir/host/bin/sstrip -z" STRIP_KMOD="/home/jackie/Downloads/Askey_Spectrum_SBE1V1K/scripts/strip-kmod.sh" PATCHELF="/home/jackie/Downloads/Askey_Spectrum_SBE1V1K/staging_dir/host/bin/patchelf" /home/jackie/Downloads/Askey_Spectrum_SBE1V1K/scripts/rstrip.sh /home/jackie/Downloads/Askey_Spectrum_SBE1V1K/build_dir/target-aarch64_cortex-a53_musl/toolchain/ipkg-aarch64_cortex-a53/libgcc
rstrip.sh: /home/jackie/Downloads/Askey_Spectrum_SBE1V1K/build_dir/target-aarch64_cortex-a53_musl/toolchain/ipkg-aarch64_cortex-a53/libgcc/lib/libgcc_s.so.1: shared object
install -d -m0755 /home/jackie/Downloads/Askey_Spectrum_SBE1V1K/bin/targets/qualcommbe/ipq95xx/packages
mkdir -p /home/jackie/Downloads/Askey_Spectrum_SBE1V1K/build_dir/target-aarch64_cortex-a53_musl/toolchain/apk-aarch64_cortex-a53/libgcc/
mkdir -p /home/jackie/Downloads/Askey_Spectrum_SBE1V1K/build_dir/target-aarch64_cortex-a53_musl/toolchain/ipkg-aarch64_cortex-a53/libgcc/lib/apk/packages/
(cd /home/jackie/Downloads/Askey_Spectrum_SBE1V1K/build_dir/target-aarch64_cortex-a53_musl/toolchain/apk-aarch64_cortex-a53/libgcc; )
( echo "#!/bin/sh"; echo "[ \"\${IPKG_NO_SCRIPT}\" = \"1\" ] && exit 0"; echo "[ -s "\${IPKG_INSTROOT}/lib/functions.sh" ] || exit 0"; echo ". \${IPKG_INSTROOT}/lib/functions.sh"; echo 'export root="${IPKG_INSTROOT}"'; echo 'export pkgname="libgcc1"'; echo "add_group_and_user"; echo "default_postinst"; [ ! -f /home/jackie/Downloads/Askey_Spectrum_SBE1V1K/build_dir/target-aarch64_cortex-a53_musl/toolchain/apk-aarch64_cortex-a53/libgcc/postinst-pkg ] || sed '/^\s*#!/d' "/home/jackie/Downloads/Askey_Spectrum_SBE1V1K/build_dir/target-aarch64_cortex-a53_musl/toolchain/apk-aarch64_cortex-a53/libgcc/postinst-pkg"; ) > /home/jackie/Downloads/Askey_Spectrum_SBE1V1K/build_dir/target-aarch64_cortex-a53_musl/toolchain/apk-aarch64_cortex-a53/libgcc/post-install;
( echo "#!/bin/sh"; echo 'export PKG_UPGRADE=1'; [ ! -f /home/jackie/Downloads/Askey_Spectrum_SBE1V1K/build_dir/target-aarch64_cortex-a53_musl/toolchain/apk-aarch64_cortex-a53/libgcc/post-install ] || sed '/^\s*#!/d' "/home/jackie/Downloads/Askey_Spectrum_SBE1V1K/build_dir/target-aarch64_cortex-a53_musl/toolchain/apk-aarch64_cortex-a53/libgcc/post-install"; ) > /home/jackie/Downloads/Askey_Spectrum_SBE1V1K/build_dir/target-aarch64_cortex-a53_musl/toolchain/apk-aarch64_cortex-a53/libgcc/post-upgrade;
( echo "#!/bin/sh"; echo "[ -s "\${IPKG_INSTROOT}/lib/functions.sh" ] || exit 0"; echo ". \${IPKG_INSTROOT}/lib/functions.sh"; echo 'export root="${IPKG_INSTROOT}"'; echo 'export pkgname="libgcc1"'; echo "default_prerm"; [ ! -f /home/jackie/Downloads/Askey_Spectrum_SBE1V1K/build_dir/target-aarch64_cortex-a53_musl/toolchain/apk-aarch64_cortex-a53/libgcc/prerm-pkg ] || sed '/^\s*#!/d' "/home/jackie/Downloads/Askey_Spectrum_SBE1V1K/build_dir/target-aarch64_cortex-a53_musl/toolchain/apk-aarch64_cortex-a53/libgcc/prerm-pkg"; ) > /home/jackie/Downloads/Askey_Spectrum_SBE1V1K/build_dir/target-aarch64_cortex-a53_musl/toolchain/apk-aarch64_cortex-a53/libgcc/pre-deinstall;
[ ! -f /home/jackie/Downloads/Askey_Spectrum_SBE1V1K/build_dir/target-aarch64_cortex-a53_musl/toolchain/apk-aarch64_cortex-a53/libgcc/postrm ] || sed -zi 's/^\s*#!/#!/' "/home/jackie/Downloads/Askey_Spectrum_SBE1V1K/build_dir/target-aarch64_cortex-a53_musl/toolchain/apk-aarch64_cortex-a53/libgcc/postrm";
if [ -n "" ]; then echo  > /home/jackie/Downloads/Askey_Spectrum_SBE1V1K/build_dir/target-aarch64_cortex-a53_musl/toolchain/ipkg-aarch64_cortex-a53/libgcc/lib/apk/packages/libgcc1.rusers; fi;
if [ -n "" ]; then echo  > /home/jackie/Downloads/Askey_Spectrum_SBE1V1K/build_dir/target-aarch64_cortex-a53_musl/toolchain/ipkg-aarch64_cortex-a53/libgcc/lib/apk/packages/libgcc1.alternatives; fi;
(cd /home/jackie/Downloads/Askey_Spectrum_SBE1V1K/build_dir/target-aarch64_cortex-a53_musl/toolchain/ipkg-aarch64_cortex-a53/libgcc && find . -type f,l -printf "/%P\n" | sort > /home/jackie/Downloads/Askey_Spectrum_SBE1V1K/tmp/libgcc.list && mv /home/jackie/Downloads/Askey_Spectrum_SBE1V1K/tmp/libgcc.list /home/jackie/Downloads/Askey_Spectrum_SBE1V1K/build_dir/target-aarch64_cortex-a53_musl/toolchain/ipkg-aarch64_cortex-a53/libgcc/lib/apk/packages/libgcc1.list)
# Move conffiles to IDIR and build conffiles_static with csums
if [ -f /home/jackie/Downloads/Askey_Spectrum_SBE1V1K/build_dir/target-aarch64_cortex-a53_musl/toolchain/apk-aarch64_cortex-a53/libgcc/conffiles ]; then mv -f /home/jackie/Downloads/Askey_Spectrum_SBE1V1K/build_dir/target-aarch64_cortex-a53_musl/toolchain/apk-aarch64_cortex-a53/libgcc/conffiles /home/jackie/Downloads/Askey_Spectrum_SBE1V1K/build_dir/target-aarch64_cortex-a53_musl/toolchain/ipkg-aarch64_cortex-a53/libgcc/lib/apk/packages/libgcc1.conffiles; for file in $(cat /home/jackie/Downloads/Askey_Spectrum_SBE1V1K/build_dir/target-aarch64_cortex-a53_musl/toolchain/ipkg-aarch64_cortex-a53/libgcc/lib/apk/packages/libgcc1.conffiles); do [ -f /home/jackie/Downloads/Askey_Spectrum_SBE1V1K/build_dir/target-aarch64_cortex-a53_musl/toolchain/ipkg-aarch64_cortex-a53/libgcc/$file ] || continue; csum=$(/home/jackie/Downloads/Askey_Spectrum_SBE1V1K/staging_dir/host/bin/mkhash sha256 /home/jackie/Downloads/Askey_Spectrum_SBE1V1K/build_dir/target-aarch64_cortex-a53_musl/toolchain/ipkg-aarch64_cortex-a53/libgcc/$file); echo $file $csum >> /home/jackie/Downloads/Askey_Spectrum_SBE1V1K/build_dir/target-aarch64_cortex-a53_musl/toolchain/ipkg-aarch64_cortex-a53/libgcc/lib/apk/packages/libgcc1.conffiles_static; done; fi
# Some package (base-files) manually append stuff to conffiles
# Append stuff from it and delete the CONTROL directory since everything else should be migrated
if [ -f /home/jackie/Downloads/Askey_Spectrum_SBE1V1K/build_dir/target-aarch64_cortex-a53_musl/toolchain/ipkg-aarch64_cortex-a53/libgcc/CONTROL/conffiles ]; then echo $(IDIR_libgcc)/CONTROL/conffiles >> /home/jackie/Downloads/Askey_Spectrum_SBE1V1K/build_dir/target-aarch64_cortex-a53_musl/toolchain/ipkg-aarch64_cortex-a53/libgcc/lib/apk/packages/libgcc1.conffiles; for file in $(cat /home/jackie/Downloads/Askey_Spectrum_SBE1V1K/build_dir/target-aarch64_cortex-a53_musl/toolchain/ipkg-aarch64_cortex-a53/libgcc/CONTROL/conffiles); do [ -f /home/jackie/Downloads/Askey_Spectrum_SBE1V1K/build_dir/target-aarch64_cortex-a53_musl/toolchain/ipkg-aarch64_cortex-a53/libgcc/$file ] || continue; csum=$(/home/jackie/Downloads/Askey_Spectrum_SBE1V1K/staging_dir/host/bin/mkhash sha256 /home/jackie/Downloads/Askey_Spectrum_SBE1V1K/build_dir/target-aarch64_cortex-a53_musl/toolchain/ipkg-aarch64_cortex-a53/libgcc/$file); echo $file $csum >> /home/jackie/Downloads/Askey_Spectrum_SBE1V1K/build_dir/target-aarch64_cortex-a53_musl/toolchain/ipkg-aarch64_cortex-a53/libgcc/lib/apk/packages/libgcc1.conffiles_static; done; rm -rf /home/jackie/Downloads/Askey_Spectrum_SBE1V1K/build_dir/target-aarch64_cortex-a53_musl/toolchain/ipkg-aarch64_cortex-a53/libgcc/CONTROL/conffiles; fi
if [ -z "$(ls -A /home/jackie/Downloads/Askey_Spectrum_SBE1V1K/build_dir/target-aarch64_cortex-a53_musl/toolchain/ipkg-aarch64_cortex-a53/libgcc/CONTROL 2>/dev/null)" ]; then rm -rf /home/jackie/Downloads/Askey_Spectrum_SBE1V1K/build_dir/target-aarch64_cortex-a53_musl/toolchain/ipkg-aarch64_cortex-a53/libgcc/CONTROL; else echo "CONTROL directory /home/jackie/Downloads/Askey_Spectrum_SBE1V1K/build_dir/target-aarch64_cortex-a53_musl/toolchain/ipkg-aarch64_cortex-a53/libgcc/CONTROL is not empty! This is not right and should be checked!" >&2; exit 1; fi
SOURCE_DATE_EPOCH=0 /home/jackie/Downloads/Askey_Spectrum_SBE1V1K/staging_dir/host/bin/fakeroot /home/jackie/Downloads/Askey_Spectrum_SBE1V1K/staging_dir/host/bin/apk mkpkg --info "name:libgcc1" --info "version:14.4.0-r5" --info "tags:openwrt:abiversion=1 openwrt:section=libs" --info "description:GCC support library" --info "arch:aarch64_cortex-a53" --info "license:GPL-3.0-with-GCC-exception" --info "origin:feeds/base/libs/toolchain" --info "url:https://gcc.gnu.org/" --info "maintainer:Felix Fietkau <nbd@nbd.name>" --info "provides:libgcc libgcc-any" --info "provider-priority:10" --script "post-install:/home/jackie/Downloads/Askey_Spectrum_SBE1V1K/build_dir/target-aarch64_cortex-a53_musl/toolchain/apk-aarch64_cortex-a53/libgcc/post-install" --script "post-upgrade:/home/jackie/Downloads/Askey_Spectrum_SBE1V1K/build_dir/target-aarch64_cortex-a53_musl/toolchain/apk-aarch64_cortex-a53/libgcc/post-upgrade" --script "pre-deinstall:/home/jackie/Downloads/Askey_Spectrum_SBE1V1K/build_dir/target-aarch64_cortex-a53_musl/toolchain/apk-aarch64_cortex-a53/libgcc/pre-deinstall" --info "depends:" --files "/home/jackie/Downloads/Askey_Spectrum_SBE1V1K/build_dir/target-aarch64_cortex-a53_musl/toolchain/ipkg-aarch64_cortex-a53/libgcc" --sign /home/jackie/Downloads/Askey_Spectrum_SBE1V1K/private-key.pem --output "/home/jackie/Downloads/Askey_Spectrum_SBE1V1K/bin/targets/qualcommbe/ipq95xx/packages/libgcc1-14.4.0-r5.apk"
rm -rf /home/jackie/Downloads/Askey_Spectrum_SBE1V1K/build_dir/target-aarch64_cortex-a53_musl/toolchain/ipkg-aarch64_cortex-a53/libc
/home/jackie/Downloads/Askey_Spectrum_SBE1V1K/scripts/ipkg-remove libc /home/jackie/Downloads/Askey_Spectrum_SBE1V1K/bin/targets/qualcommbe/ipq95xx/packages/libc-1.2.6-r5.apk
removed '/home/jackie/Downloads/Askey_Spectrum_SBE1V1K/bin/targets/qualcommbe/ipq95xx/packages/libc-1.2.6-r5.apk'
mkdir -p /home/jackie/Downloads/Askey_Spectrum_SBE1V1K/bin/targets/qualcommbe/ipq95xx/packages /home/jackie/Downloads/Askey_Spectrum_SBE1V1K/build_dir/target-aarch64_cortex-a53_musl/toolchain/ipkg-aarch64_cortex-a53/libc /home/jackie/Downloads/Askey_Spectrum_SBE1V1K/staging_dir/target-aarch64_cortex-a53_musl/pkginfo
echo 1.2.6-r5 > /home/jackie/Downloads/Askey_Spectrum_SBE1V1K/staging_dir/target-aarch64_cortex-a53_musl/libc.version; 	install -d -m0755 /home/jackie/Downloads/Askey_Spectrum_SBE1V1K/build_dir/target-aarch64_cortex-a53_musl/toolchain/ipkg-aarch64_cortex-a53/libc/lib /home/jackie/Downloads/Askey_Spectrum_SBE1V1K/build_dir/target-aarch64_cortex-a53_musl/toolchain/ipkg-aarch64_cortex-a53/libc/usr/bin
cp -fpR /home/jackie/Downloads/Askey_Spectrum_SBE1V1K/staging_dir/toolchain-aarch64_cortex-a53_gcc-14.4.0_musl/lib/ld-musl-*.so* /home/jackie/Downloads/Askey_Spectrum_SBE1V1K/build_dir/target-aarch64_cortex-a53_musl/toolchain/ipkg-aarch64_cortex-a53/libc/lib/
cp -fpR /home/jackie/Downloads/Askey_Spectrum_SBE1V1K/staging_dir/toolchain-aarch64_cortex-a53_gcc-14.4.0_musl/lib/libc.so* /home/jackie/Downloads/Askey_Spectrum_SBE1V1K/build_dir/target-aarch64_cortex-a53_musl/toolchain/ipkg-aarch64_cortex-a53/libc/lib/
ln -sf ../../lib/libc.so /home/jackie/Downloads/Askey_Spectrum_SBE1V1K/build_dir/target-aarch64_cortex-a53_musl/toolchain/ipkg-aarch64_cortex-a53/libc/usr/bin/ldd
find /home/jackie/Downloads/Askey_Spectrum_SBE1V1K/build_dir/target-aarch64_cortex-a53_musl/toolchain/ipkg-aarch64_cortex-a53/libc -name '.svn' -o -name '.#*' -o -name '*~'| xargs -r rm -rf
export CROSS="aarch64-openwrt-linux-musl-"  NO_RENAME=1 ; NM="aarch64-openwrt-linux-musl-nm" STRIP="/home/jackie/Downloads/Askey_Spectrum_SBE1V1K/staging_dir/host/bin/sstrip -z" STRIP_KMOD="/home/jackie/Downloads/Askey_Spectrum_SBE1V1K/scripts/strip-kmod.sh" PATCHELF="/home/jackie/Downloads/Askey_Spectrum_SBE1V1K/staging_dir/host/bin/patchelf" /home/jackie/Downloads/Askey_Spectrum_SBE1V1K/scripts/rstrip.sh /home/jackie/Downloads/Askey_Spectrum_SBE1V1K/build_dir/target-aarch64_cortex-a53_musl/toolchain/ipkg-aarch64_cortex-a53/libc
rstrip.sh: /home/jackie/Downloads/Askey_Spectrum_SBE1V1K/build_dir/target-aarch64_cortex-a53_musl/toolchain/ipkg-aarch64_cortex-a53/libc/lib/libc.so: shared object
install -d -m0755 /home/jackie/Downloads/Askey_Spectrum_SBE1V1K/bin/targets/qualcommbe/ipq95xx/packages
mkdir -p /home/jackie/Downloads/Askey_Spectrum_SBE1V1K/build_dir/target-aarch64_cortex-a53_musl/toolchain/apk-aarch64_cortex-a53/libc/
mkdir -p /home/jackie/Downloads/Askey_Spectrum_SBE1V1K/build_dir/target-aarch64_cortex-a53_musl/toolchain/ipkg-aarch64_cortex-a53/libc/lib/apk/packages/
(cd /home/jackie/Downloads/Askey_Spectrum_SBE1V1K/build_dir/target-aarch64_cortex-a53_musl/toolchain/apk-aarch64_cortex-a53/libc; )
( echo "#!/bin/sh"; echo "[ \"\${IPKG_NO_SCRIPT}\" = \"1\" ] && exit 0"; echo "[ -s "\${IPKG_INSTROOT}/lib/functions.sh" ] || exit 0"; echo ". \${IPKG_INSTROOT}/lib/functions.sh"; echo 'export root="${IPKG_INSTROOT}"'; echo 'export pkgname="libc"'; echo "add_group_and_user"; echo "default_postinst"; [ ! -f /home/jackie/Downloads/Askey_Spectrum_SBE1V1K/build_dir/target-aarch64_cortex-a53_musl/toolchain/apk-aarch64_cortex-a53/libc/postinst-pkg ] || sed '/^\s*#!/d' "/home/jackie/Downloads/Askey_Spectrum_SBE1V1K/build_dir/target-aarch64_cortex-a53_musl/toolchain/apk-aarch64_cortex-a53/libc/postinst-pkg"; ) > /home/jackie/Downloads/Askey_Spectrum_SBE1V1K/build_dir/target-aarch64_cortex-a53_musl/toolchain/apk-aarch64_cortex-a53/libc/post-install;
( echo "#!/bin/sh"; echo 'export PKG_UPGRADE=1'; [ ! -f /home/jackie/Downloads/Askey_Spectrum_SBE1V1K/build_dir/target-aarch64_cortex-a53_musl/toolchain/apk-aarch64_cortex-a53/libc/post-install ] || sed '/^\s*#!/d' "/home/jackie/Downloads/Askey_Spectrum_SBE1V1K/build_dir/target-aarch64_cortex-a53_musl/toolchain/apk-aarch64_cortex-a53/libc/post-install"; ) > /home/jackie/Downloads/Askey_Spectrum_SBE1V1K/build_dir/target-aarch64_cortex-a53_musl/toolchain/apk-aarch64_cortex-a53/libc/post-upgrade;
( echo "#!/bin/sh"; echo "[ -s "\${IPKG_INSTROOT}/lib/functions.sh" ] || exit 0"; echo ". \${IPKG_INSTROOT}/lib/functions.sh"; echo 'export root="${IPKG_INSTROOT}"'; echo 'export pkgname="libc"'; echo "default_prerm"; [ ! -f /home/jackie/Downloads/Askey_Spectrum_SBE1V1K/build_dir/target-aarch64_cortex-a53_musl/toolchain/apk-aarch64_cortex-a53/libc/prerm-pkg ] || sed '/^\s*#!/d' "/home/jackie/Downloads/Askey_Spectrum_SBE1V1K/build_dir/target-aarch64_cortex-a53_musl/toolchain/apk-aarch64_cortex-a53/libc/prerm-pkg"; ) > /home/jackie/Downloads/Askey_Spectrum_SBE1V1K/build_dir/target-aarch64_cortex-a53_musl/toolchain/apk-aarch64_cortex-a53/libc/pre-deinstall;
[ ! -f /home/jackie/Downloads/Askey_Spectrum_SBE1V1K/build_dir/target-aarch64_cortex-a53_musl/toolchain/apk-aarch64_cortex-a53/libc/postrm ] || sed -zi 's/^\s*#!/#!/' "/home/jackie/Downloads/Askey_Spectrum_SBE1V1K/build_dir/target-aarch64_cortex-a53_musl/toolchain/apk-aarch64_cortex-a53/libc/postrm";
if [ -n "" ]; then echo  > /home/jackie/Downloads/Askey_Spectrum_SBE1V1K/build_dir/target-aarch64_cortex-a53_musl/toolchain/ipkg-aarch64_cortex-a53/libc/lib/apk/packages/libc.rusers; fi;
if [ -n "" ]; then echo  > /home/jackie/Downloads/Askey_Spectrum_SBE1V1K/build_dir/target-aarch64_cortex-a53_musl/toolchain/ipkg-aarch64_cortex-a53/libc/lib/apk/packages/libc.alternatives; fi;
(cd /home/jackie/Downloads/Askey_Spectrum_SBE1V1K/build_dir/target-aarch64_cortex-a53_musl/toolchain/ipkg-aarch64_cortex-a53/libc && find . -type f,l -printf "/%P\n" | sort > /home/jackie/Downloads/Askey_Spectrum_SBE1V1K/tmp/libc.list && mv /home/jackie/Downloads/Askey_Spectrum_SBE1V1K/tmp/libc.list /home/jackie/Downloads/Askey_Spectrum_SBE1V1K/build_dir/target-aarch64_cortex-a53_musl/toolchain/ipkg-aarch64_cortex-a53/libc/lib/apk/packages/libc.list)
# Move conffiles to IDIR and build conffiles_static with csums
if [ -f /home/jackie/Downloads/Askey_Spectrum_SBE1V1K/build_dir/target-aarch64_cortex-a53_musl/toolchain/apk-aarch64_cortex-a53/libc/conffiles ]; then mv -f /home/jackie/Downloads/Askey_Spectrum_SBE1V1K/build_dir/target-aarch64_cortex-a53_musl/toolchain/apk-aarch64_cortex-a53/libc/conffiles /home/jackie/Downloads/Askey_Spectrum_SBE1V1K/build_dir/target-aarch64_cortex-a53_musl/toolchain/ipkg-aarch64_cortex-a53/libc/lib/apk/packages/libc.conffiles; for file in $(cat /home/jackie/Downloads/Askey_Spectrum_SBE1V1K/build_dir/target-aarch64_cortex-a53_musl/toolchain/ipkg-aarch64_cortex-a53/libc/lib/apk/packages/libc.conffiles); do [ -f /home/jackie/Downloads/Askey_Spectrum_SBE1V1K/build_dir/target-aarch64_cortex-a53_musl/toolchain/ipkg-aarch64_cortex-a53/libc/$file ] || continue; csum=$(/home/jackie/Downloads/Askey_Spectrum_SBE1V1K/staging_dir/host/bin/mkhash sha256 /home/jackie/Downloads/Askey_Spectrum_SBE1V1K/build_dir/target-aarch64_cortex-a53_musl/toolchain/ipkg-aarch64_cortex-a53/libc/$file); echo $file $csum >> /home/jackie/Downloads/Askey_Spectrum_SBE1V1K/build_dir/target-aarch64_cortex-a53_musl/toolchain/ipkg-aarch64_cortex-a53/libc/lib/apk/packages/libc.conffiles_static; done; fi
# Some package (base-files) manually append stuff to conffiles
# Append stuff from it and delete the CONTROL directory since everything else should be migrated
if [ -f /home/jackie/Downloads/Askey_Spectrum_SBE1V1K/build_dir/target-aarch64_cortex-a53_musl/toolchain/ipkg-aarch64_cortex-a53/libc/CONTROL/conffiles ]; then echo $(IDIR_libc)/CONTROL/conffiles >> /home/jackie/Downloads/Askey_Spectrum_SBE1V1K/build_dir/target-aarch64_cortex-a53_musl/toolchain/ipkg-aarch64_cortex-a53/libc/lib/apk/packages/libc.conffiles; for file in $(cat /home/jackie/Downloads/Askey_Spectrum_SBE1V1K/build_dir/target-aarch64_cortex-a53_musl/toolchain/ipkg-aarch64_cortex-a53/libc/CONTROL/conffiles); do [ -f /home/jackie/Downloads/Askey_Spectrum_SBE1V1K/build_dir/target-aarch64_cortex-a53_musl/toolchain/ipkg-aarch64_cortex-a53/libc/$file ] || continue; csum=$(/home/jackie/Downloads/Askey_Spectrum_SBE1V1K/staging_dir/host/bin/mkhash sha256 /home/jackie/Downloads/Askey_Spectrum_SBE1V1K/build_dir/target-aarch64_cortex-a53_musl/toolchain/ipkg-aarch64_cortex-a53/libc/$file); echo $file $csum >> /home/jackie/Downloads/Askey_Spectrum_SBE1V1K/build_dir/target-aarch64_cortex-a53_musl/toolchain/ipkg-aarch64_cortex-a53/libc/lib/apk/packages/libc.conffiles_static; done; rm -rf /home/jackie/Downloads/Askey_Spectrum_SBE1V1K/build_dir/target-aarch64_cortex-a53_musl/toolchain/ipkg-aarch64_cortex-a53/libc/CONTROL/conffiles; fi
if [ -z "$(ls -A /home/jackie/Downloads/Askey_Spectrum_SBE1V1K/build_dir/target-aarch64_cortex-a53_musl/toolchain/ipkg-aarch64_cortex-a53/libc/CONTROL 2>/dev/null)" ]; then rm -rf /home/jackie/Downloads/Askey_Spectrum_SBE1V1K/build_dir/target-aarch64_cortex-a53_musl/toolchain/ipkg-aarch64_cortex-a53/libc/CONTROL; else echo "CONTROL directory /home/jackie/Downloads/Askey_Spectrum_SBE1V1K/build_dir/target-aarch64_cortex-a53_musl/toolchain/ipkg-aarch64_cortex-a53/libc/CONTROL is not empty! This is not right and should be checked!" >&2; exit 1; fi
SOURCE_DATE_EPOCH=0 /home/jackie/Downloads/Askey_Spectrum_SBE1V1K/staging_dir/host/bin/fakeroot /home/jackie/Downloads/Askey_Spectrum_SBE1V1K/staging_dir/host/bin/apk mkpkg --info "name:libc" --info "version:1.2.6-r5" --info "tags:openwrt:section=libs" --info "description:C library" --info "arch:aarch64_cortex-a53" --info "license:GPL-3.0-with-GCC-exception" --info "origin:feeds/base/libs/toolchain" --info "url:http://www.musl-libc.org/" --info "maintainer:Felix Fietkau <nbd@nbd.name>" --info "provides:libc-any"  --script "post-install:/home/jackie/Downloads/Askey_Spectrum_SBE1V1K/build_dir/target-aarch64_cortex-a53_musl/toolchain/apk-aarch64_cortex-a53/libc/post-install" --script "post-upgrade:/home/jackie/Downloads/Askey_Spectrum_SBE1V1K/build_dir/target-aarch64_cortex-a53_musl/toolchain/apk-aarch64_cortex-a53/libc/post-upgrade" --script "pre-deinstall:/home/jackie/Downloads/Askey_Spectrum_SBE1V1K/build_dir/target-aarch64_cortex-a53_musl/toolchain/apk-aarch64_cortex-a53/libc/pre-deinstall" --info "depends:libgcc1" --files "/home/jackie/Downloads/Askey_Spectrum_SBE1V1K/build_dir/target-aarch64_cortex-a53_musl/toolchain/ipkg-aarch64_cortex-a53/libc" --sign /home/jackie/Downloads/Askey_Spectrum_SBE1V1K/private-key.pem --output "/home/jackie/Downloads/Askey_Spectrum_SBE1V1K/bin/targets/qualcommbe/ipq95xx/packages/libc-1.2.6-r5.apk"
rm -rf /home/jackie/Downloads/Askey_Spectrum_SBE1V1K/build_dir/target-aarch64_cortex-a53_musl/toolchain/ipkg-aarch64_cortex-a53/libpthread
/home/jackie/Downloads/Askey_Spectrum_SBE1V1K/scripts/ipkg-remove libpthread /home/jackie/Downloads/Askey_Spectrum_SBE1V1K/bin/targets/qualcommbe/ipq95xx/packages/libpthread-1.2.6-r5.apk
removed '/home/jackie/Downloads/Askey_Spectrum_SBE1V1K/bin/targets/qualcommbe/ipq95xx/packages/libpthread-1.2.6-r5.apk'
mkdir -p /home/jackie/Downloads/Askey_Spectrum_SBE1V1K/bin/targets/qualcommbe/ipq95xx/packages /home/jackie/Downloads/Askey_Spectrum_SBE1V1K/build_dir/target-aarch64_cortex-a53_musl/toolchain/ipkg-aarch64_cortex-a53/libpthread /home/jackie/Downloads/Askey_Spectrum_SBE1V1K/staging_dir/target-aarch64_cortex-a53_musl/pkginfo
install -d -m0755 /home/jackie/Downloads/Askey_Spectrum_SBE1V1K/build_dir/target-aarch64_cortex-a53_musl/toolchain/ipkg-aarch64_cortex-a53/libpthread/lib
find /home/jackie/Downloads/Askey_Spectrum_SBE1V1K/build_dir/target-aarch64_cortex-a53_musl/toolchain/ipkg-aarch64_cortex-a53/libpthread -name '.svn' -o -name '.#*' -o -name '*~'| xargs -r rm -rf
export CROSS="aarch64-openwrt-linux-musl-"  NO_RENAME=1 ; NM="aarch64-openwrt-linux-musl-nm" STRIP="/home/jackie/Downloads/Askey_Spectrum_SBE1V1K/staging_dir/host/bin/sstrip -z" STRIP_KMOD="/home/jackie/Downloads/Askey_Spectrum_SBE1V1K/scripts/strip-kmod.sh" PATCHELF="/home/jackie/Downloads/Askey_Spectrum_SBE1V1K/staging_dir/host/bin/patchelf" /home/jackie/Downloads/Askey_Spectrum_SBE1V1K/scripts/rstrip.sh /home/jackie/Downloads/Askey_Spectrum_SBE1V1K/build_dir/target-aarch64_cortex-a53_musl/toolchain/ipkg-aarch64_cortex-a53/libpthread
install -d -m0755 /home/jackie/Downloads/Askey_Spectrum_SBE1V1K/bin/targets/qualcommbe/ipq95xx/packages
mkdir -p /home/jackie/Downloads/Askey_Spectrum_SBE1V1K/build_dir/target-aarch64_cortex-a53_musl/toolchain/apk-aarch64_cortex-a53/libpthread/
mkdir -p /home/jackie/Downloads/Askey_Spectrum_SBE1V1K/build_dir/target-aarch64_cortex-a53_musl/toolchain/ipkg-aarch64_cortex-a53/libpthread/lib/apk/packages/
(cd /home/jackie/Downloads/Askey_Spectrum_SBE1V1K/build_dir/target-aarch64_cortex-a53_musl/toolchain/apk-aarch64_cortex-a53/libpthread; )
( echo "#!/bin/sh"; echo "[ \"\${IPKG_NO_SCRIPT}\" = \"1\" ] && exit 0"; echo "[ -s "\${IPKG_INSTROOT}/lib/functions.sh" ] || exit 0"; echo ". \${IPKG_INSTROOT}/lib/functions.sh"; echo 'export root="${IPKG_INSTROOT}"'; echo 'export pkgname="libpthread"'; echo "add_group_and_user"; echo "default_postinst"; [ ! -f /home/jackie/Downloads/Askey_Spectrum_SBE1V1K/build_dir/target-aarch64_cortex-a53_musl/toolchain/apk-aarch64_cortex-a53/libpthread/postinst-pkg ] || sed '/^\s*#!/d' "/home/jackie/Downloads/Askey_Spectrum_SBE1V1K/build_dir/target-aarch64_cortex-a53_musl/toolchain/apk-aarch64_cortex-a53/libpthread/postinst-pkg"; ) > /home/jackie/Downloads/Askey_Spectrum_SBE1V1K/build_dir/target-aarch64_cortex-a53_musl/toolchain/apk-aarch64_cortex-a53/libpthread/post-install;
( echo "#!/bin/sh"; echo 'export PKG_UPGRADE=1'; [ ! -f /home/jackie/Downloads/Askey_Spectrum_SBE1V1K/build_dir/target-aarch64_cortex-a53_musl/toolchain/apk-aarch64_cortex-a53/libpthread/post-install ] || sed '/^\s*#!/d' "/home/jackie/Downloads/Askey_Spectrum_SBE1V1K/build_dir/target-aarch64_cortex-a53_musl/toolchain/apk-aarch64_cortex-a53/libpthread/post-install"; ) > /home/jackie/Downloads/Askey_Spectrum_SBE1V1K/build_dir/target-aarch64_cortex-a53_musl/toolchain/apk-aarch64_cortex-a53/libpthread/post-upgrade;
( echo "#!/bin/sh"; echo "[ -s "\${IPKG_INSTROOT}/lib/functions.sh" ] || exit 0"; echo ". \${IPKG_INSTROOT}/lib/functions.sh"; echo 'export root="${IPKG_INSTROOT}"'; echo 'export pkgname="libpthread"'; echo "default_prerm"; [ ! -f /home/jackie/Downloads/Askey_Spectrum_SBE1V1K/build_dir/target-aarch64_cortex-a53_musl/toolchain/apk-aarch64_cortex-a53/libpthread/prerm-pkg ] || sed '/^\s*#!/d' "/home/jackie/Downloads/Askey_Spectrum_SBE1V1K/build_dir/target-aarch64_cortex-a53_musl/toolchain/apk-aarch64_cortex-a53/libpthread/prerm-pkg"; ) > /home/jackie/Downloads/Askey_Spectrum_SBE1V1K/build_dir/target-aarch64_cortex-a53_musl/toolchain/apk-aarch64_cortex-a53/libpthread/pre-deinstall;
[ ! -f /home/jackie/Downloads/Askey_Spectrum_SBE1V1K/build_dir/target-aarch64_cortex-a53_musl/toolchain/apk-aarch64_cortex-a53/libpthread/postrm ] || sed -zi 's/^\s*#!/#!/' "/home/jackie/Downloads/Askey_Spectrum_SBE1V1K/build_dir/target-aarch64_cortex-a53_musl/toolchain/apk-aarch64_cortex-a53/libpthread/postrm";
if [ -n "" ]; then echo  > /home/jackie/Downloads/Askey_Spectrum_SBE1V1K/build_dir/target-aarch64_cortex-a53_musl/toolchain/ipkg-aarch64_cortex-a53/libpthread/lib/apk/packages/libpthread.rusers; fi;
if [ -n "" ]; then echo  > /home/jackie/Downloads/Askey_Spectrum_SBE1V1K/build_dir/target-aarch64_cortex-a53_musl/toolchain/ipkg-aarch64_cortex-a53/libpthread/lib/apk/packages/libpthread.alternatives; fi;
(cd /home/jackie/Downloads/Askey_Spectrum_SBE1V1K/build_dir/target-aarch64_cortex-a53_musl/toolchain/ipkg-aarch64_cortex-a53/libpthread && find . -type f,l -printf "/%P\n" | sort > /home/jackie/Downloads/Askey_Spectrum_SBE1V1K/tmp/libpthread.list && mv /home/jackie/Downloads/Askey_Spectrum_SBE1V1K/tmp/libpthread.list /home/jackie/Downloads/Askey_Spectrum_SBE1V1K/build_dir/target-aarch64_cortex-a53_musl/toolchain/ipkg-aarch64_cortex-a53/libpthread/lib/apk/packages/libpthread.list)
# Move conffiles to IDIR and build conffiles_static with csums
if [ -f /home/jackie/Downloads/Askey_Spectrum_SBE1V1K/build_dir/target-aarch64_cortex-a53_musl/toolchain/apk-aarch64_cortex-a53/libpthread/conffiles ]; then mv -f /home/jackie/Downloads/Askey_Spectrum_SBE1V1K/build_dir/target-aarch64_cortex-a53_musl/toolchain/apk-aarch64_cortex-a53/libpthread/conffiles /home/jackie/Downloads/Askey_Spectrum_SBE1V1K/build_dir/target-aarch64_cortex-a53_musl/toolchain/ipkg-aarch64_cortex-a53/libpthread/lib/apk/packages/libpthread.conffiles; for file in $(cat /home/jackie/Downloads/Askey_Spectrum_SBE1V1K/build_dir/target-aarch64_cortex-a53_musl/toolchain/ipkg-aarch64_cortex-a53/libpthread/lib/apk/packages/libpthread.conffiles); do [ -f /home/jackie/Downloads/Askey_Spectrum_SBE1V1K/build_dir/target-aarch64_cortex-a53_musl/toolchain/ipkg-aarch64_cortex-a53/libpthread/$file ] || continue; csum=$(/home/jackie/Downloads/Askey_Spectrum_SBE1V1K/staging_dir/host/bin/mkhash sha256 /home/jackie/Downloads/Askey_Spectrum_SBE1V1K/build_dir/target-aarch64_cortex-a53_musl/toolchain/ipkg-aarch64_cortex-a53/libpthread/$file); echo $file $csum >> /home/jackie/Downloads/Askey_Spectrum_SBE1V1K/build_dir/target-aarch64_cortex-a53_musl/toolchain/ipkg-aarch64_cortex-a53/libpthread/lib/apk/packages/libpthread.conffiles_static; done; fi
# Some package (base-files) manually append stuff to conffiles
# Append stuff from it and delete the CONTROL directory since everything else should be migrated
if [ -f /home/jackie/Downloads/Askey_Spectrum_SBE1V1K/build_dir/target-aarch64_cortex-a53_musl/toolchain/ipkg-aarch64_cortex-a53/libpthread/CONTROL/conffiles ]; then echo $(IDIR_libpthread)/CONTROL/conffiles >> /home/jackie/Downloads/Askey_Spectrum_SBE1V1K/build_dir/target-aarch64_cortex-a53_musl/toolchain/ipkg-aarch64_cortex-a53/libpthread/lib/apk/packages/libpthread.conffiles; for file in $(cat /home/jackie/Downloads/Askey_Spectrum_SBE1V1K/build_dir/target-aarch64_cortex-a53_musl/toolchain/ipkg-aarch64_cortex-a53/libpthread/CONTROL/conffiles); do [ -f /home/jackie/Downloads/Askey_Spectrum_SBE1V1K/build_dir/target-aarch64_cortex-a53_musl/toolchain/ipkg-aarch64_cortex-a53/libpthread/$file ] || continue; csum=$(/home/jackie/Downloads/Askey_Spectrum_SBE1V1K/staging_dir/host/bin/mkhash sha256 /home/jackie/Downloads/Askey_Spectrum_SBE1V1K/build_dir/target-aarch64_cortex-a53_musl/toolchain/ipkg-aarch64_cortex-a53/libpthread/$file); echo $file $csum >> /home/jackie/Downloads/Askey_Spectrum_SBE1V1K/build_dir/target-aarch64_cortex-a53_musl/toolchain/ipkg-aarch64_cortex-a53/libpthread/lib/apk/packages/libpthread.conffiles_static; done; rm -rf /home/jackie/Downloads/Askey_Spectrum_SBE1V1K/build_dir/target-aarch64_cortex-a53_musl/toolchain/ipkg-aarch64_cortex-a53/libpthread/CONTROL/conffiles; fi
if [ -z "$(ls -A /home/jackie/Downloads/Askey_Spectrum_SBE1V1K/build_dir/target-aarch64_cortex-a53_musl/toolchain/ipkg-aarch64_cortex-a53/libpthread/CONTROL 2>/dev/null)" ]; then rm -rf /home/jackie/Downloads/Askey_Spectrum_SBE1V1K/build_dir/target-aarch64_cortex-a53_musl/toolchain/ipkg-aarch64_cortex-a53/libpthread/CONTROL; else echo "CONTROL directory /home/jackie/Downloads/Askey_Spectrum_SBE1V1K/build_dir/target-aarch64_cortex-a53_musl/toolchain/ipkg-aarch64_cortex-a53/libpthread/CONTROL is not empty! This is not right and should be checked!" >&2; exit 1; fi
SOURCE_DATE_EPOCH=0 /home/jackie/Downloads/Askey_Spectrum_SBE1V1K/staging_dir/host/bin/fakeroot /home/jackie/Downloads/Askey_Spectrum_SBE1V1K/staging_dir/host/bin/apk mkpkg --info "name:libpthread" --info "version:1.2.6-r5" --info "tags:openwrt:section=libs" --info "description:POSIX thread library" --info "arch:aarch64_cortex-a53" --info "license:GPL-3.0-with-GCC-exception" --info "origin:feeds/base/libs/toolchain" --info "url:http://www.musl-libc.org/" --info "maintainer:Felix Fietkau <nbd@nbd.name>" --info "provides:libpthread-any"  --script "post-install:/home/jackie/Downloads/Askey_Spectrum_SBE1V1K/build_dir/target-aarch64_cortex-a53_musl/toolchain/apk-aarch64_cortex-a53/libpthread/post-install" --script "post-upgrade:/home/jackie/Downloads/Askey_Spectrum_SBE1V1K/build_dir/target-aarch64_cortex-a53_musl/toolchain/apk-aarch64_cortex-a53/libpthread/post-upgrade" --script "pre-deinstall:/home/jackie/Downloads/Askey_Spectrum_SBE1V1K/build_dir/target-aarch64_cortex-a53_musl/toolchain/apk-aarch64_cortex-a53/libpthread/pre-deinstall" --info "depends:libgcc1" --files "/home/jackie/Downloads/Askey_Spectrum_SBE1V1K/build_dir/target-aarch64_cortex-a53_musl/toolchain/ipkg-aarch64_cortex-a53/libpthread" --sign /home/jackie/Downloads/Askey_Spectrum_SBE1V1K/private-key.pem --output "/home/jackie/Downloads/Askey_Spectrum_SBE1V1K/bin/targets/qualcommbe/ipq95xx/packages/libpthread-1.2.6-r5.apk"
rm -rf /home/jackie/Downloads/Askey_Spectrum_SBE1V1K/build_dir/target-aarch64_cortex-a53_musl/toolchain/ipkg-aarch64_cortex-a53/librt
/home/jackie/Downloads/Askey_Spectrum_SBE1V1K/scripts/ipkg-remove librt /home/jackie/Downloads/Askey_Spectrum_SBE1V1K/bin/targets/qualcommbe/ipq95xx/packages/librt-1.2.6-r5.apk
removed '/home/jackie/Downloads/Askey_Spectrum_SBE1V1K/bin/targets/qualcommbe/ipq95xx/packages/librt-1.2.6-r5.apk'
mkdir -p /home/jackie/Downloads/Askey_Spectrum_SBE1V1K/bin/targets/qualcommbe/ipq95xx/packages /home/jackie/Downloads/Askey_Spectrum_SBE1V1K/build_dir/target-aarch64_cortex-a53_musl/toolchain/ipkg-aarch64_cortex-a53/librt /home/jackie/Downloads/Askey_Spectrum_SBE1V1K/staging_dir/target-aarch64_cortex-a53_musl/pkginfo
install -d -m0755 /home/jackie/Downloads/Askey_Spectrum_SBE1V1K/build_dir/target-aarch64_cortex-a53_musl/toolchain/ipkg-aarch64_cortex-a53/librt/lib
find /home/jackie/Downloads/Askey_Spectrum_SBE1V1K/build_dir/target-aarch64_cortex-a53_musl/toolchain/ipkg-aarch64_cortex-a53/librt -name '.svn' -o -name '.#*' -o -name '*~'| xargs -r rm -rf
export CROSS="aarch64-openwrt-linux-musl-"  NO_RENAME=1 ; NM="aarch64-openwrt-linux-musl-nm" STRIP="/home/jackie/Downloads/Askey_Spectrum_SBE1V1K/staging_dir/host/bin/sstrip -z" STRIP_KMOD="/home/jackie/Downloads/Askey_Spectrum_SBE1V1K/scripts/strip-kmod.sh" PATCHELF="/home/jackie/Downloads/Askey_Spectrum_SBE1V1K/staging_dir/host/bin/patchelf" /home/jackie/Downloads/Askey_Spectrum_SBE1V1K/scripts/rstrip.sh /home/jackie/Downloads/Askey_Spectrum_SBE1V1K/build_dir/target-aarch64_cortex-a53_musl/toolchain/ipkg-aarch64_cortex-a53/librt
install -d -m0755 /home/jackie/Downloads/Askey_Spectrum_SBE1V1K/bin/targets/qualcommbe/ipq95xx/packages
mkdir -p /home/jackie/Downloads/Askey_Spectrum_SBE1V1K/build_dir/target-aarch64_cortex-a53_musl/toolchain/apk-aarch64_cortex-a53/librt/
mkdir -p /home/jackie/Downloads/Askey_Spectrum_SBE1V1K/build_dir/target-aarch64_cortex-a53_musl/toolchain/ipkg-aarch64_cortex-a53/librt/lib/apk/packages/
(cd /home/jackie/Downloads/Askey_Spectrum_SBE1V1K/build_dir/target-aarch64_cortex-a53_musl/toolchain/apk-aarch64_cortex-a53/librt; )
( echo "#!/bin/sh"; echo "[ \"\${IPKG_NO_SCRIPT}\" = \"1\" ] && exit 0"; echo "[ -s "\${IPKG_INSTROOT}/lib/functions.sh" ] || exit 0"; echo ". \${IPKG_INSTROOT}/lib/functions.sh"; echo 'export root="${IPKG_INSTROOT}"'; echo 'export pkgname="librt"'; echo "add_group_and_user"; echo "default_postinst"; [ ! -f /home/jackie/Downloads/Askey_Spectrum_SBE1V1K/build_dir/target-aarch64_cortex-a53_musl/toolchain/apk-aarch64_cortex-a53/librt/postinst-pkg ] || sed '/^\s*#!/d' "/home/jackie/Downloads/Askey_Spectrum_SBE1V1K/build_dir/target-aarch64_cortex-a53_musl/toolchain/apk-aarch64_cortex-a53/librt/postinst-pkg"; ) > /home/jackie/Downloads/Askey_Spectrum_SBE1V1K/build_dir/target-aarch64_cortex-a53_musl/toolchain/apk-aarch64_cortex-a53/librt/post-install;
( echo "#!/bin/sh"; echo 'export PKG_UPGRADE=1'; [ ! -f /home/jackie/Downloads/Askey_Spectrum_SBE1V1K/build_dir/target-aarch64_cortex-a53_musl/toolchain/apk-aarch64_cortex-a53/librt/post-install ] || sed '/^\s*#!/d' "/home/jackie/Downloads/Askey_Spectrum_SBE1V1K/build_dir/target-aarch64_cortex-a53_musl/toolchain/apk-aarch64_cortex-a53/librt/post-install"; ) > /home/jackie/Downloads/Askey_Spectrum_SBE1V1K/build_dir/target-aarch64_cortex-a53_musl/toolchain/apk-aarch64_cortex-a53/librt/post-upgrade;
( echo "#!/bin/sh"; echo "[ -s "\${IPKG_INSTROOT}/lib/functions.sh" ] || exit 0"; echo ". \${IPKG_INSTROOT}/lib/functions.sh"; echo 'export root="${IPKG_INSTROOT}"'; echo 'export pkgname="librt"'; echo "default_prerm"; [ ! -f /home/jackie/Downloads/Askey_Spectrum_SBE1V1K/build_dir/target-aarch64_cortex-a53_musl/toolchain/apk-aarch64_cortex-a53/librt/prerm-pkg ] || sed '/^\s*#!/d' "/home/jackie/Downloads/Askey_Spectrum_SBE1V1K/build_dir/target-aarch64_cortex-a53_musl/toolchain/apk-aarch64_cortex-a53/librt/prerm-pkg"; ) > /home/jackie/Downloads/Askey_Spectrum_SBE1V1K/build_dir/target-aarch64_cortex-a53_musl/toolchain/apk-aarch64_cortex-a53/librt/pre-deinstall;
[ ! -f /home/jackie/Downloads/Askey_Spectrum_SBE1V1K/build_dir/target-aarch64_cortex-a53_musl/toolchain/apk-aarch64_cortex-a53/librt/postrm ] || sed -zi 's/^\s*#!/#!/' "/home/jackie/Downloads/Askey_Spectrum_SBE1V1K/build_dir/target-aarch64_cortex-a53_musl/toolchain/apk-aarch64_cortex-a53/librt/postrm";
if [ -n "" ]; then echo  > /home/jackie/Downloads/Askey_Spectrum_SBE1V1K/build_dir/target-aarch64_cortex-a53_musl/toolchain/ipkg-aarch64_cortex-a53/librt/lib/apk/packages/librt.rusers; fi;
if [ -n "" ]; then echo  > /home/jackie/Downloads/Askey_Spectrum_SBE1V1K/build_dir/target-aarch64_cortex-a53_musl/toolchain/ipkg-aarch64_cortex-a53/librt/lib/apk/packages/librt.alternatives; fi;
(cd /home/jackie/Downloads/Askey_Spectrum_SBE1V1K/build_dir/target-aarch64_cortex-a53_musl/toolchain/ipkg-aarch64_cortex-a53/librt && find . -type f,l -printf "/%P\n" | sort > /home/jackie/Downloads/Askey_Spectrum_SBE1V1K/tmp/librt.list && mv /home/jackie/Downloads/Askey_Spectrum_SBE1V1K/tmp/librt.list /home/jackie/Downloads/Askey_Spectrum_SBE1V1K/build_dir/target-aarch64_cortex-a53_musl/toolchain/ipkg-aarch64_cortex-a53/librt/lib/apk/packages/librt.list)
# Move conffiles to IDIR and build conffiles_static with csums
if [ -f /home/jackie/Downloads/Askey_Spectrum_SBE1V1K/build_dir/target-aarch64_cortex-a53_musl/toolchain/apk-aarch64_cortex-a53/librt/conffiles ]; then mv -f /home/jackie/Downloads/Askey_Spectrum_SBE1V1K/build_dir/target-aarch64_cortex-a53_musl/toolchain/apk-aarch64_cortex-a53/librt/conffiles /home/jackie/Downloads/Askey_Spectrum_SBE1V1K/build_dir/target-aarch64_cortex-a53_musl/toolchain/ipkg-aarch64_cortex-a53/librt/lib/apk/packages/librt.conffiles; for file in $(cat /home/jackie/Downloads/Askey_Spectrum_SBE1V1K/build_dir/target-aarch64_cortex-a53_musl/toolchain/ipkg-aarch64_cortex-a53/librt/lib/apk/packages/librt.conffiles); do [ -f /home/jackie/Downloads/Askey_Spectrum_SBE1V1K/build_dir/target-aarch64_cortex-a53_musl/toolchain/ipkg-aarch64_cortex-a53/librt/$file ] || continue; csum=$(/home/jackie/Downloads/Askey_Spectrum_SBE1V1K/staging_dir/host/bin/mkhash sha256 /home/jackie/Downloads/Askey_Spectrum_SBE1V1K/build_dir/target-aarch64_cortex-a53_musl/toolchain/ipkg-aarch64_cortex-a53/librt/$file); echo $file $csum >> /home/jackie/Downloads/Askey_Spectrum_SBE1V1K/build_dir/target-aarch64_cortex-a53_musl/toolchain/ipkg-aarch64_cortex-a53/librt/lib/apk/packages/librt.conffiles_static; done; fi
# Some package (base-files) manually append stuff to conffiles
# Append stuff from it and delete the CONTROL directory since everything else should be migrated
if [ -f /home/jackie/Downloads/Askey_Spectrum_SBE1V1K/build_dir/target-aarch64_cortex-a53_musl/toolchain/ipkg-aarch64_cortex-a53/librt/CONTROL/conffiles ]; then echo $(IDIR_librt)/CONTROL/conffiles >> /home/jackie/Downloads/Askey_Spectrum_SBE1V1K/build_dir/target-aarch64_cortex-a53_musl/toolchain/ipkg-aarch64_cortex-a53/librt/lib/apk/packages/librt.conffiles; for file in $(cat /home/jackie/Downloads/Askey_Spectrum_SBE1V1K/build_dir/target-aarch64_cortex-a53_musl/toolchain/ipkg-aarch64_cortex-a53/librt/CONTROL/conffiles); do [ -f /home/jackie/Downloads/Askey_Spectrum_SBE1V1K/build_dir/target-aarch64_cortex-a53_musl/toolchain/ipkg-aarch64_cortex-a53/librt/$file ] || continue; csum=$(/home/jackie/Downloads/Askey_Spectrum_SBE1V1K/staging_dir/host/bin/mkhash sha256 /home/jackie/Downloads/Askey_Spectrum_SBE1V1K/build_dir/target-aarch64_cortex-a53_musl/toolchain/ipkg-aarch64_cortex-a53/librt/$file); echo $file $csum >> /home/jackie/Downloads/Askey_Spectrum_SBE1V1K/build_dir/target-aarch64_cortex-a53_musl/toolchain/ipkg-aarch64_cortex-a53/librt/lib/apk/packages/librt.conffiles_static; done; rm -rf /home/jackie/Downloads/Askey_Spectrum_SBE1V1K/build_dir/target-aarch64_cortex-a53_musl/toolchain/ipkg-aarch64_cortex-a53/librt/CONTROL/conffiles; fi
if [ -z "$(ls -A /home/jackie/Downloads/Askey_Spectrum_SBE1V1K/build_dir/target-aarch64_cortex-a53_musl/toolchain/ipkg-aarch64_cortex-a53/librt/CONTROL 2>/dev/null)" ]; then rm -rf /home/jackie/Downloads/Askey_Spectrum_SBE1V1K/build_dir/target-aarch64_cortex-a53_musl/toolchain/ipkg-aarch64_cortex-a53/librt/CONTROL; else echo "CONTROL directory /home/jackie/Downloads/Askey_Spectrum_SBE1V1K/build_dir/target-aarch64_cortex-a53_musl/toolchain/ipkg-aarch64_cortex-a53/librt/CONTROL is not empty! This is not right and should be checked!" >&2; exit 1; fi
SOURCE_DATE_EPOCH=0 /home/jackie/Downloads/Askey_Spectrum_SBE1V1K/staging_dir/host/bin/fakeroot /home/jackie/Downloads/Askey_Spectrum_SBE1V1K/staging_dir/host/bin/apk mkpkg --info "name:librt" --info "version:1.2.6-r5" --info "tags:openwrt:section=libs" --info "description:POSIX.1b RealTime extension library" --info "arch:aarch64_cortex-a53" --info "license:GPL-3.0-with-GCC-exception" --info "origin:feeds/base/libs/toolchain" --info "url:http://www.musl-libc.org/" --info "maintainer:Felix Fietkau <nbd@nbd.name>" --info "provides:librt-any"  --script "post-install:/home/jackie/Downloads/Askey_Spectrum_SBE1V1K/build_dir/target-aarch64_cortex-a53_musl/toolchain/apk-aarch64_cortex-a53/librt/post-install" --script "post-upgrade:/home/jackie/Downloads/Askey_Spectrum_SBE1V1K/build_dir/target-aarch64_cortex-a53_musl/toolchain/apk-aarch64_cortex-a53/librt/post-upgrade" --script "pre-deinstall:/home/jackie/Downloads/Askey_Spectrum_SBE1V1K/build_dir/target-aarch64_cortex-a53_musl/toolchain/apk-aarch64_cortex-a53/librt/pre-deinstall" --info "depends:libpthread" --files "/home/jackie/Downloads/Askey_Spectrum_SBE1V1K/build_dir/target-aarch64_cortex-a53_musl/toolchain/ipkg-aarch64_cortex-a53/librt" --sign /home/jackie/Downloads/Askey_Spectrum_SBE1V1K/private-key.pem --output "/home/jackie/Downloads/Askey_Spectrum_SBE1V1K/bin/targets/qualcommbe/ipq95xx/packages/librt-1.2.6-r5.apk"
rm -rf /home/jackie/Downloads/Askey_Spectrum_SBE1V1K/build_dir/target-aarch64_cortex-a53_musl/toolchain/.pkgdir/libgcc.installed /home/jackie/Downloads/Askey_Spectrum_SBE1V1K/build_dir/target-aarch64_cortex-a53_musl/toolchain/.pkgdir/libgcc
mkdir -p /home/jackie/Downloads/Askey_Spectrum_SBE1V1K/build_dir/target-aarch64_cortex-a53_musl/toolchain/.pkgdir/libgcc
install -d -m0755 /home/jackie/Downloads/Askey_Spectrum_SBE1V1K/build_dir/target-aarch64_cortex-a53_musl/toolchain/.pkgdir/libgcc/lib
cp -fpR /home/jackie/Downloads/Askey_Spectrum_SBE1V1K/staging_dir/toolchain-aarch64_cortex-a53_gcc-14.4.0_musl/lib/libgcc_s.so.* /home/jackie/Downloads/Askey_Spectrum_SBE1V1K/build_dir/target-aarch64_cortex-a53_musl/toolchain/.pkgdir/libgcc/lib/
touch /home/jackie/Downloads/Askey_Spectrum_SBE1V1K/build_dir/target-aarch64_cortex-a53_musl/toolchain/.pkgdir/libgcc.installed
mkdir -p /home/jackie/Downloads/Askey_Spectrum_SBE1V1K/staging_dir/target-aarch64_cortex-a53_musl/root-qualcommbe/stamp
echo '1' | cmp -s - /home/jackie/Downloads/Askey_Spectrum_SBE1V1K/staging_dir/target-aarch64_cortex-a53_musl/pkginfo/libgcc.version || { mkdir -p /home/jackie/Downloads/Askey_Spectrum_SBE1V1K/staging_dir/target-aarch64_cortex-a53_musl/pkginfo; echo '1' > /home/jackie/Downloads/Askey_Spectrum_SBE1V1K/staging_dir/target-aarch64_cortex-a53_musl/pkginfo/libgcc.version;  cp /home/jackie/Downloads/Askey_Spectrum_SBE1V1K/staging_dir/target-aarch64_cortex-a53_musl/pkginfo/libgcc.version /home/jackie/Downloads/Askey_Spectrum_SBE1V1K/staging_dir/target-aarch64_cortex-a53_musl/pkginfo/libgcc-any.version;  } 
SHELL= flock /home/jackie/Downloads/Askey_Spectrum_SBE1V1K/tmp/.root-copy.flock -c 'cp -fpR /home/jackie/Downloads/Askey_Spectrum_SBE1V1K/build_dir/target-aarch64_cortex-a53_musl/toolchain/.pkgdir/libgcc/. /home/jackie/Downloads/Askey_Spectrum_SBE1V1K/staging_dir/target-aarch64_cortex-a53_musl/root-qualcommbe/'
touch /home/jackie/Downloads/Askey_Spectrum_SBE1V1K/staging_dir/target-aarch64_cortex-a53_musl/root-qualcommbe/stamp/.libgcc_installed
echo "libgcc" >> /home/jackie/Downloads/Askey_Spectrum_SBE1V1K/staging_dir/target-aarch64_cortex-a53_musl/pkginfo/toolchain.default.install
rm -rf /home/jackie/Downloads/Askey_Spectrum_SBE1V1K/build_dir/target-aarch64_cortex-a53_musl/toolchain/.pkgdir/libc.installed /home/jackie/Downloads/Askey_Spectrum_SBE1V1K/build_dir/target-aarch64_cortex-a53_musl/toolchain/.pkgdir/libc
mkdir -p /home/jackie/Downloads/Askey_Spectrum_SBE1V1K/build_dir/target-aarch64_cortex-a53_musl/toolchain/.pkgdir/libc
echo 1.2.6-r5 > /home/jackie/Downloads/Askey_Spectrum_SBE1V1K/staging_dir/target-aarch64_cortex-a53_musl/libc.version; 	install -d -m0755 /home/jackie/Downloads/Askey_Spectrum_SBE1V1K/build_dir/target-aarch64_cortex-a53_musl/toolchain/.pkgdir/libc/lib /home/jackie/Downloads/Askey_Spectrum_SBE1V1K/build_dir/target-aarch64_cortex-a53_musl/toolchain/.pkgdir/libc/usr/bin
cp -fpR /home/jackie/Downloads/Askey_Spectrum_SBE1V1K/staging_dir/toolchain-aarch64_cortex-a53_gcc-14.4.0_musl/lib/ld-musl-*.so* /home/jackie/Downloads/Askey_Spectrum_SBE1V1K/build_dir/target-aarch64_cortex-a53_musl/toolchain/.pkgdir/libc/lib/
cp -fpR /home/jackie/Downloads/Askey_Spectrum_SBE1V1K/staging_dir/toolchain-aarch64_cortex-a53_gcc-14.4.0_musl/lib/libc.so* /home/jackie/Downloads/Askey_Spectrum_SBE1V1K/build_dir/target-aarch64_cortex-a53_musl/toolchain/.pkgdir/libc/lib/
ln -sf ../../lib/libc.so /home/jackie/Downloads/Askey_Spectrum_SBE1V1K/build_dir/target-aarch64_cortex-a53_musl/toolchain/.pkgdir/libc/usr/bin/ldd
cp -fpR /home/jackie/Downloads/Askey_Spectrum_SBE1V1K/staging_dir/toolchain-aarch64_cortex-a53_gcc-14.4.0_musl/lib/libatomic.a /home/jackie/Downloads/Askey_Spectrum_SBE1V1K/staging_dir/toolchain-aarch64_cortex-a53_gcc-14.4.0_musl/lib/libc.a /home/jackie/Downloads/Askey_Spectrum_SBE1V1K/staging_dir/toolchain-aarch64_cortex-a53_gcc-14.4.0_musl/lib/libcrypt.a /home/jackie/Downloads/Askey_Spectrum_SBE1V1K/staging_dir/toolchain-aarch64_cortex-a53_gcc-14.4.0_musl/lib/libdl.a /home/jackie/Downloads/Askey_Spectrum_SBE1V1K/staging_dir/toolchain-aarch64_cortex-a53_gcc-14.4.0_musl/lib/libitm.a /home/jackie/Downloads/Askey_Spectrum_SBE1V1K/staging_dir/toolchain-aarch64_cortex-a53_gcc-14.4.0_musl/lib/libm.a /home/jackie/Downloads/Askey_Spectrum_SBE1V1K/staging_dir/toolchain-aarch64_cortex-a53_gcc-14.4.0_musl/lib/libpthread.a /home/jackie/Downloads/Askey_Spectrum_SBE1V1K/staging_dir/toolchain-aarch64_cortex-a53_gcc-14.4.0_musl/lib/libresolv.a /home/jackie/Downloads/Askey_Spectrum_SBE1V1K/staging_dir/toolchain-aarch64_cortex-a53_gcc-14.4.0_musl/lib/librt.a /home/jackie/Downloads/Askey_Spectrum_SBE1V1K/staging_dir/toolchain-aarch64_cortex-a53_gcc-14.4.0_musl/lib/libssp_nonshared.a /home/jackie/Downloads/Askey_Spectrum_SBE1V1K/staging_dir/toolchain-aarch64_cortex-a53_gcc-14.4.0_musl/lib/libstdc++.a /home/jackie/Downloads/Askey_Spectrum_SBE1V1K/staging_dir/toolchain-aarch64_cortex-a53_gcc-14.4.0_musl/lib/libstdc++exp.a /home/jackie/Downloads/Askey_Spectrum_SBE1V1K/staging_dir/toolchain-aarch64_cortex-a53_gcc-14.4.0_musl/lib/libstdc++fs.a /home/jackie/Downloads/Askey_Spectrum_SBE1V1K/staging_dir/toolchain-aarch64_cortex-a53_gcc-14.4.0_musl/lib/libsupc++.a /home/jackie/Downloads/Askey_Spectrum_SBE1V1K/staging_dir/toolchain-aarch64_cortex-a53_gcc-14.4.0_musl/lib/libutil.a /home/jackie/Downloads/Askey_Spectrum_SBE1V1K/staging_dir/toolchain-aarch64_cortex-a53_gcc-14.4.0_musl/lib/libxnet.a /home/jackie/Downloads/Askey_Spectrum_SBE1V1K/build_dir/target-aarch64_cortex-a53_musl/toolchain/.pkgdir/libc/lib/
cp -fpR /home/jackie/Downloads/Askey_Spectrum_SBE1V1K/staging_dir/toolchain-aarch64_cortex-a53_gcc-14.4.0_musl/lib/gcc/aarch64-openwrt-linux-musl/14.4.0/libgcc_pic.a /home/jackie/Downloads/Askey_Spectrum_SBE1V1K/build_dir/target-aarch64_cortex-a53_musl/toolchain/.pkgdir/libc/lib/libgcc_s_pic.a; cp -fpR /home/jackie/Downloads/Askey_Spectrum_SBE1V1K/staging_dir/toolchain-aarch64_cortex-a53_gcc-14.4.0_musl/lib/gcc/aarch64-openwrt-linux-musl/14.4.0/libgcc.map /home/jackie/Downloads/Askey_Spectrum_SBE1V1K/build_dir/target-aarch64_cortex-a53_musl/toolchain/.pkgdir/libc/lib/libgcc_s_pic.map 
touch /home/jackie/Downloads/Askey_Spectrum_SBE1V1K/build_dir/target-aarch64_cortex-a53_musl/toolchain/.pkgdir/libc.installed
rm -rf /home/jackie/Downloads/Askey_Spectrum_SBE1V1K/build_dir/target-aarch64_cortex-a53_musl/toolchain/.pkgdir/libpthread.installed /home/jackie/Downloads/Askey_Spectrum_SBE1V1K/build_dir/target-aarch64_cortex-a53_musl/toolchain/.pkgdir/libpthread
mkdir -p /home/jackie/Downloads/Askey_Spectrum_SBE1V1K/build_dir/target-aarch64_cortex-a53_musl/toolchain/.pkgdir/libpthread
install -d -m0755 /home/jackie/Downloads/Askey_Spectrum_SBE1V1K/build_dir/target-aarch64_cortex-a53_musl/toolchain/.pkgdir/libpthread/lib
touch /home/jackie/Downloads/Askey_Spectrum_SBE1V1K/build_dir/target-aarch64_cortex-a53_musl/toolchain/.pkgdir/libpthread.installed
rm -rf /home/jackie/Downloads/Askey_Spectrum_SBE1V1K/build_dir/target-aarch64_cortex-a53_musl/toolchain/.pkgdir/librt.installed /home/jackie/Downloads/Askey_Spectrum_SBE1V1K/build_dir/target-aarch64_cortex-a53_musl/toolchain/.pkgdir/librt
mkdir -p /home/jackie/Downloads/Askey_Spectrum_SBE1V1K/build_dir/target-aarch64_cortex-a53_musl/toolchain/.pkgdir/librt
install -d -m0755 /home/jackie/Downloads/Askey_Spectrum_SBE1V1K/build_dir/target-aarch64_cortex-a53_musl/toolchain/.pkgdir/librt/lib
touch /home/jackie/Downloads/Askey_Spectrum_SBE1V1K/build_dir/target-aarch64_cortex-a53_musl/toolchain/.pkgdir/librt.installed
mkdir -p /home/jackie/Downloads/Askey_Spectrum_SBE1V1K/staging_dir/target-aarch64_cortex-a53_musl/root-qualcommbe/stamp
SHELL= flock /home/jackie/Downloads/Askey_Spectrum_SBE1V1K/tmp/.root-copy.flock -c 'cp -fpR /home/jackie/Downloads/Askey_Spectrum_SBE1V1K/build_dir/target-aarch64_cortex-a53_musl/toolchain/.pkgdir/libc/. /home/jackie/Downloads/Askey_Spectrum_SBE1V1K/staging_dir/target-aarch64_cortex-a53_musl/root-qualcommbe/'
touch /home/jackie/Downloads/Askey_Spectrum_SBE1V1K/staging_dir/target-aarch64_cortex-a53_musl/root-qualcommbe/stamp/.libc_installed
echo "libc" >> /home/jackie/Downloads/Askey_Spectrum_SBE1V1K/staging_dir/target-aarch64_cortex-a53_musl/pkginfo/toolchain.default.install
mkdir -p /home/jackie/Downloads/Askey_Spectrum_SBE1V1K/staging_dir/target-aarch64_cortex-a53_musl/root-qualcommbe/stamp
SHELL= flock /home/jackie/Downloads/Askey_Spectrum_SBE1V1K/tmp/.root-copy.flock -c 'cp -fpR /home/jackie/Downloads/Askey_Spectrum_SBE1V1K/build_dir/target-aarch64_cortex-a53_musl/toolchain/.pkgdir/libpthread/. /home/jackie/Downloads/Askey_Spectrum_SBE1V1K/staging_dir/target-aarch64_cortex-a53_musl/root-qualcommbe/'
touch /home/jackie/Downloads/Askey_Spectrum_SBE1V1K/staging_dir/target-aarch64_cortex-a53_musl/root-qualcommbe/stamp/.libpthread_installed
echo "libpthread" >> /home/jackie/Downloads/Askey_Spectrum_SBE1V1K/staging_dir/target-aarch64_cortex-a53_musl/pkginfo/toolchain.default.install
mkdir -p /home/jackie/Downloads/Askey_Spectrum_SBE1V1K/staging_dir/target-aarch64_cortex-a53_musl/root-qualcommbe/stamp
SHELL= flock /home/jackie/Downloads/Askey_Spectrum_SBE1V1K/tmp/.root-copy.flock -c 'cp -fpR /home/jackie/Downloads/Askey_Spectrum_SBE1V1K/build_dir/target-aarch64_cortex-a53_musl/toolchain/.pkgdir/librt/. /home/jackie/Downloads/Askey_Spectrum_SBE1V1K/staging_dir/target-aarch64_cortex-a53_musl/root-qualcommbe/'
touch /home/jackie/Downloads/Askey_Spectrum_SBE1V1K/staging_dir/target-aarch64_cortex-a53_musl/root-qualcommbe/stamp/.librt_installed
echo "librt" >> /home/jackie/Downloads/Askey_Spectrum_SBE1V1K/staging_dir/target-aarch64_cortex-a53_musl/pkginfo/toolchain.default.install
make[3]: Leaving directory '/home/jackie/Downloads/Askey_Spectrum_SBE1V1K/package/libs/toolchain'
time: package/libs/toolchain/compile#0.77#0.43#1.27
make[3]: Entering directory '/home/jackie/Downloads/Askey_Spectrum_SBE1V1K/package/libs/libnl-tiny'
mkdir -p /home/jackie/Downloads/Askey_Spectrum_SBE1V1K/staging_dir/target-aarch64_cortex-a53_musl/root-qualcommbe/stamp
echo '1' | cmp -s - /home/jackie/Downloads/Askey_Spectrum_SBE1V1K/staging_dir/target-aarch64_cortex-a53_musl/pkginfo/libnl-tiny.version || { mkdir -p /home/jackie/Downloads/Askey_Spectrum_SBE1V1K/staging_dir/target-aarch64_cortex-a53_musl/pkginfo; echo '1' > /home/jackie/Downloads/Askey_Spectrum_SBE1V1K/staging_dir/target-aarch64_cortex-a53_musl/pkginfo/libnl-tiny.version;  cp /home/jackie/Downloads/Askey_Spectrum_SBE1V1K/staging_dir/target-aarch64_cortex-a53_musl/pkginfo/libnl-tiny.version /home/jackie/Downloads/Askey_Spectrum_SBE1V1K/staging_dir/target-aarch64_cortex-a53_musl/pkginfo/libnl-tiny-any.version;  } 
SHELL= flock /home/jackie/Downloads/Askey_Spectrum_SBE1V1K/tmp/.root-copy.flock -c 'cp -fpR /home/jackie/Downloads/Askey_Spectrum_SBE1V1K/build_dir/target-aarch64_cortex-a53_musl/libnl-tiny-2025.12.02~40493a65/.pkgdir/libnl-tiny/. /home/jackie/Downloads/Askey_Spectrum_SBE1V1K/staging_dir/target-aarch64_cortex-a53_musl/root-qualcommbe/'
touch /home/jackie/Downloads/Askey_Spectrum_SBE1V1K/staging_dir/target-aarch64_cortex-a53_musl/root-qualcommbe/stamp/.libnl-tiny_installed
echo "libnl-tiny" >> /home/jackie/Downloads/Askey_Spectrum_SBE1V1K/staging_dir/target-aarch64_cortex-a53_musl/pkginfo/libnl-tiny.default.install
make[3]: Leaving directory '/home/jackie/Downloads/Askey_Spectrum_SBE1V1K/package/libs/libnl-tiny'
time: package/libs/libnl-tiny/compile#0.11#0.08#0.17
make[3]: Entering directory '/home/jackie/Downloads/Askey_Spectrum_SBE1V1K/package/libs/libjson-c'
rm -f /home/jackie/Downloads/Askey_Spectrum_SBE1V1K/build_dir/target-aarch64_cortex-a53_musl/json-c-0.18/.built
touch /home/jackie/Downloads/Askey_Spectrum_SBE1V1K/build_dir/target-aarch64_cortex-a53_musl/json-c-0.18/.built_check
MAKEFLAGS="" /home/jackie/Downloads/Askey_Spectrum_SBE1V1K/staging_dir/host/bin/ninja  -j1 -C /home/jackie/Downloads/Askey_Spectrum_SBE1V1K/build_dir/target-aarch64_cortex-a53_musl/json-c-0.18 
ninja: Entering directory `/home/jackie/Downloads/Askey_Spectrum_SBE1V1K/build_dir/target-aarch64_cortex-a53_musl/json-c-0.18'
ninja: no work to do.
DESTDIR="/home/jackie/Downloads/Askey_Spectrum_SBE1V1K/build_dir/target-aarch64_cortex-a53_musl/json-c-0.18/ipkg-install" MAKEFLAGS="" /home/jackie/Downloads/Askey_Spectrum_SBE1V1K/staging_dir/host/bin/ninja  -j1 -C /home/jackie/Downloads/Askey_Spectrum_SBE1V1K/build_dir/target-aarch64_cortex-a53_musl/json-c-0.18 install
ninja: Entering directory `/home/jackie/Downloads/Askey_Spectrum_SBE1V1K/build_dir/target-aarch64_cortex-a53_musl/json-c-0.18'
[0/1] Install the project...
-- Install configuration: "Release"
-- Up-to-date: /home/jackie/Downloads/Askey_Spectrum_SBE1V1K/build_dir/target-aarch64_cortex-a53_musl/json-c-0.18/ipkg-install/usr/lib/libjson-c.so.5.4.0
-- Up-to-date: /home/jackie/Downloads/Askey_Spectrum_SBE1V1K/build_dir/target-aarch64_cortex-a53_musl/json-c-0.18/ipkg-install/usr/lib/libjson-c.so.5
-- Up-to-date: /home/jackie/Downloads/Askey_Spectrum_SBE1V1K/build_dir/target-aarch64_cortex-a53_musl/json-c-0.18/ipkg-install/usr/lib/libjson-c.so
-- Up-to-date: /home/jackie/Downloads/Askey_Spectrum_SBE1V1K/build_dir/target-aarch64_cortex-a53_musl/json-c-0.18/ipkg-install/usr/lib/libjson-c.a
-- Up-to-date: /home/jackie/Downloads/Askey_Spectrum_SBE1V1K/build_dir/target-aarch64_cortex-a53_musl/json-c-0.18/ipkg-install/usr/lib/cmake/json-c/json-c-targets.cmake
-- Up-to-date: /home/jackie/Downloads/Askey_Spectrum_SBE1V1K/build_dir/target-aarch64_cortex-a53_musl/json-c-0.18/ipkg-install/usr/lib/cmake/json-c/json-c-targets-release.cmake
-- Up-to-date: /home/jackie/Downloads/Askey_Spectrum_SBE1V1K/build_dir/target-aarch64_cortex-a53_musl/json-c-0.18/ipkg-install/usr/lib/cmake/json-c/json-c-config.cmake
-- Up-to-date: /home/jackie/Downloads/Askey_Spectrum_SBE1V1K/build_dir/target-aarch64_cortex-a53_musl/json-c-0.18/ipkg-install/usr/lib/pkgconfig/json-c.pc
-- Up-to-date: /home/jackie/Downloads/Askey_Spectrum_SBE1V1K/build_dir/target-aarch64_cortex-a53_musl/json-c-0.18/ipkg-install/usr/include/json-c/json_config.h
-- Up-to-date: /home/jackie/Downloads/Askey_Spectrum_SBE1V1K/build_dir/target-aarch64_cortex-a53_musl/json-c-0.18/ipkg-install/usr/include/json-c/json.h
-- Up-to-date: /home/jackie/Downloads/Askey_Spectrum_SBE1V1K/build_dir/target-aarch64_cortex-a53_musl/json-c-0.18/ipkg-install/usr/include/json-c/arraylist.h
-- Up-to-date: /home/jackie/Downloads/Askey_Spectrum_SBE1V1K/build_dir/target-aarch64_cortex-a53_musl/json-c-0.18/ipkg-install/usr/include/json-c/debug.h
-- Up-to-date: /home/jackie/Downloads/Askey_Spectrum_SBE1V1K/build_dir/target-aarch64_cortex-a53_musl/json-c-0.18/ipkg-install/usr/include/json-c/json_c_version.h
-- Up-to-date: /home/jackie/Downloads/Askey_Spectrum_SBE1V1K/build_dir/target-aarch64_cortex-a53_musl/json-c-0.18/ipkg-install/usr/include/json-c/json_inttypes.h
-- Up-to-date: /home/jackie/Downloads/Askey_Spectrum_SBE1V1K/build_dir/target-aarch64_cortex-a53_musl/json-c-0.18/ipkg-install/usr/include/json-c/json_object.h
-- Up-to-date: /home/jackie/Downloads/Askey_Spectrum_SBE1V1K/build_dir/target-aarch64_cortex-a53_musl/json-c-0.18/ipkg-install/usr/include/json-c/json_object_iterator.h
-- Up-to-date: /home/jackie/Downloads/Askey_Spectrum_SBE1V1K/build_dir/target-aarch64_cortex-a53_musl/json-c-0.18/ipkg-install/usr/include/json-c/json_tokener.h
-- Up-to-date: /home/jackie/Downloads/Askey_Spectrum_SBE1V1K/build_dir/target-aarch64_cortex-a53_musl/json-c-0.18/ipkg-install/usr/include/json-c/json_types.h
-- Up-to-date: /home/jackie/Downloads/Askey_Spectrum_SBE1V1K/build_dir/target-aarch64_cortex-a53_musl/json-c-0.18/ipkg-install/usr/include/json-c/json_util.h
-- Up-to-date: /home/jackie/Downloads/Askey_Spectrum_SBE1V1K/build_dir/target-aarch64_cortex-a53_musl/json-c-0.18/ipkg-install/usr/include/json-c/json_visit.h
-- Up-to-date: /home/jackie/Downloads/Askey_Spectrum_SBE1V1K/build_dir/target-aarch64_cortex-a53_musl/json-c-0.18/ipkg-install/usr/include/json-c/linkhash.h
-- Up-to-date: /home/jackie/Downloads/Askey_Spectrum_SBE1V1K/build_dir/target-aarch64_cortex-a53_musl/json-c-0.18/ipkg-install/usr/include/json-c/printbuf.h
-- Up-to-date: /home/jackie/Downloads/Askey_Spectrum_SBE1V1K/build_dir/target-aarch64_cortex-a53_musl/json-c-0.18/ipkg-install/usr/include/json-c/json_pointer.h
-- Up-to-date: /home/jackie/Downloads/Askey_Spectrum_SBE1V1K/build_dir/target-aarch64_cortex-a53_musl/json-c-0.18/ipkg-install/usr/include/json-c/json_patch.h
touch /home/jackie/Downloads/Askey_Spectrum_SBE1V1K/build_dir/target-aarch64_cortex-a53_musl/json-c-0.18/.built
rm -rf /home/jackie/Downloads/Askey_Spectrum_SBE1V1K/build_dir/target-aarch64_cortex-a53_musl/json-c-0.18/ipkg-aarch64_cortex-a53/libjson-c
/home/jackie/Downloads/Askey_Spectrum_SBE1V1K/scripts/ipkg-remove libjson-c /home/jackie/Downloads/Askey_Spectrum_SBE1V1K/bin/packages/aarch64_cortex-a53/base/libjson-c5-0.18-r1.apk
removed '/home/jackie/Downloads/Askey_Spectrum_SBE1V1K/bin/packages/aarch64_cortex-a53/base/libjson-c5-0.18-r1.apk'
mkdir -p /home/jackie/Downloads/Askey_Spectrum_SBE1V1K/bin/targets/qualcommbe/ipq95xx/packages /home/jackie/Downloads/Askey_Spectrum_SBE1V1K/build_dir/target-aarch64_cortex-a53_musl/json-c-0.18/ipkg-aarch64_cortex-a53/libjson-c /home/jackie/Downloads/Askey_Spectrum_SBE1V1K/staging_dir/target-aarch64_cortex-a53_musl/pkginfo
install -d -m0755 /home/jackie/Downloads/Askey_Spectrum_SBE1V1K/build_dir/target-aarch64_cortex-a53_musl/json-c-0.18/ipkg-aarch64_cortex-a53/libjson-c/usr/lib
cp -fpR /home/jackie/Downloads/Askey_Spectrum_SBE1V1K/build_dir/target-aarch64_cortex-a53_musl/json-c-0.18/ipkg-install/usr/lib/libjson-c.so.* /home/jackie/Downloads/Askey_Spectrum_SBE1V1K/build_dir/target-aarch64_cortex-a53_musl/json-c-0.18/ipkg-aarch64_cortex-a53/libjson-c/usr/lib/
find /home/jackie/Downloads/Askey_Spectrum_SBE1V1K/build_dir/target-aarch64_cortex-a53_musl/json-c-0.18/ipkg-aarch64_cortex-a53/libjson-c -name '.svn' -o -name '.#*' -o -name '*~'| xargs -r rm -rf
export CROSS="aarch64-openwrt-linux-musl-"  NO_RENAME=1 ; NM="aarch64-openwrt-linux-musl-nm" STRIP="/home/jackie/Downloads/Askey_Spectrum_SBE1V1K/staging_dir/host/bin/sstrip -z" STRIP_KMOD="/home/jackie/Downloads/Askey_Spectrum_SBE1V1K/scripts/strip-kmod.sh" PATCHELF="/home/jackie/Downloads/Askey_Spectrum_SBE1V1K/staging_dir/host/bin/patchelf" /home/jackie/Downloads/Askey_Spectrum_SBE1V1K/scripts/rstrip.sh /home/jackie/Downloads/Askey_Spectrum_SBE1V1K/build_dir/target-aarch64_cortex-a53_musl/json-c-0.18/ipkg-aarch64_cortex-a53/libjson-c
rstrip.sh: /home/jackie/Downloads/Askey_Spectrum_SBE1V1K/build_dir/target-aarch64_cortex-a53_musl/json-c-0.18/ipkg-aarch64_cortex-a53/libjson-c/usr/lib/libjson-c.so.5.4.0: shared object
install -d -m0755 /home/jackie/Downloads/Askey_Spectrum_SBE1V1K/bin/packages/aarch64_cortex-a53/base
mkdir -p /home/jackie/Downloads/Askey_Spectrum_SBE1V1K/build_dir/target-aarch64_cortex-a53_musl/json-c-0.18/apk-aarch64_cortex-a53/libjson-c/
mkdir -p /home/jackie/Downloads/Askey_Spectrum_SBE1V1K/build_dir/target-aarch64_cortex-a53_musl/json-c-0.18/ipkg-aarch64_cortex-a53/libjson-c/lib/apk/packages/
(cd /home/jackie/Downloads/Askey_Spectrum_SBE1V1K/build_dir/target-aarch64_cortex-a53_musl/json-c-0.18/apk-aarch64_cortex-a53/libjson-c; )
( echo "#!/bin/sh"; echo "[ \"\${IPKG_NO_SCRIPT}\" = \"1\" ] && exit 0"; echo "[ -s "\${IPKG_INSTROOT}/lib/functions.sh" ] || exit 0"; echo ". \${IPKG_INSTROOT}/lib/functions.sh"; echo 'export root="${IPKG_INSTROOT}"'; echo 'export pkgname="libjson-c5"'; echo "add_group_and_user"; echo "default_postinst"; [ ! -f /home/jackie/Downloads/Askey_Spectrum_SBE1V1K/build_dir/target-aarch64_cortex-a53_musl/json-c-0.18/apk-aarch64_cortex-a53/libjson-c/postinst-pkg ] || sed '/^\s*#!/d' "/home/jackie/Downloads/Askey_Spectrum_SBE1V1K/build_dir/target-aarch64_cortex-a53_musl/json-c-0.18/apk-aarch64_cortex-a53/libjson-c/postinst-pkg"; ) > /home/jackie/Downloads/Askey_Spectrum_SBE1V1K/build_dir/target-aarch64_cortex-a53_musl/json-c-0.18/apk-aarch64_cortex-a53/libjson-c/post-install;
( echo "#!/bin/sh"; echo 'export PKG_UPGRADE=1'; [ ! -f /home/jackie/Downloads/Askey_Spectrum_SBE1V1K/build_dir/target-aarch64_cortex-a53_musl/json-c-0.18/apk-aarch64_cortex-a53/libjson-c/post-install ] || sed '/^\s*#!/d' "/home/jackie/Downloads/Askey_Spectrum_SBE1V1K/build_dir/target-aarch64_cortex-a53_musl/json-c-0.18/apk-aarch64_cortex-a53/libjson-c/post-install"; ) > /home/jackie/Downloads/Askey_Spectrum_SBE1V1K/build_dir/target-aarch64_cortex-a53_musl/json-c-0.18/apk-aarch64_cortex-a53/libjson-c/post-upgrade;
( echo "#!/bin/sh"; echo "[ -s "\${IPKG_INSTROOT}/lib/functions.sh" ] || exit 0"; echo ". \${IPKG_INSTROOT}/lib/functions.sh"; echo 'export root="${IPKG_INSTROOT}"'; echo 'export pkgname="libjson-c5"'; echo "default_prerm"; [ ! -f /home/jackie/Downloads/Askey_Spectrum_SBE1V1K/build_dir/target-aarch64_cortex-a53_musl/json-c-0.18/apk-aarch64_cortex-a53/libjson-c/prerm-pkg ] || sed '/^\s*#!/d' "/home/jackie/Downloads/Askey_Spectrum_SBE1V1K/build_dir/target-aarch64_cortex-a53_musl/json-c-0.18/apk-aarch64_cortex-a53/libjson-c/prerm-pkg"; ) > /home/jackie/Downloads/Askey_Spectrum_SBE1V1K/build_dir/target-aarch64_cortex-a53_musl/json-c-0.18/apk-aarch64_cortex-a53/libjson-c/pre-deinstall;
[ ! -f /home/jackie/Downloads/Askey_Spectrum_SBE1V1K/build_dir/target-aarch64_cortex-a53_musl/json-c-0.18/apk-aarch64_cortex-a53/libjson-c/postrm ] || sed -zi 's/^\s*#!/#!/' "/home/jackie/Downloads/Askey_Spectrum_SBE1V1K/build_dir/target-aarch64_cortex-a53_musl/json-c-0.18/apk-aarch64_cortex-a53/libjson-c/postrm";
if [ -n "" ]; then echo  > /home/jackie/Downloads/Askey_Spectrum_SBE1V1K/build_dir/target-aarch64_cortex-a53_musl/json-c-0.18/ipkg-aarch64_cortex-a53/libjson-c/lib/apk/packages/libjson-c5.rusers; fi;
if [ -n "" ]; then echo  > /home/jackie/Downloads/Askey_Spectrum_SBE1V1K/build_dir/target-aarch64_cortex-a53_musl/json-c-0.18/ipkg-aarch64_cortex-a53/libjson-c/lib/apk/packages/libjson-c5.alternatives; fi;
(cd /home/jackie/Downloads/Askey_Spectrum_SBE1V1K/build_dir/target-aarch64_cortex-a53_musl/json-c-0.18/ipkg-aarch64_cortex-a53/libjson-c && find . -type f,l -printf "/%P\n" | sort > /home/jackie/Downloads/Askey_Spectrum_SBE1V1K/tmp/libjson-c.list && mv /home/jackie/Downloads/Askey_Spectrum_SBE1V1K/tmp/libjson-c.list /home/jackie/Downloads/Askey_Spectrum_SBE1V1K/build_dir/target-aarch64_cortex-a53_musl/json-c-0.18/ipkg-aarch64_cortex-a53/libjson-c/lib/apk/packages/libjson-c5.list)
# Move conffiles to IDIR and build conffiles_static with csums
if [ -f /home/jackie/Downloads/Askey_Spectrum_SBE1V1K/build_dir/target-aarch64_cortex-a53_musl/json-c-0.18/apk-aarch64_cortex-a53/libjson-c/conffiles ]; then mv -f /home/jackie/Downloads/Askey_Spectrum_SBE1V1K/build_dir/target-aarch64_cortex-a53_musl/json-c-0.18/apk-aarch64_cortex-a53/libjson-c/conffiles /home/jackie/Downloads/Askey_Spectrum_SBE1V1K/build_dir/target-aarch64_cortex-a53_musl/json-c-0.18/ipkg-aarch64_cortex-a53/libjson-c/lib/apk/packages/libjson-c5.conffiles; for file in $(cat /home/jackie/Downloads/Askey_Spectrum_SBE1V1K/build_dir/target-aarch64_cortex-a53_musl/json-c-0.18/ipkg-aarch64_cortex-a53/libjson-c/lib/apk/packages/libjson-c5.conffiles); do [ -f /home/jackie/Downloads/Askey_Spectrum_SBE1V1K/build_dir/target-aarch64_cortex-a53_musl/json-c-0.18/ipkg-aarch64_cortex-a53/libjson-c/$file ] || continue; csum=$(/home/jackie/Downloads/Askey_Spectrum_SBE1V1K/staging_dir/host/bin/mkhash sha256 /home/jackie/Downloads/Askey_Spectrum_SBE1V1K/build_dir/target-aarch64_cortex-a53_musl/json-c-0.18/ipkg-aarch64_cortex-a53/libjson-c/$file); echo $file $csum >> /home/jackie/Downloads/Askey_Spectrum_SBE1V1K/build_dir/target-aarch64_cortex-a53_musl/json-c-0.18/ipkg-aarch64_cortex-a53/libjson-c/lib/apk/packages/libjson-c5.conffiles_static; done; fi
# Some package (base-files) manually append stuff to conffiles
# Append stuff from it and delete the CONTROL directory since everything else should be migrated
if [ -f /home/jackie/Downloads/Askey_Spectrum_SBE1V1K/build_dir/target-aarch64_cortex-a53_musl/json-c-0.18/ipkg-aarch64_cortex-a53/libjson-c/CONTROL/conffiles ]; then echo $(IDIR_libjson-c)/CONTROL/conffiles >> /home/jackie/Downloads/Askey_Spectrum_SBE1V1K/build_dir/target-aarch64_cortex-a53_musl/json-c-0.18/ipkg-aarch64_cortex-a53/libjson-c/lib/apk/packages/libjson-c5.conffiles; for file in $(cat /home/jackie/Downloads/Askey_Spectrum_SBE1V1K/build_dir/target-aarch64_cortex-a53_musl/json-c-0.18/ipkg-aarch64_cortex-a53/libjson-c/CONTROL/conffiles); do [ -f /home/jackie/Downloads/Askey_Spectrum_SBE1V1K/build_dir/target-aarch64_cortex-a53_musl/json-c-0.18/ipkg-aarch64_cortex-a53/libjson-c/$file ] || continue; csum=$(/home/jackie/Downloads/Askey_Spectrum_SBE1V1K/staging_dir/host/bin/mkhash sha256 /home/jackie/Downloads/Askey_Spectrum_SBE1V1K/build_dir/target-aarch64_cortex-a53_musl/json-c-0.18/ipkg-aarch64_cortex-a53/libjson-c/$file); echo $file $csum >> /home/jackie/Downloads/Askey_Spectrum_SBE1V1K/build_dir/target-aarch64_cortex-a53_musl/json-c-0.18/ipkg-aarch64_cortex-a53/libjson-c/lib/apk/packages/libjson-c5.conffiles_static; done; rm -rf /home/jackie/Downloads/Askey_Spectrum_SBE1V1K/build_dir/target-aarch64_cortex-a53_musl/json-c-0.18/ipkg-aarch64_cortex-a53/libjson-c/CONTROL/conffiles; fi
if [ -z "$(ls -A /home/jackie/Downloads/Askey_Spectrum_SBE1V1K/build_dir/target-aarch64_cortex-a53_musl/json-c-0.18/ipkg-aarch64_cortex-a53/libjson-c/CONTROL 2>/dev/null)" ]; then rm -rf /home/jackie/Downloads/Askey_Spectrum_SBE1V1K/build_dir/target-aarch64_cortex-a53_musl/json-c-0.18/ipkg-aarch64_cortex-a53/libjson-c/CONTROL; else echo "CONTROL directory /home/jackie/Downloads/Askey_Spectrum_SBE1V1K/build_dir/target-aarch64_cortex-a53_musl/json-c-0.18/ipkg-aarch64_cortex-a53/libjson-c/CONTROL is not empty! This is not right and should be checked!" >&2; exit 1; fi
SOURCE_DATE_EPOCH=0 /home/jackie/Downloads/Askey_Spectrum_SBE1V1K/staging_dir/host/bin/fakeroot /home/jackie/Downloads/Askey_Spectrum_SBE1V1K/staging_dir/host/bin/apk mkpkg --info "name:libjson-c5" --info "version:0.18-r1" --info "tags:openwrt:abiversion=5 openwrt:section=libs openwrt:cpe=cpe:/a:json-c:json-c" --info "description:This package contains a library for javascript object notation backends." --info "arch:aarch64_cortex-a53" --info "license:MIT" --info "origin:feeds/base/libs/libjson-c" --info "url:https://json-c.github.io/json-c/" --info "maintainer:Felix Fietkau <nbd@nbd.name>" --info "provides:libjson-c libjson-c-any" --info "provider-priority:10" --script "post-install:/home/jackie/Downloads/Askey_Spectrum_SBE1V1K/build_dir/target-aarch64_cortex-a53_musl/json-c-0.18/apk-aarch64_cortex-a53/libjson-c/post-install" --script "post-upgrade:/home/jackie/Downloads/Askey_Spectrum_SBE1V1K/build_dir/target-aarch64_cortex-a53_musl/json-c-0.18/apk-aarch64_cortex-a53/libjson-c/post-upgrade" --script "pre-deinstall:/home/jackie/Downloads/Askey_Spectrum_SBE1V1K/build_dir/target-aarch64_cortex-a53_musl/json-c-0.18/apk-aarch64_cortex-a53/libjson-c/pre-deinstall" --info "depends:libc" --files "/home/jackie/Downloads/Askey_Spectrum_SBE1V1K/build_dir/target-aarch64_cortex-a53_musl/json-c-0.18/ipkg-aarch64_cortex-a53/libjson-c" --sign /home/jackie/Downloads/Askey_Spectrum_SBE1V1K/private-key.pem --output "/home/jackie/Downloads/Askey_Spectrum_SBE1V1K/bin/packages/aarch64_cortex-a53/base/libjson-c5-0.18-r1.apk"
rm -rf /home/jackie/Downloads/Askey_Spectrum_SBE1V1K/build_dir/target-aarch64_cortex-a53_musl/json-c-0.18/.pkgdir/libjson-c.installed /home/jackie/Downloads/Askey_Spectrum_SBE1V1K/build_dir/target-aarch64_cortex-a53_musl/json-c-0.18/.pkgdir/libjson-c
mkdir -p /home/jackie/Downloads/Askey_Spectrum_SBE1V1K/build_dir/target-aarch64_cortex-a53_musl/json-c-0.18/.pkgdir/libjson-c
install -d -m0755 /home/jackie/Downloads/Askey_Spectrum_SBE1V1K/build_dir/target-aarch64_cortex-a53_musl/json-c-0.18/.pkgdir/libjson-c/usr/lib
cp -fpR /home/jackie/Downloads/Askey_Spectrum_SBE1V1K/build_dir/target-aarch64_cortex-a53_musl/json-c-0.18/ipkg-install/usr/lib/libjson-c.so.* /home/jackie/Downloads/Askey_Spectrum_SBE1V1K/build_dir/target-aarch64_cortex-a53_musl/json-c-0.18/.pkgdir/libjson-c/usr/lib/
touch /home/jackie/Downloads/Askey_Spectrum_SBE1V1K/build_dir/target-aarch64_cortex-a53_musl/json-c-0.18/.pkgdir/libjson-c.installed
mkdir -p /home/jackie/Downloads/Askey_Spectrum_SBE1V1K/staging_dir/target-aarch64_cortex-a53_musl/root-qualcommbe/stamp
echo '5' | cmp -s - /home/jackie/Downloads/Askey_Spectrum_SBE1V1K/staging_dir/target-aarch64_cortex-a53_musl/pkginfo/libjson-c.version || { mkdir -p /home/jackie/Downloads/Askey_Spectrum_SBE1V1K/staging_dir/target-aarch64_cortex-a53_musl/pkginfo; echo '5' > /home/jackie/Downloads/Askey_Spectrum_SBE1V1K/staging_dir/target-aarch64_cortex-a53_musl/pkginfo/libjson-c.version;  cp /home/jackie/Downloads/Askey_Spectrum_SBE1V1K/staging_dir/target-aarch64_cortex-a53_musl/pkginfo/libjson-c.version /home/jackie/Downloads/Askey_Spectrum_SBE1V1K/staging_dir/target-aarch64_cortex-a53_musl/pkginfo/libjson-c-any.version;  } 
SHELL= flock /home/jackie/Downloads/Askey_Spectrum_SBE1V1K/tmp/.root-copy.flock -c 'cp -fpR /home/jackie/Downloads/Askey_Spectrum_SBE1V1K/build_dir/target-aarch64_cortex-a53_musl/json-c-0.18/.pkgdir/libjson-c/. /home/jackie/Downloads/Askey_Spectrum_SBE1V1K/staging_dir/target-aarch64_cortex-a53_musl/root-qualcommbe/'
touch /home/jackie/Downloads/Askey_Spectrum_SBE1V1K/staging_dir/target-aarch64_cortex-a53_musl/root-qualcommbe/stamp/.libjson-c_installed
echo "libjson-c" >> /home/jackie/Downloads/Askey_Spectrum_SBE1V1K/staging_dir/target-aarch64_cortex-a53_musl/pkginfo/libjson-c.default.install
rm -rf /home/jackie/Downloads/Askey_Spectrum_SBE1V1K/tmp/stage-libjson-c
mkdir -p /home/jackie/Downloads/Askey_Spectrum_SBE1V1K/tmp/stage-libjson-c/host /home/jackie/Downloads/Askey_Spectrum_SBE1V1K/staging_dir/target-aarch64_cortex-a53_musl/packages
install -d -m0755 /home/jackie/Downloads/Askey_Spectrum_SBE1V1K/tmp/stage-libjson-c
cp -fpR /home/jackie/Downloads/Askey_Spectrum_SBE1V1K/build_dir/target-aarch64_cortex-a53_musl/json-c-0.18/ipkg-install/* /home/jackie/Downloads/Askey_Spectrum_SBE1V1K/tmp/stage-libjson-c/
/home/jackie/Downloads/Askey_Spectrum_SBE1V1K/staging_dir/host/bin/sed -i -e 's,/usr/include,${prefix}/include,g' /home/jackie/Downloads/Askey_Spectrum_SBE1V1K/tmp/stage-libjson-c/usr/lib/pkgconfig/json-c.pc
/home/jackie/Downloads/Askey_Spectrum_SBE1V1K/staging_dir/host/bin/sed -i -e 's,/usr/lib,${exec_prefix}/lib,g' /home/jackie/Downloads/Askey_Spectrum_SBE1V1K/tmp/stage-libjson-c/usr/lib/pkgconfig/json-c.pc
find /home/jackie/Downloads/Askey_Spectrum_SBE1V1K/tmp/stage-libjson-c -name '*.la' | xargs -r rm -f; 
if [ -f /home/jackie/Downloads/Askey_Spectrum_SBE1V1K/staging_dir/target-aarch64_cortex-a53_musl/packages/libjson-c.list ]; then /home/jackie/Downloads/Askey_Spectrum_SBE1V1K/scripts/clean-package.sh "/home/jackie/Downloads/Askey_Spectrum_SBE1V1K/staging_dir/target-aarch64_cortex-a53_musl/packages/libjson-c.list" "/home/jackie/Downloads/Askey_Spectrum_SBE1V1K/staging_dir/target-aarch64_cortex-a53_musl"; fi
if [ -d /home/jackie/Downloads/Askey_Spectrum_SBE1V1K/tmp/stage-libjson-c ]; then (cd /home/jackie/Downloads/Askey_Spectrum_SBE1V1K/tmp/stage-libjson-c; find ./ > /home/jackie/Downloads/Askey_Spectrum_SBE1V1K/tmp/stage-libjson-c.files); 	SHELL= flock /home/jackie/Downloads/Askey_Spectrum_SBE1V1K/tmp/.staging-dir.flock -c ' mv /home/jackie/Downloads/Askey_Spectrum_SBE1V1K/tmp/stage-libjson-c.files /home/jackie/Downloads/Askey_Spectrum_SBE1V1K/staging_dir/target-aarch64_cortex-a53_musl/packages/libjson-c.list && cp -fpR /home/jackie/Downloads/Askey_Spectrum_SBE1V1K/tmp/stage-libjson-c/* /home/jackie/Downloads/Askey_Spectrum_SBE1V1K/staging_dir/target-aarch64_cortex-a53_musl/; '; fi
rm -rf /home/jackie/Downloads/Askey_Spectrum_SBE1V1K/tmp/stage-libjson-c
touch /home/jackie/Downloads/Askey_Spectrum_SBE1V1K/staging_dir/target-aarch64_cortex-a53_musl/stamp/.libjson-c_installed
make[3]: Leaving directory '/home/jackie/Downloads/Askey_Spectrum_SBE1V1K/package/libs/libjson-c'
time: package/libs/libjson-c/compile#0.23#0.24#0.50
make[3]: Entering directory '/home/jackie/Downloads/Askey_Spectrum_SBE1V1K/package/utils/lua'
make[3]: Leaving directory '/home/jackie/Downloads/Askey_Spectrum_SBE1V1K/package/utils/lua'
time: package/utils/lua/compile#0.13#0.10#0.20
make[3]: Entering directory '/home/jackie/Downloads/Askey_Spectrum_SBE1V1K/package/libs/libubox'
touch /home/jackie/Downloads/Askey_Spectrum_SBE1V1K/build_dir/target-aarch64_cortex-a53_musl/libubox-2026.07.21~e7608b69/.prepared_59c4ba88cbdc2f4d91e5b04f8a61615f_6664517399ebbbc92a37c5bb081b5c53_check
. /home/jackie/Downloads/Askey_Spectrum_SBE1V1K/include/shell.sh; zstdcat /home/jackie/Downloads/Askey_Spectrum_SBE1V1K/dl/libubox-2026.07.21~e7608b69.tar.zst | tar -C /home/jackie/Downloads/Askey_Spectrum_SBE1V1K/build_dir/target-aarch64_cortex-a53_musl/libubox-2026.07.21~e7608b69/.. -xf -
find /home/jackie/Downloads/Askey_Spectrum_SBE1V1K/build_dir/target-aarch64_cortex-a53_musl/libubox-2026.07.21~e7608b69 -mindepth 1 -type f -not -name '.*' -not -name 'version.date' -printf '%T@\n' 2>/dev/null | cut -d. -f1 | sort -n | tail -n1 > /home/jackie/Downloads/Askey_Spectrum_SBE1V1K/build_dir/target-aarch64_cortex-a53_musl/libubox-2026.07.21~e7608b69/version.date
[ ! -d ./src/ ] || cp -fpR ./src/. /home/jackie/Downloads/Askey_Spectrum_SBE1V1K/build_dir/target-aarch64_cortex-a53_musl/libubox-2026.07.21~e7608b69
touch /home/jackie/Downloads/Askey_Spectrum_SBE1V1K/build_dir/target-aarch64_cortex-a53_musl/libubox-2026.07.21~e7608b69/.prepared_59c4ba88cbdc2f4d91e5b04f8a61615f_6664517399ebbbc92a37c5bb081b5c53
rm -f /home/jackie/Downloads/Askey_Spectrum_SBE1V1K/build_dir/target-aarch64_cortex-a53_musl/libubox-2026.07.21~e7608b69/.configured_*
rm -f /home/jackie/Downloads/Askey_Spectrum_SBE1V1K/staging_dir/target-aarch64_cortex-a53_musl/stamp/.libubox_installed
mkdir -p /home/jackie/Downloads/Askey_Spectrum_SBE1V1K/build_dir/target-aarch64_cortex-a53_musl/libubox-2026.07.21~e7608b69
(cd /home/jackie/Downloads/Askey_Spectrum_SBE1V1K/build_dir/target-aarch64_cortex-a53_musl/libubox-2026.07.21~e7608b69; CFLAGS="-O2 -pipe -mcpu=cortex-a73 -fno-caller-saves -fno-plt -fhonour-copts -fmacro-prefix-map=/home/jackie/Downloads/Askey_Spectrum_SBE1V1K/build_dir/target-aarch64_cortex-a53_musl/libubox-2026.07.21~e7608b69=libubox-2026.07.21~e7608b69 -Wl,-z,max-page-size=4096 -Wformat -Werror=format-security -fstack-protector -D_FORTIFY_SOURCE=1 -Wl,-z,now -Wl,-z,relro -Wl,-z,pack-relative-relocs -I/home/jackie/Downloads/Askey_Spectrum_SBE1V1K/staging_dir/target-aarch64_cortex-a53_musl/usr/include  -I/home/jackie/Downloads/Askey_Spectrum_SBE1V1K/staging_dir/toolchain-aarch64_cortex-a53_gcc-14.4.0_musl/usr/include -I/home/jackie/Downloads/Askey_Spectrum_SBE1V1K/staging_dir/toolchain-aarch64_cortex-a53_gcc-14.4.0_musl/include -I/home/jackie/Downloads/Askey_Spectrum_SBE1V1K/staging_dir/toolchain-aarch64_cortex-a53_gcc-14.4.0_musl/include/fortify " CXXFLAGS="-O2 -pipe -mcpu=cortex-a73 -fno-caller-saves -fno-plt -fhonour-copts -fmacro-prefix-map=/home/jackie/Downloads/Askey_Spectrum_SBE1V1K/build_dir/target-aarch64_cortex-a53_musl/libubox-2026.07.21~e7608b69=libubox-2026.07.21~e7608b69 -Wl,-z,max-page-size=4096 -Wformat -Werror=format-security -fstack-protector -D_FORTIFY_SOURCE=1 -Wl,-z,now -Wl,-z,relro -Wl,-z,pack-relative-relocs -I/home/jackie/Downloads/Askey_Spectrum_SBE1V1K/staging_dir/target-aarch64_cortex-a53_musl/usr/include  -I/home/jackie/Downloads/Askey_Spectrum_SBE1V1K/staging_dir/toolchain-aarch64_cortex-a53_gcc-14.4.0_musl/usr/include -I/home/jackie/Downloads/Askey_Spectrum_SBE1V1K/staging_dir/toolchain-aarch64_cortex-a53_gcc-14.4.0_musl/include -I/home/jackie/Downloads/Askey_Spectrum_SBE1V1K/staging_dir/toolchain-aarch64_cortex-a53_gcc-14.4.0_musl/include/fortify " LDFLAGS="-L/home/jackie/Downloads/Askey_Spectrum_SBE1V1K/staging_dir/toolchain-aarch64_cortex-a53_gcc-14.4.0_musl/usr/lib -L/home/jackie/Downloads/Askey_Spectrum_SBE1V1K/staging_dir/toolchain-aarch64_cortex-a53_gcc-14.4.0_musl/lib -fuse-ld=bfd -zmax-page-size=4096 -znow -zrelro -zpack-relative-relocs " cmake --no-warn-unused-cli -DCMAKE_SYSTEM_NAME=Linux -DCMAKE_SYSTEM_VERSION=1 -DCMAKE_SYSTEM_PROCESSOR=aarch64 -DCMAKE_BUILD_TYPE=Release -DCMAKE_C_FLAGS_RELEASE="-DNDEBUG" -DCMAKE_CXX_FLAGS_RELEASE="-DNDEBUG" -DCMAKE_C_COMPILER_LAUNCHER="" -DCMAKE_C_COMPILER="/home/jackie/Downloads/Askey_Spectrum_SBE1V1K/staging_dir/toolchain-aarch64_cortex-a53_gcc-14.4.0_musl/bin/aarch64-openwrt-linux-musl-gcc" -DCMAKE_CXX_COMPILER_LAUNCHER="" -DCMAKE_CXX_COMPILER="/home/jackie/Downloads/Askey_Spectrum_SBE1V1K/staging_dir/toolchain-aarch64_cortex-a53_gcc-14.4.0_musl/bin/aarch64-openwrt-linux-musl-g++" -DCMAKE_ASM_COMPILER_LAUNCHER="" -DCMAKE_ASM_COMPILER="/home/jackie/Downloads/Askey_Spectrum_SBE1V1K/staging_dir/toolchain-aarch64_cortex-a53_gcc-14.4.0_musl/bin/aarch64-openwrt-linux-musl-gcc" -DCMAKE_EXE_LINKER_FLAGS:STRING="-L/home/jackie/Downloads/Askey_Spectrum_SBE1V1K/staging_dir/toolchain-aarch64_cortex-a53_gcc-14.4.0_musl/usr/lib -L/home/jackie/Downloads/Askey_Spectrum_SBE1V1K/staging_dir/toolchain-aarch64_cortex-a53_gcc-14.4.0_musl/lib -fuse-ld=bfd -zmax-page-size=4096 -znow -zrelro -zpack-relative-relocs" -DCMAKE_MODULE_LINKER_FLAGS:STRING="-L/home/jackie/Downloads/Askey_Spectrum_SBE1V1K/staging_dir/toolchain-aarch64_cortex-a53_gcc-14.4.0_musl/usr/lib -L/home/jackie/Downloads/Askey_Spectrum_SBE1V1K/staging_dir/toolchain-aarch64_cortex-a53_gcc-14.4.0_musl/lib -fuse-ld=bfd -zmax-page-size=4096 -znow -zrelro -zpack-relative-relocs -Wl,-Bsymbolic-functions" -DCMAKE_SHARED_LINKER_FLAGS:STRING="-L/home/jackie/Downloads/Askey_Spectrum_SBE1V1K/staging_dir/toolchain-aarch64_cortex-a53_gcc-14.4.0_musl/usr/lib -L/home/jackie/Downloads/Askey_Spectrum_SBE1V1K/staging_dir/toolchain-aarch64_cortex-a53_gcc-14.4.0_musl/lib -fuse-ld=bfd -zmax-page-size=4096 -znow -zrelro -zpack-relative-relocs -Wl,-Bsymbolic-functions" -DCMAKE_AR="/home/jackie/Downloads/Askey_Spectrum_SBE1V1K/staging_dir/toolchain-aarch64_cortex-a53_gcc-14.4.0_musl/bin/aarch64-openwrt-linux-musl-gcc-ar" -DCMAKE_NM="/home/jackie/Downloads/Askey_Spectrum_SBE1V1K/staging_dir/toolchain-aarch64_cortex-a53_gcc-14.4.0_musl/bin/aarch64-openwrt-linux-musl-gcc-nm" -DCMAKE_RANLIB="/home/jackie/Downloads/Askey_Spectrum_SBE1V1K/staging_dir/toolchain-aarch64_cortex-a53_gcc-14.4.0_musl/bin/aarch64-openwrt-linux-musl-gcc-ranlib" -DCMAKE_FIND_ROOT_PATH="/home/jackie/Downloads/Askey_Spectrum_SBE1V1K/staging_dir/target-aarch64_cortex-a53_musl/usr;/home/jackie/Downloads/Askey_Spectrum_SBE1V1K/staging_dir/toolchain-aarch64_cortex-a53_gcc-14.4.0_musl" -DCMAKE_FIND_ROOT_PATH_MODE_PROGRAM=NEVER -DCMAKE_FIND_ROOT_PATH_MODE_LIBRARY=ONLY -DCMAKE_FIND_ROOT_PATH_MODE_INCLUDE=ONLY -DCMAKE_STRIP=: -DCMAKE_INSTALL_PREFIX=/usr -DDL_LIBRARY=/home/jackie/Downloads/Askey_Spectrum_SBE1V1K/staging_dir/target-aarch64_cortex-a53_musl -DCMAKE_PREFIX_PATH=/home/jackie/Downloads/Askey_Spectrum_SBE1V1K/staging_dir/target-aarch64_cortex-a53_musl -DCMAKE_SKIP_RPATH=TRUE -DCMAKE_EXPORT_PACKAGE_REGISTRY=FALSE -DCMAKE_EXPORT_NO_PACKAGE_REGISTRY=TRUE -DCMAKE_FIND_USE_PACKAGE_REGISTRY=FALSE -DCMAKE_FIND_PACKAGE_NO_PACKAGE_REGISTRY=TRUE -DCMAKE_FIND_USE_SYSTEM_PACKAGE_REGISTRY=FALSE -DCMAKE_FIND_PACKAGE_NO_SYSTEM_PACKAGE_REGISTRY=TRUE -DCMAKE_GENERATOR="Ninja" -DLUAPATH=/usr/lib/lua -DABIVERSION="20260721" /home/jackie/Downloads/Askey_Spectrum_SBE1V1K/build_dir/target-aarch64_cortex-a53_musl/libubox-2026.07.21~e7608b69 )
The --no-warn-unused-cli option is deprecated.  Use -Wno-unused-cli instead.
-- The C compiler identification is GNU 14.4.0
-- Detecting C compiler ABI info
-- Detecting C compiler ABI info - done
-- Check for working C compiler: /home/jackie/Downloads/Askey_Spectrum_SBE1V1K/staging_dir/toolchain-aarch64_cortex-a53_gcc-14.4.0_musl/bin/aarch64-openwrt-linux-musl-gcc - skipped
-- Detecting C compile features
-- Detecting C compile features - done
-- Found PkgConfig: /home/jackie/Downloads/Askey_Spectrum_SBE1V1K/staging_dir/host/bin/pkg-config (found version "2.5.1")
-- Checking for one of the modules 'json-c'
-- Looking for clock_gettime
-- Looking for clock_gettime - found
-- Looking for shm_open
-- Looking for shm_open - found
-- Checking for one of the modules 'lua5.1;lua-5.1'
-- Configuring done (0.3s)
-- Generating done (0.0s)
-- Build files have been written to: /home/jackie/Downloads/Askey_Spectrum_SBE1V1K/build_dir/target-aarch64_cortex-a53_musl/libubox-2026.07.21~e7608b69
touch /home/jackie/Downloads/Askey_Spectrum_SBE1V1K/build_dir/target-aarch64_cortex-a53_musl/libubox-2026.07.21~e7608b69/.configured_68b329da9893e34099c7d8ad5cb9c940
rm -f /home/jackie/Downloads/Askey_Spectrum_SBE1V1K/build_dir/target-aarch64_cortex-a53_musl/libubox-2026.07.21~e7608b69/.built
touch /home/jackie/Downloads/Askey_Spectrum_SBE1V1K/build_dir/target-aarch64_cortex-a53_musl/libubox-2026.07.21~e7608b69/.built_check
MAKEFLAGS="" /home/jackie/Downloads/Askey_Spectrum_SBE1V1K/staging_dir/host/bin/ninja  -j1 -C /home/jackie/Downloads/Askey_Spectrum_SBE1V1K/build_dir/target-aarch64_cortex-a53_musl/libubox-2026.07.21~e7608b69 
ninja: Entering directory `/home/jackie/Downloads/Askey_Spectrum_SBE1V1K/build_dir/target-aarch64_cortex-a53_musl/libubox-2026.07.21~e7608b69'
[1/55] Building C object CMakeFiles/ubox.dir/avl.c.o
[2/55] Building C object CMakeFiles/ubox.dir/avl-cmp.c.o
[3/55] Building C object CMakeFiles/ubox.dir/blob.c.o
[4/55] Building C object CMakeFiles/ubox.dir/blobmsg.c.o
[5/55] Building C object CMakeFiles/ubox.dir/uloop.c.o
[6/55] Building C object CMakeFiles/ubox.dir/usock.c.o
[7/55] Building C object CMakeFiles/ubox.dir/ustream.c.o
[8/55] Building C object CMakeFiles/ubox.dir/ustream-fd.c.o
[9/55] Building C object CMakeFiles/ubox.dir/vlist.c.o
[10/55] Building C object CMakeFiles/ubox.dir/utils.c.o
[11/55] Building C object CMakeFiles/ubox.dir/safe_list.c.o
[12/55] Building C object CMakeFiles/ubox.dir/runqueue.c.o
[13/55] Building C object CMakeFiles/ubox.dir/md5.c.o
[14/55] Building C object CMakeFiles/ubox.dir/kvlist.c.o
[15/55] Building C object CMakeFiles/ubox.dir/ulog.c.o
[16/55] Building C object CMakeFiles/ubox.dir/base64.c.o
[17/55] Building C object CMakeFiles/ubox.dir/udebug.c.o
[18/55] Building C object CMakeFiles/ubox.dir/udebug-remote.c.o
[19/55] Linking C shared library libubox.so.20260721
[20/55] Creating library symlink libubox.so
[21/55] Building C object CMakeFiles/blobmsg_json.dir/blobmsg_json.c.o
[22/55] Building C object CMakeFiles/json_script.dir/json_script.c.o
[23/55] Linking C shared library libblobmsg_json.so.20260721
[24/55] Linking C shared library libjson_script.so.20260721
[25/55] Building C object CMakeFiles/ubox-static.dir/avl.c.o
[26/55] Building C object CMakeFiles/ubox-static.dir/avl-cmp.c.o
[27/55] Building C object CMakeFiles/ubox-static.dir/blob.c.o
[28/55] Building C object CMakeFiles/ubox-static.dir/blobmsg.c.o
[29/55] Building C object CMakeFiles/ubox-static.dir/uloop.c.o
[30/55] Building C object CMakeFiles/ubox-static.dir/usock.c.o
[31/55] Building C object CMakeFiles/ubox-static.dir/ustream.c.o
[32/55] Building C object CMakeFiles/ubox-static.dir/ustream-fd.c.o
[33/55] Building C object CMakeFiles/ubox-static.dir/vlist.c.o
[34/55] Building C object CMakeFiles/ubox-static.dir/utils.c.o
[35/55] Building C object CMakeFiles/ubox-static.dir/safe_list.c.o
[36/55] Building C object CMakeFiles/ubox-static.dir/runqueue.c.o
[37/55] Building C object CMakeFiles/ubox-static.dir/md5.c.o
[38/55] Building C object CMakeFiles/ubox-static.dir/kvlist.c.o
[39/55] Building C object CMakeFiles/ubox-static.dir/ulog.c.o
[40/55] Building C object CMakeFiles/ubox-static.dir/base64.c.o
[41/55] Building C object CMakeFiles/ubox-static.dir/udebug.c.o
[42/55] Building C object CMakeFiles/ubox-static.dir/udebug-remote.c.o
[43/55] Creating library symlink libblobmsg_json.so
[44/55] Building C object CMakeFiles/blobmsg_json-static.dir/blobmsg_json.c.o
[45/55] Building C object CMakeFiles/jshn.dir/jshn.c.o
[46/55] Creating library symlink libjson_script.so
[47/55] Building C object lua/CMakeFiles/uloop_lua.dir/uloop.c.o
[48/55] Building C object examples/CMakeFiles/ustream-example.dir/ustream-example.c.o
[49/55] Building C object examples/CMakeFiles/json_script-example.dir/json_script-example.c.o
[50/55] Linking C static library libubox.a
[51/55] Linking C static library libblobmsg_json.a
[52/55] Linking C executable jshn
[53/55] Linking C shared module lua/uloop.so
[54/55] Linking C executable examples/ustream-example
[55/55] Linking C executable examples/json_script-example
DESTDIR="/home/jackie/Downloads/Askey_Spectrum_SBE1V1K/build_dir/target-aarch64_cortex-a53_musl/libubox-2026.07.21~e7608b69/ipkg-install" MAKEFLAGS="" /home/jackie/Downloads/Askey_Spectrum_SBE1V1K/staging_dir/host/bin/ninja  -j1 -C /home/jackie/Downloads/Askey_Spectrum_SBE1V1K/build_dir/target-aarch64_cortex-a53_musl/libubox-2026.07.21~e7608b69 install
ninja: Entering directory `/home/jackie/Downloads/Askey_Spectrum_SBE1V1K/build_dir/target-aarch64_cortex-a53_musl/libubox-2026.07.21~e7608b69'
[0/1] Install the project...
-- Install configuration: "Release"
-- Installing: /home/jackie/Downloads/Askey_Spectrum_SBE1V1K/build_dir/target-aarch64_cortex-a53_musl/libubox-2026.07.21~e7608b69/ipkg-install/usr/include/libubox/assert.h
-- Installing: /home/jackie/Downloads/Askey_Spectrum_SBE1V1K/build_dir/target-aarch64_cortex-a53_musl/libubox-2026.07.21~e7608b69/ipkg-install/usr/include/libubox/avl-cmp.h
-- Installing: /home/jackie/Downloads/Askey_Spectrum_SBE1V1K/build_dir/target-aarch64_cortex-a53_musl/libubox-2026.07.21~e7608b69/ipkg-install/usr/include/libubox/avl.h
-- Installing: /home/jackie/Downloads/Askey_Spectrum_SBE1V1K/build_dir/target-aarch64_cortex-a53_musl/libubox-2026.07.21~e7608b69/ipkg-install/usr/include/libubox/blob.h
-- Installing: /home/jackie/Downloads/Askey_Spectrum_SBE1V1K/build_dir/target-aarch64_cortex-a53_musl/libubox-2026.07.21~e7608b69/ipkg-install/usr/include/libubox/blobmsg.h
-- Installing: /home/jackie/Downloads/Askey_Spectrum_SBE1V1K/build_dir/target-aarch64_cortex-a53_musl/libubox-2026.07.21~e7608b69/ipkg-install/usr/include/libubox/blobmsg_json.h
-- Installing: /home/jackie/Downloads/Askey_Spectrum_SBE1V1K/build_dir/target-aarch64_cortex-a53_musl/libubox-2026.07.21~e7608b69/ipkg-install/usr/include/libubox/json_script.h
-- Installing: /home/jackie/Downloads/Askey_Spectrum_SBE1V1K/build_dir/target-aarch64_cortex-a53_musl/libubox-2026.07.21~e7608b69/ipkg-install/usr/include/libubox/kvlist.h
-- Installing: /home/jackie/Downloads/Askey_Spectrum_SBE1V1K/build_dir/target-aarch64_cortex-a53_musl/libubox-2026.07.21~e7608b69/ipkg-install/usr/include/libubox/list.h
-- Installing: /home/jackie/Downloads/Askey_Spectrum_SBE1V1K/build_dir/target-aarch64_cortex-a53_musl/libubox-2026.07.21~e7608b69/ipkg-install/usr/include/libubox/md5.h
-- Installing: /home/jackie/Downloads/Askey_Spectrum_SBE1V1K/build_dir/target-aarch64_cortex-a53_musl/libubox-2026.07.21~e7608b69/ipkg-install/usr/include/libubox/runqueue.h
-- Installing: /home/jackie/Downloads/Askey_Spectrum_SBE1V1K/build_dir/target-aarch64_cortex-a53_musl/libubox-2026.07.21~e7608b69/ipkg-install/usr/include/libubox/safe_list.h
-- Installing: /home/jackie/Downloads/Askey_Spectrum_SBE1V1K/build_dir/target-aarch64_cortex-a53_musl/libubox-2026.07.21~e7608b69/ipkg-install/usr/include/libubox/udebug-proto.h
-- Installing: /home/jackie/Downloads/Askey_Spectrum_SBE1V1K/build_dir/target-aarch64_cortex-a53_musl/libubox-2026.07.21~e7608b69/ipkg-install/usr/include/libubox/udebug.h
-- Installing: /home/jackie/Downloads/Askey_Spectrum_SBE1V1K/build_dir/target-aarch64_cortex-a53_musl/libubox-2026.07.21~e7608b69/ipkg-install/usr/include/libubox/ulog.h
-- Installing: /home/jackie/Downloads/Askey_Spectrum_SBE1V1K/build_dir/target-aarch64_cortex-a53_musl/libubox-2026.07.21~e7608b69/ipkg-install/usr/include/libubox/uloop.h
-- Installing: /home/jackie/Downloads/Askey_Spectrum_SBE1V1K/build_dir/target-aarch64_cortex-a53_musl/libubox-2026.07.21~e7608b69/ipkg-install/usr/include/libubox/usock.h
-- Installing: /home/jackie/Downloads/Askey_Spectrum_SBE1V1K/build_dir/target-aarch64_cortex-a53_musl/libubox-2026.07.21~e7608b69/ipkg-install/usr/include/libubox/ustream.h
-- Installing: /home/jackie/Downloads/Askey_Spectrum_SBE1V1K/build_dir/target-aarch64_cortex-a53_musl/libubox-2026.07.21~e7608b69/ipkg-install/usr/include/libubox/utils.h
-- Installing: /home/jackie/Downloads/Askey_Spectrum_SBE1V1K/build_dir/target-aarch64_cortex-a53_musl/libubox-2026.07.21~e7608b69/ipkg-install/usr/include/libubox/vlist.h
-- Installing: /home/jackie/Downloads/Askey_Spectrum_SBE1V1K/build_dir/target-aarch64_cortex-a53_musl/libubox-2026.07.21~e7608b69/ipkg-install/usr/lib/libubox.so.20260721
-- Installing: /home/jackie/Downloads/Askey_Spectrum_SBE1V1K/build_dir/target-aarch64_cortex-a53_musl/libubox-2026.07.21~e7608b69/ipkg-install/usr/lib/libubox.so
-- Installing: /home/jackie/Downloads/Askey_Spectrum_SBE1V1K/build_dir/target-aarch64_cortex-a53_musl/libubox-2026.07.21~e7608b69/ipkg-install/usr/lib/libubox.a
-- Installing: /home/jackie/Downloads/Askey_Spectrum_SBE1V1K/build_dir/target-aarch64_cortex-a53_musl/libubox-2026.07.21~e7608b69/ipkg-install/usr/lib/libblobmsg_json.so.20260721
-- Installing: /home/jackie/Downloads/Askey_Spectrum_SBE1V1K/build_dir/target-aarch64_cortex-a53_musl/libubox-2026.07.21~e7608b69/ipkg-install/usr/lib/libblobmsg_json.so
-- Installing: /home/jackie/Downloads/Askey_Spectrum_SBE1V1K/build_dir/target-aarch64_cortex-a53_musl/libubox-2026.07.21~e7608b69/ipkg-install/usr/lib/libblobmsg_json.a
-- Installing: /home/jackie/Downloads/Askey_Spectrum_SBE1V1K/build_dir/target-aarch64_cortex-a53_musl/libubox-2026.07.21~e7608b69/ipkg-install/usr/bin/jshn
-- Installing: /home/jackie/Downloads/Askey_Spectrum_SBE1V1K/build_dir/target-aarch64_cortex-a53_musl/libubox-2026.07.21~e7608b69/ipkg-install/usr/lib/libjson_script.so.20260721
-- Installing: /home/jackie/Downloads/Askey_Spectrum_SBE1V1K/build_dir/target-aarch64_cortex-a53_musl/libubox-2026.07.21~e7608b69/ipkg-install/usr/lib/libjson_script.so
-- Installing: /home/jackie/Downloads/Askey_Spectrum_SBE1V1K/build_dir/target-aarch64_cortex-a53_musl/libubox-2026.07.21~e7608b69/ipkg-install/usr/share/libubox/jshn.sh
-- Installing: /home/jackie/Downloads/Askey_Spectrum_SBE1V1K/build_dir/target-aarch64_cortex-a53_musl/libubox-2026.07.21~e7608b69/ipkg-install/usr/lib/lua/uloop.so
touch /home/jackie/Downloads/Askey_Spectrum_SBE1V1K/build_dir/target-aarch64_cortex-a53_musl/libubox-2026.07.21~e7608b69/.built
rm -rf /home/jackie/Downloads/Askey_Spectrum_SBE1V1K/build_dir/target-aarch64_cortex-a53_musl/libubox-2026.07.21~e7608b69/ipkg-aarch64_cortex-a53/libubox
mkdir -p /home/jackie/Downloads/Askey_Spectrum_SBE1V1K/bin/targets/qualcommbe/ipq95xx/packages /home/jackie/Downloads/Askey_Spectrum_SBE1V1K/build_dir/target-aarch64_cortex-a53_musl/libubox-2026.07.21~e7608b69/ipkg-aarch64_cortex-a53/libubox /home/jackie/Downloads/Askey_Spectrum_SBE1V1K/staging_dir/target-aarch64_cortex-a53_musl/pkginfo
install -d -m0755 /home/jackie/Downloads/Askey_Spectrum_SBE1V1K/build_dir/target-aarch64_cortex-a53_musl/libubox-2026.07.21~e7608b69/ipkg-aarch64_cortex-a53/libubox/lib/
install -m0644 /home/jackie/Downloads/Askey_Spectrum_SBE1V1K/build_dir/target-aarch64_cortex-a53_musl/libubox-2026.07.21~e7608b69/ipkg-install/usr/lib/libubox.so.* /home/jackie/Downloads/Askey_Spectrum_SBE1V1K/build_dir/target-aarch64_cortex-a53_musl/libubox-2026.07.21~e7608b69/ipkg-aarch64_cortex-a53/libubox/lib/
find /home/jackie/Downloads/Askey_Spectrum_SBE1V1K/build_dir/target-aarch64_cortex-a53_musl/libubox-2026.07.21~e7608b69/ipkg-aarch64_cortex-a53/libubox -name '.svn' -o -name '.#*' -o -name '*~'| xargs -r rm -rf
export CROSS="aarch64-openwrt-linux-musl-"  NO_RENAME=1 ; NM="aarch64-openwrt-linux-musl-nm" STRIP="/home/jackie/Downloads/Askey_Spectrum_SBE1V1K/staging_dir/host/bin/sstrip -z" STRIP_KMOD="/home/jackie/Downloads/Askey_Spectrum_SBE1V1K/scripts/strip-kmod.sh" PATCHELF="/home/jackie/Downloads/Askey_Spectrum_SBE1V1K/staging_dir/host/bin/patchelf" /home/jackie/Downloads/Askey_Spectrum_SBE1V1K/scripts/rstrip.sh /home/jackie/Downloads/Askey_Spectrum_SBE1V1K/build_dir/target-aarch64_cortex-a53_musl/libubox-2026.07.21~e7608b69/ipkg-aarch64_cortex-a53/libubox
rstrip.sh: /home/jackie/Downloads/Askey_Spectrum_SBE1V1K/build_dir/target-aarch64_cortex-a53_musl/libubox-2026.07.21~e7608b69/ipkg-aarch64_cortex-a53/libubox/lib/libubox.so.20260721: shared object
install -d -m0755 /home/jackie/Downloads/Askey_Spectrum_SBE1V1K/bin/packages/aarch64_cortex-a53/base
mkdir -p /home/jackie/Downloads/Askey_Spectrum_SBE1V1K/build_dir/target-aarch64_cortex-a53_musl/libubox-2026.07.21~e7608b69/apk-aarch64_cortex-a53/libubox/
mkdir -p /home/jackie/Downloads/Askey_Spectrum_SBE1V1K/build_dir/target-aarch64_cortex-a53_musl/libubox-2026.07.21~e7608b69/ipkg-aarch64_cortex-a53/libubox/lib/apk/packages/
(cd /home/jackie/Downloads/Askey_Spectrum_SBE1V1K/build_dir/target-aarch64_cortex-a53_musl/libubox-2026.07.21~e7608b69/apk-aarch64_cortex-a53/libubox; )
( echo "#!/bin/sh"; echo "[ \"\${IPKG_NO_SCRIPT}\" = \"1\" ] && exit 0"; echo "[ -s "\${IPKG_INSTROOT}/lib/functions.sh" ] || exit 0"; echo ". \${IPKG_INSTROOT}/lib/functions.sh"; echo 'export root="${IPKG_INSTROOT}"'; echo 'export pkgname="libubox20260721"'; echo "add_group_and_user"; echo "default_postinst"; [ ! -f /home/jackie/Downloads/Askey_Spectrum_SBE1V1K/build_dir/target-aarch64_cortex-a53_musl/libubox-2026.07.21~e7608b69/apk-aarch64_cortex-a53/libubox/postinst-pkg ] || sed '/^\s*#!/d' "/home/jackie/Downloads/Askey_Spectrum_SBE1V1K/build_dir/target-aarch64_cortex-a53_musl/libubox-2026.07.21~e7608b69/apk-aarch64_cortex-a53/libubox/postinst-pkg"; ) > /home/jackie/Downloads/Askey_Spectrum_SBE1V1K/build_dir/target-aarch64_cortex-a53_musl/libubox-2026.07.21~e7608b69/apk-aarch64_cortex-a53/libubox/post-install;
( echo "#!/bin/sh"; echo 'export PKG_UPGRADE=1'; [ ! -f /home/jackie/Downloads/Askey_Spectrum_SBE1V1K/build_dir/target-aarch64_cortex-a53_musl/libubox-2026.07.21~e7608b69/apk-aarch64_cortex-a53/libubox/post-install ] || sed '/^\s*#!/d' "/home/jackie/Downloads/Askey_Spectrum_SBE1V1K/build_dir/target-aarch64_cortex-a53_musl/libubox-2026.07.21~e7608b69/apk-aarch64_cortex-a53/libubox/post-install"; ) > /home/jackie/Downloads/Askey_Spectrum_SBE1V1K/build_dir/target-aarch64_cortex-a53_musl/libubox-2026.07.21~e7608b69/apk-aarch64_cortex-a53/libubox/post-upgrade;
( echo "#!/bin/sh"; echo "[ -s "\${IPKG_INSTROOT}/lib/functions.sh" ] || exit 0"; echo ". \${IPKG_INSTROOT}/lib/functions.sh"; echo 'export root="${IPKG_INSTROOT}"'; echo 'export pkgname="libubox20260721"'; echo "default_prerm"; [ ! -f /home/jackie/Downloads/Askey_Spectrum_SBE1V1K/build_dir/target-aarch64_cortex-a53_musl/libubox-2026.07.21~e7608b69/apk-aarch64_cortex-a53/libubox/prerm-pkg ] || sed '/^\s*#!/d' "/home/jackie/Downloads/Askey_Spectrum_SBE1V1K/build_dir/target-aarch64_cortex-a53_musl/libubox-2026.07.21~e7608b69/apk-aarch64_cortex-a53/libubox/prerm-pkg"; ) > /home/jackie/Downloads/Askey_Spectrum_SBE1V1K/build_dir/target-aarch64_cortex-a53_musl/libubox-2026.07.21~e7608b69/apk-aarch64_cortex-a53/libubox/pre-deinstall;
[ ! -f /home/jackie/Downloads/Askey_Spectrum_SBE1V1K/build_dir/target-aarch64_cortex-a53_musl/libubox-2026.07.21~e7608b69/apk-aarch64_cortex-a53/libubox/postrm ] || sed -zi 's/^\s*#!/#!/' "/home/jackie/Downloads/Askey_Spectrum_SBE1V1K/build_dir/target-aarch64_cortex-a53_musl/libubox-2026.07.21~e7608b69/apk-aarch64_cortex-a53/libubox/postrm";
if [ -n "" ]; then echo  > /home/jackie/Downloads/Askey_Spectrum_SBE1V1K/build_dir/target-aarch64_cortex-a53_musl/libubox-2026.07.21~e7608b69/ipkg-aarch64_cortex-a53/libubox/lib/apk/packages/libubox20260721.rusers; fi;
if [ -n "" ]; then echo  > /home/jackie/Downloads/Askey_Spectrum_SBE1V1K/build_dir/target-aarch64_cortex-a53_musl/libubox-2026.07.21~e7608b69/ipkg-aarch64_cortex-a53/libubox/lib/apk/packages/libubox20260721.alternatives; fi;
(cd /home/jackie/Downloads/Askey_Spectrum_SBE1V1K/build_dir/target-aarch64_cortex-a53_musl/libubox-2026.07.21~e7608b69/ipkg-aarch64_cortex-a53/libubox && find . -type f,l -printf "/%P\n" | sort > /home/jackie/Downloads/Askey_Spectrum_SBE1V1K/tmp/libubox.list && mv /home/jackie/Downloads/Askey_Spectrum_SBE1V1K/tmp/libubox.list /home/jackie/Downloads/Askey_Spectrum_SBE1V1K/build_dir/target-aarch64_cortex-a53_musl/libubox-2026.07.21~e7608b69/ipkg-aarch64_cortex-a53/libubox/lib/apk/packages/libubox20260721.list)
# Move conffiles to IDIR and build conffiles_static with csums
if [ -f /home/jackie/Downloads/Askey_Spectrum_SBE1V1K/build_dir/target-aarch64_cortex-a53_musl/libubox-2026.07.21~e7608b69/apk-aarch64_cortex-a53/libubox/conffiles ]; then mv -f /home/jackie/Downloads/Askey_Spectrum_SBE1V1K/build_dir/target-aarch64_cortex-a53_musl/libubox-2026.07.21~e7608b69/apk-aarch64_cortex-a53/libubox/conffiles /home/jackie/Downloads/Askey_Spectrum_SBE1V1K/build_dir/target-aarch64_cortex-a53_musl/libubox-2026.07.21~e7608b69/ipkg-aarch64_cortex-a53/libubox/lib/apk/packages/libubox20260721.conffiles; for file in $(cat /home/jackie/Downloads/Askey_Spectrum_SBE1V1K/build_dir/target-aarch64_cortex-a53_musl/libubox-2026.07.21~e7608b69/ipkg-aarch64_cortex-a53/libubox/lib/apk/packages/libubox20260721.conffiles); do [ -f /home/jackie/Downloads/Askey_Spectrum_SBE1V1K/build_dir/target-aarch64_cortex-a53_musl/libubox-2026.07.21~e7608b69/ipkg-aarch64_cortex-a53/libubox/$file ] || continue; csum=$(/home/jackie/Downloads/Askey_Spectrum_SBE1V1K/staging_dir/host/bin/mkhash sha256 /home/jackie/Downloads/Askey_Spectrum_SBE1V1K/build_dir/target-aarch64_cortex-a53_musl/libubox-2026.07.21~e7608b69/ipkg-aarch64_cortex-a53/libubox/$file); echo $file $csum >> /home/jackie/Downloads/Askey_Spectrum_SBE1V1K/build_dir/target-aarch64_cortex-a53_musl/libubox-2026.07.21~e7608b69/ipkg-aarch64_cortex-a53/libubox/lib/apk/packages/libubox20260721.conffiles_static; done; fi
# Some package (base-files) manually append stuff to conffiles
# Append stuff from it and delete the CONTROL directory since everything else should be migrated
if [ -f /home/jackie/Downloads/Askey_Spectrum_SBE1V1K/build_dir/target-aarch64_cortex-a53_musl/libubox-2026.07.21~e7608b69/ipkg-aarch64_cortex-a53/libubox/CONTROL/conffiles ]; then echo $(IDIR_libubox)/CONTROL/conffiles >> /home/jackie/Downloads/Askey_Spectrum_SBE1V1K/build_dir/target-aarch64_cortex-a53_musl/libubox-2026.07.21~e7608b69/ipkg-aarch64_cortex-a53/libubox/lib/apk/packages/libubox20260721.conffiles; for file in $(cat /home/jackie/Downloads/Askey_Spectrum_SBE1V1K/build_dir/target-aarch64_cortex-a53_musl/libubox-2026.07.21~e7608b69/ipkg-aarch64_cortex-a53/libubox/CONTROL/conffiles); do [ -f /home/jackie/Downloads/Askey_Spectrum_SBE1V1K/build_dir/target-aarch64_cortex-a53_musl/libubox-2026.07.21~e7608b69/ipkg-aarch64_cortex-a53/libubox/$file ] || continue; csum=$(/home/jackie/Downloads/Askey_Spectrum_SBE1V1K/staging_dir/host/bin/mkhash sha256 /home/jackie/Downloads/Askey_Spectrum_SBE1V1K/build_dir/target-aarch64_cortex-a53_musl/libubox-2026.07.21~e7608b69/ipkg-aarch64_cortex-a53/libubox/$file); echo $file $csum >> /home/jackie/Downloads/Askey_Spectrum_SBE1V1K/build_dir/target-aarch64_cortex-a53_musl/libubox-2026.07.21~e7608b69/ipkg-aarch64_cortex-a53/libubox/lib/apk/packages/libubox20260721.conffiles_static; done; rm -rf /home/jackie/Downloads/Askey_Spectrum_SBE1V1K/build_dir/target-aarch64_cortex-a53_musl/libubox-2026.07.21~e7608b69/ipkg-aarch64_cortex-a53/libubox/CONTROL/conffiles; fi
if [ -z "$(ls -A /home/jackie/Downloads/Askey_Spectrum_SBE1V1K/build_dir/target-aarch64_cortex-a53_musl/libubox-2026.07.21~e7608b69/ipkg-aarch64_cortex-a53/libubox/CONTROL 2>/dev/null)" ]; then rm -rf /home/jackie/Downloads/Askey_Spectrum_SBE1V1K/build_dir/target-aarch64_cortex-a53_musl/libubox-2026.07.21~e7608b69/ipkg-aarch64_cortex-a53/libubox/CONTROL; else echo "CONTROL directory /home/jackie/Downloads/Askey_Spectrum_SBE1V1K/build_dir/target-aarch64_cortex-a53_musl/libubox-2026.07.21~e7608b69/ipkg-aarch64_cortex-a53/libubox/CONTROL is not empty! This is not right and should be checked!" >&2; exit 1; fi
SOURCE_DATE_EPOCH=0 /home/jackie/Downloads/Askey_Spectrum_SBE1V1K/staging_dir/host/bin/fakeroot /home/jackie/Downloads/Askey_Spectrum_SBE1V1K/staging_dir/host/bin/apk mkpkg --info "name:libubox20260721" --info "version:2026.07.21~e7608b69-r1" --info "tags:openwrt:abiversion=20260721 openwrt:section=libs" --info "description:Basic utility library" --info "arch:aarch64_cortex-a53" --info "license:ISC" --info "origin:feeds/base/libs/libubox" --info "url:" --info "maintainer:Felix Fietkau <nbd@nbd.name>" --info "provides:libubox libubox-any" --info "provider-priority:10" --script "post-install:/home/jackie/Downloads/Askey_Spectrum_SBE1V1K/build_dir/target-aarch64_cortex-a53_musl/libubox-2026.07.21~e7608b69/apk-aarch64_cortex-a53/libubox/post-install" --script "post-upgrade:/home/jackie/Downloads/Askey_Spectrum_SBE1V1K/build_dir/target-aarch64_cortex-a53_musl/libubox-2026.07.21~e7608b69/apk-aarch64_cortex-a53/libubox/post-upgrade" --script "pre-deinstall:/home/jackie/Downloads/Askey_Spectrum_SBE1V1K/build_dir/target-aarch64_cortex-a53_musl/libubox-2026.07.21~e7608b69/apk-aarch64_cortex-a53/libubox/pre-deinstall" --info "depends:libc" --files "/home/jackie/Downloads/Askey_Spectrum_SBE1V1K/build_dir/target-aarch64_cortex-a53_musl/libubox-2026.07.21~e7608b69/ipkg-aarch64_cortex-a53/libubox" --sign /home/jackie/Downloads/Askey_Spectrum_SBE1V1K/private-key.pem --output "/home/jackie/Downloads/Askey_Spectrum_SBE1V1K/bin/packages/aarch64_cortex-a53/base/libubox20260721-2026.07.21~e7608b69-r1.apk"
rm -rf /home/jackie/Downloads/Askey_Spectrum_SBE1V1K/build_dir/target-aarch64_cortex-a53_musl/libubox-2026.07.21~e7608b69/ipkg-aarch64_cortex-a53/libblobmsg-json
mkdir -p /home/jackie/Downloads/Askey_Spectrum_SBE1V1K/bin/targets/qualcommbe/ipq95xx/packages /home/jackie/Downloads/Askey_Spectrum_SBE1V1K/build_dir/target-aarch64_cortex-a53_musl/libubox-2026.07.21~e7608b69/ipkg-aarch64_cortex-a53/libblobmsg-json /home/jackie/Downloads/Askey_Spectrum_SBE1V1K/staging_dir/target-aarch64_cortex-a53_musl/pkginfo
install -d -m0755 /home/jackie/Downloads/Askey_Spectrum_SBE1V1K/build_dir/target-aarch64_cortex-a53_musl/libubox-2026.07.21~e7608b69/ipkg-aarch64_cortex-a53/libblobmsg-json/lib/
install -m0644 /home/jackie/Downloads/Askey_Spectrum_SBE1V1K/build_dir/target-aarch64_cortex-a53_musl/libubox-2026.07.21~e7608b69/ipkg-install/usr/lib/libblobmsg_json.so.* /home/jackie/Downloads/Askey_Spectrum_SBE1V1K/build_dir/target-aarch64_cortex-a53_musl/libubox-2026.07.21~e7608b69/ipkg-aarch64_cortex-a53/libblobmsg-json/lib/
find /home/jackie/Downloads/Askey_Spectrum_SBE1V1K/build_dir/target-aarch64_cortex-a53_musl/libubox-2026.07.21~e7608b69/ipkg-aarch64_cortex-a53/libblobmsg-json -name '.svn' -o -name '.#*' -o -name '*~'| xargs -r rm -rf
export CROSS="aarch64-openwrt-linux-musl-"  NO_RENAME=1 ; NM="aarch64-openwrt-linux-musl-nm" STRIP="/home/jackie/Downloads/Askey_Spectrum_SBE1V1K/staging_dir/host/bin/sstrip -z" STRIP_KMOD="/home/jackie/Downloads/Askey_Spectrum_SBE1V1K/scripts/strip-kmod.sh" PATCHELF="/home/jackie/Downloads/Askey_Spectrum_SBE1V1K/staging_dir/host/bin/patchelf" /home/jackie/Downloads/Askey_Spectrum_SBE1V1K/scripts/rstrip.sh /home/jackie/Downloads/Askey_Spectrum_SBE1V1K/build_dir/target-aarch64_cortex-a53_musl/libubox-2026.07.21~e7608b69/ipkg-aarch64_cortex-a53/libblobmsg-json
rstrip.sh: /home/jackie/Downloads/Askey_Spectrum_SBE1V1K/build_dir/target-aarch64_cortex-a53_musl/libubox-2026.07.21~e7608b69/ipkg-aarch64_cortex-a53/libblobmsg-json/lib/libblobmsg_json.so.20260721: shared object
install -d -m0755 /home/jackie/Downloads/Askey_Spectrum_SBE1V1K/bin/packages/aarch64_cortex-a53/base
mkdir -p /home/jackie/Downloads/Askey_Spectrum_SBE1V1K/build_dir/target-aarch64_cortex-a53_musl/libubox-2026.07.21~e7608b69/apk-aarch64_cortex-a53/libblobmsg-json/
mkdir -p /home/jackie/Downloads/Askey_Spectrum_SBE1V1K/build_dir/target-aarch64_cortex-a53_musl/libubox-2026.07.21~e7608b69/ipkg-aarch64_cortex-a53/libblobmsg-json/lib/apk/packages/
(cd /home/jackie/Downloads/Askey_Spectrum_SBE1V1K/build_dir/target-aarch64_cortex-a53_musl/libubox-2026.07.21~e7608b69/apk-aarch64_cortex-a53/libblobmsg-json; )
( echo "#!/bin/sh"; echo "[ \"\${IPKG_NO_SCRIPT}\" = \"1\" ] && exit 0"; echo "[ -s "\${IPKG_INSTROOT}/lib/functions.sh" ] || exit 0"; echo ". \${IPKG_INSTROOT}/lib/functions.sh"; echo 'export root="${IPKG_INSTROOT}"'; echo 'export pkgname="libblobmsg-json20260721"'; echo "add_group_and_user"; echo "default_postinst"; [ ! -f /home/jackie/Downloads/Askey_Spectrum_SBE1V1K/build_dir/target-aarch64_cortex-a53_musl/libubox-2026.07.21~e7608b69/apk-aarch64_cortex-a53/libblobmsg-json/postinst-pkg ] || sed '/^\s*#!/d' "/home/jackie/Downloads/Askey_Spectrum_SBE1V1K/build_dir/target-aarch64_cortex-a53_musl/libubox-2026.07.21~e7608b69/apk-aarch64_cortex-a53/libblobmsg-json/postinst-pkg"; ) > /home/jackie/Downloads/Askey_Spectrum_SBE1V1K/build_dir/target-aarch64_cortex-a53_musl/libubox-2026.07.21~e7608b69/apk-aarch64_cortex-a53/libblobmsg-json/post-install;
( echo "#!/bin/sh"; echo 'export PKG_UPGRADE=1'; [ ! -f /home/jackie/Downloads/Askey_Spectrum_SBE1V1K/build_dir/target-aarch64_cortex-a53_musl/libubox-2026.07.21~e7608b69/apk-aarch64_cortex-a53/libblobmsg-json/post-install ] || sed '/^\s*#!/d' "/home/jackie/Downloads/Askey_Spectrum_SBE1V1K/build_dir/target-aarch64_cortex-a53_musl/libubox-2026.07.21~e7608b69/apk-aarch64_cortex-a53/libblobmsg-json/post-install"; ) > /home/jackie/Downloads/Askey_Spectrum_SBE1V1K/build_dir/target-aarch64_cortex-a53_musl/libubox-2026.07.21~e7608b69/apk-aarch64_cortex-a53/libblobmsg-json/post-upgrade;
( echo "#!/bin/sh"; echo "[ -s "\${IPKG_INSTROOT}/lib/functions.sh" ] || exit 0"; echo ". \${IPKG_INSTROOT}/lib/functions.sh"; echo 'export root="${IPKG_INSTROOT}"'; echo 'export pkgname="libblobmsg-json20260721"'; echo "default_prerm"; [ ! -f /home/jackie/Downloads/Askey_Spectrum_SBE1V1K/build_dir/target-aarch64_cortex-a53_musl/libubox-2026.07.21~e7608b69/apk-aarch64_cortex-a53/libblobmsg-json/prerm-pkg ] || sed '/^\s*#!/d' "/home/jackie/Downloads/Askey_Spectrum_SBE1V1K/build_dir/target-aarch64_cortex-a53_musl/libubox-2026.07.21~e7608b69/apk-aarch64_cortex-a53/libblobmsg-json/prerm-pkg"; ) > /home/jackie/Downloads/Askey_Spectrum_SBE1V1K/build_dir/target-aarch64_cortex-a53_musl/libubox-2026.07.21~e7608b69/apk-aarch64_cortex-a53/libblobmsg-json/pre-deinstall;
[ ! -f /home/jackie/Downloads/Askey_Spectrum_SBE1V1K/build_dir/target-aarch64_cortex-a53_musl/libubox-2026.07.21~e7608b69/apk-aarch64_cortex-a53/libblobmsg-json/postrm ] || sed -zi 's/^\s*#!/#!/' "/home/jackie/Downloads/Askey_Spectrum_SBE1V1K/build_dir/target-aarch64_cortex-a53_musl/libubox-2026.07.21~e7608b69/apk-aarch64_cortex-a53/libblobmsg-json/postrm";
if [ -n "" ]; then echo  > /home/jackie/Downloads/Askey_Spectrum_SBE1V1K/build_dir/target-aarch64_cortex-a53_musl/libubox-2026.07.21~e7608b69/ipkg-aarch64_cortex-a53/libblobmsg-json/lib/apk/packages/libblobmsg-json20260721.rusers; fi;
if [ -n "" ]; then echo  > /home/jackie/Downloads/Askey_Spectrum_SBE1V1K/build_dir/target-aarch64_cortex-a53_musl/libubox-2026.07.21~e7608b69/ipkg-aarch64_cortex-a53/libblobmsg-json/lib/apk/packages/libblobmsg-json20260721.alternatives; fi;
(cd /home/jackie/Downloads/Askey_Spectrum_SBE1V1K/build_dir/target-aarch64_cortex-a53_musl/libubox-2026.07.21~e7608b69/ipkg-aarch64_cortex-a53/libblobmsg-json && find . -type f,l -printf "/%P\n" | sort > /home/jackie/Downloads/Askey_Spectrum_SBE1V1K/tmp/libblobmsg-json.list && mv /home/jackie/Downloads/Askey_Spectrum_SBE1V1K/tmp/libblobmsg-json.list /home/jackie/Downloads/Askey_Spectrum_SBE1V1K/build_dir/target-aarch64_cortex-a53_musl/libubox-2026.07.21~e7608b69/ipkg-aarch64_cortex-a53/libblobmsg-json/lib/apk/packages/libblobmsg-json20260721.list)
# Move conffiles to IDIR and build conffiles_static with csums
if [ -f /home/jackie/Downloads/Askey_Spectrum_SBE1V1K/build_dir/target-aarch64_cortex-a53_musl/libubox-2026.07.21~e7608b69/apk-aarch64_cortex-a53/libblobmsg-json/conffiles ]; then mv -f /home/jackie/Downloads/Askey_Spectrum_SBE1V1K/build_dir/target-aarch64_cortex-a53_musl/libubox-2026.07.21~e7608b69/apk-aarch64_cortex-a53/libblobmsg-json/conffiles /home/jackie/Downloads/Askey_Spectrum_SBE1V1K/build_dir/target-aarch64_cortex-a53_musl/libubox-2026.07.21~e7608b69/ipkg-aarch64_cortex-a53/libblobmsg-json/lib/apk/packages/libblobmsg-json20260721.conffiles; for file in $(cat /home/jackie/Downloads/Askey_Spectrum_SBE1V1K/build_dir/target-aarch64_cortex-a53_musl/libubox-2026.07.21~e7608b69/ipkg-aarch64_cortex-a53/libblobmsg-json/lib/apk/packages/libblobmsg-json20260721.conffiles); do [ -f /home/jackie/Downloads/Askey_Spectrum_SBE1V1K/build_dir/target-aarch64_cortex-a53_musl/libubox-2026.07.21~e7608b69/ipkg-aarch64_cortex-a53/libblobmsg-json/$file ] || continue; csum=$(/home/jackie/Downloads/Askey_Spectrum_SBE1V1K/staging_dir/host/bin/mkhash sha256 /home/jackie/Downloads/Askey_Spectrum_SBE1V1K/build_dir/target-aarch64_cortex-a53_musl/libubox-2026.07.21~e7608b69/ipkg-aarch64_cortex-a53/libblobmsg-json/$file); echo $file $csum >> /home/jackie/Downloads/Askey_Spectrum_SBE1V1K/build_dir/target-aarch64_cortex-a53_musl/libubox-2026.07.21~e7608b69/ipkg-aarch64_cortex-a53/libblobmsg-json/lib/apk/packages/libblobmsg-json20260721.conffiles_static; done; fi
# Some package (base-files) manually append stuff to conffiles
# Append stuff from it and delete the CONTROL directory since everything else should be migrated
if [ -f /home/jackie/Downloads/Askey_Spectrum_SBE1V1K/build_dir/target-aarch64_cortex-a53_musl/libubox-2026.07.21~e7608b69/ipkg-aarch64_cortex-a53/libblobmsg-json/CONTROL/conffiles ]; then echo $(IDIR_libblobmsg-json)/CONTROL/conffiles >> /home/jackie/Downloads/Askey_Spectrum_SBE1V1K/build_dir/target-aarch64_cortex-a53_musl/libubox-2026.07.21~e7608b69/ipkg-aarch64_cortex-a53/libblobmsg-json/lib/apk/packages/libblobmsg-json20260721.conffiles; for file in $(cat /home/jackie/Downloads/Askey_Spectrum_SBE1V1K/build_dir/target-aarch64_cortex-a53_musl/libubox-2026.07.21~e7608b69/ipkg-aarch64_cortex-a53/libblobmsg-json/CONTROL/conffiles); do [ -f /home/jackie/Downloads/Askey_Spectrum_SBE1V1K/build_dir/target-aarch64_cortex-a53_musl/libubox-2026.07.21~e7608b69/ipkg-aarch64_cortex-a53/libblobmsg-json/$file ] || continue; csum=$(/home/jackie/Downloads/Askey_Spectrum_SBE1V1K/staging_dir/host/bin/mkhash sha256 /home/jackie/Downloads/Askey_Spectrum_SBE1V1K/build_dir/target-aarch64_cortex-a53_musl/libubox-2026.07.21~e7608b69/ipkg-aarch64_cortex-a53/libblobmsg-json/$file); echo $file $csum >> /home/jackie/Downloads/Askey_Spectrum_SBE1V1K/build_dir/target-aarch64_cortex-a53_musl/libubox-2026.07.21~e7608b69/ipkg-aarch64_cortex-a53/libblobmsg-json/lib/apk/packages/libblobmsg-json20260721.conffiles_static; done; rm -rf /home/jackie/Downloads/Askey_Spectrum_SBE1V1K/build_dir/target-aarch64_cortex-a53_musl/libubox-2026.07.21~e7608b69/ipkg-aarch64_cortex-a53/libblobmsg-json/CONTROL/conffiles; fi
if [ -z "$(ls -A /home/jackie/Downloads/Askey_Spectrum_SBE1V1K/build_dir/target-aarch64_cortex-a53_musl/libubox-2026.07.21~e7608b69/ipkg-aarch64_cortex-a53/libblobmsg-json/CONTROL 2>/dev/null)" ]; then rm -rf /home/jackie/Downloads/Askey_Spectrum_SBE1V1K/build_dir/target-aarch64_cortex-a53_musl/libubox-2026.07.21~e7608b69/ipkg-aarch64_cortex-a53/libblobmsg-json/CONTROL; else echo "CONTROL directory /home/jackie/Downloads/Askey_Spectrum_SBE1V1K/build_dir/target-aarch64_cortex-a53_musl/libubox-2026.07.21~e7608b69/ipkg-aarch64_cortex-a53/libblobmsg-json/CONTROL is not empty! This is not right and should be checked!" >&2; exit 1; fi
SOURCE_DATE_EPOCH=0 /home/jackie/Downloads/Askey_Spectrum_SBE1V1K/staging_dir/host/bin/fakeroot /home/jackie/Downloads/Askey_Spectrum_SBE1V1K/staging_dir/host/bin/apk mkpkg --info "name:libblobmsg-json20260721" --info "version:2026.07.21~e7608b69-r1" --info "tags:openwrt:abiversion=20260721 openwrt:section=libs" --info "description:blobmsg <-> json conversion library" --info "arch:aarch64_cortex-a53" --info "license:ISC" --info "origin:feeds/base/libs/libubox" --info "url:" --info "maintainer:Felix Fietkau <nbd@nbd.name>" --info "provides:libblobmsg-json libblobmsg-json-any" --info "provider-priority:10" --script "post-install:/home/jackie/Downloads/Askey_Spectrum_SBE1V1K/build_dir/target-aarch64_cortex-a53_musl/libubox-2026.07.21~e7608b69/apk-aarch64_cortex-a53/libblobmsg-json/post-install" --script "post-upgrade:/home/jackie/Downloads/Askey_Spectrum_SBE1V1K/build_dir/target-aarch64_cortex-a53_musl/libubox-2026.07.21~e7608b69/apk-aarch64_cortex-a53/libblobmsg-json/post-upgrade" --script "pre-deinstall:/home/jackie/Downloads/Askey_Spectrum_SBE1V1K/build_dir/target-aarch64_cortex-a53_musl/libubox-2026.07.21~e7608b69/apk-aarch64_cortex-a53/libblobmsg-json/pre-deinstall" --info "depends:libc libjson-c5 libubox20260721" --files "/home/jackie/Downloads/Askey_Spectrum_SBE1V1K/build_dir/target-aarch64_cortex-a53_musl/libubox-2026.07.21~e7608b69/ipkg-aarch64_cortex-a53/libblobmsg-json" --sign /home/jackie/Downloads/Askey_Spectrum_SBE1V1K/private-key.pem --output "/home/jackie/Downloads/Askey_Spectrum_SBE1V1K/bin/packages/aarch64_cortex-a53/base/libblobmsg-json20260721-2026.07.21~e7608b69-r1.apk"
rm -rf /home/jackie/Downloads/Askey_Spectrum_SBE1V1K/build_dir/target-aarch64_cortex-a53_musl/libubox-2026.07.21~e7608b69/ipkg-aarch64_cortex-a53/jshn
mkdir -p /home/jackie/Downloads/Askey_Spectrum_SBE1V1K/bin/targets/qualcommbe/ipq95xx/packages /home/jackie/Downloads/Askey_Spectrum_SBE1V1K/build_dir/target-aarch64_cortex-a53_musl/libubox-2026.07.21~e7608b69/ipkg-aarch64_cortex-a53/jshn /home/jackie/Downloads/Askey_Spectrum_SBE1V1K/staging_dir/target-aarch64_cortex-a53_musl/pkginfo
install -d -m0755 /home/jackie/Downloads/Askey_Spectrum_SBE1V1K/build_dir/target-aarch64_cortex-a53_musl/libubox-2026.07.21~e7608b69/ipkg-aarch64_cortex-a53/jshn/usr/bin /home/jackie/Downloads/Askey_Spectrum_SBE1V1K/build_dir/target-aarch64_cortex-a53_musl/libubox-2026.07.21~e7608b69/ipkg-aarch64_cortex-a53/jshn/usr/share/libubox
install -m0755 /home/jackie/Downloads/Askey_Spectrum_SBE1V1K/build_dir/target-aarch64_cortex-a53_musl/libubox-2026.07.21~e7608b69/ipkg-install/usr/bin/jshn /home/jackie/Downloads/Askey_Spectrum_SBE1V1K/build_dir/target-aarch64_cortex-a53_musl/libubox-2026.07.21~e7608b69/ipkg-aarch64_cortex-a53/jshn/usr/bin
install -m0644 /home/jackie/Downloads/Askey_Spectrum_SBE1V1K/build_dir/target-aarch64_cortex-a53_musl/libubox-2026.07.21~e7608b69/ipkg-install/usr/share/libubox/jshn.sh /home/jackie/Downloads/Askey_Spectrum_SBE1V1K/build_dir/target-aarch64_cortex-a53_musl/libubox-2026.07.21~e7608b69/ipkg-aarch64_cortex-a53/jshn/usr/share/libubox
find /home/jackie/Downloads/Askey_Spectrum_SBE1V1K/build_dir/target-aarch64_cortex-a53_musl/libubox-2026.07.21~e7608b69/ipkg-aarch64_cortex-a53/jshn -name '.svn' -o -name '.#*' -o -name '*~'| xargs -r rm -rf
export CROSS="aarch64-openwrt-linux-musl-"  NO_RENAME=1 ; NM="aarch64-openwrt-linux-musl-nm" STRIP="/home/jackie/Downloads/Askey_Spectrum_SBE1V1K/staging_dir/host/bin/sstrip -z" STRIP_KMOD="/home/jackie/Downloads/Askey_Spectrum_SBE1V1K/scripts/strip-kmod.sh" PATCHELF="/home/jackie/Downloads/Askey_Spectrum_SBE1V1K/staging_dir/host/bin/patchelf" /home/jackie/Downloads/Askey_Spectrum_SBE1V1K/scripts/rstrip.sh /home/jackie/Downloads/Askey_Spectrum_SBE1V1K/build_dir/target-aarch64_cortex-a53_musl/libubox-2026.07.21~e7608b69/ipkg-aarch64_cortex-a53/jshn
rstrip.sh: /home/jackie/Downloads/Askey_Spectrum_SBE1V1K/build_dir/target-aarch64_cortex-a53_musl/libubox-2026.07.21~e7608b69/ipkg-aarch64_cortex-a53/jshn/usr/bin/jshn: executable
install -d -m0755 /home/jackie/Downloads/Askey_Spectrum_SBE1V1K/bin/packages/aarch64_cortex-a53/base
mkdir -p /home/jackie/Downloads/Askey_Spectrum_SBE1V1K/build_dir/target-aarch64_cortex-a53_musl/libubox-2026.07.21~e7608b69/apk-aarch64_cortex-a53/jshn/
mkdir -p /home/jackie/Downloads/Askey_Spectrum_SBE1V1K/build_dir/target-aarch64_cortex-a53_musl/libubox-2026.07.21~e7608b69/ipkg-aarch64_cortex-a53/jshn/lib/apk/packages/
(cd /home/jackie/Downloads/Askey_Spectrum_SBE1V1K/build_dir/target-aarch64_cortex-a53_musl/libubox-2026.07.21~e7608b69/apk-aarch64_cortex-a53/jshn; )
( echo "#!/bin/sh"; echo "[ \"\${IPKG_NO_SCRIPT}\" = \"1\" ] && exit 0"; echo "[ -s "\${IPKG_INSTROOT}/lib/functions.sh" ] || exit 0"; echo ". \${IPKG_INSTROOT}/lib/functions.sh"; echo 'export root="${IPKG_INSTROOT}"'; echo 'export pkgname="jshn"'; echo "add_group_and_user"; echo "default_postinst"; [ ! -f /home/jackie/Downloads/Askey_Spectrum_SBE1V1K/build_dir/target-aarch64_cortex-a53_musl/libubox-2026.07.21~e7608b69/apk-aarch64_cortex-a53/jshn/postinst-pkg ] || sed '/^\s*#!/d' "/home/jackie/Downloads/Askey_Spectrum_SBE1V1K/build_dir/target-aarch64_cortex-a53_musl/libubox-2026.07.21~e7608b69/apk-aarch64_cortex-a53/jshn/postinst-pkg"; ) > /home/jackie/Downloads/Askey_Spectrum_SBE1V1K/build_dir/target-aarch64_cortex-a53_musl/libubox-2026.07.21~e7608b69/apk-aarch64_cortex-a53/jshn/post-install;
( echo "#!/bin/sh"; echo 'export PKG_UPGRADE=1'; [ ! -f /home/jackie/Downloads/Askey_Spectrum_SBE1V1K/build_dir/target-aarch64_cortex-a53_musl/libubox-2026.07.21~e7608b69/apk-aarch64_cortex-a53/jshn/post-install ] || sed '/^\s*#!/d' "/home/jackie/Downloads/Askey_Spectrum_SBE1V1K/build_dir/target-aarch64_cortex-a53_musl/libubox-2026.07.21~e7608b69/apk-aarch64_cortex-a53/jshn/post-install"; ) > /home/jackie/Downloads/Askey_Spectrum_SBE1V1K/build_dir/target-aarch64_cortex-a53_musl/libubox-2026.07.21~e7608b69/apk-aarch64_cortex-a53/jshn/post-upgrade;
( echo "#!/bin/sh"; echo "[ -s "\${IPKG_INSTROOT}/lib/functions.sh" ] || exit 0"; echo ". \${IPKG_INSTROOT}/lib/functions.sh"; echo 'export root="${IPKG_INSTROOT}"'; echo 'export pkgname="jshn"'; echo "default_prerm"; [ ! -f /home/jackie/Downloads/Askey_Spectrum_SBE1V1K/build_dir/target-aarch64_cortex-a53_musl/libubox-2026.07.21~e7608b69/apk-aarch64_cortex-a53/jshn/prerm-pkg ] || sed '/^\s*#!/d' "/home/jackie/Downloads/Askey_Spectrum_SBE1V1K/build_dir/target-aarch64_cortex-a53_musl/libubox-2026.07.21~e7608b69/apk-aarch64_cortex-a53/jshn/prerm-pkg"; ) > /home/jackie/Downloads/Askey_Spectrum_SBE1V1K/build_dir/target-aarch64_cortex-a53_musl/libubox-2026.07.21~e7608b69/apk-aarch64_cortex-a53/jshn/pre-deinstall;
[ ! -f /home/jackie/Downloads/Askey_Spectrum_SBE1V1K/build_dir/target-aarch64_cortex-a53_musl/libubox-2026.07.21~e7608b69/apk-aarch64_cortex-a53/jshn/postrm ] || sed -zi 's/^\s*#!/#!/' "/home/jackie/Downloads/Askey_Spectrum_SBE1V1K/build_dir/target-aarch64_cortex-a53_musl/libubox-2026.07.21~e7608b69/apk-aarch64_cortex-a53/jshn/postrm";
if [ -n "" ]; then echo  > /home/jackie/Downloads/Askey_Spectrum_SBE1V1K/build_dir/target-aarch64_cortex-a53_musl/libubox-2026.07.21~e7608b69/ipkg-aarch64_cortex-a53/jshn/lib/apk/packages/jshn.rusers; fi;
if [ -n "" ]; then echo  > /home/jackie/Downloads/Askey_Spectrum_SBE1V1K/build_dir/target-aarch64_cortex-a53_musl/libubox-2026.07.21~e7608b69/ipkg-aarch64_cortex-a53/jshn/lib/apk/packages/jshn.alternatives; fi;
(cd /home/jackie/Downloads/Askey_Spectrum_SBE1V1K/build_dir/target-aarch64_cortex-a53_musl/libubox-2026.07.21~e7608b69/ipkg-aarch64_cortex-a53/jshn && find . -type f,l -printf "/%P\n" | sort > /home/jackie/Downloads/Askey_Spectrum_SBE1V1K/tmp/jshn.list && mv /home/jackie/Downloads/Askey_Spectrum_SBE1V1K/tmp/jshn.list /home/jackie/Downloads/Askey_Spectrum_SBE1V1K/build_dir/target-aarch64_cortex-a53_musl/libubox-2026.07.21~e7608b69/ipkg-aarch64_cortex-a53/jshn/lib/apk/packages/jshn.list)
# Move conffiles to IDIR and build conffiles_static with csums
if [ -f /home/jackie/Downloads/Askey_Spectrum_SBE1V1K/build_dir/target-aarch64_cortex-a53_musl/libubox-2026.07.21~e7608b69/apk-aarch64_cortex-a53/jshn/conffiles ]; then mv -f /home/jackie/Downloads/Askey_Spectrum_SBE1V1K/build_dir/target-aarch64_cortex-a53_musl/libubox-2026.07.21~e7608b69/apk-aarch64_cortex-a53/jshn/conffiles /home/jackie/Downloads/Askey_Spectrum_SBE1V1K/build_dir/target-aarch64_cortex-a53_musl/libubox-2026.07.21~e7608b69/ipkg-aarch64_cortex-a53/jshn/lib/apk/packages/jshn.conffiles; for file in $(cat /home/jackie/Downloads/Askey_Spectrum_SBE1V1K/build_dir/target-aarch64_cortex-a53_musl/libubox-2026.07.21~e7608b69/ipkg-aarch64_cortex-a53/jshn/lib/apk/packages/jshn.conffiles); do [ -f /home/jackie/Downloads/Askey_Spectrum_SBE1V1K/build_dir/target-aarch64_cortex-a53_musl/libubox-2026.07.21~e7608b69/ipkg-aarch64_cortex-a53/jshn/$file ] || continue; csum=$(/home/jackie/Downloads/Askey_Spectrum_SBE1V1K/staging_dir/host/bin/mkhash sha256 /home/jackie/Downloads/Askey_Spectrum_SBE1V1K/build_dir/target-aarch64_cortex-a53_musl/libubox-2026.07.21~e7608b69/ipkg-aarch64_cortex-a53/jshn/$file); echo $file $csum >> /home/jackie/Downloads/Askey_Spectrum_SBE1V1K/build_dir/target-aarch64_cortex-a53_musl/libubox-2026.07.21~e7608b69/ipkg-aarch64_cortex-a53/jshn/lib/apk/packages/jshn.conffiles_static; done; fi
# Some package (base-files) manually append stuff to conffiles
# Append stuff from it and delete the CONTROL directory since everything else should be migrated
if [ -f /home/jackie/Downloads/Askey_Spectrum_SBE1V1K/build_dir/target-aarch64_cortex-a53_musl/libubox-2026.07.21~e7608b69/ipkg-aarch64_cortex-a53/jshn/CONTROL/conffiles ]; then echo $(IDIR_jshn)/CONTROL/conffiles >> /home/jackie/Downloads/Askey_Spectrum_SBE1V1K/build_dir/target-aarch64_cortex-a53_musl/libubox-2026.07.21~e7608b69/ipkg-aarch64_cortex-a53/jshn/lib/apk/packages/jshn.conffiles; for file in $(cat /home/jackie/Downloads/Askey_Spectrum_SBE1V1K/build_dir/target-aarch64_cortex-a53_musl/libubox-2026.07.21~e7608b69/ipkg-aarch64_cortex-a53/jshn/CONTROL/conffiles); do [ -f /home/jackie/Downloads/Askey_Spectrum_SBE1V1K/build_dir/target-aarch64_cortex-a53_musl/libubox-2026.07.21~e7608b69/ipkg-aarch64_cortex-a53/jshn/$file ] || continue; csum=$(/home/jackie/Downloads/Askey_Spectrum_SBE1V1K/staging_dir/host/bin/mkhash sha256 /home/jackie/Downloads/Askey_Spectrum_SBE1V1K/build_dir/target-aarch64_cortex-a53_musl/libubox-2026.07.21~e7608b69/ipkg-aarch64_cortex-a53/jshn/$file); echo $file $csum >> /home/jackie/Downloads/Askey_Spectrum_SBE1V1K/build_dir/target-aarch64_cortex-a53_musl/libubox-2026.07.21~e7608b69/ipkg-aarch64_cortex-a53/jshn/lib/apk/packages/jshn.conffiles_static; done; rm -rf /home/jackie/Downloads/Askey_Spectrum_SBE1V1K/build_dir/target-aarch64_cortex-a53_musl/libubox-2026.07.21~e7608b69/ipkg-aarch64_cortex-a53/jshn/CONTROL/conffiles; fi
if [ -z "$(ls -A /home/jackie/Downloads/Askey_Spectrum_SBE1V1K/build_dir/target-aarch64_cortex-a53_musl/libubox-2026.07.21~e7608b69/ipkg-aarch64_cortex-a53/jshn/CONTROL 2>/dev/null)" ]; then rm -rf /home/jackie/Downloads/Askey_Spectrum_SBE1V1K/build_dir/target-aarch64_cortex-a53_musl/libubox-2026.07.21~e7608b69/ipkg-aarch64_cortex-a53/jshn/CONTROL; else echo "CONTROL directory /home/jackie/Downloads/Askey_Spectrum_SBE1V1K/build_dir/target-aarch64_cortex-a53_musl/libubox-2026.07.21~e7608b69/ipkg-aarch64_cortex-a53/jshn/CONTROL is not empty! This is not right and should be checked!" >&2; exit 1; fi
SOURCE_DATE_EPOCH=0 /home/jackie/Downloads/Askey_Spectrum_SBE1V1K/staging_dir/host/bin/fakeroot /home/jackie/Downloads/Askey_Spectrum_SBE1V1K/staging_dir/host/bin/apk mkpkg --info "name:jshn" --info "version:2026.07.21~e7608b69-r1" --info "tags:openwrt:section=utils" --info "description:Library for parsing and generating JSON from shell scripts" --info "arch:aarch64_cortex-a53" --info "license:ISC" --info "origin:feeds/base/libs/libubox" --info "url:" --info "maintainer:Felix Fietkau <nbd@nbd.name>" --info "provides:jshn-any"  --script "post-install:/home/jackie/Downloads/Askey_Spectrum_SBE1V1K/build_dir/target-aarch64_cortex-a53_musl/libubox-2026.07.21~e7608b69/apk-aarch64_cortex-a53/jshn/post-install" --script "post-upgrade:/home/jackie/Downloads/Askey_Spectrum_SBE1V1K/build_dir/target-aarch64_cortex-a53_musl/libubox-2026.07.21~e7608b69/apk-aarch64_cortex-a53/jshn/post-upgrade" --script "pre-deinstall:/home/jackie/Downloads/Askey_Spectrum_SBE1V1K/build_dir/target-aarch64_cortex-a53_musl/libubox-2026.07.21~e7608b69/apk-aarch64_cortex-a53/jshn/pre-deinstall" --info "depends:libc libjson-c5 libubox20260721 libblobmsg-json20260721" --files "/home/jackie/Downloads/Askey_Spectrum_SBE1V1K/build_dir/target-aarch64_cortex-a53_musl/libubox-2026.07.21~e7608b69/ipkg-aarch64_cortex-a53/jshn" --sign /home/jackie/Downloads/Askey_Spectrum_SBE1V1K/private-key.pem --output "/home/jackie/Downloads/Askey_Spectrum_SBE1V1K/bin/packages/aarch64_cortex-a53/base/jshn-2026.07.21~e7608b69-r1.apk"
rm -rf /home/jackie/Downloads/Askey_Spectrum_SBE1V1K/build_dir/target-aarch64_cortex-a53_musl/libubox-2026.07.21~e7608b69/ipkg-aarch64_cortex-a53/libjson-script
mkdir -p /home/jackie/Downloads/Askey_Spectrum_SBE1V1K/bin/targets/qualcommbe/ipq95xx/packages /home/jackie/Downloads/Askey_Spectrum_SBE1V1K/build_dir/target-aarch64_cortex-a53_musl/libubox-2026.07.21~e7608b69/ipkg-aarch64_cortex-a53/libjson-script /home/jackie/Downloads/Askey_Spectrum_SBE1V1K/staging_dir/target-aarch64_cortex-a53_musl/pkginfo
install -d -m0755 /home/jackie/Downloads/Askey_Spectrum_SBE1V1K/build_dir/target-aarch64_cortex-a53_musl/libubox-2026.07.21~e7608b69/ipkg-aarch64_cortex-a53/libjson-script/lib/
install -m0644 /home/jackie/Downloads/Askey_Spectrum_SBE1V1K/build_dir/target-aarch64_cortex-a53_musl/libubox-2026.07.21~e7608b69/ipkg-install/usr/lib/libjson_script.so.* /home/jackie/Downloads/Askey_Spectrum_SBE1V1K/build_dir/target-aarch64_cortex-a53_musl/libubox-2026.07.21~e7608b69/ipkg-aarch64_cortex-a53/libjson-script/lib/
find /home/jackie/Downloads/Askey_Spectrum_SBE1V1K/build_dir/target-aarch64_cortex-a53_musl/libubox-2026.07.21~e7608b69/ipkg-aarch64_cortex-a53/libjson-script -name '.svn' -o -name '.#*' -o -name '*~'| xargs -r rm -rf
export CROSS="aarch64-openwrt-linux-musl-"  NO_RENAME=1 ; NM="aarch64-openwrt-linux-musl-nm" STRIP="/home/jackie/Downloads/Askey_Spectrum_SBE1V1K/staging_dir/host/bin/sstrip -z" STRIP_KMOD="/home/jackie/Downloads/Askey_Spectrum_SBE1V1K/scripts/strip-kmod.sh" PATCHELF="/home/jackie/Downloads/Askey_Spectrum_SBE1V1K/staging_dir/host/bin/patchelf" /home/jackie/Downloads/Askey_Spectrum_SBE1V1K/scripts/rstrip.sh /home/jackie/Downloads/Askey_Spectrum_SBE1V1K/build_dir/target-aarch64_cortex-a53_musl/libubox-2026.07.21~e7608b69/ipkg-aarch64_cortex-a53/libjson-script
rstrip.sh: /home/jackie/Downloads/Askey_Spectrum_SBE1V1K/build_dir/target-aarch64_cortex-a53_musl/libubox-2026.07.21~e7608b69/ipkg-aarch64_cortex-a53/libjson-script/lib/libjson_script.so.20260721: shared object
install -d -m0755 /home/jackie/Downloads/Askey_Spectrum_SBE1V1K/bin/packages/aarch64_cortex-a53/base
mkdir -p /home/jackie/Downloads/Askey_Spectrum_SBE1V1K/build_dir/target-aarch64_cortex-a53_musl/libubox-2026.07.21~e7608b69/apk-aarch64_cortex-a53/libjson-script/
mkdir -p /home/jackie/Downloads/Askey_Spectrum_SBE1V1K/build_dir/target-aarch64_cortex-a53_musl/libubox-2026.07.21~e7608b69/ipkg-aarch64_cortex-a53/libjson-script/lib/apk/packages/
(cd /home/jackie/Downloads/Askey_Spectrum_SBE1V1K/build_dir/target-aarch64_cortex-a53_musl/libubox-2026.07.21~e7608b69/apk-aarch64_cortex-a53/libjson-script; )
( echo "#!/bin/sh"; echo "[ \"\${IPKG_NO_SCRIPT}\" = \"1\" ] && exit 0"; echo "[ -s "\${IPKG_INSTROOT}/lib/functions.sh" ] || exit 0"; echo ". \${IPKG_INSTROOT}/lib/functions.sh"; echo 'export root="${IPKG_INSTROOT}"'; echo 'export pkgname="libjson-script20260721"'; echo "add_group_and_user"; echo "default_postinst"; [ ! -f /home/jackie/Downloads/Askey_Spectrum_SBE1V1K/build_dir/target-aarch64_cortex-a53_musl/libubox-2026.07.21~e7608b69/apk-aarch64_cortex-a53/libjson-script/postinst-pkg ] || sed '/^\s*#!/d' "/home/jackie/Downloads/Askey_Spectrum_SBE1V1K/build_dir/target-aarch64_cortex-a53_musl/libubox-2026.07.21~e7608b69/apk-aarch64_cortex-a53/libjson-script/postinst-pkg"; ) > /home/jackie/Downloads/Askey_Spectrum_SBE1V1K/build_dir/target-aarch64_cortex-a53_musl/libubox-2026.07.21~e7608b69/apk-aarch64_cortex-a53/libjson-script/post-install;
( echo "#!/bin/sh"; echo 'export PKG_UPGRADE=1'; [ ! -f /home/jackie/Downloads/Askey_Spectrum_SBE1V1K/build_dir/target-aarch64_cortex-a53_musl/libubox-2026.07.21~e7608b69/apk-aarch64_cortex-a53/libjson-script/post-install ] || sed '/^\s*#!/d' "/home/jackie/Downloads/Askey_Spectrum_SBE1V1K/build_dir/target-aarch64_cortex-a53_musl/libubox-2026.07.21~e7608b69/apk-aarch64_cortex-a53/libjson-script/post-install"; ) > /home/jackie/Downloads/Askey_Spectrum_SBE1V1K/build_dir/target-aarch64_cortex-a53_musl/libubox-2026.07.21~e7608b69/apk-aarch64_cortex-a53/libjson-script/post-upgrade;
( echo "#!/bin/sh"; echo "[ -s "\${IPKG_INSTROOT}/lib/functions.sh" ] || exit 0"; echo ". \${IPKG_INSTROOT}/lib/functions.sh"; echo 'export root="${IPKG_INSTROOT}"'; echo 'export pkgname="libjson-script20260721"'; echo "default_prerm"; [ ! -f /home/jackie/Downloads/Askey_Spectrum_SBE1V1K/build_dir/target-aarch64_cortex-a53_musl/libubox-2026.07.21~e7608b69/apk-aarch64_cortex-a53/libjson-script/prerm-pkg ] || sed '/^\s*#!/d' "/home/jackie/Downloads/Askey_Spectrum_SBE1V1K/build_dir/target-aarch64_cortex-a53_musl/libubox-2026.07.21~e7608b69/apk-aarch64_cortex-a53/libjson-script/prerm-pkg"; ) > /home/jackie/Downloads/Askey_Spectrum_SBE1V1K/build_dir/target-aarch64_cortex-a53_musl/libubox-2026.07.21~e7608b69/apk-aarch64_cortex-a53/libjson-script/pre-deinstall;
[ ! -f /home/jackie/Downloads/Askey_Spectrum_SBE1V1K/build_dir/target-aarch64_cortex-a53_musl/libubox-2026.07.21~e7608b69/apk-aarch64_cortex-a53/libjson-script/postrm ] || sed -zi 's/^\s*#!/#!/' "/home/jackie/Downloads/Askey_Spectrum_SBE1V1K/build_dir/target-aarch64_cortex-a53_musl/libubox-2026.07.21~e7608b69/apk-aarch64_cortex-a53/libjson-script/postrm";
if [ -n "" ]; then echo  > /home/jackie/Downloads/Askey_Spectrum_SBE1V1K/build_dir/target-aarch64_cortex-a53_musl/libubox-2026.07.21~e7608b69/ipkg-aarch64_cortex-a53/libjson-script/lib/apk/packages/libjson-script20260721.rusers; fi;
if [ -n "" ]; then echo  > /home/jackie/Downloads/Askey_Spectrum_SBE1V1K/build_dir/target-aarch64_cortex-a53_musl/libubox-2026.07.21~e7608b69/ipkg-aarch64_cortex-a53/libjson-script/lib/apk/packages/libjson-script20260721.alternatives; fi;
(cd /home/jackie/Downloads/Askey_Spectrum_SBE1V1K/build_dir/target-aarch64_cortex-a53_musl/libubox-2026.07.21~e7608b69/ipkg-aarch64_cortex-a53/libjson-script && find . -type f,l -printf "/%P\n" | sort > /home/jackie/Downloads/Askey_Spectrum_SBE1V1K/tmp/libjson-script.list && mv /home/jackie/Downloads/Askey_Spectrum_SBE1V1K/tmp/libjson-script.list /home/jackie/Downloads/Askey_Spectrum_SBE1V1K/build_dir/target-aarch64_cortex-a53_musl/libubox-2026.07.21~e7608b69/ipkg-aarch64_cortex-a53/libjson-script/lib/apk/packages/libjson-script20260721.list)
# Move conffiles to IDIR and build conffiles_static with csums
if [ -f /home/jackie/Downloads/Askey_Spectrum_SBE1V1K/build_dir/target-aarch64_cortex-a53_musl/libubox-2026.07.21~e7608b69/apk-aarch64_cortex-a53/libjson-script/conffiles ]; then mv -f /home/jackie/Downloads/Askey_Spectrum_SBE1V1K/build_dir/target-aarch64_cortex-a53_musl/libubox-2026.07.21~e7608b69/apk-aarch64_cortex-a53/libjson-script/conffiles /home/jackie/Downloads/Askey_Spectrum_SBE1V1K/build_dir/target-aarch64_cortex-a53_musl/libubox-2026.07.21~e7608b69/ipkg-aarch64_cortex-a53/libjson-script/lib/apk/packages/libjson-script20260721.conffiles; for file in $(cat /home/jackie/Downloads/Askey_Spectrum_SBE1V1K/build_dir/target-aarch64_cortex-a53_musl/libubox-2026.07.21~e7608b69/ipkg-aarch64_cortex-a53/libjson-script/lib/apk/packages/libjson-script20260721.conffiles); do [ -f /home/jackie/Downloads/Askey_Spectrum_SBE1V1K/build_dir/target-aarch64_cortex-a53_musl/libubox-2026.07.21~e7608b69/ipkg-aarch64_cortex-a53/libjson-script/$file ] || continue; csum=$(/home/jackie/Downloads/Askey_Spectrum_SBE1V1K/staging_dir/host/bin/mkhash sha256 /home/jackie/Downloads/Askey_Spectrum_SBE1V1K/build_dir/target-aarch64_cortex-a53_musl/libubox-2026.07.21~e7608b69/ipkg-aarch64_cortex-a53/libjson-script/$file); echo $file $csum >> /home/jackie/Downloads/Askey_Spectrum_SBE1V1K/build_dir/target-aarch64_cortex-a53_musl/libubox-2026.07.21~e7608b69/ipkg-aarch64_cortex-a53/libjson-script/lib/apk/packages/libjson-script20260721.conffiles_static; done; fi
# Some package (base-files) manually append stuff to conffiles
# Append stuff from it and delete the CONTROL directory since everything else should be migrated
if [ -f /home/jackie/Downloads/Askey_Spectrum_SBE1V1K/build_dir/target-aarch64_cortex-a53_musl/libubox-2026.07.21~e7608b69/ipkg-aarch64_cortex-a53/libjson-script/CONTROL/conffiles ]; then echo $(IDIR_libjson-script)/CONTROL/conffiles >> /home/jackie/Downloads/Askey_Spectrum_SBE1V1K/build_dir/target-aarch64_cortex-a53_musl/libubox-2026.07.21~e7608b69/ipkg-aarch64_cortex-a53/libjson-script/lib/apk/packages/libjson-script20260721.conffiles; for file in $(cat /home/jackie/Downloads/Askey_Spectrum_SBE1V1K/build_dir/target-aarch64_cortex-a53_musl/libubox-2026.07.21~e7608b69/ipkg-aarch64_cortex-a53/libjson-script/CONTROL/conffiles); do [ -f /home/jackie/Downloads/Askey_Spectrum_SBE1V1K/build_dir/target-aarch64_cortex-a53_musl/libubox-2026.07.21~e7608b69/ipkg-aarch64_cortex-a53/libjson-script/$file ] || continue; csum=$(/home/jackie/Downloads/Askey_Spectrum_SBE1V1K/staging_dir/host/bin/mkhash sha256 /home/jackie/Downloads/Askey_Spectrum_SBE1V1K/build_dir/target-aarch64_cortex-a53_musl/libubox-2026.07.21~e7608b69/ipkg-aarch64_cortex-a53/libjson-script/$file); echo $file $csum >> /home/jackie/Downloads/Askey_Spectrum_SBE1V1K/build_dir/target-aarch64_cortex-a53_musl/libubox-2026.07.21~e7608b69/ipkg-aarch64_cortex-a53/libjson-script/lib/apk/packages/libjson-script20260721.conffiles_static; done; rm -rf /home/jackie/Downloads/Askey_Spectrum_SBE1V1K/build_dir/target-aarch64_cortex-a53_musl/libubox-2026.07.21~e7608b69/ipkg-aarch64_cortex-a53/libjson-script/CONTROL/conffiles; fi
if [ -z "$(ls -A /home/jackie/Downloads/Askey_Spectrum_SBE1V1K/build_dir/target-aarch64_cortex-a53_musl/libubox-2026.07.21~e7608b69/ipkg-aarch64_cortex-a53/libjson-script/CONTROL 2>/dev/null)" ]; then rm -rf /home/jackie/Downloads/Askey_Spectrum_SBE1V1K/build_dir/target-aarch64_cortex-a53_musl/libubox-2026.07.21~e7608b69/ipkg-aarch64_cortex-a53/libjson-script/CONTROL; else echo "CONTROL directory /home/jackie/Downloads/Askey_Spectrum_SBE1V1K/build_dir/target-aarch64_cortex-a53_musl/libubox-2026.07.21~e7608b69/ipkg-aarch64_cortex-a53/libjson-script/CONTROL is not empty! This is not right and should be checked!" >&2; exit 1; fi
SOURCE_DATE_EPOCH=0 /home/jackie/Downloads/Askey_Spectrum_SBE1V1K/staging_dir/host/bin/fakeroot /home/jackie/Downloads/Askey_Spectrum_SBE1V1K/staging_dir/host/bin/apk mkpkg --info "name:libjson-script20260721" --info "version:2026.07.21~e7608b69-r1" --info "tags:openwrt:abiversion=20260721 openwrt:section=utils" --info "description:Minimalistic JSON based scripting engine" --info "arch:aarch64_cortex-a53" --info "license:ISC" --info "origin:feeds/base/libs/libubox" --info "url:" --info "maintainer:Felix Fietkau <nbd@nbd.name>" --info "provides:libjson-script libjson-script-any" --info "provider-priority:10" --script "post-install:/home/jackie/Downloads/Askey_Spectrum_SBE1V1K/build_dir/target-aarch64_cortex-a53_musl/libubox-2026.07.21~e7608b69/apk-aarch64_cortex-a53/libjson-script/post-install" --script "post-upgrade:/home/jackie/Downloads/Askey_Spectrum_SBE1V1K/build_dir/target-aarch64_cortex-a53_musl/libubox-2026.07.21~e7608b69/apk-aarch64_cortex-a53/libjson-script/post-upgrade" --script "pre-deinstall:/home/jackie/Downloads/Askey_Spectrum_SBE1V1K/build_dir/target-aarch64_cortex-a53_musl/libubox-2026.07.21~e7608b69/apk-aarch64_cortex-a53/libjson-script/pre-deinstall" --info "depends:libc libubox20260721" --files "/home/jackie/Downloads/Askey_Spectrum_SBE1V1K/build_dir/target-aarch64_cortex-a53_musl/libubox-2026.07.21~e7608b69/ipkg-aarch64_cortex-a53/libjson-script" --sign /home/jackie/Downloads/Askey_Spectrum_SBE1V1K/private-key.pem --output "/home/jackie/Downloads/Askey_Spectrum_SBE1V1K/bin/packages/aarch64_cortex-a53/base/libjson-script20260721-2026.07.21~e7608b69-r1.apk"
rm -rf /home/jackie/Downloads/Askey_Spectrum_SBE1V1K/build_dir/target-aarch64_cortex-a53_musl/libubox-2026.07.21~e7608b69/.pkgdir/libubox.installed /home/jackie/Downloads/Askey_Spectrum_SBE1V1K/build_dir/target-aarch64_cortex-a53_musl/libubox-2026.07.21~e7608b69/.pkgdir/libubox
mkdir -p /home/jackie/Downloads/Askey_Spectrum_SBE1V1K/build_dir/target-aarch64_cortex-a53_musl/libubox-2026.07.21~e7608b69/.pkgdir/libubox
install -d -m0755 /home/jackie/Downloads/Askey_Spectrum_SBE1V1K/build_dir/target-aarch64_cortex-a53_musl/libubox-2026.07.21~e7608b69/.pkgdir/libubox/lib/
install -m0644 /home/jackie/Downloads/Askey_Spectrum_SBE1V1K/build_dir/target-aarch64_cortex-a53_musl/libubox-2026.07.21~e7608b69/ipkg-install/usr/lib/libubox.so.* /home/jackie/Downloads/Askey_Spectrum_SBE1V1K/build_dir/target-aarch64_cortex-a53_musl/libubox-2026.07.21~e7608b69/.pkgdir/libubox/lib/
touch /home/jackie/Downloads/Askey_Spectrum_SBE1V1K/build_dir/target-aarch64_cortex-a53_musl/libubox-2026.07.21~e7608b69/.pkgdir/libubox.installed
mkdir -p /home/jackie/Downloads/Askey_Spectrum_SBE1V1K/staging_dir/target-aarch64_cortex-a53_musl/root-qualcommbe/stamp
echo '20260721' | cmp -s - /home/jackie/Downloads/Askey_Spectrum_SBE1V1K/staging_dir/target-aarch64_cortex-a53_musl/pkginfo/libubox.version || { mkdir -p /home/jackie/Downloads/Askey_Spectrum_SBE1V1K/staging_dir/target-aarch64_cortex-a53_musl/pkginfo; echo '20260721' > /home/jackie/Downloads/Askey_Spectrum_SBE1V1K/staging_dir/target-aarch64_cortex-a53_musl/pkginfo/libubox.version;  cp /home/jackie/Downloads/Askey_Spectrum_SBE1V1K/staging_dir/target-aarch64_cortex-a53_musl/pkginfo/libubox.version /home/jackie/Downloads/Askey_Spectrum_SBE1V1K/staging_dir/target-aarch64_cortex-a53_musl/pkginfo/libubox-any.version;  } 
SHELL= flock /home/jackie/Downloads/Askey_Spectrum_SBE1V1K/tmp/.root-copy.flock -c 'cp -fpR /home/jackie/Downloads/Askey_Spectrum_SBE1V1K/build_dir/target-aarch64_cortex-a53_musl/libubox-2026.07.21~e7608b69/.pkgdir/libubox/. /home/jackie/Downloads/Askey_Spectrum_SBE1V1K/staging_dir/target-aarch64_cortex-a53_musl/root-qualcommbe/'
touch /home/jackie/Downloads/Askey_Spectrum_SBE1V1K/staging_dir/target-aarch64_cortex-a53_musl/root-qualcommbe/stamp/.libubox_installed
echo "libubox" >> /home/jackie/Downloads/Askey_Spectrum_SBE1V1K/staging_dir/target-aarch64_cortex-a53_musl/pkginfo/libubox.default.install
rm -rf /home/jackie/Downloads/Askey_Spectrum_SBE1V1K/tmp/stage-libubox
mkdir -p /home/jackie/Downloads/Askey_Spectrum_SBE1V1K/tmp/stage-libubox/host /home/jackie/Downloads/Askey_Spectrum_SBE1V1K/staging_dir/target-aarch64_cortex-a53_musl/packages
install -d -m0755 /home/jackie/Downloads/Askey_Spectrum_SBE1V1K/tmp/stage-libubox
cp -fpR /home/jackie/Downloads/Askey_Spectrum_SBE1V1K/build_dir/target-aarch64_cortex-a53_musl/libubox-2026.07.21~e7608b69/ipkg-install/* /home/jackie/Downloads/Askey_Spectrum_SBE1V1K/tmp/stage-libubox/
find /home/jackie/Downloads/Askey_Spectrum_SBE1V1K/tmp/stage-libubox -name '*.la' | xargs -r rm -f; 
if [ -f /home/jackie/Downloads/Askey_Spectrum_SBE1V1K/staging_dir/target-aarch64_cortex-a53_musl/packages/libubox.list ]; then /home/jackie/Downloads/Askey_Spectrum_SBE1V1K/scripts/clean-package.sh "/home/jackie/Downloads/Askey_Spectrum_SBE1V1K/staging_dir/target-aarch64_cortex-a53_musl/packages/libubox.list" "/home/jackie/Downloads/Askey_Spectrum_SBE1V1K/staging_dir/target-aarch64_cortex-a53_musl"; fi
if [ -d /home/jackie/Downloads/Askey_Spectrum_SBE1V1K/tmp/stage-libubox ]; then (cd /home/jackie/Downloads/Askey_Spectrum_SBE1V1K/tmp/stage-libubox; find ./ > /home/jackie/Downloads/Askey_Spectrum_SBE1V1K/tmp/stage-libubox.files); 	SHELL= flock /home/jackie/Downloads/Askey_Spectrum_SBE1V1K/tmp/.staging-dir.flock -c ' mv /home/jackie/Downloads/Askey_Spectrum_SBE1V1K/tmp/stage-libubox.files /home/jackie/Downloads/Askey_Spectrum_SBE1V1K/staging_dir/target-aarch64_cortex-a53_musl/packages/libubox.list && cp -fpR /home/jackie/Downloads/Askey_Spectrum_SBE1V1K/tmp/stage-libubox/* /home/jackie/Downloads/Askey_Spectrum_SBE1V1K/staging_dir/target-aarch64_cortex-a53_musl/; '; fi
rm -rf /home/jackie/Downloads/Askey_Spectrum_SBE1V1K/tmp/stage-libubox
touch /home/jackie/Downloads/Askey_Spectrum_SBE1V1K/staging_dir/target-aarch64_cortex-a53_musl/stamp/.libubox_installed
rm -rf /home/jackie/Downloads/Askey_Spectrum_SBE1V1K/build_dir/target-aarch64_cortex-a53_musl/libubox-2026.07.21~e7608b69/.pkgdir/libblobmsg-json.installed /home/jackie/Downloads/Askey_Spectrum_SBE1V1K/build_dir/target-aarch64_cortex-a53_musl/libubox-2026.07.21~e7608b69/.pkgdir/libblobmsg-json
mkdir -p /home/jackie/Downloads/Askey_Spectrum_SBE1V1K/build_dir/target-aarch64_cortex-a53_musl/libubox-2026.07.21~e7608b69/.pkgdir/libblobmsg-json
install -d -m0755 /home/jackie/Downloads/Askey_Spectrum_SBE1V1K/build_dir/target-aarch64_cortex-a53_musl/libubox-2026.07.21~e7608b69/.pkgdir/libblobmsg-json/lib/
install -m0644 /home/jackie/Downloads/Askey_Spectrum_SBE1V1K/build_dir/target-aarch64_cortex-a53_musl/libubox-2026.07.21~e7608b69/ipkg-install/usr/lib/libblobmsg_json.so.* /home/jackie/Downloads/Askey_Spectrum_SBE1V1K/build_dir/target-aarch64_cortex-a53_musl/libubox-2026.07.21~e7608b69/.pkgdir/libblobmsg-json/lib/
touch /home/jackie/Downloads/Askey_Spectrum_SBE1V1K/build_dir/target-aarch64_cortex-a53_musl/libubox-2026.07.21~e7608b69/.pkgdir/libblobmsg-json.installed
rm -rf /home/jackie/Downloads/Askey_Spectrum_SBE1V1K/build_dir/target-aarch64_cortex-a53_musl/libubox-2026.07.21~e7608b69/.pkgdir/jshn.installed /home/jackie/Downloads/Askey_Spectrum_SBE1V1K/build_dir/target-aarch64_cortex-a53_musl/libubox-2026.07.21~e7608b69/.pkgdir/jshn
mkdir -p /home/jackie/Downloads/Askey_Spectrum_SBE1V1K/build_dir/target-aarch64_cortex-a53_musl/libubox-2026.07.21~e7608b69/.pkgdir/jshn
install -d -m0755 /home/jackie/Downloads/Askey_Spectrum_SBE1V1K/build_dir/target-aarch64_cortex-a53_musl/libubox-2026.07.21~e7608b69/.pkgdir/jshn/usr/bin /home/jackie/Downloads/Askey_Spectrum_SBE1V1K/build_dir/target-aarch64_cortex-a53_musl/libubox-2026.07.21~e7608b69/.pkgdir/jshn/usr/share/libubox
install -m0755 /home/jackie/Downloads/Askey_Spectrum_SBE1V1K/build_dir/target-aarch64_cortex-a53_musl/libubox-2026.07.21~e7608b69/ipkg-install/usr/bin/jshn /home/jackie/Downloads/Askey_Spectrum_SBE1V1K/build_dir/target-aarch64_cortex-a53_musl/libubox-2026.07.21~e7608b69/.pkgdir/jshn/usr/bin
install -m0644 /home/jackie/Downloads/Askey_Spectrum_SBE1V1K/build_dir/target-aarch64_cortex-a53_musl/libubox-2026.07.21~e7608b69/ipkg-install/usr/share/libubox/jshn.sh /home/jackie/Downloads/Askey_Spectrum_SBE1V1K/build_dir/target-aarch64_cortex-a53_musl/libubox-2026.07.21~e7608b69/.pkgdir/jshn/usr/share/libubox
touch /home/jackie/Downloads/Askey_Spectrum_SBE1V1K/build_dir/target-aarch64_cortex-a53_musl/libubox-2026.07.21~e7608b69/.pkgdir/jshn.installed
rm -rf /home/jackie/Downloads/Askey_Spectrum_SBE1V1K/build_dir/target-aarch64_cortex-a53_musl/libubox-2026.07.21~e7608b69/.pkgdir/libjson-script.installed /home/jackie/Downloads/Askey_Spectrum_SBE1V1K/build_dir/target-aarch64_cortex-a53_musl/libubox-2026.07.21~e7608b69/.pkgdir/libjson-script
mkdir -p /home/jackie/Downloads/Askey_Spectrum_SBE1V1K/build_dir/target-aarch64_cortex-a53_musl/libubox-2026.07.21~e7608b69/.pkgdir/libjson-script
install -d -m0755 /home/jackie/Downloads/Askey_Spectrum_SBE1V1K/build_dir/target-aarch64_cortex-a53_musl/libubox-2026.07.21~e7608b69/.pkgdir/libjson-script/lib/
install -m0644 /home/jackie/Downloads/Askey_Spectrum_SBE1V1K/build_dir/target-aarch64_cortex-a53_musl/libubox-2026.07.21~e7608b69/ipkg-install/usr/lib/libjson_script.so.* /home/jackie/Downloads/Askey_Spectrum_SBE1V1K/build_dir/target-aarch64_cortex-a53_musl/libubox-2026.07.21~e7608b69/.pkgdir/libjson-script/lib/
touch /home/jackie/Downloads/Askey_Spectrum_SBE1V1K/build_dir/target-aarch64_cortex-a53_musl/libubox-2026.07.21~e7608b69/.pkgdir/libjson-script.installed
mkdir -p /home/jackie/Downloads/Askey_Spectrum_SBE1V1K/staging_dir/target-aarch64_cortex-a53_musl/root-qualcommbe/stamp
echo '20260721' | cmp -s - /home/jackie/Downloads/Askey_Spectrum_SBE1V1K/staging_dir/target-aarch64_cortex-a53_musl/pkginfo/libblobmsg-json.version || { mkdir -p /home/jackie/Downloads/Askey_Spectrum_SBE1V1K/staging_dir/target-aarch64_cortex-a53_musl/pkginfo; echo '20260721' > /home/jackie/Downloads/Askey_Spectrum_SBE1V1K/staging_dir/target-aarch64_cortex-a53_musl/pkginfo/libblobmsg-json.version;  cp /home/jackie/Downloads/Askey_Spectrum_SBE1V1K/staging_dir/target-aarch64_cortex-a53_musl/pkginfo/libblobmsg-json.version /home/jackie/Downloads/Askey_Spectrum_SBE1V1K/staging_dir/target-aarch64_cortex-a53_musl/pkginfo/libblobmsg-json-any.version;  } 
SHELL= flock /home/jackie/Downloads/Askey_Spectrum_SBE1V1K/tmp/.root-copy.flock -c 'cp -fpR /home/jackie/Downloads/Askey_Spectrum_SBE1V1K/build_dir/target-aarch64_cortex-a53_musl/libubox-2026.07.21~e7608b69/.pkgdir/libblobmsg-json/. /home/jackie/Downloads/Askey_Spectrum_SBE1V1K/staging_dir/target-aarch64_cortex-a53_musl/root-qualcommbe/'
touch /home/jackie/Downloads/Askey_Spectrum_SBE1V1K/staging_dir/target-aarch64_cortex-a53_musl/root-qualcommbe/stamp/.libblobmsg-json_installed
echo "libblobmsg-json" >> /home/jackie/Downloads/Askey_Spectrum_SBE1V1K/staging_dir/target-aarch64_cortex-a53_musl/pkginfo/libubox.default.install
mkdir -p /home/jackie/Downloads/Askey_Spectrum_SBE1V1K/staging_dir/target-aarch64_cortex-a53_musl/root-qualcommbe/stamp
SHELL= flock /home/jackie/Downloads/Askey_Spectrum_SBE1V1K/tmp/.root-copy.flock -c 'cp -fpR /home/jackie/Downloads/Askey_Spectrum_SBE1V1K/build_dir/target-aarch64_cortex-a53_musl/libubox-2026.07.21~e7608b69/.pkgdir/jshn/. /home/jackie/Downloads/Askey_Spectrum_SBE1V1K/staging_dir/target-aarch64_cortex-a53_musl/root-qualcommbe/'
touch /home/jackie/Downloads/Askey_Spectrum_SBE1V1K/staging_dir/target-aarch64_cortex-a53_musl/root-qualcommbe/stamp/.jshn_installed
echo "jshn" >> /home/jackie/Downloads/Askey_Spectrum_SBE1V1K/staging_dir/target-aarch64_cortex-a53_musl/pkginfo/libubox.default.install
mkdir -p /home/jackie/Downloads/Askey_Spectrum_SBE1V1K/staging_dir/target-aarch64_cortex-a53_musl/root-qualcommbe/stamp
echo '20260721' | cmp -s - /home/jackie/Downloads/Askey_Spectrum_SBE1V1K/staging_dir/target-aarch64_cortex-a53_musl/pkginfo/libjson-script.version || { mkdir -p /home/jackie/Downloads/Askey_Spectrum_SBE1V1K/staging_dir/target-aarch64_cortex-a53_musl/pkginfo; echo '20260721' > /home/jackie/Downloads/Askey_Spectrum_SBE1V1K/staging_dir/target-aarch64_cortex-a53_musl/pkginfo/libjson-script.version;  cp /home/jackie/Downloads/Askey_Spectrum_SBE1V1K/staging_dir/target-aarch64_cortex-a53_musl/pkginfo/libjson-script.version /home/jackie/Downloads/Askey_Spectrum_SBE1V1K/staging_dir/target-aarch64_cortex-a53_musl/pkginfo/libjson-script-any.version;  } 
SHELL= flock /home/jackie/Downloads/Askey_Spectrum_SBE1V1K/tmp/.root-copy.flock -c 'cp -fpR /home/jackie/Downloads/Askey_Spectrum_SBE1V1K/build_dir/target-aarch64_cortex-a53_musl/libubox-2026.07.21~e7608b69/.pkgdir/libjson-script/. /home/jackie/Downloads/Askey_Spectrum_SBE1V1K/staging_dir/target-aarch64_cortex-a53_musl/root-qualcommbe/'
touch /home/jackie/Downloads/Askey_Spectrum_SBE1V1K/staging_dir/target-aarch64_cortex-a53_musl/root-qualcommbe/stamp/.libjson-script_installed
echo "libjson-script" >> /home/jackie/Downloads/Askey_Spectrum_SBE1V1K/staging_dir/target-aarch64_cortex-a53_musl/pkginfo/libubox.default.install
make[3]: Leaving directory '/home/jackie/Downloads/Askey_Spectrum_SBE1V1K/package/libs/libubox'
time: package/libs/libubox/compile#6.18#1.32#7.30
make[3]: Entering directory '/home/jackie/Downloads/Askey_Spectrum_SBE1V1K/package/system/ubus'
touch /home/jackie/Downloads/Askey_Spectrum_SBE1V1K/build_dir/target-aarch64_cortex-a53_musl/ubus-2026.06.28~24864e78/.prepared_00a28796a4cb0ca570b491ef925abb58_6664517399ebbbc92a37c5bb081b5c53_check
. /home/jackie/Downloads/Askey_Spectrum_SBE1V1K/include/shell.sh; zstdcat /home/jackie/Downloads/Askey_Spectrum_SBE1V1K/dl/ubus-2026.06.28~24864e78.tar.zst | tar -C /home/jackie/Downloads/Askey_Spectrum_SBE1V1K/build_dir/target-aarch64_cortex-a53_musl/ubus-2026.06.28~24864e78/.. -xf -
find /home/jackie/Downloads/Askey_Spectrum_SBE1V1K/build_dir/target-aarch64_cortex-a53_musl/ubus-2026.06.28~24864e78 -mindepth 1 -type f -not -name '.*' -not -name 'version.date' -printf '%T@\n' 2>/dev/null | cut -d. -f1 | sort -n | tail -n1 > /home/jackie/Downloads/Askey_Spectrum_SBE1V1K/build_dir/target-aarch64_cortex-a53_musl/ubus-2026.06.28~24864e78/version.date
[ ! -d ./src/ ] || cp -fpR ./src/. /home/jackie/Downloads/Askey_Spectrum_SBE1V1K/build_dir/target-aarch64_cortex-a53_musl/ubus-2026.06.28~24864e78
touch /home/jackie/Downloads/Askey_Spectrum_SBE1V1K/build_dir/target-aarch64_cortex-a53_musl/ubus-2026.06.28~24864e78/.prepared_00a28796a4cb0ca570b491ef925abb58_6664517399ebbbc92a37c5bb081b5c53
rm -f /home/jackie/Downloads/Askey_Spectrum_SBE1V1K/build_dir/target-aarch64_cortex-a53_musl/ubus-2026.06.28~24864e78/.configured_*
rm -f /home/jackie/Downloads/Askey_Spectrum_SBE1V1K/staging_dir/target-aarch64_cortex-a53_musl/stamp/.ubus_installed
mkdir -p /home/jackie/Downloads/Askey_Spectrum_SBE1V1K/build_dir/target-aarch64_cortex-a53_musl/ubus-2026.06.28~24864e78
(cd /home/jackie/Downloads/Askey_Spectrum_SBE1V1K/build_dir/target-aarch64_cortex-a53_musl/ubus-2026.06.28~24864e78; CFLAGS="-O2 -pipe -mcpu=cortex-a73 -fno-caller-saves -fno-plt -fhonour-copts -fmacro-prefix-map=/home/jackie/Downloads/Askey_Spectrum_SBE1V1K/build_dir/target-aarch64_cortex-a53_musl/ubus-2026.06.28~24864e78=ubus-2026.06.28~24864e78 -flto=auto -fno-fat-lto-objects -Wl,-z,max-page-size=4096 -Wformat -Werror=format-security -DPIC -fPIC -fstack-protector -D_FORTIFY_SOURCE=1 -Wl,-z,now -Wl,-z,relro -Wl,-z,pack-relative-relocs -I/home/jackie/Downloads/Askey_Spectrum_SBE1V1K/staging_dir/target-aarch64_cortex-a53_musl/usr/include  -I/home/jackie/Downloads/Askey_Spectrum_SBE1V1K/staging_dir/toolchain-aarch64_cortex-a53_gcc-14.4.0_musl/usr/include -I/home/jackie/Downloads/Askey_Spectrum_SBE1V1K/staging_dir/toolchain-aarch64_cortex-a53_gcc-14.4.0_musl/include -I/home/jackie/Downloads/Askey_Spectrum_SBE1V1K/staging_dir/toolchain-aarch64_cortex-a53_gcc-14.4.0_musl/include/fortify " CXXFLAGS="-O2 -pipe -mcpu=cortex-a73 -fno-caller-saves -fno-plt -fhonour-copts -fmacro-prefix-map=/home/jackie/Downloads/Askey_Spectrum_SBE1V1K/build_dir/target-aarch64_cortex-a53_musl/ubus-2026.06.28~24864e78=ubus-2026.06.28~24864e78 -flto=auto -fno-fat-lto-objects -Wl,-z,max-page-size=4096 -Wformat -Werror=format-security -DPIC -fPIC -fstack-protector -D_FORTIFY_SOURCE=1 -Wl,-z,now -Wl,-z,relro -Wl,-z,pack-relative-relocs -I/home/jackie/Downloads/Askey_Spectrum_SBE1V1K/staging_dir/target-aarch64_cortex-a53_musl/usr/include -flto=auto -fno-fat-lto-objects  -I/home/jackie/Downloads/Askey_Spectrum_SBE1V1K/staging_dir/toolchain-aarch64_cortex-a53_gcc-14.4.0_musl/usr/include -I/home/jackie/Downloads/Askey_Spectrum_SBE1V1K/staging_dir/toolchain-aarch64_cortex-a53_gcc-14.4.0_musl/include -I/home/jackie/Downloads/Askey_Spectrum_SBE1V1K/staging_dir/toolchain-aarch64_cortex-a53_gcc-14.4.0_musl/include/fortify " LDFLAGS="-L/home/jackie/Downloads/Askey_Spectrum_SBE1V1K/staging_dir/toolchain-aarch64_cortex-a53_gcc-14.4.0_musl/usr/lib -L/home/jackie/Downloads/Askey_Spectrum_SBE1V1K/staging_dir/toolchain-aarch64_cortex-a53_gcc-14.4.0_musl/lib -fuse-ld=bfd -flto=auto -fuse-linker-plugin -zmax-page-size=4096 -DPIC -fPIC -specs=/home/jackie/Downloads/Askey_Spectrum_SBE1V1K/include/hardened-ld-pie.specs -znow -zrelro -zpack-relative-relocs " cmake --no-warn-unused-cli -DCMAKE_SYSTEM_NAME=Linux -DCMAKE_SYSTEM_VERSION=1 -DCMAKE_SYSTEM_PROCESSOR=aarch64 -DCMAKE_BUILD_TYPE=Release -DCMAKE_C_FLAGS_RELEASE="-DNDEBUG" -DCMAKE_CXX_FLAGS_RELEASE="-DNDEBUG" -DCMAKE_C_COMPILER_LAUNCHER="" -DCMAKE_C_COMPILER="/home/jackie/Downloads/Askey_Spectrum_SBE1V1K/staging_dir/toolchain-aarch64_cortex-a53_gcc-14.4.0_musl/bin/aarch64-openwrt-linux-musl-gcc" -DCMAKE_CXX_COMPILER_LAUNCHER="" -DCMAKE_CXX_COMPILER="/home/jackie/Downloads/Askey_Spectrum_SBE1V1K/staging_dir/toolchain-aarch64_cortex-a53_gcc-14.4.0_musl/bin/aarch64-openwrt-linux-musl-g++" -DCMAKE_ASM_COMPILER_LAUNCHER="" -DCMAKE_ASM_COMPILER="/home/jackie/Downloads/Askey_Spectrum_SBE1V1K/staging_dir/toolchain-aarch64_cortex-a53_gcc-14.4.0_musl/bin/aarch64-openwrt-linux-musl-gcc" -DCMAKE_EXE_LINKER_FLAGS:STRING="-L/home/jackie/Downloads/Askey_Spectrum_SBE1V1K/staging_dir/toolchain-aarch64_cortex-a53_gcc-14.4.0_musl/usr/lib -L/home/jackie/Downloads/Askey_Spectrum_SBE1V1K/staging_dir/toolchain-aarch64_cortex-a53_gcc-14.4.0_musl/lib -fuse-ld=bfd -flto=auto -fuse-linker-plugin -zmax-page-size=4096 -DPIC -fPIC -specs=/home/jackie/Downloads/Askey_Spectrum_SBE1V1K/include/hardened-ld-pie.specs -znow -zrelro -zpack-relative-relocs" -DCMAKE_MODULE_LINKER_FLAGS:STRING="-L/home/jackie/Downloads/Askey_Spectrum_SBE1V1K/staging_dir/toolchain-aarch64_cortex-a53_gcc-14.4.0_musl/usr/lib -L/home/jackie/Downloads/Askey_Spectrum_SBE1V1K/staging_dir/toolchain-aarch64_cortex-a53_gcc-14.4.0_musl/lib -fuse-ld=bfd -flto=auto -fuse-linker-plugin -zmax-page-size=4096 -DPIC -fPIC -specs=/home/jackie/Downloads/Askey_Spectrum_SBE1V1K/include/hardened-ld-pie.specs -znow -zrelro -zpack-relative-relocs -Wl,-Bsymbolic-functions" -DCMAKE_SHARED_LINKER_FLAGS:STRING="-L/home/jackie/Downloads/Askey_Spectrum_SBE1V1K/staging_dir/toolchain-aarch64_cortex-a53_gcc-14.4.0_musl/usr/lib -L/home/jackie/Downloads/Askey_Spectrum_SBE1V1K/staging_dir/toolchain-aarch64_cortex-a53_gcc-14.4.0_musl/lib -fuse-ld=bfd -flto=auto -fuse-linker-plugin -zmax-page-size=4096 -DPIC -fPIC -specs=/home/jackie/Downloads/Askey_Spectrum_SBE1V1K/include/hardened-ld-pie.specs -znow -zrelro -zpack-relative-relocs -Wl,-Bsymbolic-functions" -DCMAKE_AR="/home/jackie/Downloads/Askey_Spectrum_SBE1V1K/staging_dir/toolchain-aarch64_cortex-a53_gcc-14.4.0_musl/bin/aarch64-openwrt-linux-musl-gcc-ar" -DCMAKE_NM="/home/jackie/Downloads/Askey_Spectrum_SBE1V1K/staging_dir/toolchain-aarch64_cortex-a53_gcc-14.4.0_musl/bin/aarch64-openwrt-linux-musl-gcc-nm" -DCMAKE_RANLIB="/home/jackie/Downloads/Askey_Spectrum_SBE1V1K/staging_dir/toolchain-aarch64_cortex-a53_gcc-14.4.0_musl/bin/aarch64-openwrt-linux-musl-gcc-ranlib" -DCMAKE_FIND_ROOT_PATH="/home/jackie/Downloads/Askey_Spectrum_SBE1V1K/staging_dir/target-aarch64_cortex-a53_musl/usr;/home/jackie/Downloads/Askey_Spectrum_SBE1V1K/staging_dir/toolchain-aarch64_cortex-a53_gcc-14.4.0_musl" -DCMAKE_FIND_ROOT_PATH_MODE_PROGRAM=NEVER -DCMAKE_FIND_ROOT_PATH_MODE_LIBRARY=ONLY -DCMAKE_FIND_ROOT_PATH_MODE_INCLUDE=ONLY -DCMAKE_STRIP=: -DCMAKE_INSTALL_PREFIX=/usr -DDL_LIBRARY=/home/jackie/Downloads/Askey_Spectrum_SBE1V1K/staging_dir/target-aarch64_cortex-a53_musl -DCMAKE_PREFIX_PATH=/home/jackie/Downloads/Askey_Spectrum_SBE1V1K/staging_dir/target-aarch64_cortex-a53_musl -DCMAKE_SKIP_RPATH=TRUE -DCMAKE_EXPORT_PACKAGE_REGISTRY=FALSE -DCMAKE_EXPORT_NO_PACKAGE_REGISTRY=TRUE -DCMAKE_FIND_USE_PACKAGE_REGISTRY=FALSE -DCMAKE_FIND_PACKAGE_NO_PACKAGE_REGISTRY=TRUE -DCMAKE_FIND_USE_SYSTEM_PACKAGE_REGISTRY=FALSE -DCMAKE_FIND_PACKAGE_NO_SYSTEM_PACKAGE_REGISTRY=TRUE -DCMAKE_GENERATOR="Ninja" -DLUAPATH=/usr/lib/lua -DABIVERSION="20260628" /home/jackie/Downloads/Askey_Spectrum_SBE1V1K/build_dir/target-aarch64_cortex-a53_musl/ubus-2026.06.28~24864e78 )
The --no-warn-unused-cli option is deprecated.  Use -Wno-unused-cli instead.
-- The C compiler identification is GNU 14.4.0
-- Detecting C compiler ABI info
-- Detecting C compiler ABI info - done
-- Check for working C compiler: /home/jackie/Downloads/Askey_Spectrum_SBE1V1K/staging_dir/toolchain-aarch64_cortex-a53_gcc-14.4.0_musl/bin/aarch64-openwrt-linux-musl-gcc - skipped
-- Detecting C compile features
-- Detecting C compile features - done
-- Configuring done (0.4s)
-- Generating done (0.0s)
-- Build files have been written to: /home/jackie/Downloads/Askey_Spectrum_SBE1V1K/build_dir/target-aarch64_cortex-a53_musl/ubus-2026.06.28~24864e78
touch /home/jackie/Downloads/Askey_Spectrum_SBE1V1K/build_dir/target-aarch64_cortex-a53_musl/ubus-2026.06.28~24864e78/.configured_68b329da9893e34099c7d8ad5cb9c940
rm -f /home/jackie/Downloads/Askey_Spectrum_SBE1V1K/build_dir/target-aarch64_cortex-a53_musl/ubus-2026.06.28~24864e78/.built
touch /home/jackie/Downloads/Askey_Spectrum_SBE1V1K/build_dir/target-aarch64_cortex-a53_musl/ubus-2026.06.28~24864e78/.built_check
MAKEFLAGS="" /home/jackie/Downloads/Askey_Spectrum_SBE1V1K/staging_dir/host/bin/ninja  -j1 -C /home/jackie/Downloads/Askey_Spectrum_SBE1V1K/build_dir/target-aarch64_cortex-a53_musl/ubus-2026.06.28~24864e78 
ninja: Entering directory `/home/jackie/Downloads/Askey_Spectrum_SBE1V1K/build_dir/target-aarch64_cortex-a53_musl/ubus-2026.06.28~24864e78'
[1/28] Building C object CMakeFiles/ubus.dir/libubus.c.o
[2/28] Building C object CMakeFiles/ubus.dir/libubus-io.c.o
[3/28] Building C object CMakeFiles/ubus.dir/libubus-obj.c.o
[4/28] Building C object CMakeFiles/ubus.dir/libubus-sub.c.o
[5/28] Building C object CMakeFiles/ubus.dir/libubus-req.c.o
[6/28] Building C object CMakeFiles/ubus.dir/libubus-acl.c.o
[7/28] Linking C shared library libubus.so.20260628
[8/28] Building C object CMakeFiles/ubusd_library.dir/ubusd.c.o
[9/28] Building C object CMakeFiles/ubusd_library.dir/ubusd_proto.c.o
[10/28] Building C object CMakeFiles/ubusd_library.dir/ubusd_id.c.o
[11/28] Building C object CMakeFiles/ubusd_library.dir/ubusd_obj.c.o
[12/28] Building C object CMakeFiles/ubusd_library.dir/ubusd_event.c.o
[13/28] Building C object CMakeFiles/ubusd_library.dir/ubusd_acl.c.o
[14/28] Building C object CMakeFiles/ubusd_library.dir/ubusd_monitor.c.o
[15/28] Creating library symlink libubus.so
[16/28] Linking C static library libubusd_library.a
[17/28] Building C object CMakeFiles/ubusd.dir/ubusd_main.c.o
[18/28] Building C object CMakeFiles/cli.dir/cli.c.o
[19/28] Building C object lua/CMakeFiles/ubus_lua.dir/ubus.c.o
[20/28] Building C object examples/CMakeFiles/server.dir/server.c.o
[21/28] Building C object examples/CMakeFiles/server.dir/count.c.o
[22/28] Building C object examples/CMakeFiles/client.dir/client.c.o
[23/28] Building C object examples/CMakeFiles/client.dir/count.c.o
[24/28] Linking C executable ubusd
[25/28] Linking C executable ubus
[26/28] Linking C shared module lua/ubus.so
[27/28] Linking C executable examples/server
[28/28] Linking C executable examples/client
DESTDIR="/home/jackie/Downloads/Askey_Spectrum_SBE1V1K/build_dir/target-aarch64_cortex-a53_musl/ubus-2026.06.28~24864e78/ipkg-install" MAKEFLAGS="" /home/jackie/Downloads/Askey_Spectrum_SBE1V1K/staging_dir/host/bin/ninja  -j1 -C /home/jackie/Downloads/Askey_Spectrum_SBE1V1K/build_dir/target-aarch64_cortex-a53_musl/ubus-2026.06.28~24864e78 install
ninja: Entering directory `/home/jackie/Downloads/Askey_Spectrum_SBE1V1K/build_dir/target-aarch64_cortex-a53_musl/ubus-2026.06.28~24864e78'
[0/1] Install the project...
-- Install configuration: "Release"
-- Installing: /home/jackie/Downloads/Askey_Spectrum_SBE1V1K/build_dir/target-aarch64_cortex-a53_musl/ubus-2026.06.28~24864e78/ipkg-install/usr/lib/libubus.so.20260628
-- Installing: /home/jackie/Downloads/Askey_Spectrum_SBE1V1K/build_dir/target-aarch64_cortex-a53_musl/ubus-2026.06.28~24864e78/ipkg-install/usr/lib/libubus.so
-- Installing: /home/jackie/Downloads/Askey_Spectrum_SBE1V1K/build_dir/target-aarch64_cortex-a53_musl/ubus-2026.06.28~24864e78/ipkg-install/usr/bin/ubus
-- Installing: /home/jackie/Downloads/Askey_Spectrum_SBE1V1K/build_dir/target-aarch64_cortex-a53_musl/ubus-2026.06.28~24864e78/ipkg-install/usr/sbin/ubusd
-- Installing: /home/jackie/Downloads/Askey_Spectrum_SBE1V1K/build_dir/target-aarch64_cortex-a53_musl/ubus-2026.06.28~24864e78/ipkg-install/usr/include/ubusmsg.h
-- Installing: /home/jackie/Downloads/Askey_Spectrum_SBE1V1K/build_dir/target-aarch64_cortex-a53_musl/ubus-2026.06.28~24864e78/ipkg-install/usr/include/ubus_common.h
-- Installing: /home/jackie/Downloads/Askey_Spectrum_SBE1V1K/build_dir/target-aarch64_cortex-a53_musl/ubus-2026.06.28~24864e78/ipkg-install/usr/include/libubus.h
-- Installing: /home/jackie/Downloads/Askey_Spectrum_SBE1V1K/build_dir/target-aarch64_cortex-a53_musl/ubus-2026.06.28~24864e78/ipkg-install/usr/lib/lua/ubus.so
touch /home/jackie/Downloads/Askey_Spectrum_SBE1V1K/build_dir/target-aarch64_cortex-a53_musl/ubus-2026.06.28~24864e78/.built
rm -rf /home/jackie/Downloads/Askey_Spectrum_SBE1V1K/build_dir/target-aarch64_cortex-a53_musl/ubus-2026.06.28~24864e78/ipkg-aarch64_cortex-a53/libubus
mkdir -p /home/jackie/Downloads/Askey_Spectrum_SBE1V1K/bin/targets/qualcommbe/ipq95xx/packages /home/jackie/Downloads/Askey_Spectrum_SBE1V1K/build_dir/target-aarch64_cortex-a53_musl/ubus-2026.06.28~24864e78/ipkg-aarch64_cortex-a53/libubus /home/jackie/Downloads/Askey_Spectrum_SBE1V1K/staging_dir/target-aarch64_cortex-a53_musl/pkginfo
install -d -m0755 /home/jackie/Downloads/Askey_Spectrum_SBE1V1K/build_dir/target-aarch64_cortex-a53_musl/ubus-2026.06.28~24864e78/ipkg-aarch64_cortex-a53/libubus/lib
cp -fpR /home/jackie/Downloads/Askey_Spectrum_SBE1V1K/build_dir/target-aarch64_cortex-a53_musl/ubus-2026.06.28~24864e78/ipkg-install/usr/lib/libubus.so.* /home/jackie/Downloads/Askey_Spectrum_SBE1V1K/build_dir/target-aarch64_cortex-a53_musl/ubus-2026.06.28~24864e78/ipkg-aarch64_cortex-a53/libubus/lib/
find /home/jackie/Downloads/Askey_Spectrum_SBE1V1K/build_dir/target-aarch64_cortex-a53_musl/ubus-2026.06.28~24864e78/ipkg-aarch64_cortex-a53/libubus -name '.svn' -o -name '.#*' -o -name '*~'| xargs -r rm -rf
export CROSS="aarch64-openwrt-linux-musl-"  NO_RENAME=1 ; NM="aarch64-openwrt-linux-musl-nm" STRIP="/home/jackie/Downloads/Askey_Spectrum_SBE1V1K/staging_dir/host/bin/sstrip -z" STRIP_KMOD="/home/jackie/Downloads/Askey_Spectrum_SBE1V1K/scripts/strip-kmod.sh" PATCHELF="/home/jackie/Downloads/Askey_Spectrum_SBE1V1K/staging_dir/host/bin/patchelf" /home/jackie/Downloads/Askey_Spectrum_SBE1V1K/scripts/rstrip.sh /home/jackie/Downloads/Askey_Spectrum_SBE1V1K/build_dir/target-aarch64_cortex-a53_musl/ubus-2026.06.28~24864e78/ipkg-aarch64_cortex-a53/libubus
rstrip.sh: /home/jackie/Downloads/Askey_Spectrum_SBE1V1K/build_dir/target-aarch64_cortex-a53_musl/ubus-2026.06.28~24864e78/ipkg-aarch64_cortex-a53/libubus/lib/libubus.so.20260628: shared object
install -d -m0755 /home/jackie/Downloads/Askey_Spectrum_SBE1V1K/bin/packages/aarch64_cortex-a53/base
mkdir -p /home/jackie/Downloads/Askey_Spectrum_SBE1V1K/build_dir/target-aarch64_cortex-a53_musl/ubus-2026.06.28~24864e78/apk-aarch64_cortex-a53/libubus/
mkdir -p /home/jackie/Downloads/Askey_Spectrum_SBE1V1K/build_dir/target-aarch64_cortex-a53_musl/ubus-2026.06.28~24864e78/ipkg-aarch64_cortex-a53/libubus/lib/apk/packages/
(cd /home/jackie/Downloads/Askey_Spectrum_SBE1V1K/build_dir/target-aarch64_cortex-a53_musl/ubus-2026.06.28~24864e78/apk-aarch64_cortex-a53/libubus; )
( echo "#!/bin/sh"; echo "[ \"\${IPKG_NO_SCRIPT}\" = \"1\" ] && exit 0"; echo "[ -s "\${IPKG_INSTROOT}/lib/functions.sh" ] || exit 0"; echo ". \${IPKG_INSTROOT}/lib/functions.sh"; echo 'export root="${IPKG_INSTROOT}"'; echo 'export pkgname="libubus20260628"'; echo "add_group_and_user"; echo "default_postinst"; [ ! -f /home/jackie/Downloads/Askey_Spectrum_SBE1V1K/build_dir/target-aarch64_cortex-a53_musl/ubus-2026.06.28~24864e78/apk-aarch64_cortex-a53/libubus/postinst-pkg ] || sed '/^\s*#!/d' "/home/jackie/Downloads/Askey_Spectrum_SBE1V1K/build_dir/target-aarch64_cortex-a53_musl/ubus-2026.06.28~24864e78/apk-aarch64_cortex-a53/libubus/postinst-pkg"; ) > /home/jackie/Downloads/Askey_Spectrum_SBE1V1K/build_dir/target-aarch64_cortex-a53_musl/ubus-2026.06.28~24864e78/apk-aarch64_cortex-a53/libubus/post-install;
( echo "#!/bin/sh"; echo 'export PKG_UPGRADE=1'; [ ! -f /home/jackie/Downloads/Askey_Spectrum_SBE1V1K/build_dir/target-aarch64_cortex-a53_musl/ubus-2026.06.28~24864e78/apk-aarch64_cortex-a53/libubus/post-install ] || sed '/^\s*#!/d' "/home/jackie/Downloads/Askey_Spectrum_SBE1V1K/build_dir/target-aarch64_cortex-a53_musl/ubus-2026.06.28~24864e78/apk-aarch64_cortex-a53/libubus/post-install"; ) > /home/jackie/Downloads/Askey_Spectrum_SBE1V1K/build_dir/target-aarch64_cortex-a53_musl/ubus-2026.06.28~24864e78/apk-aarch64_cortex-a53/libubus/post-upgrade;
( echo "#!/bin/sh"; echo "[ -s "\${IPKG_INSTROOT}/lib/functions.sh" ] || exit 0"; echo ". \${IPKG_INSTROOT}/lib/functions.sh"; echo 'export root="${IPKG_INSTROOT}"'; echo 'export pkgname="libubus20260628"'; echo "default_prerm"; [ ! -f /home/jackie/Downloads/Askey_Spectrum_SBE1V1K/build_dir/target-aarch64_cortex-a53_musl/ubus-2026.06.28~24864e78/apk-aarch64_cortex-a53/libubus/prerm-pkg ] || sed '/^\s*#!/d' "/home/jackie/Downloads/Askey_Spectrum_SBE1V1K/build_dir/target-aarch64_cortex-a53_musl/ubus-2026.06.28~24864e78/apk-aarch64_cortex-a53/libubus/prerm-pkg"; ) > /home/jackie/Downloads/Askey_Spectrum_SBE1V1K/build_dir/target-aarch64_cortex-a53_musl/ubus-2026.06.28~24864e78/apk-aarch64_cortex-a53/libubus/pre-deinstall;
[ ! -f /home/jackie/Downloads/Askey_Spectrum_SBE1V1K/build_dir/target-aarch64_cortex-a53_musl/ubus-2026.06.28~24864e78/apk-aarch64_cortex-a53/libubus/postrm ] || sed -zi 's/^\s*#!/#!/' "/home/jackie/Downloads/Askey_Spectrum_SBE1V1K/build_dir/target-aarch64_cortex-a53_musl/ubus-2026.06.28~24864e78/apk-aarch64_cortex-a53/libubus/postrm";
if [ -n "" ]; then echo  > /home/jackie/Downloads/Askey_Spectrum_SBE1V1K/build_dir/target-aarch64_cortex-a53_musl/ubus-2026.06.28~24864e78/ipkg-aarch64_cortex-a53/libubus/lib/apk/packages/libubus20260628.rusers; fi;
if [ -n "" ]; then echo  > /home/jackie/Downloads/Askey_Spectrum_SBE1V1K/build_dir/target-aarch64_cortex-a53_musl/ubus-2026.06.28~24864e78/ipkg-aarch64_cortex-a53/libubus/lib/apk/packages/libubus20260628.alternatives; fi;
(cd /home/jackie/Downloads/Askey_Spectrum_SBE1V1K/build_dir/target-aarch64_cortex-a53_musl/ubus-2026.06.28~24864e78/ipkg-aarch64_cortex-a53/libubus && find . -type f,l -printf "/%P\n" | sort > /home/jackie/Downloads/Askey_Spectrum_SBE1V1K/tmp/libubus.list && mv /home/jackie/Downloads/Askey_Spectrum_SBE1V1K/tmp/libubus.list /home/jackie/Downloads/Askey_Spectrum_SBE1V1K/build_dir/target-aarch64_cortex-a53_musl/ubus-2026.06.28~24864e78/ipkg-aarch64_cortex-a53/libubus/lib/apk/packages/libubus20260628.list)
# Move conffiles to IDIR and build conffiles_static with csums
if [ -f /home/jackie/Downloads/Askey_Spectrum_SBE1V1K/build_dir/target-aarch64_cortex-a53_musl/ubus-2026.06.28~24864e78/apk-aarch64_cortex-a53/libubus/conffiles ]; then mv -f /home/jackie/Downloads/Askey_Spectrum_SBE1V1K/build_dir/target-aarch64_cortex-a53_musl/ubus-2026.06.28~24864e78/apk-aarch64_cortex-a53/libubus/conffiles /home/jackie/Downloads/Askey_Spectrum_SBE1V1K/build_dir/target-aarch64_cortex-a53_musl/ubus-2026.06.28~24864e78/ipkg-aarch64_cortex-a53/libubus/lib/apk/packages/libubus20260628.conffiles; for file in $(cat /home/jackie/Downloads/Askey_Spectrum_SBE1V1K/build_dir/target-aarch64_cortex-a53_musl/ubus-2026.06.28~24864e78/ipkg-aarch64_cortex-a53/libubus/lib/apk/packages/libubus20260628.conffiles); do [ -f /home/jackie/Downloads/Askey_Spectrum_SBE1V1K/build_dir/target-aarch64_cortex-a53_musl/ubus-2026.06.28~24864e78/ipkg-aarch64_cortex-a53/libubus/$file ] || continue; csum=$(/home/jackie/Downloads/Askey_Spectrum_SBE1V1K/staging_dir/host/bin/mkhash sha256 /home/jackie/Downloads/Askey_Spectrum_SBE1V1K/build_dir/target-aarch64_cortex-a53_musl/ubus-2026.06.28~24864e78/ipkg-aarch64_cortex-a53/libubus/$file); echo $file $csum >> /home/jackie/Downloads/Askey_Spectrum_SBE1V1K/build_dir/target-aarch64_cortex-a53_musl/ubus-2026.06.28~24864e78/ipkg-aarch64_cortex-a53/libubus/lib/apk/packages/libubus20260628.conffiles_static; done; fi
# Some package (base-files) manually append stuff to conffiles
# Append stuff from it and delete the CONTROL directory since everything else should be migrated
if [ -f /home/jackie/Downloads/Askey_Spectrum_SBE1V1K/build_dir/target-aarch64_cortex-a53_musl/ubus-2026.06.28~24864e78/ipkg-aarch64_cortex-a53/libubus/CONTROL/conffiles ]; then echo $(IDIR_libubus)/CONTROL/conffiles >> /home/jackie/Downloads/Askey_Spectrum_SBE1V1K/build_dir/target-aarch64_cortex-a53_musl/ubus-2026.06.28~24864e78/ipkg-aarch64_cortex-a53/libubus/lib/apk/packages/libubus20260628.conffiles; for file in $(cat /home/jackie/Downloads/Askey_Spectrum_SBE1V1K/build_dir/target-aarch64_cortex-a53_musl/ubus-2026.06.28~24864e78/ipkg-aarch64_cortex-a53/libubus/CONTROL/conffiles); do [ -f /home/jackie/Downloads/Askey_Spectrum_SBE1V1K/build_dir/target-aarch64_cortex-a53_musl/ubus-2026.06.28~24864e78/ipkg-aarch64_cortex-a53/libubus/$file ] || continue; csum=$(/home/jackie/Downloads/Askey_Spectrum_SBE1V1K/staging_dir/host/bin/mkhash sha256 /home/jackie/Downloads/Askey_Spectrum_SBE1V1K/build_dir/target-aarch64_cortex-a53_musl/ubus-2026.06.28~24864e78/ipkg-aarch64_cortex-a53/libubus/$file); echo $file $csum >> /home/jackie/Downloads/Askey_Spectrum_SBE1V1K/build_dir/target-aarch64_cortex-a53_musl/ubus-2026.06.28~24864e78/ipkg-aarch64_cortex-a53/libubus/lib/apk/packages/libubus20260628.conffiles_static; done; rm -rf /home/jackie/Downloads/Askey_Spectrum_SBE1V1K/build_dir/target-aarch64_cortex-a53_musl/ubus-2026.06.28~24864e78/ipkg-aarch64_cortex-a53/libubus/CONTROL/conffiles; fi
if [ -z "$(ls -A /home/jackie/Downloads/Askey_Spectrum_SBE1V1K/build_dir/target-aarch64_cortex-a53_musl/ubus-2026.06.28~24864e78/ipkg-aarch64_cortex-a53/libubus/CONTROL 2>/dev/null)" ]; then rm -rf /home/jackie/Downloads/Askey_Spectrum_SBE1V1K/build_dir/target-aarch64_cortex-a53_musl/ubus-2026.06.28~24864e78/ipkg-aarch64_cortex-a53/libubus/CONTROL; else echo "CONTROL directory /home/jackie/Downloads/Askey_Spectrum_SBE1V1K/build_dir/target-aarch64_cortex-a53_musl/ubus-2026.06.28~24864e78/ipkg-aarch64_cortex-a53/libubus/CONTROL is not empty! This is not right and should be checked!" >&2; exit 1; fi
SOURCE_DATE_EPOCH=0 /home/jackie/Downloads/Askey_Spectrum_SBE1V1K/staging_dir/host/bin/fakeroot /home/jackie/Downloads/Askey_Spectrum_SBE1V1K/staging_dir/host/bin/apk mkpkg --info "name:libubus20260628" --info "version:2026.06.28~24864e78-r1" --info "tags:openwrt:abiversion=20260628 openwrt:section=libs" --info "description:OpenWrt RPC client library" --info "arch:aarch64_cortex-a53" --info "license:LGPL-2.1" --info "origin:feeds/base/system/ubus" --info "url:" --info "maintainer:Felix Fietkau <nbd@nbd.name>" --info "provides:libubus libubus-any" --info "provider-priority:10" --script "post-install:/home/jackie/Downloads/Askey_Spectrum_SBE1V1K/build_dir/target-aarch64_cortex-a53_musl/ubus-2026.06.28~24864e78/apk-aarch64_cortex-a53/libubus/post-install" --script "post-upgrade:/home/jackie/Downloads/Askey_Spectrum_SBE1V1K/build_dir/target-aarch64_cortex-a53_musl/ubus-2026.06.28~24864e78/apk-aarch64_cortex-a53/libubus/post-upgrade" --script "pre-deinstall:/home/jackie/Downloads/Askey_Spectrum_SBE1V1K/build_dir/target-aarch64_cortex-a53_musl/ubus-2026.06.28~24864e78/apk-aarch64_cortex-a53/libubus/pre-deinstall" --info "depends:libc libubox20260721" --files "/home/jackie/Downloads/Askey_Spectrum_SBE1V1K/build_dir/target-aarch64_cortex-a53_musl/ubus-2026.06.28~24864e78/ipkg-aarch64_cortex-a53/libubus" --sign /home/jackie/Downloads/Askey_Spectrum_SBE1V1K/private-key.pem --output "/home/jackie/Downloads/Askey_Spectrum_SBE1V1K/bin/packages/aarch64_cortex-a53/base/libubus20260628-2026.06.28~24864e78-r1.apk"
rm -rf /home/jackie/Downloads/Askey_Spectrum_SBE1V1K/build_dir/target-aarch64_cortex-a53_musl/ubus-2026.06.28~24864e78/ipkg-aarch64_cortex-a53/ubusd
mkdir -p /home/jackie/Downloads/Askey_Spectrum_SBE1V1K/bin/targets/qualcommbe/ipq95xx/packages /home/jackie/Downloads/Askey_Spectrum_SBE1V1K/build_dir/target-aarch64_cortex-a53_musl/ubus-2026.06.28~24864e78/ipkg-aarch64_cortex-a53/ubusd /home/jackie/Downloads/Askey_Spectrum_SBE1V1K/staging_dir/target-aarch64_cortex-a53_musl/pkginfo
install -d -m0755 /home/jackie/Downloads/Askey_Spectrum_SBE1V1K/build_dir/target-aarch64_cortex-a53_musl/ubus-2026.06.28~24864e78/ipkg-aarch64_cortex-a53/ubusd/sbin
cp -fpR /home/jackie/Downloads/Askey_Spectrum_SBE1V1K/build_dir/target-aarch64_cortex-a53_musl/ubus-2026.06.28~24864e78/ipkg-install/usr/sbin/ubusd /home/jackie/Downloads/Askey_Spectrum_SBE1V1K/build_dir/target-aarch64_cortex-a53_musl/ubus-2026.06.28~24864e78/ipkg-aarch64_cortex-a53/ubusd/sbin/
find /home/jackie/Downloads/Askey_Spectrum_SBE1V1K/build_dir/target-aarch64_cortex-a53_musl/ubus-2026.06.28~24864e78/ipkg-aarch64_cortex-a53/ubusd -name '.svn' -o -name '.#*' -o -name '*~'| xargs -r rm -rf
export CROSS="aarch64-openwrt-linux-musl-"  NO_RENAME=1 ; NM="aarch64-openwrt-linux-musl-nm" STRIP="/home/jackie/Downloads/Askey_Spectrum_SBE1V1K/staging_dir/host/bin/sstrip -z" STRIP_KMOD="/home/jackie/Downloads/Askey_Spectrum_SBE1V1K/scripts/strip-kmod.sh" PATCHELF="/home/jackie/Downloads/Askey_Spectrum_SBE1V1K/staging_dir/host/bin/patchelf" /home/jackie/Downloads/Askey_Spectrum_SBE1V1K/scripts/rstrip.sh /home/jackie/Downloads/Askey_Spectrum_SBE1V1K/build_dir/target-aarch64_cortex-a53_musl/ubus-2026.06.28~24864e78/ipkg-aarch64_cortex-a53/ubusd
rstrip.sh: /home/jackie/Downloads/Askey_Spectrum_SBE1V1K/build_dir/target-aarch64_cortex-a53_musl/ubus-2026.06.28~24864e78/ipkg-aarch64_cortex-a53/ubusd/sbin/ubusd: executable
install -d -m0755 /home/jackie/Downloads/Askey_Spectrum_SBE1V1K/bin/packages/aarch64_cortex-a53/base
mkdir -p /home/jackie/Downloads/Askey_Spectrum_SBE1V1K/build_dir/target-aarch64_cortex-a53_musl/ubus-2026.06.28~24864e78/apk-aarch64_cortex-a53/ubusd/
mkdir -p /home/jackie/Downloads/Askey_Spectrum_SBE1V1K/build_dir/target-aarch64_cortex-a53_musl/ubus-2026.06.28~24864e78/ipkg-aarch64_cortex-a53/ubusd/lib/apk/packages/
(cd /home/jackie/Downloads/Askey_Spectrum_SBE1V1K/build_dir/target-aarch64_cortex-a53_musl/ubus-2026.06.28~24864e78/apk-aarch64_cortex-a53/ubusd; )
( echo "#!/bin/sh"; echo "[ \"\${IPKG_NO_SCRIPT}\" = \"1\" ] && exit 0"; echo "[ -s "\${IPKG_INSTROOT}/lib/functions.sh" ] || exit 0"; echo ". \${IPKG_INSTROOT}/lib/functions.sh"; echo 'export root="${IPKG_INSTROOT}"'; echo 'export pkgname="ubusd"'; echo "add_group_and_user"; echo "default_postinst"; [ ! -f /home/jackie/Downloads/Askey_Spectrum_SBE1V1K/build_dir/target-aarch64_cortex-a53_musl/ubus-2026.06.28~24864e78/apk-aarch64_cortex-a53/ubusd/postinst-pkg ] || sed '/^\s*#!/d' "/home/jackie/Downloads/Askey_Spectrum_SBE1V1K/build_dir/target-aarch64_cortex-a53_musl/ubus-2026.06.28~24864e78/apk-aarch64_cortex-a53/ubusd/postinst-pkg"; ) > /home/jackie/Downloads/Askey_Spectrum_SBE1V1K/build_dir/target-aarch64_cortex-a53_musl/ubus-2026.06.28~24864e78/apk-aarch64_cortex-a53/ubusd/post-install;
( echo "#!/bin/sh"; echo 'export PKG_UPGRADE=1'; [ ! -f /home/jackie/Downloads/Askey_Spectrum_SBE1V1K/build_dir/target-aarch64_cortex-a53_musl/ubus-2026.06.28~24864e78/apk-aarch64_cortex-a53/ubusd/post-install ] || sed '/^\s*#!/d' "/home/jackie/Downloads/Askey_Spectrum_SBE1V1K/build_dir/target-aarch64_cortex-a53_musl/ubus-2026.06.28~24864e78/apk-aarch64_cortex-a53/ubusd/post-install"; ) > /home/jackie/Downloads/Askey_Spectrum_SBE1V1K/build_dir/target-aarch64_cortex-a53_musl/ubus-2026.06.28~24864e78/apk-aarch64_cortex-a53/ubusd/post-upgrade;
( echo "#!/bin/sh"; echo "[ -s "\${IPKG_INSTROOT}/lib/functions.sh" ] || exit 0"; echo ". \${IPKG_INSTROOT}/lib/functions.sh"; echo 'export root="${IPKG_INSTROOT}"'; echo 'export pkgname="ubusd"'; echo "default_prerm"; [ ! -f /home/jackie/Downloads/Askey_Spectrum_SBE1V1K/build_dir/target-aarch64_cortex-a53_musl/ubus-2026.06.28~24864e78/apk-aarch64_cortex-a53/ubusd/prerm-pkg ] || sed '/^\s*#!/d' "/home/jackie/Downloads/Askey_Spectrum_SBE1V1K/build_dir/target-aarch64_cortex-a53_musl/ubus-2026.06.28~24864e78/apk-aarch64_cortex-a53/ubusd/prerm-pkg"; ) > /home/jackie/Downloads/Askey_Spectrum_SBE1V1K/build_dir/target-aarch64_cortex-a53_musl/ubus-2026.06.28~24864e78/apk-aarch64_cortex-a53/ubusd/pre-deinstall;
[ ! -f /home/jackie/Downloads/Askey_Spectrum_SBE1V1K/build_dir/target-aarch64_cortex-a53_musl/ubus-2026.06.28~24864e78/apk-aarch64_cortex-a53/ubusd/postrm ] || sed -zi 's/^\s*#!/#!/' "/home/jackie/Downloads/Askey_Spectrum_SBE1V1K/build_dir/target-aarch64_cortex-a53_musl/ubus-2026.06.28~24864e78/apk-aarch64_cortex-a53/ubusd/postrm";
if [ -n "ubus=81:ubus=81" ]; then echo ubus=81:ubus=81 > /home/jackie/Downloads/Askey_Spectrum_SBE1V1K/build_dir/target-aarch64_cortex-a53_musl/ubus-2026.06.28~24864e78/ipkg-aarch64_cortex-a53/ubusd/lib/apk/packages/ubusd.rusers; fi;
if [ -n "" ]; then echo  > /home/jackie/Downloads/Askey_Spectrum_SBE1V1K/build_dir/target-aarch64_cortex-a53_musl/ubus-2026.06.28~24864e78/ipkg-aarch64_cortex-a53/ubusd/lib/apk/packages/ubusd.alternatives; fi;
(cd /home/jackie/Downloads/Askey_Spectrum_SBE1V1K/build_dir/target-aarch64_cortex-a53_musl/ubus-2026.06.28~24864e78/ipkg-aarch64_cortex-a53/ubusd && find . -type f,l -printf "/%P\n" | sort > /home/jackie/Downloads/Askey_Spectrum_SBE1V1K/tmp/ubusd.list && mv /home/jackie/Downloads/Askey_Spectrum_SBE1V1K/tmp/ubusd.list /home/jackie/Downloads/Askey_Spectrum_SBE1V1K/build_dir/target-aarch64_cortex-a53_musl/ubus-2026.06.28~24864e78/ipkg-aarch64_cortex-a53/ubusd/lib/apk/packages/ubusd.list)
# Move conffiles to IDIR and build conffiles_static with csums
if [ -f /home/jackie/Downloads/Askey_Spectrum_SBE1V1K/build_dir/target-aarch64_cortex-a53_musl/ubus-2026.06.28~24864e78/apk-aarch64_cortex-a53/ubusd/conffiles ]; then mv -f /home/jackie/Downloads/Askey_Spectrum_SBE1V1K/build_dir/target-aarch64_cortex-a53_musl/ubus-2026.06.28~24864e78/apk-aarch64_cortex-a53/ubusd/conffiles /home/jackie/Downloads/Askey_Spectrum_SBE1V1K/build_dir/target-aarch64_cortex-a53_musl/ubus-2026.06.28~24864e78/ipkg-aarch64_cortex-a53/ubusd/lib/apk/packages/ubusd.conffiles; for file in $(cat /home/jackie/Downloads/Askey_Spectrum_SBE1V1K/build_dir/target-aarch64_cortex-a53_musl/ubus-2026.06.28~24864e78/ipkg-aarch64_cortex-a53/ubusd/lib/apk/packages/ubusd.conffiles); do [ -f /home/jackie/Downloads/Askey_Spectrum_SBE1V1K/build_dir/target-aarch64_cortex-a53_musl/ubus-2026.06.28~24864e78/ipkg-aarch64_cortex-a53/ubusd/$file ] || continue; csum=$(/home/jackie/Downloads/Askey_Spectrum_SBE1V1K/staging_dir/host/bin/mkhash sha256 /home/jackie/Downloads/Askey_Spectrum_SBE1V1K/build_dir/target-aarch64_cortex-a53_musl/ubus-2026.06.28~24864e78/ipkg-aarch64_cortex-a53/ubusd/$file); echo $file $csum >> /home/jackie/Downloads/Askey_Spectrum_SBE1V1K/build_dir/target-aarch64_cortex-a53_musl/ubus-2026.06.28~24864e78/ipkg-aarch64_cortex-a53/ubusd/lib/apk/packages/ubusd.conffiles_static; done; fi
# Some package (base-files) manually append stuff to conffiles
# Append stuff from it and delete the CONTROL directory since everything else should be migrated
if [ -f /home/jackie/Downloads/Askey_Spectrum_SBE1V1K/build_dir/target-aarch64_cortex-a53_musl/ubus-2026.06.28~24864e78/ipkg-aarch64_cortex-a53/ubusd/CONTROL/conffiles ]; then echo $(IDIR_ubusd)/CONTROL/conffiles >> /home/jackie/Downloads/Askey_Spectrum_SBE1V1K/build_dir/target-aarch64_cortex-a53_musl/ubus-2026.06.28~24864e78/ipkg-aarch64_cortex-a53/ubusd/lib/apk/packages/ubusd.conffiles; for file in $(cat /home/jackie/Downloads/Askey_Spectrum_SBE1V1K/build_dir/target-aarch64_cortex-a53_musl/ubus-2026.06.28~24864e78/ipkg-aarch64_cortex-a53/ubusd/CONTROL/conffiles); do [ -f /home/jackie/Downloads/Askey_Spectrum_SBE1V1K/build_dir/target-aarch64_cortex-a53_musl/ubus-2026.06.28~24864e78/ipkg-aarch64_cortex-a53/ubusd/$file ] || continue; csum=$(/home/jackie/Downloads/Askey_Spectrum_SBE1V1K/staging_dir/host/bin/mkhash sha256 /home/jackie/Downloads/Askey_Spectrum_SBE1V1K/build_dir/target-aarch64_cortex-a53_musl/ubus-2026.06.28~24864e78/ipkg-aarch64_cortex-a53/ubusd/$file); echo $file $csum >> /home/jackie/Downloads/Askey_Spectrum_SBE1V1K/build_dir/target-aarch64_cortex-a53_musl/ubus-2026.06.28~24864e78/ipkg-aarch64_cortex-a53/ubusd/lib/apk/packages/ubusd.conffiles_static; done; rm -rf /home/jackie/Downloads/Askey_Spectrum_SBE1V1K/build_dir/target-aarch64_cortex-a53_musl/ubus-2026.06.28~24864e78/ipkg-aarch64_cortex-a53/ubusd/CONTROL/conffiles; fi
if [ -z "$(ls -A /home/jackie/Downloads/Askey_Spectrum_SBE1V1K/build_dir/target-aarch64_cortex-a53_musl/ubus-2026.06.28~24864e78/ipkg-aarch64_cortex-a53/ubusd/CONTROL 2>/dev/null)" ]; then rm -rf /home/jackie/Downloads/Askey_Spectrum_SBE1V1K/build_dir/target-aarch64_cortex-a53_musl/ubus-2026.06.28~24864e78/ipkg-aarch64_cortex-a53/ubusd/CONTROL; else echo "CONTROL directory /home/jackie/Downloads/Askey_Spectrum_SBE1V1K/build_dir/target-aarch64_cortex-a53_musl/ubus-2026.06.28~24864e78/ipkg-aarch64_cortex-a53/ubusd/CONTROL is not empty! This is not right and should be checked!" >&2; exit 1; fi
SOURCE_DATE_EPOCH=0 /home/jackie/Downloads/Askey_Spectrum_SBE1V1K/staging_dir/host/bin/fakeroot /home/jackie/Downloads/Askey_Spectrum_SBE1V1K/staging_dir/host/bin/apk mkpkg --info "name:ubusd" --info "version:2026.06.28~24864e78-r1" --info "tags:openwrt:section=base" --info "description:OpenWrt RPC daemon" --info "arch:aarch64_cortex-a53" --info "license:LGPL-2.1" --info "origin:feeds/base/system/ubus" --info "url:" --info "maintainer:Felix Fietkau <nbd@nbd.name>" --info "provides:ubusd-any"  --script "post-install:/home/jackie/Downloads/Askey_Spectrum_SBE1V1K/build_dir/target-aarch64_cortex-a53_musl/ubus-2026.06.28~24864e78/apk-aarch64_cortex-a53/ubusd/post-install" --script "post-upgrade:/home/jackie/Downloads/Askey_Spectrum_SBE1V1K/build_dir/target-aarch64_cortex-a53_musl/ubus-2026.06.28~24864e78/apk-aarch64_cortex-a53/ubusd/post-upgrade" --script "pre-deinstall:/home/jackie/Downloads/Askey_Spectrum_SBE1V1K/build_dir/target-aarch64_cortex-a53_musl/ubus-2026.06.28~24864e78/apk-aarch64_cortex-a53/ubusd/pre-deinstall" --info "depends:libc libubox20260721 libblobmsg-json20260721" --files "/home/jackie/Downloads/Askey_Spectrum_SBE1V1K/build_dir/target-aarch64_cortex-a53_musl/ubus-2026.06.28~24864e78/ipkg-aarch64_cortex-a53/ubusd" --sign /home/jackie/Downloads/Askey_Spectrum_SBE1V1K/private-key.pem --output "/home/jackie/Downloads/Askey_Spectrum_SBE1V1K/bin/packages/aarch64_cortex-a53/base/ubusd-2026.06.28~24864e78-r1.apk"
rm -rf /home/jackie/Downloads/Askey_Spectrum_SBE1V1K/build_dir/target-aarch64_cortex-a53_musl/ubus-2026.06.28~24864e78/ipkg-aarch64_cortex-a53/ubus
mkdir -p /home/jackie/Downloads/Askey_Spectrum_SBE1V1K/bin/targets/qualcommbe/ipq95xx/packages /home/jackie/Downloads/Askey_Spectrum_SBE1V1K/build_dir/target-aarch64_cortex-a53_musl/ubus-2026.06.28~24864e78/ipkg-aarch64_cortex-a53/ubus /home/jackie/Downloads/Askey_Spectrum_SBE1V1K/staging_dir/target-aarch64_cortex-a53_musl/pkginfo
install -d -m0755 /home/jackie/Downloads/Askey_Spectrum_SBE1V1K/build_dir/target-aarch64_cortex-a53_musl/ubus-2026.06.28~24864e78/ipkg-aarch64_cortex-a53/ubus/bin
cp -fpR /home/jackie/Downloads/Askey_Spectrum_SBE1V1K/build_dir/target-aarch64_cortex-a53_musl/ubus-2026.06.28~24864e78/ipkg-install/usr/bin/ubus /home/jackie/Downloads/Askey_Spectrum_SBE1V1K/build_dir/target-aarch64_cortex-a53_musl/ubus-2026.06.28~24864e78/ipkg-aarch64_cortex-a53/ubus/bin/
find /home/jackie/Downloads/Askey_Spectrum_SBE1V1K/build_dir/target-aarch64_cortex-a53_musl/ubus-2026.06.28~24864e78/ipkg-aarch64_cortex-a53/ubus -name '.svn' -o -name '.#*' -o -name '*~'| xargs -r rm -rf
export CROSS="aarch64-openwrt-linux-musl-"  NO_RENAME=1 ; NM="aarch64-openwrt-linux-musl-nm" STRIP="/home/jackie/Downloads/Askey_Spectrum_SBE1V1K/staging_dir/host/bin/sstrip -z" STRIP_KMOD="/home/jackie/Downloads/Askey_Spectrum_SBE1V1K/scripts/strip-kmod.sh" PATCHELF="/home/jackie/Downloads/Askey_Spectrum_SBE1V1K/staging_dir/host/bin/patchelf" /home/jackie/Downloads/Askey_Spectrum_SBE1V1K/scripts/rstrip.sh /home/jackie/Downloads/Askey_Spectrum_SBE1V1K/build_dir/target-aarch64_cortex-a53_musl/ubus-2026.06.28~24864e78/ipkg-aarch64_cortex-a53/ubus
rstrip.sh: /home/jackie/Downloads/Askey_Spectrum_SBE1V1K/build_dir/target-aarch64_cortex-a53_musl/ubus-2026.06.28~24864e78/ipkg-aarch64_cortex-a53/ubus/bin/ubus: executable
install -d -m0755 /home/jackie/Downloads/Askey_Spectrum_SBE1V1K/bin/packages/aarch64_cortex-a53/base
mkdir -p /home/jackie/Downloads/Askey_Spectrum_SBE1V1K/build_dir/target-aarch64_cortex-a53_musl/ubus-2026.06.28~24864e78/apk-aarch64_cortex-a53/ubus/
mkdir -p /home/jackie/Downloads/Askey_Spectrum_SBE1V1K/build_dir/target-aarch64_cortex-a53_musl/ubus-2026.06.28~24864e78/ipkg-aarch64_cortex-a53/ubus/lib/apk/packages/
(cd /home/jackie/Downloads/Askey_Spectrum_SBE1V1K/build_dir/target-aarch64_cortex-a53_musl/ubus-2026.06.28~24864e78/apk-aarch64_cortex-a53/ubus; )
( echo "#!/bin/sh"; echo "[ \"\${IPKG_NO_SCRIPT}\" = \"1\" ] && exit 0"; echo "[ -s "\${IPKG_INSTROOT}/lib/functions.sh" ] || exit 0"; echo ". \${IPKG_INSTROOT}/lib/functions.sh"; echo 'export root="${IPKG_INSTROOT}"'; echo 'export pkgname="ubus"'; echo "add_group_and_user"; echo "default_postinst"; [ ! -f /home/jackie/Downloads/Askey_Spectrum_SBE1V1K/build_dir/target-aarch64_cortex-a53_musl/ubus-2026.06.28~24864e78/apk-aarch64_cortex-a53/ubus/postinst-pkg ] || sed '/^\s*#!/d' "/home/jackie/Downloads/Askey_Spectrum_SBE1V1K/build_dir/target-aarch64_cortex-a53_musl/ubus-2026.06.28~24864e78/apk-aarch64_cortex-a53/ubus/postinst-pkg"; ) > /home/jackie/Downloads/Askey_Spectrum_SBE1V1K/build_dir/target-aarch64_cortex-a53_musl/ubus-2026.06.28~24864e78/apk-aarch64_cortex-a53/ubus/post-install;
( echo "#!/bin/sh"; echo 'export PKG_UPGRADE=1'; [ ! -f /home/jackie/Downloads/Askey_Spectrum_SBE1V1K/build_dir/target-aarch64_cortex-a53_musl/ubus-2026.06.28~24864e78/apk-aarch64_cortex-a53/ubus/post-install ] || sed '/^\s*#!/d' "/home/jackie/Downloads/Askey_Spectrum_SBE1V1K/build_dir/target-aarch64_cortex-a53_musl/ubus-2026.06.28~24864e78/apk-aarch64_cortex-a53/ubus/post-install"; ) > /home/jackie/Downloads/Askey_Spectrum_SBE1V1K/build_dir/target-aarch64_cortex-a53_musl/ubus-2026.06.28~24864e78/apk-aarch64_cortex-a53/ubus/post-upgrade;
( echo "#!/bin/sh"; echo "[ -s "\${IPKG_INSTROOT}/lib/functions.sh" ] || exit 0"; echo ". \${IPKG_INSTROOT}/lib/functions.sh"; echo 'export root="${IPKG_INSTROOT}"'; echo 'export pkgname="ubus"'; echo "default_prerm"; [ ! -f /home/jackie/Downloads/Askey_Spectrum_SBE1V1K/build_dir/target-aarch64_cortex-a53_musl/ubus-2026.06.28~24864e78/apk-aarch64_cortex-a53/ubus/prerm-pkg ] || sed '/^\s*#!/d' "/home/jackie/Downloads/Askey_Spectrum_SBE1V1K/build_dir/target-aarch64_cortex-a53_musl/ubus-2026.06.28~24864e78/apk-aarch64_cortex-a53/ubus/prerm-pkg"; ) > /home/jackie/Downloads/Askey_Spectrum_SBE1V1K/build_dir/target-aarch64_cortex-a53_musl/ubus-2026.06.28~24864e78/apk-aarch64_cortex-a53/ubus/pre-deinstall;
[ ! -f /home/jackie/Downloads/Askey_Spectrum_SBE1V1K/build_dir/target-aarch64_cortex-a53_musl/ubus-2026.06.28~24864e78/apk-aarch64_cortex-a53/ubus/postrm ] || sed -zi 's/^\s*#!/#!/' "/home/jackie/Downloads/Askey_Spectrum_SBE1V1K/build_dir/target-aarch64_cortex-a53_musl/ubus-2026.06.28~24864e78/apk-aarch64_cortex-a53/ubus/postrm";
if [ -n "" ]; then echo  > /home/jackie/Downloads/Askey_Spectrum_SBE1V1K/build_dir/target-aarch64_cortex-a53_musl/ubus-2026.06.28~24864e78/ipkg-aarch64_cortex-a53/ubus/lib/apk/packages/ubus.rusers; fi;
if [ -n "" ]; then echo  > /home/jackie/Downloads/Askey_Spectrum_SBE1V1K/build_dir/target-aarch64_cortex-a53_musl/ubus-2026.06.28~24864e78/ipkg-aarch64_cortex-a53/ubus/lib/apk/packages/ubus.alternatives; fi;
(cd /home/jackie/Downloads/Askey_Spectrum_SBE1V1K/build_dir/target-aarch64_cortex-a53_musl/ubus-2026.06.28~24864e78/ipkg-aarch64_cortex-a53/ubus && find . -type f,l -printf "/%P\n" | sort > /home/jackie/Downloads/Askey_Spectrum_SBE1V1K/tmp/ubus.list && mv /home/jackie/Downloads/Askey_Spectrum_SBE1V1K/tmp/ubus.list /home/jackie/Downloads/Askey_Spectrum_SBE1V1K/build_dir/target-aarch64_cortex-a53_musl/ubus-2026.06.28~24864e78/ipkg-aarch64_cortex-a53/ubus/lib/apk/packages/ubus.list)
# Move conffiles to IDIR and build conffiles_static with csums
if [ -f /home/jackie/Downloads/Askey_Spectrum_SBE1V1K/build_dir/target-aarch64_cortex-a53_musl/ubus-2026.06.28~24864e78/apk-aarch64_cortex-a53/ubus/conffiles ]; then mv -f /home/jackie/Downloads/Askey_Spectrum_SBE1V1K/build_dir/target-aarch64_cortex-a53_musl/ubus-2026.06.28~24864e78/apk-aarch64_cortex-a53/ubus/conffiles /home/jackie/Downloads/Askey_Spectrum_SBE1V1K/build_dir/target-aarch64_cortex-a53_musl/ubus-2026.06.28~24864e78/ipkg-aarch64_cortex-a53/ubus/lib/apk/packages/ubus.conffiles; for file in $(cat /home/jackie/Downloads/Askey_Spectrum_SBE1V1K/build_dir/target-aarch64_cortex-a53_musl/ubus-2026.06.28~24864e78/ipkg-aarch64_cortex-a53/ubus/lib/apk/packages/ubus.conffiles); do [ -f /home/jackie/Downloads/Askey_Spectrum_SBE1V1K/build_dir/target-aarch64_cortex-a53_musl/ubus-2026.06.28~24864e78/ipkg-aarch64_cortex-a53/ubus/$file ] || continue; csum=$(/home/jackie/Downloads/Askey_Spectrum_SBE1V1K/staging_dir/host/bin/mkhash sha256 /home/jackie/Downloads/Askey_Spectrum_SBE1V1K/build_dir/target-aarch64_cortex-a53_musl/ubus-2026.06.28~24864e78/ipkg-aarch64_cortex-a53/ubus/$file); echo $file $csum >> /home/jackie/Downloads/Askey_Spectrum_SBE1V1K/build_dir/target-aarch64_cortex-a53_musl/ubus-2026.06.28~24864e78/ipkg-aarch64_cortex-a53/ubus/lib/apk/packages/ubus.conffiles_static; done; fi
# Some package (base-files) manually append stuff to conffiles
# Append stuff from it and delete the CONTROL directory since everything else should be migrated
if [ -f /home/jackie/Downloads/Askey_Spectrum_SBE1V1K/build_dir/target-aarch64_cortex-a53_musl/ubus-2026.06.28~24864e78/ipkg-aarch64_cortex-a53/ubus/CONTROL/conffiles ]; then echo $(IDIR_ubus)/CONTROL/conffiles >> /home/jackie/Downloads/Askey_Spectrum_SBE1V1K/build_dir/target-aarch64_cortex-a53_musl/ubus-2026.06.28~24864e78/ipkg-aarch64_cortex-a53/ubus/lib/apk/packages/ubus.conffiles; for file in $(cat /home/jackie/Downloads/Askey_Spectrum_SBE1V1K/build_dir/target-aarch64_cortex-a53_musl/ubus-2026.06.28~24864e78/ipkg-aarch64_cortex-a53/ubus/CONTROL/conffiles); do [ -f /home/jackie/Downloads/Askey_Spectrum_SBE1V1K/build_dir/target-aarch64_cortex-a53_musl/ubus-2026.06.28~24864e78/ipkg-aarch64_cortex-a53/ubus/$file ] || continue; csum=$(/home/jackie/Downloads/Askey_Spectrum_SBE1V1K/staging_dir/host/bin/mkhash sha256 /home/jackie/Downloads/Askey_Spectrum_SBE1V1K/build_dir/target-aarch64_cortex-a53_musl/ubus-2026.06.28~24864e78/ipkg-aarch64_cortex-a53/ubus/$file); echo $file $csum >> /home/jackie/Downloads/Askey_Spectrum_SBE1V1K/build_dir/target-aarch64_cortex-a53_musl/ubus-2026.06.28~24864e78/ipkg-aarch64_cortex-a53/ubus/lib/apk/packages/ubus.conffiles_static; done; rm -rf /home/jackie/Downloads/Askey_Spectrum_SBE1V1K/build_dir/target-aarch64_cortex-a53_musl/ubus-2026.06.28~24864e78/ipkg-aarch64_cortex-a53/ubus/CONTROL/conffiles; fi
if [ -z "$(ls -A /home/jackie/Downloads/Askey_Spectrum_SBE1V1K/build_dir/target-aarch64_cortex-a53_musl/ubus-2026.06.28~24864e78/ipkg-aarch64_cortex-a53/ubus/CONTROL 2>/dev/null)" ]; then rm -rf /home/jackie/Downloads/Askey_Spectrum_SBE1V1K/build_dir/target-aarch64_cortex-a53_musl/ubus-2026.06.28~24864e78/ipkg-aarch64_cortex-a53/ubus/CONTROL; else echo "CONTROL directory /home/jackie/Downloads/Askey_Spectrum_SBE1V1K/build_dir/target-aarch64_cortex-a53_musl/ubus-2026.06.28~24864e78/ipkg-aarch64_cortex-a53/ubus/CONTROL is not empty! This is not right and should be checked!" >&2; exit 1; fi
SOURCE_DATE_EPOCH=0 /home/jackie/Downloads/Askey_Spectrum_SBE1V1K/staging_dir/host/bin/fakeroot /home/jackie/Downloads/Askey_Spectrum_SBE1V1K/staging_dir/host/bin/apk mkpkg --info "name:ubus" --info "version:2026.06.28~24864e78-r1" --info "tags:openwrt:section=base" --info "description:OpenWrt RPC client utility" --info "arch:aarch64_cortex-a53" --info "license:LGPL-2.1" --info "origin:feeds/base/system/ubus" --info "url:" --info "maintainer:Felix Fietkau <nbd@nbd.name>" --info "provides:ubus-any"  --script "post-install:/home/jackie/Downloads/Askey_Spectrum_SBE1V1K/build_dir/target-aarch64_cortex-a53_musl/ubus-2026.06.28~24864e78/apk-aarch64_cortex-a53/ubus/post-install" --script "post-upgrade:/home/jackie/Downloads/Askey_Spectrum_SBE1V1K/build_dir/target-aarch64_cortex-a53_musl/ubus-2026.06.28~24864e78/apk-aarch64_cortex-a53/ubus/post-upgrade" --script "pre-deinstall:/home/jackie/Downloads/Askey_Spectrum_SBE1V1K/build_dir/target-aarch64_cortex-a53_musl/ubus-2026.06.28~24864e78/apk-aarch64_cortex-a53/ubus/pre-deinstall" --info "depends:libc libubus20260628 libblobmsg-json20260721 ubusd" --files "/home/jackie/Downloads/Askey_Spectrum_SBE1V1K/build_dir/target-aarch64_cortex-a53_musl/ubus-2026.06.28~24864e78/ipkg-aarch64_cortex-a53/ubus" --sign /home/jackie/Downloads/Askey_Spectrum_SBE1V1K/private-key.pem --output "/home/jackie/Downloads/Askey_Spectrum_SBE1V1K/bin/packages/aarch64_cortex-a53/base/ubus-2026.06.28~24864e78-r1.apk"
rm -rf /home/jackie/Downloads/Askey_Spectrum_SBE1V1K/build_dir/target-aarch64_cortex-a53_musl/ubus-2026.06.28~24864e78/.pkgdir/libubus.installed /home/jackie/Downloads/Askey_Spectrum_SBE1V1K/build_dir/target-aarch64_cortex-a53_musl/ubus-2026.06.28~24864e78/.pkgdir/libubus
mkdir -p /home/jackie/Downloads/Askey_Spectrum_SBE1V1K/build_dir/target-aarch64_cortex-a53_musl/ubus-2026.06.28~24864e78/.pkgdir/libubus
install -d -m0755 /home/jackie/Downloads/Askey_Spectrum_SBE1V1K/build_dir/target-aarch64_cortex-a53_musl/ubus-2026.06.28~24864e78/.pkgdir/libubus/lib
cp -fpR /home/jackie/Downloads/Askey_Spectrum_SBE1V1K/build_dir/target-aarch64_cortex-a53_musl/ubus-2026.06.28~24864e78/ipkg-install/usr/lib/libubus.so.* /home/jackie/Downloads/Askey_Spectrum_SBE1V1K/build_dir/target-aarch64_cortex-a53_musl/ubus-2026.06.28~24864e78/.pkgdir/libubus/lib/
touch /home/jackie/Downloads/Askey_Spectrum_SBE1V1K/build_dir/target-aarch64_cortex-a53_musl/ubus-2026.06.28~24864e78/.pkgdir/libubus.installed
mkdir -p /home/jackie/Downloads/Askey_Spectrum_SBE1V1K/staging_dir/target-aarch64_cortex-a53_musl/root-qualcommbe/stamp
echo '20260628' | cmp -s - /home/jackie/Downloads/Askey_Spectrum_SBE1V1K/staging_dir/target-aarch64_cortex-a53_musl/pkginfo/libubus.version || { mkdir -p /home/jackie/Downloads/Askey_Spectrum_SBE1V1K/staging_dir/target-aarch64_cortex-a53_musl/pkginfo; echo '20260628' > /home/jackie/Downloads/Askey_Spectrum_SBE1V1K/staging_dir/target-aarch64_cortex-a53_musl/pkginfo/libubus.version;  cp /home/jackie/Downloads/Askey_Spectrum_SBE1V1K/staging_dir/target-aarch64_cortex-a53_musl/pkginfo/libubus.version /home/jackie/Downloads/Askey_Spectrum_SBE1V1K/staging_dir/target-aarch64_cortex-a53_musl/pkginfo/libubus-any.version;  } 
SHELL= flock /home/jackie/Downloads/Askey_Spectrum_SBE1V1K/tmp/.root-copy.flock -c 'cp -fpR /home/jackie/Downloads/Askey_Spectrum_SBE1V1K/build_dir/target-aarch64_cortex-a53_musl/ubus-2026.06.28~24864e78/.pkgdir/libubus/. /home/jackie/Downloads/Askey_Spectrum_SBE1V1K/staging_dir/target-aarch64_cortex-a53_musl/root-qualcommbe/'
touch /home/jackie/Downloads/Askey_Spectrum_SBE1V1K/staging_dir/target-aarch64_cortex-a53_musl/root-qualcommbe/stamp/.libubus_installed
echo "libubus" >> /home/jackie/Downloads/Askey_Spectrum_SBE1V1K/staging_dir/target-aarch64_cortex-a53_musl/pkginfo/ubus.default.install
rm -rf /home/jackie/Downloads/Askey_Spectrum_SBE1V1K/tmp/stage-ubus
mkdir -p /home/jackie/Downloads/Askey_Spectrum_SBE1V1K/tmp/stage-ubus/host /home/jackie/Downloads/Askey_Spectrum_SBE1V1K/staging_dir/target-aarch64_cortex-a53_musl/packages
install -d -m0755 /home/jackie/Downloads/Askey_Spectrum_SBE1V1K/tmp/stage-ubus
cp -fpR /home/jackie/Downloads/Askey_Spectrum_SBE1V1K/build_dir/target-aarch64_cortex-a53_musl/ubus-2026.06.28~24864e78/ipkg-install/* /home/jackie/Downloads/Askey_Spectrum_SBE1V1K/tmp/stage-ubus/
find /home/jackie/Downloads/Askey_Spectrum_SBE1V1K/tmp/stage-ubus -name '*.la' | xargs -r rm -f; 
if [ -f /home/jackie/Downloads/Askey_Spectrum_SBE1V1K/staging_dir/target-aarch64_cortex-a53_musl/packages/ubus.list ]; then /home/jackie/Downloads/Askey_Spectrum_SBE1V1K/scripts/clean-package.sh "/home/jackie/Downloads/Askey_Spectrum_SBE1V1K/staging_dir/target-aarch64_cortex-a53_musl/packages/ubus.list" "/home/jackie/Downloads/Askey_Spectrum_SBE1V1K/staging_dir/target-aarch64_cortex-a53_musl"; fi
if [ -d /home/jackie/Downloads/Askey_Spectrum_SBE1V1K/tmp/stage-ubus ]; then (cd /home/jackie/Downloads/Askey_Spectrum_SBE1V1K/tmp/stage-ubus; find ./ > /home/jackie/Downloads/Askey_Spectrum_SBE1V1K/tmp/stage-ubus.files); 	SHELL= flock /home/jackie/Downloads/Askey_Spectrum_SBE1V1K/tmp/.staging-dir.flock -c ' mv /home/jackie/Downloads/Askey_Spectrum_SBE1V1K/tmp/stage-ubus.files /home/jackie/Downloads/Askey_Spectrum_SBE1V1K/staging_dir/target-aarch64_cortex-a53_musl/packages/ubus.list && cp -fpR /home/jackie/Downloads/Askey_Spectrum_SBE1V1K/tmp/stage-ubus/* /home/jackie/Downloads/Askey_Spectrum_SBE1V1K/staging_dir/target-aarch64_cortex-a53_musl/; '; fi
rm -rf /home/jackie/Downloads/Askey_Spectrum_SBE1V1K/tmp/stage-ubus
touch /home/jackie/Downloads/Askey_Spectrum_SBE1V1K/staging_dir/target-aarch64_cortex-a53_musl/stamp/.ubus_installed
rm -rf /home/jackie/Downloads/Askey_Spectrum_SBE1V1K/build_dir/target-aarch64_cortex-a53_musl/ubus-2026.06.28~24864e78/.pkgdir/ubus.installed /home/jackie/Downloads/Askey_Spectrum_SBE1V1K/build_dir/target-aarch64_cortex-a53_musl/ubus-2026.06.28~24864e78/.pkgdir/ubus
mkdir -p /home/jackie/Downloads/Askey_Spectrum_SBE1V1K/build_dir/target-aarch64_cortex-a53_musl/ubus-2026.06.28~24864e78/.pkgdir/ubus
install -d -m0755 /home/jackie/Downloads/Askey_Spectrum_SBE1V1K/build_dir/target-aarch64_cortex-a53_musl/ubus-2026.06.28~24864e78/.pkgdir/ubus/bin
cp -fpR /home/jackie/Downloads/Askey_Spectrum_SBE1V1K/build_dir/target-aarch64_cortex-a53_musl/ubus-2026.06.28~24864e78/ipkg-install/usr/bin/ubus /home/jackie/Downloads/Askey_Spectrum_SBE1V1K/build_dir/target-aarch64_cortex-a53_musl/ubus-2026.06.28~24864e78/.pkgdir/ubus/bin/
touch /home/jackie/Downloads/Askey_Spectrum_SBE1V1K/build_dir/target-aarch64_cortex-a53_musl/ubus-2026.06.28~24864e78/.pkgdir/ubus.installed
rm -rf /home/jackie/Downloads/Askey_Spectrum_SBE1V1K/build_dir/target-aarch64_cortex-a53_musl/ubus-2026.06.28~24864e78/.pkgdir/ubusd.installed /home/jackie/Downloads/Askey_Spectrum_SBE1V1K/build_dir/target-aarch64_cortex-a53_musl/ubus-2026.06.28~24864e78/.pkgdir/ubusd
mkdir -p /home/jackie/Downloads/Askey_Spectrum_SBE1V1K/build_dir/target-aarch64_cortex-a53_musl/ubus-2026.06.28~24864e78/.pkgdir/ubusd
install -d -m0755 /home/jackie/Downloads/Askey_Spectrum_SBE1V1K/build_dir/target-aarch64_cortex-a53_musl/ubus-2026.06.28~24864e78/.pkgdir/ubusd/sbin
cp -fpR /home/jackie/Downloads/Askey_Spectrum_SBE1V1K/build_dir/target-aarch64_cortex-a53_musl/ubus-2026.06.28~24864e78/ipkg-install/usr/sbin/ubusd /home/jackie/Downloads/Askey_Spectrum_SBE1V1K/build_dir/target-aarch64_cortex-a53_musl/ubus-2026.06.28~24864e78/.pkgdir/ubusd/sbin/
touch /home/jackie/Downloads/Askey_Spectrum_SBE1V1K/build_dir/target-aarch64_cortex-a53_musl/ubus-2026.06.28~24864e78/.pkgdir/ubusd.installed
mkdir -p /home/jackie/Downloads/Askey_Spectrum_SBE1V1K/staging_dir/target-aarch64_cortex-a53_musl/root-qualcommbe/stamp
SHELL= flock /home/jackie/Downloads/Askey_Spectrum_SBE1V1K/tmp/.root-copy.flock -c 'cp -fpR /home/jackie/Downloads/Askey_Spectrum_SBE1V1K/build_dir/target-aarch64_cortex-a53_musl/ubus-2026.06.28~24864e78/.pkgdir/ubus/. /home/jackie/Downloads/Askey_Spectrum_SBE1V1K/staging_dir/target-aarch64_cortex-a53_musl/root-qualcommbe/'
touch /home/jackie/Downloads/Askey_Spectrum_SBE1V1K/staging_dir/target-aarch64_cortex-a53_musl/root-qualcommbe/stamp/.ubus_installed
echo "ubus" >> /home/jackie/Downloads/Askey_Spectrum_SBE1V1K/staging_dir/target-aarch64_cortex-a53_musl/pkginfo/ubus.default.install
mkdir -p /home/jackie/Downloads/Askey_Spectrum_SBE1V1K/staging_dir/target-aarch64_cortex-a53_musl/root-qualcommbe/stamp
SHELL= flock /home/jackie/Downloads/Askey_Spectrum_SBE1V1K/tmp/.root-copy.flock -c 'cp -fpR /home/jackie/Downloads/Askey_Spectrum_SBE1V1K/build_dir/target-aarch64_cortex-a53_musl/ubus-2026.06.28~24864e78/.pkgdir/ubusd/. /home/jackie/Downloads/Askey_Spectrum_SBE1V1K/staging_dir/target-aarch64_cortex-a53_musl/root-qualcommbe/'
touch /home/jackie/Downloads/Askey_Spectrum_SBE1V1K/staging_dir/target-aarch64_cortex-a53_musl/root-qualcommbe/stamp/.ubusd_installed
echo "ubusd" >> /home/jackie/Downloads/Askey_Spectrum_SBE1V1K/staging_dir/target-aarch64_cortex-a53_musl/pkginfo/ubus.default.install
make[3]: Leaving directory '/home/jackie/Downloads/Askey_Spectrum_SBE1V1K/package/system/ubus'
time: package/system/ubus/compile#3.82#1.13#4.87
make[3]: Entering directory '/home/jackie/Downloads/Askey_Spectrum_SBE1V1K/package/libs/libmd'
make[3]: Leaving directory '/home/jackie/Downloads/Askey_Spectrum_SBE1V1K/package/libs/libmd'
time: package/libs/libmd/compile#0.10#0.06#0.15
make[3]: Entering directory '/home/jackie/Downloads/Askey_Spectrum_SBE1V1K/package/libs/zlib'
mkdir -p /home/jackie/Downloads/Askey_Spectrum_SBE1V1K/staging_dir/target-aarch64_cortex-a53_musl/root-qualcommbe/stamp
SHELL= flock /home/jackie/Downloads/Askey_Spectrum_SBE1V1K/tmp/.root-copy.flock -c 'cp -fpR /home/jackie/Downloads/Askey_Spectrum_SBE1V1K/build_dir/target-aarch64_cortex-a53_musl/zlib-1.3.2/.pkgdir/zlib/. /home/jackie/Downloads/Askey_Spectrum_SBE1V1K/staging_dir/target-aarch64_cortex-a53_musl/root-qualcommbe/'
touch /home/jackie/Downloads/Askey_Spectrum_SBE1V1K/staging_dir/target-aarch64_cortex-a53_musl/root-qualcommbe/stamp/.zlib_installed
echo "zlib" >> /home/jackie/Downloads/Askey_Spectrum_SBE1V1K/staging_dir/target-aarch64_cortex-a53_musl/pkginfo/zlib.default.install
make[3]: Leaving directory '/home/jackie/Downloads/Askey_Spectrum_SBE1V1K/package/libs/zlib'
time: package/libs/zlib/compile#0.11#0.09#0.19
make[3]: Entering directory '/home/jackie/Downloads/Askey_Spectrum_SBE1V1K/package/system/uci'
touch /home/jackie/Downloads/Askey_Spectrum_SBE1V1K/build_dir/target-aarch64_cortex-a53_musl/uci-2025.12.02~66127cd7/.prepared_57aedd2c858ab60c19ab31f18e5da167_6664517399ebbbc92a37c5bb081b5c53_check
. /home/jackie/Downloads/Askey_Spectrum_SBE1V1K/include/shell.sh; zstdcat /home/jackie/Downloads/Askey_Spectrum_SBE1V1K/dl/uci-2025.12.02~66127cd7.tar.zst | tar -C /home/jackie/Downloads/Askey_Spectrum_SBE1V1K/build_dir/target-aarch64_cortex-a53_musl/uci-2025.12.02~66127cd7/.. -xf -
find /home/jackie/Downloads/Askey_Spectrum_SBE1V1K/build_dir/target-aarch64_cortex-a53_musl/uci-2025.12.02~66127cd7 -mindepth 1 -type f -not -name '.*' -not -name 'version.date' -printf '%T@\n' 2>/dev/null | cut -d. -f1 | sort -n | tail -n1 > /home/jackie/Downloads/Askey_Spectrum_SBE1V1K/build_dir/target-aarch64_cortex-a53_musl/uci-2025.12.02~66127cd7/version.date
[ ! -d ./src/ ] || cp -fpR ./src/. /home/jackie/Downloads/Askey_Spectrum_SBE1V1K/build_dir/target-aarch64_cortex-a53_musl/uci-2025.12.02~66127cd7
touch /home/jackie/Downloads/Askey_Spectrum_SBE1V1K/build_dir/target-aarch64_cortex-a53_musl/uci-2025.12.02~66127cd7/.prepared_57aedd2c858ab60c19ab31f18e5da167_6664517399ebbbc92a37c5bb081b5c53
rm -f /home/jackie/Downloads/Askey_Spectrum_SBE1V1K/build_dir/target-aarch64_cortex-a53_musl/uci-2025.12.02~66127cd7/.configured_*
rm -f /home/jackie/Downloads/Askey_Spectrum_SBE1V1K/staging_dir/target-aarch64_cortex-a53_musl/stamp/.uci_installed
mkdir -p /home/jackie/Downloads/Askey_Spectrum_SBE1V1K/build_dir/target-aarch64_cortex-a53_musl/uci-2025.12.02~66127cd7
(cd /home/jackie/Downloads/Askey_Spectrum_SBE1V1K/build_dir/target-aarch64_cortex-a53_musl/uci-2025.12.02~66127cd7; CFLAGS="-O2 -pipe -mcpu=cortex-a73 -fno-caller-saves -fno-plt -fhonour-copts -fmacro-prefix-map=/home/jackie/Downloads/Askey_Spectrum_SBE1V1K/build_dir/target-aarch64_cortex-a53_musl/uci-2025.12.02~66127cd7=uci-2025.12.02~66127cd7 -Wl,-z,max-page-size=4096 -Wformat -Werror=format-security -fstack-protector -D_FORTIFY_SOURCE=1 -Wl,-z,now -Wl,-z,relro -Wl,-z,pack-relative-relocs -I/home/jackie/Downloads/Askey_Spectrum_SBE1V1K/staging_dir/target-aarch64_cortex-a53_musl/usr/include  -I/home/jackie/Downloads/Askey_Spectrum_SBE1V1K/staging_dir/toolchain-aarch64_cortex-a53_gcc-14.4.0_musl/usr/include -I/home/jackie/Downloads/Askey_Spectrum_SBE1V1K/staging_dir/toolchain-aarch64_cortex-a53_gcc-14.4.0_musl/include -I/home/jackie/Downloads/Askey_Spectrum_SBE1V1K/staging_dir/toolchain-aarch64_cortex-a53_gcc-14.4.0_musl/include/fortify " CXXFLAGS="-O2 -pipe -mcpu=cortex-a73 -fno-caller-saves -fno-plt -fhonour-copts -fmacro-prefix-map=/home/jackie/Downloads/Askey_Spectrum_SBE1V1K/build_dir/target-aarch64_cortex-a53_musl/uci-2025.12.02~66127cd7=uci-2025.12.02~66127cd7 -Wl,-z,max-page-size=4096 -Wformat -Werror=format-security -fstack-protector -D_FORTIFY_SOURCE=1 -Wl,-z,now -Wl,-z,relro -Wl,-z,pack-relative-relocs -I/home/jackie/Downloads/Askey_Spectrum_SBE1V1K/staging_dir/target-aarch64_cortex-a53_musl/usr/include  -I/home/jackie/Downloads/Askey_Spectrum_SBE1V1K/staging_dir/toolchain-aarch64_cortex-a53_gcc-14.4.0_musl/usr/include -I/home/jackie/Downloads/Askey_Spectrum_SBE1V1K/staging_dir/toolchain-aarch64_cortex-a53_gcc-14.4.0_musl/include -I/home/jackie/Downloads/Askey_Spectrum_SBE1V1K/staging_dir/toolchain-aarch64_cortex-a53_gcc-14.4.0_musl/include/fortify " LDFLAGS="-L/home/jackie/Downloads/Askey_Spectrum_SBE1V1K/staging_dir/toolchain-aarch64_cortex-a53_gcc-14.4.0_musl/usr/lib -L/home/jackie/Downloads/Askey_Spectrum_SBE1V1K/staging_dir/toolchain-aarch64_cortex-a53_gcc-14.4.0_musl/lib -fuse-ld=bfd -zmax-page-size=4096 -znow -zrelro -zpack-relative-relocs -L/home/jackie/Downloads/Askey_Spectrum_SBE1V1K/staging_dir/target-aarch64_cortex-a53_musl/usr/lib " cmake --no-warn-unused-cli -DCMAKE_SYSTEM_NAME=Linux -DCMAKE_SYSTEM_VERSION=1 -DCMAKE_SYSTEM_PROCESSOR=aarch64 -DCMAKE_BUILD_TYPE=Release -DCMAKE_C_FLAGS_RELEASE="-DNDEBUG" -DCMAKE_CXX_FLAGS_RELEASE="-DNDEBUG" -DCMAKE_C_COMPILER_LAUNCHER="" -DCMAKE_C_COMPILER="/home/jackie/Downloads/Askey_Spectrum_SBE1V1K/staging_dir/toolchain-aarch64_cortex-a53_gcc-14.4.0_musl/bin/aarch64-openwrt-linux-musl-gcc" -DCMAKE_CXX_COMPILER_LAUNCHER="" -DCMAKE_CXX_COMPILER="/home/jackie/Downloads/Askey_Spectrum_SBE1V1K/staging_dir/toolchain-aarch64_cortex-a53_gcc-14.4.0_musl/bin/aarch64-openwrt-linux-musl-g++" -DCMAKE_ASM_COMPILER_LAUNCHER="" -DCMAKE_ASM_COMPILER="/home/jackie/Downloads/Askey_Spectrum_SBE1V1K/staging_dir/toolchain-aarch64_cortex-a53_gcc-14.4.0_musl/bin/aarch64-openwrt-linux-musl-gcc" -DCMAKE_EXE_LINKER_FLAGS:STRING="-L/home/jackie/Downloads/Askey_Spectrum_SBE1V1K/staging_dir/toolchain-aarch64_cortex-a53_gcc-14.4.0_musl/usr/lib -L/home/jackie/Downloads/Askey_Spectrum_SBE1V1K/staging_dir/toolchain-aarch64_cortex-a53_gcc-14.4.0_musl/lib -fuse-ld=bfd -zmax-page-size=4096 -znow -zrelro -zpack-relative-relocs -L/home/jackie/Downloads/Askey_Spectrum_SBE1V1K/staging_dir/target-aarch64_cortex-a53_musl/usr/lib" -DCMAKE_MODULE_LINKER_FLAGS:STRING="-L/home/jackie/Downloads/Askey_Spectrum_SBE1V1K/staging_dir/toolchain-aarch64_cortex-a53_gcc-14.4.0_musl/usr/lib -L/home/jackie/Downloads/Askey_Spectrum_SBE1V1K/staging_dir/toolchain-aarch64_cortex-a53_gcc-14.4.0_musl/lib -fuse-ld=bfd -zmax-page-size=4096 -znow -zrelro -zpack-relative-relocs -L/home/jackie/Downloads/Askey_Spectrum_SBE1V1K/staging_dir/target-aarch64_cortex-a53_musl/usr/lib -Wl,-Bsymbolic-functions" -DCMAKE_SHARED_LINKER_FLAGS:STRING="-L/home/jackie/Downloads/Askey_Spectrum_SBE1V1K/staging_dir/toolchain-aarch64_cortex-a53_gcc-14.4.0_musl/usr/lib -L/home/jackie/Downloads/Askey_Spectrum_SBE1V1K/staging_dir/toolchain-aarch64_cortex-a53_gcc-14.4.0_musl/lib -fuse-ld=bfd -zmax-page-size=4096 -znow -zrelro -zpack-relative-relocs -L/home/jackie/Downloads/Askey_Spectrum_SBE1V1K/staging_dir/target-aarch64_cortex-a53_musl/usr/lib -Wl,-Bsymbolic-functions" -DCMAKE_AR="/home/jackie/Downloads/Askey_Spectrum_SBE1V1K/staging_dir/toolchain-aarch64_cortex-a53_gcc-14.4.0_musl/bin/aarch64-openwrt-linux-musl-gcc-ar" -DCMAKE_NM="/home/jackie/Downloads/Askey_Spectrum_SBE1V1K/staging_dir/toolchain-aarch64_cortex-a53_gcc-14.4.0_musl/bin/aarch64-openwrt-linux-musl-gcc-nm" -DCMAKE_RANLIB="/home/jackie/Downloads/Askey_Spectrum_SBE1V1K/staging_dir/toolchain-aarch64_cortex-a53_gcc-14.4.0_musl/bin/aarch64-openwrt-linux-musl-gcc-ranlib" -DCMAKE_FIND_ROOT_PATH="/home/jackie/Downloads/Askey_Spectrum_SBE1V1K/staging_dir/target-aarch64_cortex-a53_musl/usr;/home/jackie/Downloads/Askey_Spectrum_SBE1V1K/staging_dir/toolchain-aarch64_cortex-a53_gcc-14.4.0_musl" -DCMAKE_FIND_ROOT_PATH_MODE_PROGRAM=NEVER -DCMAKE_FIND_ROOT_PATH_MODE_LIBRARY=ONLY -DCMAKE_FIND_ROOT_PATH_MODE_INCLUDE=ONLY -DCMAKE_STRIP=: -DCMAKE_INSTALL_PREFIX=/usr -DDL_LIBRARY=/home/jackie/Downloads/Askey_Spectrum_SBE1V1K/staging_dir/target-aarch64_cortex-a53_musl -DCMAKE_PREFIX_PATH=/home/jackie/Downloads/Askey_Spectrum_SBE1V1K/staging_dir/target-aarch64_cortex-a53_musl -DCMAKE_SKIP_RPATH=TRUE -DCMAKE_EXPORT_PACKAGE_REGISTRY=FALSE -DCMAKE_EXPORT_NO_PACKAGE_REGISTRY=TRUE -DCMAKE_FIND_USE_PACKAGE_REGISTRY=FALSE -DCMAKE_FIND_PACKAGE_NO_PACKAGE_REGISTRY=TRUE -DCMAKE_FIND_USE_SYSTEM_PACKAGE_REGISTRY=FALSE -DCMAKE_FIND_PACKAGE_NO_SYSTEM_PACKAGE_REGISTRY=TRUE -DCMAKE_GENERATOR="Ninja" -DLUAPATH=/usr/lib/lua -DABIVERSION=20250120  /home/jackie/Downloads/Askey_Spectrum_SBE1V1K/build_dir/target-aarch64_cortex-a53_musl/uci-2025.12.02~66127cd7 )
The --no-warn-unused-cli option is deprecated.  Use -Wno-unused-cli instead.
-- The C compiler identification is GNU 14.4.0
-- Detecting C compiler ABI info
-- Detecting C compiler ABI info - done
-- Check for working C compiler: /home/jackie/Downloads/Askey_Spectrum_SBE1V1K/staging_dir/toolchain-aarch64_cortex-a53_gcc-14.4.0_musl/bin/aarch64-openwrt-linux-musl-gcc - skipped
-- Detecting C compile features
-- Detecting C compile features - done
-- Found PkgConfig: /home/jackie/Downloads/Askey_Spectrum_SBE1V1K/staging_dir/host/bin/pkg-config (found version "2.5.1")
-- Checking for one of the modules 'lua5.1;lua-5.1'
-- Configuring done (0.2s)
-- Generating done (0.0s)
-- Build files have been written to: /home/jackie/Downloads/Askey_Spectrum_SBE1V1K/build_dir/target-aarch64_cortex-a53_musl/uci-2025.12.02~66127cd7
touch /home/jackie/Downloads/Askey_Spectrum_SBE1V1K/build_dir/target-aarch64_cortex-a53_musl/uci-2025.12.02~66127cd7/.configured_68b329da9893e34099c7d8ad5cb9c940
rm -f /home/jackie/Downloads/Askey_Spectrum_SBE1V1K/build_dir/target-aarch64_cortex-a53_musl/uci-2025.12.02~66127cd7/.built
touch /home/jackie/Downloads/Askey_Spectrum_SBE1V1K/build_dir/target-aarch64_cortex-a53_musl/uci-2025.12.02~66127cd7/.built_check
MAKEFLAGS="" /home/jackie/Downloads/Askey_Spectrum_SBE1V1K/staging_dir/host/bin/ninja  -j1 -C /home/jackie/Downloads/Askey_Spectrum_SBE1V1K/build_dir/target-aarch64_cortex-a53_musl/uci-2025.12.02~66127cd7 
ninja: Entering directory `/home/jackie/Downloads/Askey_Spectrum_SBE1V1K/build_dir/target-aarch64_cortex-a53_musl/uci-2025.12.02~66127cd7'
[1/21] Building C object CMakeFiles/uci.dir/libuci.c.o
[2/21] Building C object CMakeFiles/uci.dir/file.c.o
[3/21] Building C object CMakeFiles/uci.dir/util.c.o
[4/21] Building C object CMakeFiles/uci.dir/delta.c.o
[5/21] Building C object CMakeFiles/uci.dir/parse.c.o
[6/21] Building C object CMakeFiles/uci.dir/blob.c.o
[7/21] Linking C shared library libuci.so.20250120
[8/21] Creating library symlink libuci.so
[9/21] Building C object CMakeFiles/uci-static.dir/libuci.c.o
[10/21] Building C object CMakeFiles/uci-static.dir/file.c.o
[11/21] Building C object CMakeFiles/uci-static.dir/util.c.o
[12/21] Building C object CMakeFiles/uci-static.dir/delta.c.o
[13/21] Building C object CMakeFiles/uci-static.dir/parse.c.o
[14/21] Building C object CMakeFiles/uci-static.dir/blob.c.o
[15/21] Building C object CMakeFiles/cli.dir/cli.c.o
[16/21] Building C object CMakeFiles/ucimap.dir/ucimap.c.o
[17/21] Building C object lua/CMakeFiles/uci_lua.dir/uci.c.o
[18/21] Linking C static library libuci.a
[19/21] Linking C executable uci
[20/21] Linking C static library libucimap.a
[21/21] Linking C shared module lua/uci.so
DESTDIR="/home/jackie/Downloads/Askey_Spectrum_SBE1V1K/build_dir/target-aarch64_cortex-a53_musl/uci-2025.12.02~66127cd7/ipkg-install" MAKEFLAGS="" /home/jackie/Downloads/Askey_Spectrum_SBE1V1K/staging_dir/host/bin/ninja  -j1 -C /home/jackie/Downloads/Askey_Spectrum_SBE1V1K/build_dir/target-aarch64_cortex-a53_musl/uci-2025.12.02~66127cd7 install
ninja: Entering directory `/home/jackie/Downloads/Askey_Spectrum_SBE1V1K/build_dir/target-aarch64_cortex-a53_musl/uci-2025.12.02~66127cd7'
[0/1] Install the project...
-- Install configuration: "Release"
-- Installing: /home/jackie/Downloads/Askey_Spectrum_SBE1V1K/build_dir/target-aarch64_cortex-a53_musl/uci-2025.12.02~66127cd7/ipkg-install/usr/include/uci.h
-- Installing: /home/jackie/Downloads/Askey_Spectrum_SBE1V1K/build_dir/target-aarch64_cortex-a53_musl/uci-2025.12.02~66127cd7/ipkg-install/usr/include/uci_config.h
-- Installing: /home/jackie/Downloads/Askey_Spectrum_SBE1V1K/build_dir/target-aarch64_cortex-a53_musl/uci-2025.12.02~66127cd7/ipkg-install/usr/include/uci_blob.h
-- Installing: /home/jackie/Downloads/Askey_Spectrum_SBE1V1K/build_dir/target-aarch64_cortex-a53_musl/uci-2025.12.02~66127cd7/ipkg-install/usr/include/ucimap.h
-- Installing: /home/jackie/Downloads/Askey_Spectrum_SBE1V1K/build_dir/target-aarch64_cortex-a53_musl/uci-2025.12.02~66127cd7/ipkg-install/usr/lib/libuci.so.20250120
-- Installing: /home/jackie/Downloads/Askey_Spectrum_SBE1V1K/build_dir/target-aarch64_cortex-a53_musl/uci-2025.12.02~66127cd7/ipkg-install/usr/lib/libuci.so
-- Installing: /home/jackie/Downloads/Askey_Spectrum_SBE1V1K/build_dir/target-aarch64_cortex-a53_musl/uci-2025.12.02~66127cd7/ipkg-install/usr/bin/uci
-- Installing: /home/jackie/Downloads/Askey_Spectrum_SBE1V1K/build_dir/target-aarch64_cortex-a53_musl/uci-2025.12.02~66127cd7/ipkg-install/usr/lib/lua/uci.so
touch /home/jackie/Downloads/Askey_Spectrum_SBE1V1K/build_dir/target-aarch64_cortex-a53_musl/uci-2025.12.02~66127cd7/.built
rm -rf /home/jackie/Downloads/Askey_Spectrum_SBE1V1K/build_dir/target-aarch64_cortex-a53_musl/uci-2025.12.02~66127cd7/ipkg-aarch64_cortex-a53/libuci
mkdir -p /home/jackie/Downloads/Askey_Spectrum_SBE1V1K/bin/targets/qualcommbe/ipq95xx/packages /home/jackie/Downloads/Askey_Spectrum_SBE1V1K/build_dir/target-aarch64_cortex-a53_musl/uci-2025.12.02~66127cd7/ipkg-aarch64_cortex-a53/libuci /home/jackie/Downloads/Askey_Spectrum_SBE1V1K/staging_dir/target-aarch64_cortex-a53_musl/pkginfo
install -d -m0755 /home/jackie/Downloads/Askey_Spectrum_SBE1V1K/build_dir/target-aarch64_cortex-a53_musl/uci-2025.12.02~66127cd7/ipkg-aarch64_cortex-a53/libuci/lib
cp -fpR /home/jackie/Downloads/Askey_Spectrum_SBE1V1K/build_dir/target-aarch64_cortex-a53_musl/uci-2025.12.02~66127cd7/libuci.so.* /home/jackie/Downloads/Askey_Spectrum_SBE1V1K/build_dir/target-aarch64_cortex-a53_musl/uci-2025.12.02~66127cd7/ipkg-aarch64_cortex-a53/libuci/lib/
find /home/jackie/Downloads/Askey_Spectrum_SBE1V1K/build_dir/target-aarch64_cortex-a53_musl/uci-2025.12.02~66127cd7/ipkg-aarch64_cortex-a53/libuci -name '.svn' -o -name '.#*' -o -name '*~'| xargs -r rm -rf
export CROSS="aarch64-openwrt-linux-musl-"  NO_RENAME=1 ; NM="aarch64-openwrt-linux-musl-nm" STRIP="/home/jackie/Downloads/Askey_Spectrum_SBE1V1K/staging_dir/host/bin/sstrip -z" STRIP_KMOD="/home/jackie/Downloads/Askey_Spectrum_SBE1V1K/scripts/strip-kmod.sh" PATCHELF="/home/jackie/Downloads/Askey_Spectrum_SBE1V1K/staging_dir/host/bin/patchelf" /home/jackie/Downloads/Askey_Spectrum_SBE1V1K/scripts/rstrip.sh /home/jackie/Downloads/Askey_Spectrum_SBE1V1K/build_dir/target-aarch64_cortex-a53_musl/uci-2025.12.02~66127cd7/ipkg-aarch64_cortex-a53/libuci
rstrip.sh: /home/jackie/Downloads/Askey_Spectrum_SBE1V1K/build_dir/target-aarch64_cortex-a53_musl/uci-2025.12.02~66127cd7/ipkg-aarch64_cortex-a53/libuci/lib/libuci.so.20250120: shared object
install -d -m0755 /home/jackie/Downloads/Askey_Spectrum_SBE1V1K/bin/packages/aarch64_cortex-a53/base
mkdir -p /home/jackie/Downloads/Askey_Spectrum_SBE1V1K/build_dir/target-aarch64_cortex-a53_musl/uci-2025.12.02~66127cd7/apk-aarch64_cortex-a53/libuci/
mkdir -p /home/jackie/Downloads/Askey_Spectrum_SBE1V1K/build_dir/target-aarch64_cortex-a53_musl/uci-2025.12.02~66127cd7/ipkg-aarch64_cortex-a53/libuci/lib/apk/packages/
(cd /home/jackie/Downloads/Askey_Spectrum_SBE1V1K/build_dir/target-aarch64_cortex-a53_musl/uci-2025.12.02~66127cd7/apk-aarch64_cortex-a53/libuci; )
( echo "#!/bin/sh"; echo "[ \"\${IPKG_NO_SCRIPT}\" = \"1\" ] && exit 0"; echo "[ -s "\${IPKG_INSTROOT}/lib/functions.sh" ] || exit 0"; echo ". \${IPKG_INSTROOT}/lib/functions.sh"; echo 'export root="${IPKG_INSTROOT}"'; echo 'export pkgname="libuci20250120"'; echo "add_group_and_user"; echo "default_postinst"; [ ! -f /home/jackie/Downloads/Askey_Spectrum_SBE1V1K/build_dir/target-aarch64_cortex-a53_musl/uci-2025.12.02~66127cd7/apk-aarch64_cortex-a53/libuci/postinst-pkg ] || sed '/^\s*#!/d' "/home/jackie/Downloads/Askey_Spectrum_SBE1V1K/build_dir/target-aarch64_cortex-a53_musl/uci-2025.12.02~66127cd7/apk-aarch64_cortex-a53/libuci/postinst-pkg"; ) > /home/jackie/Downloads/Askey_Spectrum_SBE1V1K/build_dir/target-aarch64_cortex-a53_musl/uci-2025.12.02~66127cd7/apk-aarch64_cortex-a53/libuci/post-install;
( echo "#!/bin/sh"; echo 'export PKG_UPGRADE=1'; [ ! -f /home/jackie/Downloads/Askey_Spectrum_SBE1V1K/build_dir/target-aarch64_cortex-a53_musl/uci-2025.12.02~66127cd7/apk-aarch64_cortex-a53/libuci/post-install ] || sed '/^\s*#!/d' "/home/jackie/Downloads/Askey_Spectrum_SBE1V1K/build_dir/target-aarch64_cortex-a53_musl/uci-2025.12.02~66127cd7/apk-aarch64_cortex-a53/libuci/post-install"; ) > /home/jackie/Downloads/Askey_Spectrum_SBE1V1K/build_dir/target-aarch64_cortex-a53_musl/uci-2025.12.02~66127cd7/apk-aarch64_cortex-a53/libuci/post-upgrade;
( echo "#!/bin/sh"; echo "[ -s "\${IPKG_INSTROOT}/lib/functions.sh" ] || exit 0"; echo ". \${IPKG_INSTROOT}/lib/functions.sh"; echo 'export root="${IPKG_INSTROOT}"'; echo 'export pkgname="libuci20250120"'; echo "default_prerm"; [ ! -f /home/jackie/Downloads/Askey_Spectrum_SBE1V1K/build_dir/target-aarch64_cortex-a53_musl/uci-2025.12.02~66127cd7/apk-aarch64_cortex-a53/libuci/prerm-pkg ] || sed '/^\s*#!/d' "/home/jackie/Downloads/Askey_Spectrum_SBE1V1K/build_dir/target-aarch64_cortex-a53_musl/uci-2025.12.02~66127cd7/apk-aarch64_cortex-a53/libuci/prerm-pkg"; ) > /home/jackie/Downloads/Askey_Spectrum_SBE1V1K/build_dir/target-aarch64_cortex-a53_musl/uci-2025.12.02~66127cd7/apk-aarch64_cortex-a53/libuci/pre-deinstall;
[ ! -f /home/jackie/Downloads/Askey_Spectrum_SBE1V1K/build_dir/target-aarch64_cortex-a53_musl/uci-2025.12.02~66127cd7/apk-aarch64_cortex-a53/libuci/postrm ] || sed -zi 's/^\s*#!/#!/' "/home/jackie/Downloads/Askey_Spectrum_SBE1V1K/build_dir/target-aarch64_cortex-a53_musl/uci-2025.12.02~66127cd7/apk-aarch64_cortex-a53/libuci/postrm";
if [ -n "" ]; then echo  > /home/jackie/Downloads/Askey_Spectrum_SBE1V1K/build_dir/target-aarch64_cortex-a53_musl/uci-2025.12.02~66127cd7/ipkg-aarch64_cortex-a53/libuci/lib/apk/packages/libuci20250120.rusers; fi;
if [ -n "" ]; then echo  > /home/jackie/Downloads/Askey_Spectrum_SBE1V1K/build_dir/target-aarch64_cortex-a53_musl/uci-2025.12.02~66127cd7/ipkg-aarch64_cortex-a53/libuci/lib/apk/packages/libuci20250120.alternatives; fi;
(cd /home/jackie/Downloads/Askey_Spectrum_SBE1V1K/build_dir/target-aarch64_cortex-a53_musl/uci-2025.12.02~66127cd7/ipkg-aarch64_cortex-a53/libuci && find . -type f,l -printf "/%P\n" | sort > /home/jackie/Downloads/Askey_Spectrum_SBE1V1K/tmp/libuci.list && mv /home/jackie/Downloads/Askey_Spectrum_SBE1V1K/tmp/libuci.list /home/jackie/Downloads/Askey_Spectrum_SBE1V1K/build_dir/target-aarch64_cortex-a53_musl/uci-2025.12.02~66127cd7/ipkg-aarch64_cortex-a53/libuci/lib/apk/packages/libuci20250120.list)
# Move conffiles to IDIR and build conffiles_static with csums
if [ -f /home/jackie/Downloads/Askey_Spectrum_SBE1V1K/build_dir/target-aarch64_cortex-a53_musl/uci-2025.12.02~66127cd7/apk-aarch64_cortex-a53/libuci/conffiles ]; then mv -f /home/jackie/Downloads/Askey_Spectrum_SBE1V1K/build_dir/target-aarch64_cortex-a53_musl/uci-2025.12.02~66127cd7/apk-aarch64_cortex-a53/libuci/conffiles /home/jackie/Downloads/Askey_Spectrum_SBE1V1K/build_dir/target-aarch64_cortex-a53_musl/uci-2025.12.02~66127cd7/ipkg-aarch64_cortex-a53/libuci/lib/apk/packages/libuci20250120.conffiles; for file in $(cat /home/jackie/Downloads/Askey_Spectrum_SBE1V1K/build_dir/target-aarch64_cortex-a53_musl/uci-2025.12.02~66127cd7/ipkg-aarch64_cortex-a53/libuci/lib/apk/packages/libuci20250120.conffiles); do [ -f /home/jackie/Downloads/Askey_Spectrum_SBE1V1K/build_dir/target-aarch64_cortex-a53_musl/uci-2025.12.02~66127cd7/ipkg-aarch64_cortex-a53/libuci/$file ] || continue; csum=$(/home/jackie/Downloads/Askey_Spectrum_SBE1V1K/staging_dir/host/bin/mkhash sha256 /home/jackie/Downloads/Askey_Spectrum_SBE1V1K/build_dir/target-aarch64_cortex-a53_musl/uci-2025.12.02~66127cd7/ipkg-aarch64_cortex-a53/libuci/$file); echo $file $csum >> /home/jackie/Downloads/Askey_Spectrum_SBE1V1K/build_dir/target-aarch64_cortex-a53_musl/uci-2025.12.02~66127cd7/ipkg-aarch64_cortex-a53/libuci/lib/apk/packages/libuci20250120.conffiles_static; done; fi
# Some package (base-files) manually append stuff to conffiles
# Append stuff from it and delete the CONTROL directory since everything else should be migrated
if [ -f /home/jackie/Downloads/Askey_Spectrum_SBE1V1K/build_dir/target-aarch64_cortex-a53_musl/uci-2025.12.02~66127cd7/ipkg-aarch64_cortex-a53/libuci/CONTROL/conffiles ]; then echo $(IDIR_libuci)/CONTROL/conffiles >> /home/jackie/Downloads/Askey_Spectrum_SBE1V1K/build_dir/target-aarch64_cortex-a53_musl/uci-2025.12.02~66127cd7/ipkg-aarch64_cortex-a53/libuci/lib/apk/packages/libuci20250120.conffiles; for file in $(cat /home/jackie/Downloads/Askey_Spectrum_SBE1V1K/build_dir/target-aarch64_cortex-a53_musl/uci-2025.12.02~66127cd7/ipkg-aarch64_cortex-a53/libuci/CONTROL/conffiles); do [ -f /home/jackie/Downloads/Askey_Spectrum_SBE1V1K/build_dir/target-aarch64_cortex-a53_musl/uci-2025.12.02~66127cd7/ipkg-aarch64_cortex-a53/libuci/$file ] || continue; csum=$(/home/jackie/Downloads/Askey_Spectrum_SBE1V1K/staging_dir/host/bin/mkhash sha256 /home/jackie/Downloads/Askey_Spectrum_SBE1V1K/build_dir/target-aarch64_cortex-a53_musl/uci-2025.12.02~66127cd7/ipkg-aarch64_cortex-a53/libuci/$file); echo $file $csum >> /home/jackie/Downloads/Askey_Spectrum_SBE1V1K/build_dir/target-aarch64_cortex-a53_musl/uci-2025.12.02~66127cd7/ipkg-aarch64_cortex-a53/libuci/lib/apk/packages/libuci20250120.conffiles_static; done; rm -rf /home/jackie/Downloads/Askey_Spectrum_SBE1V1K/build_dir/target-aarch64_cortex-a53_musl/uci-2025.12.02~66127cd7/ipkg-aarch64_cortex-a53/libuci/CONTROL/conffiles; fi
if [ -z "$(ls -A /home/jackie/Downloads/Askey_Spectrum_SBE1V1K/build_dir/target-aarch64_cortex-a53_musl/uci-2025.12.02~66127cd7/ipkg-aarch64_cortex-a53/libuci/CONTROL 2>/dev/null)" ]; then rm -rf /home/jackie/Downloads/Askey_Spectrum_SBE1V1K/build_dir/target-aarch64_cortex-a53_musl/uci-2025.12.02~66127cd7/ipkg-aarch64_cortex-a53/libuci/CONTROL; else echo "CONTROL directory /home/jackie/Downloads/Askey_Spectrum_SBE1V1K/build_dir/target-aarch64_cortex-a53_musl/uci-2025.12.02~66127cd7/ipkg-aarch64_cortex-a53/libuci/CONTROL is not empty! This is not right and should be checked!" >&2; exit 1; fi
SOURCE_DATE_EPOCH=0 /home/jackie/Downloads/Askey_Spectrum_SBE1V1K/staging_dir/host/bin/fakeroot /home/jackie/Downloads/Askey_Spectrum_SBE1V1K/staging_dir/host/bin/apk mkpkg --info "name:libuci20250120" --info "version:2025.12.02~66127cd7-r1" --info "tags:openwrt:abiversion=20250120 openwrt:section=libs" --info "description:C library for the Unified Configuration Interface (UCI)" --info "arch:aarch64_cortex-a53" --info "license:LGPL-2.1" --info "origin:feeds/base/system/uci" --info "url:" --info "maintainer:Felix Fietkau <nbd@nbd.name>" --info "provides:libuci libuci-any" --info "provider-priority:10" --script "post-install:/home/jackie/Downloads/Askey_Spectrum_SBE1V1K/build_dir/target-aarch64_cortex-a53_musl/uci-2025.12.02~66127cd7/apk-aarch64_cortex-a53/libuci/post-install" --script "post-upgrade:/home/jackie/Downloads/Askey_Spectrum_SBE1V1K/build_dir/target-aarch64_cortex-a53_musl/uci-2025.12.02~66127cd7/apk-aarch64_cortex-a53/libuci/post-upgrade" --script "pre-deinstall:/home/jackie/Downloads/Askey_Spectrum_SBE1V1K/build_dir/target-aarch64_cortex-a53_musl/uci-2025.12.02~66127cd7/apk-aarch64_cortex-a53/libuci/pre-deinstall" --info "depends:libc libubox20260721" --files "/home/jackie/Downloads/Askey_Spectrum_SBE1V1K/build_dir/target-aarch64_cortex-a53_musl/uci-2025.12.02~66127cd7/ipkg-aarch64_cortex-a53/libuci" --sign /home/jackie/Downloads/Askey_Spectrum_SBE1V1K/private-key.pem --output "/home/jackie/Downloads/Askey_Spectrum_SBE1V1K/bin/packages/aarch64_cortex-a53/base/libuci20250120-2025.12.02~66127cd7-r1.apk"
rm -rf /home/jackie/Downloads/Askey_Spectrum_SBE1V1K/build_dir/target-aarch64_cortex-a53_musl/uci-2025.12.02~66127cd7/ipkg-aarch64_cortex-a53/uci
mkdir -p /home/jackie/Downloads/Askey_Spectrum_SBE1V1K/bin/targets/qualcommbe/ipq95xx/packages /home/jackie/Downloads/Askey_Spectrum_SBE1V1K/build_dir/target-aarch64_cortex-a53_musl/uci-2025.12.02~66127cd7/ipkg-aarch64_cortex-a53/uci /home/jackie/Downloads/Askey_Spectrum_SBE1V1K/staging_dir/target-aarch64_cortex-a53_musl/pkginfo
install -d -m0755 /home/jackie/Downloads/Askey_Spectrum_SBE1V1K/build_dir/target-aarch64_cortex-a53_musl/uci-2025.12.02~66127cd7/ipkg-aarch64_cortex-a53/uci/etc/uci-defaults
install -d -m0755 /home/jackie/Downloads/Askey_Spectrum_SBE1V1K/build_dir/target-aarch64_cortex-a53_musl/uci-2025.12.02~66127cd7/ipkg-aarch64_cortex-a53/uci/sbin
install -m0755 /home/jackie/Downloads/Askey_Spectrum_SBE1V1K/build_dir/target-aarch64_cortex-a53_musl/uci-2025.12.02~66127cd7/uci /home/jackie/Downloads/Askey_Spectrum_SBE1V1K/build_dir/target-aarch64_cortex-a53_musl/uci-2025.12.02~66127cd7/ipkg-aarch64_cortex-a53/uci/sbin/
cp -fpR ./files/* /home/jackie/Downloads/Askey_Spectrum_SBE1V1K/build_dir/target-aarch64_cortex-a53_musl/uci-2025.12.02~66127cd7/ipkg-aarch64_cortex-a53/uci/
find /home/jackie/Downloads/Askey_Spectrum_SBE1V1K/build_dir/target-aarch64_cortex-a53_musl/uci-2025.12.02~66127cd7/ipkg-aarch64_cortex-a53/uci -name '.svn' -o -name '.#*' -o -name '*~'| xargs -r rm -rf
export CROSS="aarch64-openwrt-linux-musl-"  NO_RENAME=1 ; NM="aarch64-openwrt-linux-musl-nm" STRIP="/home/jackie/Downloads/Askey_Spectrum_SBE1V1K/staging_dir/host/bin/sstrip -z" STRIP_KMOD="/home/jackie/Downloads/Askey_Spectrum_SBE1V1K/scripts/strip-kmod.sh" PATCHELF="/home/jackie/Downloads/Askey_Spectrum_SBE1V1K/staging_dir/host/bin/patchelf" /home/jackie/Downloads/Askey_Spectrum_SBE1V1K/scripts/rstrip.sh /home/jackie/Downloads/Askey_Spectrum_SBE1V1K/build_dir/target-aarch64_cortex-a53_musl/uci-2025.12.02~66127cd7/ipkg-aarch64_cortex-a53/uci
rstrip.sh: /home/jackie/Downloads/Askey_Spectrum_SBE1V1K/build_dir/target-aarch64_cortex-a53_musl/uci-2025.12.02~66127cd7/ipkg-aarch64_cortex-a53/uci/sbin/uci: executable
install -d -m0755 /home/jackie/Downloads/Askey_Spectrum_SBE1V1K/bin/packages/aarch64_cortex-a53/base
mkdir -p /home/jackie/Downloads/Askey_Spectrum_SBE1V1K/build_dir/target-aarch64_cortex-a53_musl/uci-2025.12.02~66127cd7/apk-aarch64_cortex-a53/uci/
mkdir -p /home/jackie/Downloads/Askey_Spectrum_SBE1V1K/build_dir/target-aarch64_cortex-a53_musl/uci-2025.12.02~66127cd7/ipkg-aarch64_cortex-a53/uci/lib/apk/packages/
(cd /home/jackie/Downloads/Askey_Spectrum_SBE1V1K/build_dir/target-aarch64_cortex-a53_musl/uci-2025.12.02~66127cd7/apk-aarch64_cortex-a53/uci; )
( echo "#!/bin/sh"; echo "[ \"\${IPKG_NO_SCRIPT}\" = \"1\" ] && exit 0"; echo "[ -s "\${IPKG_INSTROOT}/lib/functions.sh" ] || exit 0"; echo ". \${IPKG_INSTROOT}/lib/functions.sh"; echo 'export root="${IPKG_INSTROOT}"'; echo 'export pkgname="uci"'; echo "add_group_and_user"; echo "default_postinst"; [ ! -f /home/jackie/Downloads/Askey_Spectrum_SBE1V1K/build_dir/target-aarch64_cortex-a53_musl/uci-2025.12.02~66127cd7/apk-aarch64_cortex-a53/uci/postinst-pkg ] || sed '/^\s*#!/d' "/home/jackie/Downloads/Askey_Spectrum_SBE1V1K/build_dir/target-aarch64_cortex-a53_musl/uci-2025.12.02~66127cd7/apk-aarch64_cortex-a53/uci/postinst-pkg"; ) > /home/jackie/Downloads/Askey_Spectrum_SBE1V1K/build_dir/target-aarch64_cortex-a53_musl/uci-2025.12.02~66127cd7/apk-aarch64_cortex-a53/uci/post-install;
( echo "#!/bin/sh"; echo 'export PKG_UPGRADE=1'; [ ! -f /home/jackie/Downloads/Askey_Spectrum_SBE1V1K/build_dir/target-aarch64_cortex-a53_musl/uci-2025.12.02~66127cd7/apk-aarch64_cortex-a53/uci/post-install ] || sed '/^\s*#!/d' "/home/jackie/Downloads/Askey_Spectrum_SBE1V1K/build_dir/target-aarch64_cortex-a53_musl/uci-2025.12.02~66127cd7/apk-aarch64_cortex-a53/uci/post-install"; ) > /home/jackie/Downloads/Askey_Spectrum_SBE1V1K/build_dir/target-aarch64_cortex-a53_musl/uci-2025.12.02~66127cd7/apk-aarch64_cortex-a53/uci/post-upgrade;
( echo "#!/bin/sh"; echo "[ -s "\${IPKG_INSTROOT}/lib/functions.sh" ] || exit 0"; echo ". \${IPKG_INSTROOT}/lib/functions.sh"; echo 'export root="${IPKG_INSTROOT}"'; echo 'export pkgname="uci"'; echo "default_prerm"; [ ! -f /home/jackie/Downloads/Askey_Spectrum_SBE1V1K/build_dir/target-aarch64_cortex-a53_musl/uci-2025.12.02~66127cd7/apk-aarch64_cortex-a53/uci/prerm-pkg ] || sed '/^\s*#!/d' "/home/jackie/Downloads/Askey_Spectrum_SBE1V1K/build_dir/target-aarch64_cortex-a53_musl/uci-2025.12.02~66127cd7/apk-aarch64_cortex-a53/uci/prerm-pkg"; ) > /home/jackie/Downloads/Askey_Spectrum_SBE1V1K/build_dir/target-aarch64_cortex-a53_musl/uci-2025.12.02~66127cd7/apk-aarch64_cortex-a53/uci/pre-deinstall;
[ ! -f /home/jackie/Downloads/Askey_Spectrum_SBE1V1K/build_dir/target-aarch64_cortex-a53_musl/uci-2025.12.02~66127cd7/apk-aarch64_cortex-a53/uci/postrm ] || sed -zi 's/^\s*#!/#!/' "/home/jackie/Downloads/Askey_Spectrum_SBE1V1K/build_dir/target-aarch64_cortex-a53_musl/uci-2025.12.02~66127cd7/apk-aarch64_cortex-a53/uci/postrm";
if [ -n "" ]; then echo  > /home/jackie/Downloads/Askey_Spectrum_SBE1V1K/build_dir/target-aarch64_cortex-a53_musl/uci-2025.12.02~66127cd7/ipkg-aarch64_cortex-a53/uci/lib/apk/packages/uci.rusers; fi;
if [ -n "" ]; then echo  > /home/jackie/Downloads/Askey_Spectrum_SBE1V1K/build_dir/target-aarch64_cortex-a53_musl/uci-2025.12.02~66127cd7/ipkg-aarch64_cortex-a53/uci/lib/apk/packages/uci.alternatives; fi;
(cd /home/jackie/Downloads/Askey_Spectrum_SBE1V1K/build_dir/target-aarch64_cortex-a53_musl/uci-2025.12.02~66127cd7/ipkg-aarch64_cortex-a53/uci && find . -type f,l -printf "/%P\n" | sort > /home/jackie/Downloads/Askey_Spectrum_SBE1V1K/tmp/uci.list && mv /home/jackie/Downloads/Askey_Spectrum_SBE1V1K/tmp/uci.list /home/jackie/Downloads/Askey_Spectrum_SBE1V1K/build_dir/target-aarch64_cortex-a53_musl/uci-2025.12.02~66127cd7/ipkg-aarch64_cortex-a53/uci/lib/apk/packages/uci.list)
# Move conffiles to IDIR and build conffiles_static with csums
if [ -f /home/jackie/Downloads/Askey_Spectrum_SBE1V1K/build_dir/target-aarch64_cortex-a53_musl/uci-2025.12.02~66127cd7/apk-aarch64_cortex-a53/uci/conffiles ]; then mv -f /home/jackie/Downloads/Askey_Spectrum_SBE1V1K/build_dir/target-aarch64_cortex-a53_musl/uci-2025.12.02~66127cd7/apk-aarch64_cortex-a53/uci/conffiles /home/jackie/Downloads/Askey_Spectrum_SBE1V1K/build_dir/target-aarch64_cortex-a53_musl/uci-2025.12.02~66127cd7/ipkg-aarch64_cortex-a53/uci/lib/apk/packages/uci.conffiles; for file in $(cat /home/jackie/Downloads/Askey_Spectrum_SBE1V1K/build_dir/target-aarch64_cortex-a53_musl/uci-2025.12.02~66127cd7/ipkg-aarch64_cortex-a53/uci/lib/apk/packages/uci.conffiles); do [ -f /home/jackie/Downloads/Askey_Spectrum_SBE1V1K/build_dir/target-aarch64_cortex-a53_musl/uci-2025.12.02~66127cd7/ipkg-aarch64_cortex-a53/uci/$file ] || continue; csum=$(/home/jackie/Downloads/Askey_Spectrum_SBE1V1K/staging_dir/host/bin/mkhash sha256 /home/jackie/Downloads/Askey_Spectrum_SBE1V1K/build_dir/target-aarch64_cortex-a53_musl/uci-2025.12.02~66127cd7/ipkg-aarch64_cortex-a53/uci/$file); echo $file $csum >> /home/jackie/Downloads/Askey_Spectrum_SBE1V1K/build_dir/target-aarch64_cortex-a53_musl/uci-2025.12.02~66127cd7/ipkg-aarch64_cortex-a53/uci/lib/apk/packages/uci.conffiles_static; done; fi
# Some package (base-files) manually append stuff to conffiles
# Append stuff from it and delete the CONTROL directory since everything else should be migrated
if [ -f /home/jackie/Downloads/Askey_Spectrum_SBE1V1K/build_dir/target-aarch64_cortex-a53_musl/uci-2025.12.02~66127cd7/ipkg-aarch64_cortex-a53/uci/CONTROL/conffiles ]; then echo $(IDIR_uci)/CONTROL/conffiles >> /home/jackie/Downloads/Askey_Spectrum_SBE1V1K/build_dir/target-aarch64_cortex-a53_musl/uci-2025.12.02~66127cd7/ipkg-aarch64_cortex-a53/uci/lib/apk/packages/uci.conffiles; for file in $(cat /home/jackie/Downloads/Askey_Spectrum_SBE1V1K/build_dir/target-aarch64_cortex-a53_musl/uci-2025.12.02~66127cd7/ipkg-aarch64_cortex-a53/uci/CONTROL/conffiles); do [ -f /home/jackie/Downloads/Askey_Spectrum_SBE1V1K/build_dir/target-aarch64_cortex-a53_musl/uci-2025.12.02~66127cd7/ipkg-aarch64_cortex-a53/uci/$file ] || continue; csum=$(/home/jackie/Downloads/Askey_Spectrum_SBE1V1K/staging_dir/host/bin/mkhash sha256 /home/jackie/Downloads/Askey_Spectrum_SBE1V1K/build_dir/target-aarch64_cortex-a53_musl/uci-2025.12.02~66127cd7/ipkg-aarch64_cortex-a53/uci/$file); echo $file $csum >> /home/jackie/Downloads/Askey_Spectrum_SBE1V1K/build_dir/target-aarch64_cortex-a53_musl/uci-2025.12.02~66127cd7/ipkg-aarch64_cortex-a53/uci/lib/apk/packages/uci.conffiles_static; done; rm -rf /home/jackie/Downloads/Askey_Spectrum_SBE1V1K/build_dir/target-aarch64_cortex-a53_musl/uci-2025.12.02~66127cd7/ipkg-aarch64_cortex-a53/uci/CONTROL/conffiles; fi
if [ -z "$(ls -A /home/jackie/Downloads/Askey_Spectrum_SBE1V1K/build_dir/target-aarch64_cortex-a53_musl/uci-2025.12.02~66127cd7/ipkg-aarch64_cortex-a53/uci/CONTROL 2>/dev/null)" ]; then rm -rf /home/jackie/Downloads/Askey_Spectrum_SBE1V1K/build_dir/target-aarch64_cortex-a53_musl/uci-2025.12.02~66127cd7/ipkg-aarch64_cortex-a53/uci/CONTROL; else echo "CONTROL directory /home/jackie/Downloads/Askey_Spectrum_SBE1V1K/build_dir/target-aarch64_cortex-a53_musl/uci-2025.12.02~66127cd7/ipkg-aarch64_cortex-a53/uci/CONTROL is not empty! This is not right and should be checked!" >&2; exit 1; fi
SOURCE_DATE_EPOCH=0 /home/jackie/Downloads/Askey_Spectrum_SBE1V1K/staging_dir/host/bin/fakeroot /home/jackie/Downloads/Askey_Spectrum_SBE1V1K/staging_dir/host/bin/apk mkpkg --info "name:uci" --info "version:2025.12.02~66127cd7-r1" --info "tags:openwrt:section=base" --info "description:Utility for the Unified Configuration Interface (UCI)" --info "arch:aarch64_cortex-a53" --info "license:LGPL-2.1" --info "origin:feeds/base/system/uci" --info "url:" --info "maintainer:Felix Fietkau <nbd@nbd.name>" --info "provides:uci-any"  --script "post-install:/home/jackie/Downloads/Askey_Spectrum_SBE1V1K/build_dir/target-aarch64_cortex-a53_musl/uci-2025.12.02~66127cd7/apk-aarch64_cortex-a53/uci/post-install" --script "post-upgrade:/home/jackie/Downloads/Askey_Spectrum_SBE1V1K/build_dir/target-aarch64_cortex-a53_musl/uci-2025.12.02~66127cd7/apk-aarch64_cortex-a53/uci/post-upgrade" --script "pre-deinstall:/home/jackie/Downloads/Askey_Spectrum_SBE1V1K/build_dir/target-aarch64_cortex-a53_musl/uci-2025.12.02~66127cd7/apk-aarch64_cortex-a53/uci/pre-deinstall" --info "depends:libc libuci20250120" --files "/home/jackie/Downloads/Askey_Spectrum_SBE1V1K/build_dir/target-aarch64_cortex-a53_musl/uci-2025.12.02~66127cd7/ipkg-aarch64_cortex-a53/uci" --sign /home/jackie/Downloads/Askey_Spectrum_SBE1V1K/private-key.pem --output "/home/jackie/Downloads/Askey_Spectrum_SBE1V1K/bin/packages/aarch64_cortex-a53/base/uci-2025.12.02~66127cd7-r1.apk"
rm -rf /home/jackie/Downloads/Askey_Spectrum_SBE1V1K/build_dir/target-aarch64_cortex-a53_musl/uci-2025.12.02~66127cd7/.pkgdir/libuci.installed /home/jackie/Downloads/Askey_Spectrum_SBE1V1K/build_dir/target-aarch64_cortex-a53_musl/uci-2025.12.02~66127cd7/.pkgdir/libuci
mkdir -p /home/jackie/Downloads/Askey_Spectrum_SBE1V1K/build_dir/target-aarch64_cortex-a53_musl/uci-2025.12.02~66127cd7/.pkgdir/libuci
install -d -m0755 /home/jackie/Downloads/Askey_Spectrum_SBE1V1K/build_dir/target-aarch64_cortex-a53_musl/uci-2025.12.02~66127cd7/.pkgdir/libuci/lib
cp -fpR /home/jackie/Downloads/Askey_Spectrum_SBE1V1K/build_dir/target-aarch64_cortex-a53_musl/uci-2025.12.02~66127cd7/libuci.so.* /home/jackie/Downloads/Askey_Spectrum_SBE1V1K/build_dir/target-aarch64_cortex-a53_musl/uci-2025.12.02~66127cd7/.pkgdir/libuci/lib/
touch /home/jackie/Downloads/Askey_Spectrum_SBE1V1K/build_dir/target-aarch64_cortex-a53_musl/uci-2025.12.02~66127cd7/.pkgdir/libuci.installed
mkdir -p /home/jackie/Downloads/Askey_Spectrum_SBE1V1K/staging_dir/target-aarch64_cortex-a53_musl/root-qualcommbe/stamp
echo '20250120' | cmp -s - /home/jackie/Downloads/Askey_Spectrum_SBE1V1K/staging_dir/target-aarch64_cortex-a53_musl/pkginfo/libuci.version || { mkdir -p /home/jackie/Downloads/Askey_Spectrum_SBE1V1K/staging_dir/target-aarch64_cortex-a53_musl/pkginfo; echo '20250120' > /home/jackie/Downloads/Askey_Spectrum_SBE1V1K/staging_dir/target-aarch64_cortex-a53_musl/pkginfo/libuci.version;  cp /home/jackie/Downloads/Askey_Spectrum_SBE1V1K/staging_dir/target-aarch64_cortex-a53_musl/pkginfo/libuci.version /home/jackie/Downloads/Askey_Spectrum_SBE1V1K/staging_dir/target-aarch64_cortex-a53_musl/pkginfo/libuci-any.version;  } 
SHELL= flock /home/jackie/Downloads/Askey_Spectrum_SBE1V1K/tmp/.root-copy.flock -c 'cp -fpR /home/jackie/Downloads/Askey_Spectrum_SBE1V1K/build_dir/target-aarch64_cortex-a53_musl/uci-2025.12.02~66127cd7/.pkgdir/libuci/. /home/jackie/Downloads/Askey_Spectrum_SBE1V1K/staging_dir/target-aarch64_cortex-a53_musl/root-qualcommbe/'
touch /home/jackie/Downloads/Askey_Spectrum_SBE1V1K/staging_dir/target-aarch64_cortex-a53_musl/root-qualcommbe/stamp/.libuci_installed
echo "libuci" >> /home/jackie/Downloads/Askey_Spectrum_SBE1V1K/staging_dir/target-aarch64_cortex-a53_musl/pkginfo/uci.default.install
rm -rf /home/jackie/Downloads/Askey_Spectrum_SBE1V1K/tmp/stage-uci
mkdir -p /home/jackie/Downloads/Askey_Spectrum_SBE1V1K/tmp/stage-uci/host /home/jackie/Downloads/Askey_Spectrum_SBE1V1K/staging_dir/target-aarch64_cortex-a53_musl/packages
install -d -m0755 /home/jackie/Downloads/Askey_Spectrum_SBE1V1K/tmp/stage-uci/usr/include
cp -fpR /home/jackie/Downloads/Askey_Spectrum_SBE1V1K/build_dir/target-aarch64_cortex-a53_musl/uci-2025.12.02~66127cd7/uci{,_config,_blob,map}.h /home/jackie/Downloads/Askey_Spectrum_SBE1V1K/tmp/stage-uci/usr/include
install -d -m0755 /home/jackie/Downloads/Askey_Spectrum_SBE1V1K/tmp/stage-uci/usr/lib
cp -fpR /home/jackie/Downloads/Askey_Spectrum_SBE1V1K/build_dir/target-aarch64_cortex-a53_musl/uci-2025.12.02~66127cd7/libuci.so* /home/jackie/Downloads/Askey_Spectrum_SBE1V1K/tmp/stage-uci/usr/lib
cp -fpR /home/jackie/Downloads/Askey_Spectrum_SBE1V1K/build_dir/target-aarch64_cortex-a53_musl/uci-2025.12.02~66127cd7/libucimap.a /home/jackie/Downloads/Askey_Spectrum_SBE1V1K/tmp/stage-uci/usr/lib
find /home/jackie/Downloads/Askey_Spectrum_SBE1V1K/tmp/stage-uci -name '*.la' | xargs -r rm -f; 
if [ -f /home/jackie/Downloads/Askey_Spectrum_SBE1V1K/staging_dir/target-aarch64_cortex-a53_musl/packages/uci.list ]; then /home/jackie/Downloads/Askey_Spectrum_SBE1V1K/scripts/clean-package.sh "/home/jackie/Downloads/Askey_Spectrum_SBE1V1K/staging_dir/target-aarch64_cortex-a53_musl/packages/uci.list" "/home/jackie/Downloads/Askey_Spectrum_SBE1V1K/staging_dir/target-aarch64_cortex-a53_musl"; fi
if [ -d /home/jackie/Downloads/Askey_Spectrum_SBE1V1K/tmp/stage-uci ]; then (cd /home/jackie/Downloads/Askey_Spectrum_SBE1V1K/tmp/stage-uci; find ./ > /home/jackie/Downloads/Askey_Spectrum_SBE1V1K/tmp/stage-uci.files); 	SHELL= flock /home/jackie/Downloads/Askey_Spectrum_SBE1V1K/tmp/.staging-dir.flock -c ' mv /home/jackie/Downloads/Askey_Spectrum_SBE1V1K/tmp/stage-uci.files /home/jackie/Downloads/Askey_Spectrum_SBE1V1K/staging_dir/target-aarch64_cortex-a53_musl/packages/uci.list && cp -fpR /home/jackie/Downloads/Askey_Spectrum_SBE1V1K/tmp/stage-uci/* /home/jackie/Downloads/Askey_Spectrum_SBE1V1K/staging_dir/target-aarch64_cortex-a53_musl/; '; fi
rm -rf /home/jackie/Downloads/Askey_Spectrum_SBE1V1K/tmp/stage-uci
touch /home/jackie/Downloads/Askey_Spectrum_SBE1V1K/staging_dir/target-aarch64_cortex-a53_musl/stamp/.uci_installed
rm -rf /home/jackie/Downloads/Askey_Spectrum_SBE1V1K/build_dir/target-aarch64_cortex-a53_musl/uci-2025.12.02~66127cd7/.pkgdir/uci.installed /home/jackie/Downloads/Askey_Spectrum_SBE1V1K/build_dir/target-aarch64_cortex-a53_musl/uci-2025.12.02~66127cd7/.pkgdir/uci
mkdir -p /home/jackie/Downloads/Askey_Spectrum_SBE1V1K/build_dir/target-aarch64_cortex-a53_musl/uci-2025.12.02~66127cd7/.pkgdir/uci
install -d -m0755 /home/jackie/Downloads/Askey_Spectrum_SBE1V1K/build_dir/target-aarch64_cortex-a53_musl/uci-2025.12.02~66127cd7/.pkgdir/uci/etc/uci-defaults
install -d -m0755 /home/jackie/Downloads/Askey_Spectrum_SBE1V1K/build_dir/target-aarch64_cortex-a53_musl/uci-2025.12.02~66127cd7/.pkgdir/uci/sbin
install -m0755 /home/jackie/Downloads/Askey_Spectrum_SBE1V1K/build_dir/target-aarch64_cortex-a53_musl/uci-2025.12.02~66127cd7/uci /home/jackie/Downloads/Askey_Spectrum_SBE1V1K/build_dir/target-aarch64_cortex-a53_musl/uci-2025.12.02~66127cd7/.pkgdir/uci/sbin/
cp -fpR ./files/* /home/jackie/Downloads/Askey_Spectrum_SBE1V1K/build_dir/target-aarch64_cortex-a53_musl/uci-2025.12.02~66127cd7/.pkgdir/uci/
touch /home/jackie/Downloads/Askey_Spectrum_SBE1V1K/build_dir/target-aarch64_cortex-a53_musl/uci-2025.12.02~66127cd7/.pkgdir/uci.installed
mkdir -p /home/jackie/Downloads/Askey_Spectrum_SBE1V1K/staging_dir/target-aarch64_cortex-a53_musl/root-qualcommbe/stamp
SHELL= flock /home/jackie/Downloads/Askey_Spectrum_SBE1V1K/tmp/.root-copy.flock -c 'cp -fpR /home/jackie/Downloads/Askey_Spectrum_SBE1V1K/build_dir/target-aarch64_cortex-a53_musl/uci-2025.12.02~66127cd7/.pkgdir/uci/. /home/jackie/Downloads/Askey_Spectrum_SBE1V1K/staging_dir/target-aarch64_cortex-a53_musl/root-qualcommbe/'
touch /home/jackie/Downloads/Askey_Spectrum_SBE1V1K/staging_dir/target-aarch64_cortex-a53_musl/root-qualcommbe/stamp/.uci_installed
echo "uci" >> /home/jackie/Downloads/Askey_Spectrum_SBE1V1K/staging_dir/target-aarch64_cortex-a53_musl/pkginfo/uci.default.install
make[3]: Leaving directory '/home/jackie/Downloads/Askey_Spectrum_SBE1V1K/package/system/uci'
time: package/system/uci/compile#3.84#0.66#4.43
make[3]: Entering directory '/home/jackie/Downloads/Askey_Spectrum_SBE1V1K/package/utils/ucode'
touch /home/jackie/Downloads/Askey_Spectrum_SBE1V1K/build_dir/target-aarch64_cortex-a53_musl/ucode-2026.07.09~b885dd0f/.prepared_8ccf5c630dbf79759981a68efddec196_6664517399ebbbc92a37c5bb081b5c53_check
. /home/jackie/Downloads/Askey_Spectrum_SBE1V1K/include/shell.sh; zstdcat /home/jackie/Downloads/Askey_Spectrum_SBE1V1K/dl/ucode-2026.07.09~b885dd0f.tar.zst | tar -C /home/jackie/Downloads/Askey_Spectrum_SBE1V1K/build_dir/target-aarch64_cortex-a53_musl/ucode-2026.07.09~b885dd0f/.. -xf -
find /home/jackie/Downloads/Askey_Spectrum_SBE1V1K/build_dir/target-aarch64_cortex-a53_musl/ucode-2026.07.09~b885dd0f -mindepth 1 -type f -not -name '.*' -not -name 'version.date' -printf '%T@\n' 2>/dev/null | cut -d. -f1 | sort -n | tail -n1 > /home/jackie/Downloads/Askey_Spectrum_SBE1V1K/build_dir/target-aarch64_cortex-a53_musl/ucode-2026.07.09~b885dd0f/version.date
[ ! -d ./src/ ] || cp -fpR ./src/. /home/jackie/Downloads/Askey_Spectrum_SBE1V1K/build_dir/target-aarch64_cortex-a53_musl/ucode-2026.07.09~b885dd0f

Applying /home/jackie/Downloads/Askey_Spectrum_SBE1V1K/package/utils/ucode/patches/110-uloop-allow-reusing-the-existing-environment.patch using plaintext: 
patching file lib/uloop.c

Applying /home/jackie/Downloads/Askey_Spectrum_SBE1V1K/package/utils/ucode/patches/111-uloop-add-optional-setup-callback-to-process.patch using plaintext: 
patching file lib/uloop.c
touch /home/jackie/Downloads/Askey_Spectrum_SBE1V1K/build_dir/target-aarch64_cortex-a53_musl/ucode-2026.07.09~b885dd0f/.prepared_8ccf5c630dbf79759981a68efddec196_6664517399ebbbc92a37c5bb081b5c53
rm -f /home/jackie/Downloads/Askey_Spectrum_SBE1V1K/build_dir/target-aarch64_cortex-a53_musl/ucode-2026.07.09~b885dd0f/.configured_*
rm -f /home/jackie/Downloads/Askey_Spectrum_SBE1V1K/staging_dir/target-aarch64_cortex-a53_musl/stamp/.ucode_installed
mkdir -p /home/jackie/Downloads/Askey_Spectrum_SBE1V1K/build_dir/target-aarch64_cortex-a53_musl/ucode-2026.07.09~b885dd0f
(cd /home/jackie/Downloads/Askey_Spectrum_SBE1V1K/build_dir/target-aarch64_cortex-a53_musl/ucode-2026.07.09~b885dd0f; CFLAGS="-O2 -pipe -mcpu=cortex-a73 -fno-caller-saves -fno-plt -fhonour-copts -fmacro-prefix-map=/home/jackie/Downloads/Askey_Spectrum_SBE1V1K/build_dir/target-aarch64_cortex-a53_musl/ucode-2026.07.09~b885dd0f=ucode-2026.07.09~b885dd0f -Wl,-z,max-page-size=4096 -Wformat -Werror=format-security -fstack-protector -D_FORTIFY_SOURCE=1 -Wl,-z,now -Wl,-z,relro -Wl,-z,pack-relative-relocs  -I/home/jackie/Downloads/Askey_Spectrum_SBE1V1K/staging_dir/toolchain-aarch64_cortex-a53_gcc-14.4.0_musl/usr/include -I/home/jackie/Downloads/Askey_Spectrum_SBE1V1K/staging_dir/toolchain-aarch64_cortex-a53_gcc-14.4.0_musl/include -I/home/jackie/Downloads/Askey_Spectrum_SBE1V1K/staging_dir/toolchain-aarch64_cortex-a53_gcc-14.4.0_musl/include/fortify " CXXFLAGS="-O2 -pipe -mcpu=cortex-a73 -fno-caller-saves -fno-plt -fhonour-copts -fmacro-prefix-map=/home/jackie/Downloads/Askey_Spectrum_SBE1V1K/build_dir/target-aarch64_cortex-a53_musl/ucode-2026.07.09~b885dd0f=ucode-2026.07.09~b885dd0f -Wl,-z,max-page-size=4096 -Wformat -Werror=format-security -fstack-protector -D_FORTIFY_SOURCE=1 -Wl,-z,now -Wl,-z,relro -Wl,-z,pack-relative-relocs  -I/home/jackie/Downloads/Askey_Spectrum_SBE1V1K/staging_dir/toolchain-aarch64_cortex-a53_gcc-14.4.0_musl/usr/include -I/home/jackie/Downloads/Askey_Spectrum_SBE1V1K/staging_dir/toolchain-aarch64_cortex-a53_gcc-14.4.0_musl/include -I/home/jackie/Downloads/Askey_Spectrum_SBE1V1K/staging_dir/toolchain-aarch64_cortex-a53_gcc-14.4.0_musl/include/fortify " LDFLAGS="-L/home/jackie/Downloads/Askey_Spectrum_SBE1V1K/staging_dir/toolchain-aarch64_cortex-a53_gcc-14.4.0_musl/usr/lib -L/home/jackie/Downloads/Askey_Spectrum_SBE1V1K/staging_dir/toolchain-aarch64_cortex-a53_gcc-14.4.0_musl/lib -fuse-ld=bfd -zmax-page-size=4096 -znow -zrelro -zpack-relative-relocs " cmake --no-warn-unused-cli -DCMAKE_SYSTEM_NAME=Linux -DCMAKE_SYSTEM_VERSION=1 -DCMAKE_SYSTEM_PROCESSOR=aarch64 -DCMAKE_BUILD_TYPE=Release -DCMAKE_C_FLAGS_RELEASE="-DNDEBUG" -DCMAKE_CXX_FLAGS_RELEASE="-DNDEBUG" -DCMAKE_C_COMPILER_LAUNCHER="" -DCMAKE_C_COMPILER="/home/jackie/Downloads/Askey_Spectrum_SBE1V1K/staging_dir/toolchain-aarch64_cortex-a53_gcc-14.4.0_musl/bin/aarch64-openwrt-linux-musl-gcc" -DCMAKE_CXX_COMPILER_LAUNCHER="" -DCMAKE_CXX_COMPILER="/home/jackie/Downloads/Askey_Spectrum_SBE1V1K/staging_dir/toolchain-aarch64_cortex-a53_gcc-14.4.0_musl/bin/aarch64-openwrt-linux-musl-g++" -DCMAKE_ASM_COMPILER_LAUNCHER="" -DCMAKE_ASM_COMPILER="/home/jackie/Downloads/Askey_Spectrum_SBE1V1K/staging_dir/toolchain-aarch64_cortex-a53_gcc-14.4.0_musl/bin/aarch64-openwrt-linux-musl-gcc" -DCMAKE_EXE_LINKER_FLAGS:STRING="-L/home/jackie/Downloads/Askey_Spectrum_SBE1V1K/staging_dir/toolchain-aarch64_cortex-a53_gcc-14.4.0_musl/usr/lib -L/home/jackie/Downloads/Askey_Spectrum_SBE1V1K/staging_dir/toolchain-aarch64_cortex-a53_gcc-14.4.0_musl/lib -fuse-ld=bfd -zmax-page-size=4096 -znow -zrelro -zpack-relative-relocs" -DCMAKE_MODULE_LINKER_FLAGS:STRING="-L/home/jackie/Downloads/Askey_Spectrum_SBE1V1K/staging_dir/toolchain-aarch64_cortex-a53_gcc-14.4.0_musl/usr/lib -L/home/jackie/Downloads/Askey_Spectrum_SBE1V1K/staging_dir/toolchain-aarch64_cortex-a53_gcc-14.4.0_musl/lib -fuse-ld=bfd -zmax-page-size=4096 -znow -zrelro -zpack-relative-relocs -Wl,-Bsymbolic-functions" -DCMAKE_SHARED_LINKER_FLAGS:STRING="-L/home/jackie/Downloads/Askey_Spectrum_SBE1V1K/staging_dir/toolchain-aarch64_cortex-a53_gcc-14.4.0_musl/usr/lib -L/home/jackie/Downloads/Askey_Spectrum_SBE1V1K/staging_dir/toolchain-aarch64_cortex-a53_gcc-14.4.0_musl/lib -fuse-ld=bfd -zmax-page-size=4096 -znow -zrelro -zpack-relative-relocs -Wl,-Bsymbolic-functions" -DCMAKE_AR="/home/jackie/Downloads/Askey_Spectrum_SBE1V1K/staging_dir/toolchain-aarch64_cortex-a53_gcc-14.4.0_musl/bin/aarch64-openwrt-linux-musl-gcc-ar" -DCMAKE_NM="/home/jackie/Downloads/Askey_Spectrum_SBE1V1K/staging_dir/toolchain-aarch64_cortex-a53_gcc-14.4.0_musl/bin/aarch64-openwrt-linux-musl-gcc-nm" -DCMAKE_RANLIB="/home/jackie/Downloads/Askey_Spectrum_SBE1V1K/staging_dir/toolchain-aarch64_cortex-a53_gcc-14.4.0_musl/bin/aarch64-openwrt-linux-musl-gcc-ranlib" -DCMAKE_FIND_ROOT_PATH="/home/jackie/Downloads/Askey_Spectrum_SBE1V1K/staging_dir/target-aarch64_cortex-a53_musl/usr;/home/jackie/Downloads/Askey_Spectrum_SBE1V1K/staging_dir/toolchain-aarch64_cortex-a53_gcc-14.4.0_musl" -DCMAKE_FIND_ROOT_PATH_MODE_PROGRAM=NEVER -DCMAKE_FIND_ROOT_PATH_MODE_LIBRARY=ONLY -DCMAKE_FIND_ROOT_PATH_MODE_INCLUDE=ONLY -DCMAKE_STRIP=: -DCMAKE_INSTALL_PREFIX=/usr -DDL_LIBRARY=/home/jackie/Downloads/Askey_Spectrum_SBE1V1K/staging_dir/target-aarch64_cortex-a53_musl -DCMAKE_PREFIX_PATH=/home/jackie/Downloads/Askey_Spectrum_SBE1V1K/staging_dir/target-aarch64_cortex-a53_musl -DCMAKE_SKIP_RPATH=TRUE -DCMAKE_EXPORT_PACKAGE_REGISTRY=FALSE -DCMAKE_EXPORT_NO_PACKAGE_REGISTRY=TRUE -DCMAKE_FIND_USE_PACKAGE_REGISTRY=FALSE -DCMAKE_FIND_PACKAGE_NO_PACKAGE_REGISTRY=TRUE -DCMAKE_FIND_USE_SYSTEM_PACKAGE_REGISTRY=FALSE -DCMAKE_FIND_PACKAGE_NO_SYSTEM_PACKAGE_REGISTRY=TRUE -DCMAKE_GENERATOR="Ninja" -DSOVERSION=20230711 -DDEBUG_SUPPORT=OFF -DFS_SUPPORT=ON -DLOG_SUPPORT=OFF -DMATH_SUPPORT=OFF -DNL80211_SUPPORT=ON -DRESOLV_SUPPORT=OFF -DRTNL_SUPPORT=ON -DSOCKET_SUPPORT=OFF -DSTRUCT_SUPPORT=OFF -DUBUS_SUPPORT=ON -DUCI_SUPPORT=ON -DULOOP_SUPPORT=ON -DDIGEST_SUPPORT=ON -DIO_SUPPORT=OFF -DZLIB_SUPPORT=OFF /home/jackie/Downloads/Askey_Spectrum_SBE1V1K/build_dir/target-aarch64_cortex-a53_musl/ucode-2026.07.09~b885dd0f )
The --no-warn-unused-cli option is deprecated.  Use -Wno-unused-cli instead.
-- The C compiler identification is GNU 14.4.0
-- Detecting C compiler ABI info
-- Detecting C compiler ABI info - done
-- Check for working C compiler: /home/jackie/Downloads/Askey_Spectrum_SBE1V1K/staging_dir/toolchain-aarch64_cortex-a53_gcc-14.4.0_musl/bin/aarch64-openwrt-linux-musl-gcc - skipped
-- Detecting C compile features
-- Detecting C compile features - done
-- Performing Test DEFAULT_FORTIFY_SOURCE
-- Performing Test DEFAULT_FORTIFY_SOURCE - Success
-- Checking for one of the modules 'zlib'
-- Found ZLIB: /home/jackie/Downloads/Askey_Spectrum_SBE1V1K/staging_dir/target-aarch64_cortex-a53_musl/usr/lib/libz.so (found version "1.3.2")
-- Found PkgConfig: /home/jackie/Downloads/Askey_Spectrum_SBE1V1K/staging_dir/host/bin/pkg-config (found version "2.5.1")
-- Checking for module 'json-c'
--   Found json-c, version 0.18
-- Looking for dlopen
-- Looking for dlopen - found
-- Looking for fmod
-- Looking for fmod - found
-- Looking for json_tokener_get_parse_end
-- Looking for json_tokener_get_parse_end - found
-- Looking for json_object_new_array_ext
-- Looking for json_object_new_array_ext - found
-- Looking for json_object_new_uint64
-- Looking for json_object_new_uint64 - found
-- Looking for ubus_flush_requests
-- Looking for ubus_flush_requests - found
-- Looking for uloop_timeout_remaining64
-- Looking for uloop_timeout_remaining64 - found
-- Looking for ubus_channel_connect
-- Looking for ubus_channel_connect - found
-- Looking for uci_set_conf2dir
-- Looking for uci_set_conf2dir - found
-- Looking for uloop_interval_set
-- Looking for uloop_interval_set - found
-- Looking for uloop_signal_add
-- Looking for uloop_signal_add - found
-- Checking for module 'libmd'
--   Found libmd, version 1.2.0
-- Configuring done (1.0s)
-- Generating done (0.0s)
-- Build files have been written to: /home/jackie/Downloads/Askey_Spectrum_SBE1V1K/build_dir/target-aarch64_cortex-a53_musl/ucode-2026.07.09~b885dd0f
touch /home/jackie/Downloads/Askey_Spectrum_SBE1V1K/build_dir/target-aarch64_cortex-a53_musl/ucode-2026.07.09~b885dd0f/.configured_7d42b9166ede3f361f9c09e2640088bb
rm -f /home/jackie/Downloads/Askey_Spectrum_SBE1V1K/build_dir/target-aarch64_cortex-a53_musl/ucode-2026.07.09~b885dd0f/.built
touch /home/jackie/Downloads/Askey_Spectrum_SBE1V1K/build_dir/target-aarch64_cortex-a53_musl/ucode-2026.07.09~b885dd0f/.built_check
MAKEFLAGS="" /home/jackie/Downloads/Askey_Spectrum_SBE1V1K/staging_dir/host/bin/ninja  -j1 -C /home/jackie/Downloads/Askey_Spectrum_SBE1V1K/build_dir/target-aarch64_cortex-a53_musl/ucode-2026.07.09~b885dd0f 
ninja: Entering directory `/home/jackie/Downloads/Askey_Spectrum_SBE1V1K/build_dir/target-aarch64_cortex-a53_musl/ucode-2026.07.09~b885dd0f'
[1/42] Building C object CMakeFiles/libucode.dir/lexer.c.o
[2/42] Building C object CMakeFiles/libucode.dir/lib.c.o
[3/42] Building C object CMakeFiles/libucode.dir/vm.c.o
[4/42] Building C object CMakeFiles/libucode.dir/chunk.c.o
[5/42] Building C object CMakeFiles/libucode.dir/vallist.c.o
[6/42] Building C object CMakeFiles/libucode.dir/compiler.c.o
[7/42] Building C object CMakeFiles/libucode.dir/source.c.o
[8/42] Building C object CMakeFiles/libucode.dir/types.c.o
[9/42] Building C object CMakeFiles/libucode.dir/program.c.o
[10/42] Building C object CMakeFiles/libucode.dir/platform.c.o
[11/42] Linking C shared library libucode.so.20230711
[12/42] Creating library symlink libucode.so
[13/42] Building C object CMakeFiles/ucode.dir/main.c.o
[14/42] Building C object CMakeFiles/fs_lib.dir/lib/fs.c.o
[15/42] Building C object CMakeFiles/ubus_lib.dir/lib/ubus.c.o
[16/42] Building C object CMakeFiles/uci_lib.dir/lib/uci.c.o
[17/42] Building C object CMakeFiles/rtnl_lib.dir/lib/rtnl.c.o
[18/42] Building C object CMakeFiles/nl80211_lib.dir/lib/nl80211.c.o
[19/42] Building C object CMakeFiles/uloop_lib.dir/lib/uloop.c.o
[20/42] Building C object CMakeFiles/digest_lib.dir/lib/digest.c.o
[21/42] Building C object examples/CMakeFiles/exception-handler.dir/exception-handler.c.o
[22/42] Building C object examples/CMakeFiles/execute-file.dir/execute-file.c.o
[23/42] Building C object examples/CMakeFiles/execute-string.dir/execute-string.c.o
[24/42] Building C object examples/CMakeFiles/native-function.dir/native-function.c.o
[25/42] Building C object examples/CMakeFiles/state-reset.dir/state-reset.c.o
[26/42] Building C object examples/CMakeFiles/state-reuse.dir/state-reuse.c.o
[27/42] Linking C executable ucode
[28/42] Linking C shared module fs.so
[29/42] Linking C shared module ubus.so
[30/42] Linking C shared module uci.so
[31/42] Linking C shared module rtnl.so
[32/42] Linking C shared module nl80211.so
[33/42] Linking C shared module uloop.so
[34/42] Linking C shared module digest.so
[35/42] cd "/home/jackie/Downloads/Askey_Spectrum_SBE1V1K/build_dir/target-aarch64_cortex-a53_musl/ucode-2026.07.09~b885dd0f" && /home/jackie/Downloads/Askey_Spectrum_SBE1V1K/staging_dir/host/bin/cmake -E create_symlink ucode utpl
[36/42] cd "/home/jackie/Downloads/Askey_Spectrum_SBE1V1K/build_dir/target-aarch64_cortex-a53_musl/ucode-2026.07.09~b885dd0f" && /home/jackie/Downloads/Askey_Spectrum_SBE1V1K/staging_dir/host/bin/cmake -E create_symlink ucode ucc
[37/42] Linking C executable examples/exception-handler
[38/42] Linking C executable examples/execute-file
[39/42] Linking C executable examples/execute-string
[40/42] Linking C executable examples/native-function
[41/42] Linking C executable examples/state-reset
[42/42] Linking C executable examples/state-reuse
DESTDIR="/home/jackie/Downloads/Askey_Spectrum_SBE1V1K/build_dir/target-aarch64_cortex-a53_musl/ucode-2026.07.09~b885dd0f/ipkg-install" MAKEFLAGS="" /home/jackie/Downloads/Askey_Spectrum_SBE1V1K/staging_dir/host/bin/ninja  -j1 -C /home/jackie/Downloads/Askey_Spectrum_SBE1V1K/build_dir/target-aarch64_cortex-a53_musl/ucode-2026.07.09~b885dd0f install
ninja: Entering directory `/home/jackie/Downloads/Askey_Spectrum_SBE1V1K/build_dir/target-aarch64_cortex-a53_musl/ucode-2026.07.09~b885dd0f'
[1/3] cd "/home/jackie/Downloads/Askey_Spectrum_SBE1V1K/build_dir/target-aarch64_cortex-a53_musl/ucode-2026.07.09~b885dd0f" && /home/jackie/Downloads/Askey_Spectrum_SBE1V1K/staging_dir/host/bin/cmake -E create_symlink ucode utpl
[2/3] cd "/home/jackie/Downloads/Askey_Spectrum_SBE1V1K/build_dir/target-aarch64_cortex-a53_musl/ucode-2026.07.09~b885dd0f" && /home/jackie/Downloads/Askey_Spectrum_SBE1V1K/staging_dir/host/bin/cmake -E create_symlink ucode ucc
[2/3] Install the project...
-- Install configuration: "Release"
-- Installing: /home/jackie/Downloads/Askey_Spectrum_SBE1V1K/build_dir/target-aarch64_cortex-a53_musl/ucode-2026.07.09~b885dd0f/ipkg-install/usr/bin/ucode
-- Installing: /home/jackie/Downloads/Askey_Spectrum_SBE1V1K/build_dir/target-aarch64_cortex-a53_musl/ucode-2026.07.09~b885dd0f/ipkg-install/usr/lib/libucode.so.20230711
-- Installing: /home/jackie/Downloads/Askey_Spectrum_SBE1V1K/build_dir/target-aarch64_cortex-a53_musl/ucode-2026.07.09~b885dd0f/ipkg-install/usr/lib/libucode.so
-- Installing: /home/jackie/Downloads/Askey_Spectrum_SBE1V1K/build_dir/target-aarch64_cortex-a53_musl/ucode-2026.07.09~b885dd0f/ipkg-install/usr/lib/ucode/fs.so
-- Installing: /home/jackie/Downloads/Askey_Spectrum_SBE1V1K/build_dir/target-aarch64_cortex-a53_musl/ucode-2026.07.09~b885dd0f/ipkg-install/usr/lib/ucode/ubus.so
-- Installing: /home/jackie/Downloads/Askey_Spectrum_SBE1V1K/build_dir/target-aarch64_cortex-a53_musl/ucode-2026.07.09~b885dd0f/ipkg-install/usr/lib/ucode/uci.so
-- Installing: /home/jackie/Downloads/Askey_Spectrum_SBE1V1K/build_dir/target-aarch64_cortex-a53_musl/ucode-2026.07.09~b885dd0f/ipkg-install/usr/lib/ucode/rtnl.so
-- Installing: /home/jackie/Downloads/Askey_Spectrum_SBE1V1K/build_dir/target-aarch64_cortex-a53_musl/ucode-2026.07.09~b885dd0f/ipkg-install/usr/lib/ucode/nl80211.so
-- Installing: /home/jackie/Downloads/Askey_Spectrum_SBE1V1K/build_dir/target-aarch64_cortex-a53_musl/ucode-2026.07.09~b885dd0f/ipkg-install/usr/lib/ucode/uloop.so
-- Installing: /home/jackie/Downloads/Askey_Spectrum_SBE1V1K/build_dir/target-aarch64_cortex-a53_musl/ucode-2026.07.09~b885dd0f/ipkg-install/usr/lib/ucode/digest.so
-- Installing: /home/jackie/Downloads/Askey_Spectrum_SBE1V1K/build_dir/target-aarch64_cortex-a53_musl/ucode-2026.07.09~b885dd0f/ipkg-install/usr/bin/utpl
-- Installing: /home/jackie/Downloads/Askey_Spectrum_SBE1V1K/build_dir/target-aarch64_cortex-a53_musl/ucode-2026.07.09~b885dd0f/ipkg-install/usr/bin/ucc
-- Installing: /home/jackie/Downloads/Askey_Spectrum_SBE1V1K/build_dir/target-aarch64_cortex-a53_musl/ucode-2026.07.09~b885dd0f/ipkg-install/usr/include/ucode/chunk.h
-- Installing: /home/jackie/Downloads/Askey_Spectrum_SBE1V1K/build_dir/target-aarch64_cortex-a53_musl/ucode-2026.07.09~b885dd0f/ipkg-install/usr/include/ucode/compiler.h
-- Installing: /home/jackie/Downloads/Askey_Spectrum_SBE1V1K/build_dir/target-aarch64_cortex-a53_musl/ucode-2026.07.09~b885dd0f/ipkg-install/usr/include/ucode/lexer.h
-- Installing: /home/jackie/Downloads/Askey_Spectrum_SBE1V1K/build_dir/target-aarch64_cortex-a53_musl/ucode-2026.07.09~b885dd0f/ipkg-install/usr/include/ucode/lib.h
-- Installing: /home/jackie/Downloads/Askey_Spectrum_SBE1V1K/build_dir/target-aarch64_cortex-a53_musl/ucode-2026.07.09~b885dd0f/ipkg-install/usr/include/ucode/module.h
-- Installing: /home/jackie/Downloads/Askey_Spectrum_SBE1V1K/build_dir/target-aarch64_cortex-a53_musl/ucode-2026.07.09~b885dd0f/ipkg-install/usr/include/ucode/platform.h
-- Installing: /home/jackie/Downloads/Askey_Spectrum_SBE1V1K/build_dir/target-aarch64_cortex-a53_musl/ucode-2026.07.09~b885dd0f/ipkg-install/usr/include/ucode/program.h
-- Installing: /home/jackie/Downloads/Askey_Spectrum_SBE1V1K/build_dir/target-aarch64_cortex-a53_musl/ucode-2026.07.09~b885dd0f/ipkg-install/usr/include/ucode/source.h
-- Installing: /home/jackie/Downloads/Askey_Spectrum_SBE1V1K/build_dir/target-aarch64_cortex-a53_musl/ucode-2026.07.09~b885dd0f/ipkg-install/usr/include/ucode/types.h
-- Installing: /home/jackie/Downloads/Askey_Spectrum_SBE1V1K/build_dir/target-aarch64_cortex-a53_musl/ucode-2026.07.09~b885dd0f/ipkg-install/usr/include/ucode/util.h
-- Installing: /home/jackie/Downloads/Askey_Spectrum_SBE1V1K/build_dir/target-aarch64_cortex-a53_musl/ucode-2026.07.09~b885dd0f/ipkg-install/usr/include/ucode/vallist.h
-- Installing: /home/jackie/Downloads/Askey_Spectrum_SBE1V1K/build_dir/target-aarch64_cortex-a53_musl/ucode-2026.07.09~b885dd0f/ipkg-install/usr/include/ucode/vm.h
touch /home/jackie/Downloads/Askey_Spectrum_SBE1V1K/build_dir/target-aarch64_cortex-a53_musl/ucode-2026.07.09~b885dd0f/.built
rm -rf /home/jackie/Downloads/Askey_Spectrum_SBE1V1K/build_dir/target-aarch64_cortex-a53_musl/ucode-2026.07.09~b885dd0f/ipkg-aarch64_cortex-a53/libucode
mkdir -p /home/jackie/Downloads/Askey_Spectrum_SBE1V1K/bin/targets/qualcommbe/ipq95xx/packages /home/jackie/Downloads/Askey_Spectrum_SBE1V1K/build_dir/target-aarch64_cortex-a53_musl/ucode-2026.07.09~b885dd0f/ipkg-aarch64_cortex-a53/libucode /home/jackie/Downloads/Askey_Spectrum_SBE1V1K/staging_dir/target-aarch64_cortex-a53_musl/pkginfo
install -d -m0755 /home/jackie/Downloads/Askey_Spectrum_SBE1V1K/build_dir/target-aarch64_cortex-a53_musl/ucode-2026.07.09~b885dd0f/ipkg-aarch64_cortex-a53/libucode/usr/lib
cp -fpR /home/jackie/Downloads/Askey_Spectrum_SBE1V1K/build_dir/target-aarch64_cortex-a53_musl/ucode-2026.07.09~b885dd0f/ipkg-install/usr/lib/libucode.so.* /home/jackie/Downloads/Askey_Spectrum_SBE1V1K/build_dir/target-aarch64_cortex-a53_musl/ucode-2026.07.09~b885dd0f/ipkg-aarch64_cortex-a53/libucode/usr/lib/
find /home/jackie/Downloads/Askey_Spectrum_SBE1V1K/build_dir/target-aarch64_cortex-a53_musl/ucode-2026.07.09~b885dd0f/ipkg-aarch64_cortex-a53/libucode -name '.svn' -o -name '.#*' -o -name '*~'| xargs -r rm -rf
export CROSS="aarch64-openwrt-linux-musl-"  NO_RENAME=1 ; NM="aarch64-openwrt-linux-musl-nm" STRIP="/home/jackie/Downloads/Askey_Spectrum_SBE1V1K/staging_dir/host/bin/sstrip -z" STRIP_KMOD="/home/jackie/Downloads/Askey_Spectrum_SBE1V1K/scripts/strip-kmod.sh" PATCHELF="/home/jackie/Downloads/Askey_Spectrum_SBE1V1K/staging_dir/host/bin/patchelf" /home/jackie/Downloads/Askey_Spectrum_SBE1V1K/scripts/rstrip.sh /home/jackie/Downloads/Askey_Spectrum_SBE1V1K/build_dir/target-aarch64_cortex-a53_musl/ucode-2026.07.09~b885dd0f/ipkg-aarch64_cortex-a53/libucode
rstrip.sh: /home/jackie/Downloads/Askey_Spectrum_SBE1V1K/build_dir/target-aarch64_cortex-a53_musl/ucode-2026.07.09~b885dd0f/ipkg-aarch64_cortex-a53/libucode/usr/lib/libucode.so.20230711: shared object
install -d -m0755 /home/jackie/Downloads/Askey_Spectrum_SBE1V1K/bin/packages/aarch64_cortex-a53/base
mkdir -p /home/jackie/Downloads/Askey_Spectrum_SBE1V1K/build_dir/target-aarch64_cortex-a53_musl/ucode-2026.07.09~b885dd0f/apk-aarch64_cortex-a53/libucode/
mkdir -p /home/jackie/Downloads/Askey_Spectrum_SBE1V1K/build_dir/target-aarch64_cortex-a53_musl/ucode-2026.07.09~b885dd0f/ipkg-aarch64_cortex-a53/libucode/lib/apk/packages/
(cd /home/jackie/Downloads/Askey_Spectrum_SBE1V1K/build_dir/target-aarch64_cortex-a53_musl/ucode-2026.07.09~b885dd0f/apk-aarch64_cortex-a53/libucode; )
( echo "#!/bin/sh"; echo "[ \"\${IPKG_NO_SCRIPT}\" = \"1\" ] && exit 0"; echo "[ -s "\${IPKG_INSTROOT}/lib/functions.sh" ] || exit 0"; echo ". \${IPKG_INSTROOT}/lib/functions.sh"; echo 'export root="${IPKG_INSTROOT}"'; echo 'export pkgname="libucode20230711"'; echo "add_group_and_user"; echo "default_postinst"; [ ! -f /home/jackie/Downloads/Askey_Spectrum_SBE1V1K/build_dir/target-aarch64_cortex-a53_musl/ucode-2026.07.09~b885dd0f/apk-aarch64_cortex-a53/libucode/postinst-pkg ] || sed '/^\s*#!/d' "/home/jackie/Downloads/Askey_Spectrum_SBE1V1K/build_dir/target-aarch64_cortex-a53_musl/ucode-2026.07.09~b885dd0f/apk-aarch64_cortex-a53/libucode/postinst-pkg"; ) > /home/jackie/Downloads/Askey_Spectrum_SBE1V1K/build_dir/target-aarch64_cortex-a53_musl/ucode-2026.07.09~b885dd0f/apk-aarch64_cortex-a53/libucode/post-install;
( echo "#!/bin/sh"; echo 'export PKG_UPGRADE=1'; [ ! -f /home/jackie/Downloads/Askey_Spectrum_SBE1V1K/build_dir/target-aarch64_cortex-a53_musl/ucode-2026.07.09~b885dd0f/apk-aarch64_cortex-a53/libucode/post-install ] || sed '/^\s*#!/d' "/home/jackie/Downloads/Askey_Spectrum_SBE1V1K/build_dir/target-aarch64_cortex-a53_musl/ucode-2026.07.09~b885dd0f/apk-aarch64_cortex-a53/libucode/post-install"; ) > /home/jackie/Downloads/Askey_Spectrum_SBE1V1K/build_dir/target-aarch64_cortex-a53_musl/ucode-2026.07.09~b885dd0f/apk-aarch64_cortex-a53/libucode/post-upgrade;
( echo "#!/bin/sh"; echo "[ -s "\${IPKG_INSTROOT}/lib/functions.sh" ] || exit 0"; echo ". \${IPKG_INSTROOT}/lib/functions.sh"; echo 'export root="${IPKG_INSTROOT}"'; echo 'export pkgname="libucode20230711"'; echo "default_prerm"; [ ! -f /home/jackie/Downloads/Askey_Spectrum_SBE1V1K/build_dir/target-aarch64_cortex-a53_musl/ucode-2026.07.09~b885dd0f/apk-aarch64_cortex-a53/libucode/prerm-pkg ] || sed '/^\s*#!/d' "/home/jackie/Downloads/Askey_Spectrum_SBE1V1K/build_dir/target-aarch64_cortex-a53_musl/ucode-2026.07.09~b885dd0f/apk-aarch64_cortex-a53/libucode/prerm-pkg"; ) > /home/jackie/Downloads/Askey_Spectrum_SBE1V1K/build_dir/target-aarch64_cortex-a53_musl/ucode-2026.07.09~b885dd0f/apk-aarch64_cortex-a53/libucode/pre-deinstall;
[ ! -f /home/jackie/Downloads/Askey_Spectrum_SBE1V1K/build_dir/target-aarch64_cortex-a53_musl/ucode-2026.07.09~b885dd0f/apk-aarch64_cortex-a53/libucode/postrm ] || sed -zi 's/^\s*#!/#!/' "/home/jackie/Downloads/Askey_Spectrum_SBE1V1K/build_dir/target-aarch64_cortex-a53_musl/ucode-2026.07.09~b885dd0f/apk-aarch64_cortex-a53/libucode/postrm";
if [ -n "" ]; then echo  > /home/jackie/Downloads/Askey_Spectrum_SBE1V1K/build_dir/target-aarch64_cortex-a53_musl/ucode-2026.07.09~b885dd0f/ipkg-aarch64_cortex-a53/libucode/lib/apk/packages/libucode20230711.rusers; fi;
if [ -n "" ]; then echo  > /home/jackie/Downloads/Askey_Spectrum_SBE1V1K/build_dir/target-aarch64_cortex-a53_musl/ucode-2026.07.09~b885dd0f/ipkg-aarch64_cortex-a53/libucode/lib/apk/packages/libucode20230711.alternatives; fi;
(cd /home/jackie/Downloads/Askey_Spectrum_SBE1V1K/build_dir/target-aarch64_cortex-a53_musl/ucode-2026.07.09~b885dd0f/ipkg-aarch64_cortex-a53/libucode && find . -type f,l -printf "/%P\n" | sort > /home/jackie/Downloads/Askey_Spectrum_SBE1V1K/tmp/libucode.list && mv /home/jackie/Downloads/Askey_Spectrum_SBE1V1K/tmp/libucode.list /home/jackie/Downloads/Askey_Spectrum_SBE1V1K/build_dir/target-aarch64_cortex-a53_musl/ucode-2026.07.09~b885dd0f/ipkg-aarch64_cortex-a53/libucode/lib/apk/packages/libucode20230711.list)
# Move conffiles to IDIR and build conffiles_static with csums
if [ -f /home/jackie/Downloads/Askey_Spectrum_SBE1V1K/build_dir/target-aarch64_cortex-a53_musl/ucode-2026.07.09~b885dd0f/apk-aarch64_cortex-a53/libucode/conffiles ]; then mv -f /home/jackie/Downloads/Askey_Spectrum_SBE1V1K/build_dir/target-aarch64_cortex-a53_musl/ucode-2026.07.09~b885dd0f/apk-aarch64_cortex-a53/libucode/conffiles /home/jackie/Downloads/Askey_Spectrum_SBE1V1K/build_dir/target-aarch64_cortex-a53_musl/ucode-2026.07.09~b885dd0f/ipkg-aarch64_cortex-a53/libucode/lib/apk/packages/libucode20230711.conffiles; for file in $(cat /home/jackie/Downloads/Askey_Spectrum_SBE1V1K/build_dir/target-aarch64_cortex-a53_musl/ucode-2026.07.09~b885dd0f/ipkg-aarch64_cortex-a53/libucode/lib/apk/packages/libucode20230711.conffiles); do [ -f /home/jackie/Downloads/Askey_Spectrum_SBE1V1K/build_dir/target-aarch64_cortex-a53_musl/ucode-2026.07.09~b885dd0f/ipkg-aarch64_cortex-a53/libucode/$file ] || continue; csum=$(/home/jackie/Downloads/Askey_Spectrum_SBE1V1K/staging_dir/host/bin/mkhash sha256 /home/jackie/Downloads/Askey_Spectrum_SBE1V1K/build_dir/target-aarch64_cortex-a53_musl/ucode-2026.07.09~b885dd0f/ipkg-aarch64_cortex-a53/libucode/$file); echo $file $csum >> /home/jackie/Downloads/Askey_Spectrum_SBE1V1K/build_dir/target-aarch64_cortex-a53_musl/ucode-2026.07.09~b885dd0f/ipkg-aarch64_cortex-a53/libucode/lib/apk/packages/libucode20230711.conffiles_static; done; fi
# Some package (base-files) manually append stuff to conffiles
# Append stuff from it and delete the CONTROL directory since everything else should be migrated
if [ -f /home/jackie/Downloads/Askey_Spectrum_SBE1V1K/build_dir/target-aarch64_cortex-a53_musl/ucode-2026.07.09~b885dd0f/ipkg-aarch64_cortex-a53/libucode/CONTROL/conffiles ]; then echo $(IDIR_libucode)/CONTROL/conffiles >> /home/jackie/Downloads/Askey_Spectrum_SBE1V1K/build_dir/target-aarch64_cortex-a53_musl/ucode-2026.07.09~b885dd0f/ipkg-aarch64_cortex-a53/libucode/lib/apk/packages/libucode20230711.conffiles; for file in $(cat /home/jackie/Downloads/Askey_Spectrum_SBE1V1K/build_dir/target-aarch64_cortex-a53_musl/ucode-2026.07.09~b885dd0f/ipkg-aarch64_cortex-a53/libucode/CONTROL/conffiles); do [ -f /home/jackie/Downloads/Askey_Spectrum_SBE1V1K/build_dir/target-aarch64_cortex-a53_musl/ucode-2026.07.09~b885dd0f/ipkg-aarch64_cortex-a53/libucode/$file ] || continue; csum=$(/home/jackie/Downloads/Askey_Spectrum_SBE1V1K/staging_dir/host/bin/mkhash sha256 /home/jackie/Downloads/Askey_Spectrum_SBE1V1K/build_dir/target-aarch64_cortex-a53_musl/ucode-2026.07.09~b885dd0f/ipkg-aarch64_cortex-a53/libucode/$file); echo $file $csum >> /home/jackie/Downloads/Askey_Spectrum_SBE1V1K/build_dir/target-aarch64_cortex-a53_musl/ucode-2026.07.09~b885dd0f/ipkg-aarch64_cortex-a53/libucode/lib/apk/packages/libucode20230711.conffiles_static; done; rm -rf /home/jackie/Downloads/Askey_Spectrum_SBE1V1K/build_dir/target-aarch64_cortex-a53_musl/ucode-2026.07.09~b885dd0f/ipkg-aarch64_cortex-a53/libucode/CONTROL/conffiles; fi
if [ -z "$(ls -A /home/jackie/Downloads/Askey_Spectrum_SBE1V1K/build_dir/target-aarch64_cortex-a53_musl/ucode-2026.07.09~b885dd0f/ipkg-aarch64_cortex-a53/libucode/CONTROL 2>/dev/null)" ]; then rm -rf /home/jackie/Downloads/Askey_Spectrum_SBE1V1K/build_dir/target-aarch64_cortex-a53_musl/ucode-2026.07.09~b885dd0f/ipkg-aarch64_cortex-a53/libucode/CONTROL; else echo "CONTROL directory /home/jackie/Downloads/Askey_Spectrum_SBE1V1K/build_dir/target-aarch64_cortex-a53_musl/ucode-2026.07.09~b885dd0f/ipkg-aarch64_cortex-a53/libucode/CONTROL is not empty! This is not right and should be checked!" >&2; exit 1; fi
SOURCE_DATE_EPOCH=0 /home/jackie/Downloads/Askey_Spectrum_SBE1V1K/staging_dir/host/bin/fakeroot /home/jackie/Downloads/Askey_Spectrum_SBE1V1K/staging_dir/host/bin/apk mkpkg --info "name:libucode20230711" --info "version:2026.07.09~b885dd0f-r1" --info "tags:openwrt:abiversion=20230711 openwrt:section=libs" --info "description:The libucode package provides the shared runtime library for the ucode interpreter." --info "arch:aarch64_cortex-a53" --info "license:ISC" --info "origin:feeds/base/utils/ucode" --info "url:" --info "maintainer:Jo-Philipp Wich <jo@mein.io>" --info "provides:libucode libucode-any" --info "provider-priority:10" --script "post-install:/home/jackie/Downloads/Askey_Spectrum_SBE1V1K/build_dir/target-aarch64_cortex-a53_musl/ucode-2026.07.09~b885dd0f/apk-aarch64_cortex-a53/libucode/post-install" --script "post-upgrade:/home/jackie/Downloads/Askey_Spectrum_SBE1V1K/build_dir/target-aarch64_cortex-a53_musl/ucode-2026.07.09~b885dd0f/apk-aarch64_cortex-a53/libucode/post-upgrade" --script "pre-deinstall:/home/jackie/Downloads/Askey_Spectrum_SBE1V1K/build_dir/target-aarch64_cortex-a53_musl/ucode-2026.07.09~b885dd0f/apk-aarch64_cortex-a53/libucode/pre-deinstall" --info "depends:libc libjson-c5" --files "/home/jackie/Downloads/Askey_Spectrum_SBE1V1K/build_dir/target-aarch64_cortex-a53_musl/ucode-2026.07.09~b885dd0f/ipkg-aarch64_cortex-a53/libucode" --sign /home/jackie/Downloads/Askey_Spectrum_SBE1V1K/private-key.pem --output "/home/jackie/Downloads/Askey_Spectrum_SBE1V1K/bin/packages/aarch64_cortex-a53/base/libucode20230711-2026.07.09~b885dd0f-r1.apk"
rm -rf /home/jackie/Downloads/Askey_Spectrum_SBE1V1K/build_dir/target-aarch64_cortex-a53_musl/ucode-2026.07.09~b885dd0f/ipkg-aarch64_cortex-a53/ucode
mkdir -p /home/jackie/Downloads/Askey_Spectrum_SBE1V1K/bin/targets/qualcommbe/ipq95xx/packages /home/jackie/Downloads/Askey_Spectrum_SBE1V1K/build_dir/target-aarch64_cortex-a53_musl/ucode-2026.07.09~b885dd0f/ipkg-aarch64_cortex-a53/ucode /home/jackie/Downloads/Askey_Spectrum_SBE1V1K/staging_dir/target-aarch64_cortex-a53_musl/pkginfo
install -d -m0755 /home/jackie/Downloads/Askey_Spectrum_SBE1V1K/build_dir/target-aarch64_cortex-a53_musl/ucode-2026.07.09~b885dd0f/ipkg-aarch64_cortex-a53/ucode/usr/bin
cp -fpR /home/jackie/Downloads/Askey_Spectrum_SBE1V1K/build_dir/target-aarch64_cortex-a53_musl/ucode-2026.07.09~b885dd0f/ipkg-install/usr/bin/u* /home/jackie/Downloads/Askey_Spectrum_SBE1V1K/build_dir/target-aarch64_cortex-a53_musl/ucode-2026.07.09~b885dd0f/ipkg-aarch64_cortex-a53/ucode/usr/bin/
find /home/jackie/Downloads/Askey_Spectrum_SBE1V1K/build_dir/target-aarch64_cortex-a53_musl/ucode-2026.07.09~b885dd0f/ipkg-aarch64_cortex-a53/ucode -name '.svn' -o -name '.#*' -o -name '*~'| xargs -r rm -rf
export CROSS="aarch64-openwrt-linux-musl-"  NO_RENAME=1 ; NM="aarch64-openwrt-linux-musl-nm" STRIP="/home/jackie/Downloads/Askey_Spectrum_SBE1V1K/staging_dir/host/bin/sstrip -z" STRIP_KMOD="/home/jackie/Downloads/Askey_Spectrum_SBE1V1K/scripts/strip-kmod.sh" PATCHELF="/home/jackie/Downloads/Askey_Spectrum_SBE1V1K/staging_dir/host/bin/patchelf" /home/jackie/Downloads/Askey_Spectrum_SBE1V1K/scripts/rstrip.sh /home/jackie/Downloads/Askey_Spectrum_SBE1V1K/build_dir/target-aarch64_cortex-a53_musl/ucode-2026.07.09~b885dd0f/ipkg-aarch64_cortex-a53/ucode
rstrip.sh: /home/jackie/Downloads/Askey_Spectrum_SBE1V1K/build_dir/target-aarch64_cortex-a53_musl/ucode-2026.07.09~b885dd0f/ipkg-aarch64_cortex-a53/ucode/usr/bin/ucode: executable
install -d -m0755 /home/jackie/Downloads/Askey_Spectrum_SBE1V1K/bin/packages/aarch64_cortex-a53/base
mkdir -p /home/jackie/Downloads/Askey_Spectrum_SBE1V1K/build_dir/target-aarch64_cortex-a53_musl/ucode-2026.07.09~b885dd0f/apk-aarch64_cortex-a53/ucode/
mkdir -p /home/jackie/Downloads/Askey_Spectrum_SBE1V1K/build_dir/target-aarch64_cortex-a53_musl/ucode-2026.07.09~b885dd0f/ipkg-aarch64_cortex-a53/ucode/lib/apk/packages/
(cd /home/jackie/Downloads/Askey_Spectrum_SBE1V1K/build_dir/target-aarch64_cortex-a53_musl/ucode-2026.07.09~b885dd0f/apk-aarch64_cortex-a53/ucode; )
( echo "#!/bin/sh"; echo "[ \"\${IPKG_NO_SCRIPT}\" = \"1\" ] && exit 0"; echo "[ -s "\${IPKG_INSTROOT}/lib/functions.sh" ] || exit 0"; echo ". \${IPKG_INSTROOT}/lib/functions.sh"; echo 'export root="${IPKG_INSTROOT}"'; echo 'export pkgname="ucode"'; echo "add_group_and_user"; echo "default_postinst"; [ ! -f /home/jackie/Downloads/Askey_Spectrum_SBE1V1K/build_dir/target-aarch64_cortex-a53_musl/ucode-2026.07.09~b885dd0f/apk-aarch64_cortex-a53/ucode/postinst-pkg ] || sed '/^\s*#!/d' "/home/jackie/Downloads/Askey_Spectrum_SBE1V1K/build_dir/target-aarch64_cortex-a53_musl/ucode-2026.07.09~b885dd0f/apk-aarch64_cortex-a53/ucode/postinst-pkg"; ) > /home/jackie/Downloads/Askey_Spectrum_SBE1V1K/build_dir/target-aarch64_cortex-a53_musl/ucode-2026.07.09~b885dd0f/apk-aarch64_cortex-a53/ucode/post-install;
( echo "#!/bin/sh"; echo 'export PKG_UPGRADE=1'; [ ! -f /home/jackie/Downloads/Askey_Spectrum_SBE1V1K/build_dir/target-aarch64_cortex-a53_musl/ucode-2026.07.09~b885dd0f/apk-aarch64_cortex-a53/ucode/post-install ] || sed '/^\s*#!/d' "/home/jackie/Downloads/Askey_Spectrum_SBE1V1K/build_dir/target-aarch64_cortex-a53_musl/ucode-2026.07.09~b885dd0f/apk-aarch64_cortex-a53/ucode/post-install"; ) > /home/jackie/Downloads/Askey_Spectrum_SBE1V1K/build_dir/target-aarch64_cortex-a53_musl/ucode-2026.07.09~b885dd0f/apk-aarch64_cortex-a53/ucode/post-upgrade;
( echo "#!/bin/sh"; echo "[ -s "\${IPKG_INSTROOT}/lib/functions.sh" ] || exit 0"; echo ". \${IPKG_INSTROOT}/lib/functions.sh"; echo 'export root="${IPKG_INSTROOT}"'; echo 'export pkgname="ucode"'; echo "default_prerm"; [ ! -f /home/jackie/Downloads/Askey_Spectrum_SBE1V1K/build_dir/target-aarch64_cortex-a53_musl/ucode-2026.07.09~b885dd0f/apk-aarch64_cortex-a53/ucode/prerm-pkg ] || sed '/^\s*#!/d' "/home/jackie/Downloads/Askey_Spectrum_SBE1V1K/build_dir/target-aarch64_cortex-a53_musl/ucode-2026.07.09~b885dd0f/apk-aarch64_cortex-a53/ucode/prerm-pkg"; ) > /home/jackie/Downloads/Askey_Spectrum_SBE1V1K/build_dir/target-aarch64_cortex-a53_musl/ucode-2026.07.09~b885dd0f/apk-aarch64_cortex-a53/ucode/pre-deinstall;
[ ! -f /home/jackie/Downloads/Askey_Spectrum_SBE1V1K/build_dir/target-aarch64_cortex-a53_musl/ucode-2026.07.09~b885dd0f/apk-aarch64_cortex-a53/ucode/postrm ] || sed -zi 's/^\s*#!/#!/' "/home/jackie/Downloads/Askey_Spectrum_SBE1V1K/build_dir/target-aarch64_cortex-a53_musl/ucode-2026.07.09~b885dd0f/apk-aarch64_cortex-a53/ucode/postrm";
if [ -n "" ]; then echo  > /home/jackie/Downloads/Askey_Spectrum_SBE1V1K/build_dir/target-aarch64_cortex-a53_musl/ucode-2026.07.09~b885dd0f/ipkg-aarch64_cortex-a53/ucode/lib/apk/packages/ucode.rusers; fi;
if [ -n "" ]; then echo  > /home/jackie/Downloads/Askey_Spectrum_SBE1V1K/build_dir/target-aarch64_cortex-a53_musl/ucode-2026.07.09~b885dd0f/ipkg-aarch64_cortex-a53/ucode/lib/apk/packages/ucode.alternatives; fi;
(cd /home/jackie/Downloads/Askey_Spectrum_SBE1V1K/build_dir/target-aarch64_cortex-a53_musl/ucode-2026.07.09~b885dd0f/ipkg-aarch64_cortex-a53/ucode && find . -type f,l -printf "/%P\n" | sort > /home/jackie/Downloads/Askey_Spectrum_SBE1V1K/tmp/ucode.list && mv /home/jackie/Downloads/Askey_Spectrum_SBE1V1K/tmp/ucode.list /home/jackie/Downloads/Askey_Spectrum_SBE1V1K/build_dir/target-aarch64_cortex-a53_musl/ucode-2026.07.09~b885dd0f/ipkg-aarch64_cortex-a53/ucode/lib/apk/packages/ucode.list)
# Move conffiles to IDIR and build conffiles_static with csums
if [ -f /home/jackie/Downloads/Askey_Spectrum_SBE1V1K/build_dir/target-aarch64_cortex-a53_musl/ucode-2026.07.09~b885dd0f/apk-aarch64_cortex-a53/ucode/conffiles ]; then mv -f /home/jackie/Downloads/Askey_Spectrum_SBE1V1K/build_dir/target-aarch64_cortex-a53_musl/ucode-2026.07.09~b885dd0f/apk-aarch64_cortex-a53/ucode/conffiles /home/jackie/Downloads/Askey_Spectrum_SBE1V1K/build_dir/target-aarch64_cortex-a53_musl/ucode-2026.07.09~b885dd0f/ipkg-aarch64_cortex-a53/ucode/lib/apk/packages/ucode.conffiles; for file in $(cat /home/jackie/Downloads/Askey_Spectrum_SBE1V1K/build_dir/target-aarch64_cortex-a53_musl/ucode-2026.07.09~b885dd0f/ipkg-aarch64_cortex-a53/ucode/lib/apk/packages/ucode.conffiles); do [ -f /home/jackie/Downloads/Askey_Spectrum_SBE1V1K/build_dir/target-aarch64_cortex-a53_musl/ucode-2026.07.09~b885dd0f/ipkg-aarch64_cortex-a53/ucode/$file ] || continue; csum=$(/home/jackie/Downloads/Askey_Spectrum_SBE1V1K/staging_dir/host/bin/mkhash sha256 /home/jackie/Downloads/Askey_Spectrum_SBE1V1K/build_dir/target-aarch64_cortex-a53_musl/ucode-2026.07.09~b885dd0f/ipkg-aarch64_cortex-a53/ucode/$file); echo $file $csum >> /home/jackie/Downloads/Askey_Spectrum_SBE1V1K/build_dir/target-aarch64_cortex-a53_musl/ucode-2026.07.09~b885dd0f/ipkg-aarch64_cortex-a53/ucode/lib/apk/packages/ucode.conffiles_static; done; fi
# Some package (base-files) manually append stuff to conffiles
# Append stuff from it and delete the CONTROL directory since everything else should be migrated
if [ -f /home/jackie/Downloads/Askey_Spectrum_SBE1V1K/build_dir/target-aarch64_cortex-a53_musl/ucode-2026.07.09~b885dd0f/ipkg-aarch64_cortex-a53/ucode/CONTROL/conffiles ]; then echo $(IDIR_ucode)/CONTROL/conffiles >> /home/jackie/Downloads/Askey_Spectrum_SBE1V1K/build_dir/target-aarch64_cortex-a53_musl/ucode-2026.07.09~b885dd0f/ipkg-aarch64_cortex-a53/ucode/lib/apk/packages/ucode.conffiles; for file in $(cat /home/jackie/Downloads/Askey_Spectrum_SBE1V1K/build_dir/target-aarch64_cortex-a53_musl/ucode-2026.07.09~b885dd0f/ipkg-aarch64_cortex-a53/ucode/CONTROL/conffiles); do [ -f /home/jackie/Downloads/Askey_Spectrum_SBE1V1K/build_dir/target-aarch64_cortex-a53_musl/ucode-2026.07.09~b885dd0f/ipkg-aarch64_cortex-a53/ucode/$file ] || continue; csum=$(/home/jackie/Downloads/Askey_Spectrum_SBE1V1K/staging_dir/host/bin/mkhash sha256 /home/jackie/Downloads/Askey_Spectrum_SBE1V1K/build_dir/target-aarch64_cortex-a53_musl/ucode-2026.07.09~b885dd0f/ipkg-aarch64_cortex-a53/ucode/$file); echo $file $csum >> /home/jackie/Downloads/Askey_Spectrum_SBE1V1K/build_dir/target-aarch64_cortex-a53_musl/ucode-2026.07.09~b885dd0f/ipkg-aarch64_cortex-a53/ucode/lib/apk/packages/ucode.conffiles_static; done; rm -rf /home/jackie/Downloads/Askey_Spectrum_SBE1V1K/build_dir/target-aarch64_cortex-a53_musl/ucode-2026.07.09~b885dd0f/ipkg-aarch64_cortex-a53/ucode/CONTROL/conffiles; fi
if [ -z "$(ls -A /home/jackie/Downloads/Askey_Spectrum_SBE1V1K/build_dir/target-aarch64_cortex-a53_musl/ucode-2026.07.09~b885dd0f/ipkg-aarch64_cortex-a53/ucode/CONTROL 2>/dev/null)" ]; then rm -rf /home/jackie/Downloads/Askey_Spectrum_SBE1V1K/build_dir/target-aarch64_cortex-a53_musl/ucode-2026.07.09~b885dd0f/ipkg-aarch64_cortex-a53/ucode/CONTROL; else echo "CONTROL directory /home/jackie/Downloads/Askey_Spectrum_SBE1V1K/build_dir/target-aarch64_cortex-a53_musl/ucode-2026.07.09~b885dd0f/ipkg-aarch64_cortex-a53/ucode/CONTROL is not empty! This is not right and should be checked!" >&2; exit 1; fi
SOURCE_DATE_EPOCH=0 /home/jackie/Downloads/Askey_Spectrum_SBE1V1K/staging_dir/host/bin/fakeroot /home/jackie/Downloads/Askey_Spectrum_SBE1V1K/staging_dir/host/bin/apk mkpkg --info "name:ucode" --info "version:2026.07.09~b885dd0f-r1" --info "tags:openwrt:section=lang" --info "description:ucode is a tiny script interpreter featuring an ECMAScript oriented script language and Jinja-inspired templating." --info "arch:aarch64_cortex-a53" --info "license:ISC" --info "origin:feeds/base/utils/ucode" --info "url:" --info "maintainer:Jo-Philipp Wich <jo@mein.io>" --info "provides:ucode-any"  --script "post-install:/home/jackie/Downloads/Askey_Spectrum_SBE1V1K/build_dir/target-aarch64_cortex-a53_musl/ucode-2026.07.09~b885dd0f/apk-aarch64_cortex-a53/ucode/post-install" --script "post-upgrade:/home/jackie/Downloads/Askey_Spectrum_SBE1V1K/build_dir/target-aarch64_cortex-a53_musl/ucode-2026.07.09~b885dd0f/apk-aarch64_cortex-a53/ucode/post-upgrade" --script "pre-deinstall:/home/jackie/Downloads/Askey_Spectrum_SBE1V1K/build_dir/target-aarch64_cortex-a53_musl/ucode-2026.07.09~b885dd0f/apk-aarch64_cortex-a53/ucode/pre-deinstall" --info "depends:libc libucode20230711" --files "/home/jackie/Downloads/Askey_Spectrum_SBE1V1K/build_dir/target-aarch64_cortex-a53_musl/ucode-2026.07.09~b885dd0f/ipkg-aarch64_cortex-a53/ucode" --sign /home/jackie/Downloads/Askey_Spectrum_SBE1V1K/private-key.pem --output "/home/jackie/Downloads/Askey_Spectrum_SBE1V1K/bin/packages/aarch64_cortex-a53/base/ucode-2026.07.09~b885dd0f-r1.apk"
rm -rf /home/jackie/Downloads/Askey_Spectrum_SBE1V1K/build_dir/target-aarch64_cortex-a53_musl/ucode-2026.07.09~b885dd0f/ipkg-aarch64_cortex-a53/ucode-mod-fs
mkdir -p /home/jackie/Downloads/Askey_Spectrum_SBE1V1K/bin/targets/qualcommbe/ipq95xx/packages /home/jackie/Downloads/Askey_Spectrum_SBE1V1K/build_dir/target-aarch64_cortex-a53_musl/ucode-2026.07.09~b885dd0f/ipkg-aarch64_cortex-a53/ucode-mod-fs /home/jackie/Downloads/Askey_Spectrum_SBE1V1K/staging_dir/target-aarch64_cortex-a53_musl/pkginfo
install -d -m0755 /home/jackie/Downloads/Askey_Spectrum_SBE1V1K/build_dir/target-aarch64_cortex-a53_musl/ucode-2026.07.09~b885dd0f/ipkg-aarch64_cortex-a53/ucode-mod-fs/usr/lib/ucode
install -m0755 /home/jackie/Downloads/Askey_Spectrum_SBE1V1K/build_dir/target-aarch64_cortex-a53_musl/ucode-2026.07.09~b885dd0f/ipkg-install/usr/lib/ucode/fs.so /home/jackie/Downloads/Askey_Spectrum_SBE1V1K/build_dir/target-aarch64_cortex-a53_musl/ucode-2026.07.09~b885dd0f/ipkg-aarch64_cortex-a53/ucode-mod-fs/usr/lib/ucode/
find /home/jackie/Downloads/Askey_Spectrum_SBE1V1K/build_dir/target-aarch64_cortex-a53_musl/ucode-2026.07.09~b885dd0f/ipkg-aarch64_cortex-a53/ucode-mod-fs -name '.svn' -o -name '.#*' -o -name '*~'| xargs -r rm -rf
export CROSS="aarch64-openwrt-linux-musl-"  NO_RENAME=1 ; NM="aarch64-openwrt-linux-musl-nm" STRIP="/home/jackie/Downloads/Askey_Spectrum_SBE1V1K/staging_dir/host/bin/sstrip -z" STRIP_KMOD="/home/jackie/Downloads/Askey_Spectrum_SBE1V1K/scripts/strip-kmod.sh" PATCHELF="/home/jackie/Downloads/Askey_Spectrum_SBE1V1K/staging_dir/host/bin/patchelf" /home/jackie/Downloads/Askey_Spectrum_SBE1V1K/scripts/rstrip.sh /home/jackie/Downloads/Askey_Spectrum_SBE1V1K/build_dir/target-aarch64_cortex-a53_musl/ucode-2026.07.09~b885dd0f/ipkg-aarch64_cortex-a53/ucode-mod-fs
rstrip.sh: /home/jackie/Downloads/Askey_Spectrum_SBE1V1K/build_dir/target-aarch64_cortex-a53_musl/ucode-2026.07.09~b885dd0f/ipkg-aarch64_cortex-a53/ucode-mod-fs/usr/lib/ucode/fs.so: shared object
install -d -m0755 /home/jackie/Downloads/Askey_Spectrum_SBE1V1K/bin/packages/aarch64_cortex-a53/base
mkdir -p /home/jackie/Downloads/Askey_Spectrum_SBE1V1K/build_dir/target-aarch64_cortex-a53_musl/ucode-2026.07.09~b885dd0f/apk-aarch64_cortex-a53/ucode-mod-fs/
mkdir -p /home/jackie/Downloads/Askey_Spectrum_SBE1V1K/build_dir/target-aarch64_cortex-a53_musl/ucode-2026.07.09~b885dd0f/ipkg-aarch64_cortex-a53/ucode-mod-fs/lib/apk/packages/
(cd /home/jackie/Downloads/Askey_Spectrum_SBE1V1K/build_dir/target-aarch64_cortex-a53_musl/ucode-2026.07.09~b885dd0f/apk-aarch64_cortex-a53/ucode-mod-fs; )
( echo "#!/bin/sh"; echo "[ \"\${IPKG_NO_SCRIPT}\" = \"1\" ] && exit 0"; echo "[ -s "\${IPKG_INSTROOT}/lib/functions.sh" ] || exit 0"; echo ". \${IPKG_INSTROOT}/lib/functions.sh"; echo 'export root="${IPKG_INSTROOT}"'; echo 'export pkgname="ucode-mod-fs"'; echo "add_group_and_user"; echo "default_postinst"; [ ! -f /home/jackie/Downloads/Askey_Spectrum_SBE1V1K/build_dir/target-aarch64_cortex-a53_musl/ucode-2026.07.09~b885dd0f/apk-aarch64_cortex-a53/ucode-mod-fs/postinst-pkg ] || sed '/^\s*#!/d' "/home/jackie/Downloads/Askey_Spectrum_SBE1V1K/build_dir/target-aarch64_cortex-a53_musl/ucode-2026.07.09~b885dd0f/apk-aarch64_cortex-a53/ucode-mod-fs/postinst-pkg"; ) > /home/jackie/Downloads/Askey_Spectrum_SBE1V1K/build_dir/target-aarch64_cortex-a53_musl/ucode-2026.07.09~b885dd0f/apk-aarch64_cortex-a53/ucode-mod-fs/post-install;
( echo "#!/bin/sh"; echo 'export PKG_UPGRADE=1'; [ ! -f /home/jackie/Downloads/Askey_Spectrum_SBE1V1K/build_dir/target-aarch64_cortex-a53_musl/ucode-2026.07.09~b885dd0f/apk-aarch64_cortex-a53/ucode-mod-fs/post-install ] || sed '/^\s*#!/d' "/home/jackie/Downloads/Askey_Spectrum_SBE1V1K/build_dir/target-aarch64_cortex-a53_musl/ucode-2026.07.09~b885dd0f/apk-aarch64_cortex-a53/ucode-mod-fs/post-install"; ) > /home/jackie/Downloads/Askey_Spectrum_SBE1V1K/build_dir/target-aarch64_cortex-a53_musl/ucode-2026.07.09~b885dd0f/apk-aarch64_cortex-a53/ucode-mod-fs/post-upgrade;
( echo "#!/bin/sh"; echo "[ -s "\${IPKG_INSTROOT}/lib/functions.sh" ] || exit 0"; echo ". \${IPKG_INSTROOT}/lib/functions.sh"; echo 'export root="${IPKG_INSTROOT}"'; echo 'export pkgname="ucode-mod-fs"'; echo "default_prerm"; [ ! -f /home/jackie/Downloads/Askey_Spectrum_SBE1V1K/build_dir/target-aarch64_cortex-a53_musl/ucode-2026.07.09~b885dd0f/apk-aarch64_cortex-a53/ucode-mod-fs/prerm-pkg ] || sed '/^\s*#!/d' "/home/jackie/Downloads/Askey_Spectrum_SBE1V1K/build_dir/target-aarch64_cortex-a53_musl/ucode-2026.07.09~b885dd0f/apk-aarch64_cortex-a53/ucode-mod-fs/prerm-pkg"; ) > /home/jackie/Downloads/Askey_Spectrum_SBE1V1K/build_dir/target-aarch64_cortex-a53_musl/ucode-2026.07.09~b885dd0f/apk-aarch64_cortex-a53/ucode-mod-fs/pre-deinstall;
[ ! -f /home/jackie/Downloads/Askey_Spectrum_SBE1V1K/build_dir/target-aarch64_cortex-a53_musl/ucode-2026.07.09~b885dd0f/apk-aarch64_cortex-a53/ucode-mod-fs/postrm ] || sed -zi 's/^\s*#!/#!/' "/home/jackie/Downloads/Askey_Spectrum_SBE1V1K/build_dir/target-aarch64_cortex-a53_musl/ucode-2026.07.09~b885dd0f/apk-aarch64_cortex-a53/ucode-mod-fs/postrm";
if [ -n "" ]; then echo  > /home/jackie/Downloads/Askey_Spectrum_SBE1V1K/build_dir/target-aarch64_cortex-a53_musl/ucode-2026.07.09~b885dd0f/ipkg-aarch64_cortex-a53/ucode-mod-fs/lib/apk/packages/ucode-mod-fs.rusers; fi;
if [ -n "" ]; then echo  > /home/jackie/Downloads/Askey_Spectrum_SBE1V1K/build_dir/target-aarch64_cortex-a53_musl/ucode-2026.07.09~b885dd0f/ipkg-aarch64_cortex-a53/ucode-mod-fs/lib/apk/packages/ucode-mod-fs.alternatives; fi;
(cd /home/jackie/Downloads/Askey_Spectrum_SBE1V1K/build_dir/target-aarch64_cortex-a53_musl/ucode-2026.07.09~b885dd0f/ipkg-aarch64_cortex-a53/ucode-mod-fs && find . -type f,l -printf "/%P\n" | sort > /home/jackie/Downloads/Askey_Spectrum_SBE1V1K/tmp/ucode-mod-fs.list && mv /home/jackie/Downloads/Askey_Spectrum_SBE1V1K/tmp/ucode-mod-fs.list /home/jackie/Downloads/Askey_Spectrum_SBE1V1K/build_dir/target-aarch64_cortex-a53_musl/ucode-2026.07.09~b885dd0f/ipkg-aarch64_cortex-a53/ucode-mod-fs/lib/apk/packages/ucode-mod-fs.list)
# Move conffiles to IDIR and build conffiles_static with csums
if [ -f /home/jackie/Downloads/Askey_Spectrum_SBE1V1K/build_dir/target-aarch64_cortex-a53_musl/ucode-2026.07.09~b885dd0f/apk-aarch64_cortex-a53/ucode-mod-fs/conffiles ]; then mv -f /home/jackie/Downloads/Askey_Spectrum_SBE1V1K/build_dir/target-aarch64_cortex-a53_musl/ucode-2026.07.09~b885dd0f/apk-aarch64_cortex-a53/ucode-mod-fs/conffiles /home/jackie/Downloads/Askey_Spectrum_SBE1V1K/build_dir/target-aarch64_cortex-a53_musl/ucode-2026.07.09~b885dd0f/ipkg-aarch64_cortex-a53/ucode-mod-fs/lib/apk/packages/ucode-mod-fs.conffiles; for file in $(cat /home/jackie/Downloads/Askey_Spectrum_SBE1V1K/build_dir/target-aarch64_cortex-a53_musl/ucode-2026.07.09~b885dd0f/ipkg-aarch64_cortex-a53/ucode-mod-fs/lib/apk/packages/ucode-mod-fs.conffiles); do [ -f /home/jackie/Downloads/Askey_Spectrum_SBE1V1K/build_dir/target-aarch64_cortex-a53_musl/ucode-2026.07.09~b885dd0f/ipkg-aarch64_cortex-a53/ucode-mod-fs/$file ] || continue; csum=$(/home/jackie/Downloads/Askey_Spectrum_SBE1V1K/staging_dir/host/bin/mkhash sha256 /home/jackie/Downloads/Askey_Spectrum_SBE1V1K/build_dir/target-aarch64_cortex-a53_musl/ucode-2026.07.09~b885dd0f/ipkg-aarch64_cortex-a53/ucode-mod-fs/$file); echo $file $csum >> /home/jackie/Downloads/Askey_Spectrum_SBE1V1K/build_dir/target-aarch64_cortex-a53_musl/ucode-2026.07.09~b885dd0f/ipkg-aarch64_cortex-a53/ucode-mod-fs/lib/apk/packages/ucode-mod-fs.conffiles_static; done; fi
# Some package (base-files) manually append stuff to conffiles
# Append stuff from it and delete the CONTROL directory since everything else should be migrated
if [ -f /home/jackie/Downloads/Askey_Spectrum_SBE1V1K/build_dir/target-aarch64_cortex-a53_musl/ucode-2026.07.09~b885dd0f/ipkg-aarch64_cortex-a53/ucode-mod-fs/CONTROL/conffiles ]; then echo $(IDIR_ucode-mod-fs)/CONTROL/conffiles >> /home/jackie/Downloads/Askey_Spectrum_SBE1V1K/build_dir/target-aarch64_cortex-a53_musl/ucode-2026.07.09~b885dd0f/ipkg-aarch64_cortex-a53/ucode-mod-fs/lib/apk/packages/ucode-mod-fs.conffiles; for file in $(cat /home/jackie/Downloads/Askey_Spectrum_SBE1V1K/build_dir/target-aarch64_cortex-a53_musl/ucode-2026.07.09~b885dd0f/ipkg-aarch64_cortex-a53/ucode-mod-fs/CONTROL/conffiles); do [ -f /home/jackie/Downloads/Askey_Spectrum_SBE1V1K/build_dir/target-aarch64_cortex-a53_musl/ucode-2026.07.09~b885dd0f/ipkg-aarch64_cortex-a53/ucode-mod-fs/$file ] || continue; csum=$(/home/jackie/Downloads/Askey_Spectrum_SBE1V1K/staging_dir/host/bin/mkhash sha256 /home/jackie/Downloads/Askey_Spectrum_SBE1V1K/build_dir/target-aarch64_cortex-a53_musl/ucode-2026.07.09~b885dd0f/ipkg-aarch64_cortex-a53/ucode-mod-fs/$file); echo $file $csum >> /home/jackie/Downloads/Askey_Spectrum_SBE1V1K/build_dir/target-aarch64_cortex-a53_musl/ucode-2026.07.09~b885dd0f/ipkg-aarch64_cortex-a53/ucode-mod-fs/lib/apk/packages/ucode-mod-fs.conffiles_static; done; rm -rf /home/jackie/Downloads/Askey_Spectrum_SBE1V1K/build_dir/target-aarch64_cortex-a53_musl/ucode-2026.07.09~b885dd0f/ipkg-aarch64_cortex-a53/ucode-mod-fs/CONTROL/conffiles; fi
if [ -z "$(ls -A /home/jackie/Downloads/Askey_Spectrum_SBE1V1K/build_dir/target-aarch64_cortex-a53_musl/ucode-2026.07.09~b885dd0f/ipkg-aarch64_cortex-a53/ucode-mod-fs/CONTROL 2>/dev/null)" ]; then rm -rf /home/jackie/Downloads/Askey_Spectrum_SBE1V1K/build_dir/target-aarch64_cortex-a53_musl/ucode-2026.07.09~b885dd0f/ipkg-aarch64_cortex-a53/ucode-mod-fs/CONTROL; else echo "CONTROL directory /home/jackie/Downloads/Askey_Spectrum_SBE1V1K/build_dir/target-aarch64_cortex-a53_musl/ucode-2026.07.09~b885dd0f/ipkg-aarch64_cortex-a53/ucode-mod-fs/CONTROL is not empty! This is not right and should be checked!" >&2; exit 1; fi
SOURCE_DATE_EPOCH=0 /home/jackie/Downloads/Askey_Spectrum_SBE1V1K/staging_dir/host/bin/fakeroot /home/jackie/Downloads/Askey_Spectrum_SBE1V1K/staging_dir/host/bin/apk mkpkg --info "name:ucode-mod-fs" --info "version:2026.07.09~b885dd0f-r1" --info "tags:openwrt:section=lang" --info "description:The filesystem plugin module allows interaction with the local file system." --info "arch:aarch64_cortex-a53" --info "license:ISC" --info "origin:feeds/base/utils/ucode" --info "url:" --info "maintainer:Jo-Philipp Wich <jo@mein.io>" --info "provides:ucode-mod-fs-any"  --script "post-install:/home/jackie/Downloads/Askey_Spectrum_SBE1V1K/build_dir/target-aarch64_cortex-a53_musl/ucode-2026.07.09~b885dd0f/apk-aarch64_cortex-a53/ucode-mod-fs/post-install" --script "post-upgrade:/home/jackie/Downloads/Askey_Spectrum_SBE1V1K/build_dir/target-aarch64_cortex-a53_musl/ucode-2026.07.09~b885dd0f/apk-aarch64_cortex-a53/ucode-mod-fs/post-upgrade" --script "pre-deinstall:/home/jackie/Downloads/Askey_Spectrum_SBE1V1K/build_dir/target-aarch64_cortex-a53_musl/ucode-2026.07.09~b885dd0f/apk-aarch64_cortex-a53/ucode-mod-fs/pre-deinstall" --info "depends:libc ucode" --files "/home/jackie/Downloads/Askey_Spectrum_SBE1V1K/build_dir/target-aarch64_cortex-a53_musl/ucode-2026.07.09~b885dd0f/ipkg-aarch64_cortex-a53/ucode-mod-fs" --sign /home/jackie/Downloads/Askey_Spectrum_SBE1V1K/private-key.pem --output "/home/jackie/Downloads/Askey_Spectrum_SBE1V1K/bin/packages/aarch64_cortex-a53/base/ucode-mod-fs-2026.07.09~b885dd0f-r1.apk"
rm -rf /home/jackie/Downloads/Askey_Spectrum_SBE1V1K/build_dir/target-aarch64_cortex-a53_musl/ucode-2026.07.09~b885dd0f/ipkg-aarch64_cortex-a53/ucode-mod-nl80211
mkdir -p /home/jackie/Downloads/Askey_Spectrum_SBE1V1K/bin/targets/qualcommbe/ipq95xx/packages /home/jackie/Downloads/Askey_Spectrum_SBE1V1K/build_dir/target-aarch64_cortex-a53_musl/ucode-2026.07.09~b885dd0f/ipkg-aarch64_cortex-a53/ucode-mod-nl80211 /home/jackie/Downloads/Askey_Spectrum_SBE1V1K/staging_dir/target-aarch64_cortex-a53_musl/pkginfo
install -d -m0755 /home/jackie/Downloads/Askey_Spectrum_SBE1V1K/build_dir/target-aarch64_cortex-a53_musl/ucode-2026.07.09~b885dd0f/ipkg-aarch64_cortex-a53/ucode-mod-nl80211/usr/lib/ucode
install -m0755 /home/jackie/Downloads/Askey_Spectrum_SBE1V1K/build_dir/target-aarch64_cortex-a53_musl/ucode-2026.07.09~b885dd0f/ipkg-install/usr/lib/ucode/nl80211.so /home/jackie/Downloads/Askey_Spectrum_SBE1V1K/build_dir/target-aarch64_cortex-a53_musl/ucode-2026.07.09~b885dd0f/ipkg-aarch64_cortex-a53/ucode-mod-nl80211/usr/lib/ucode/
find /home/jackie/Downloads/Askey_Spectrum_SBE1V1K/build_dir/target-aarch64_cortex-a53_musl/ucode-2026.07.09~b885dd0f/ipkg-aarch64_cortex-a53/ucode-mod-nl80211 -name '.svn' -o -name '.#*' -o -name '*~'| xargs -r rm -rf
export CROSS="aarch64-openwrt-linux-musl-"  NO_RENAME=1 ; NM="aarch64-openwrt-linux-musl-nm" STRIP="/home/jackie/Downloads/Askey_Spectrum_SBE1V1K/staging_dir/host/bin/sstrip -z" STRIP_KMOD="/home/jackie/Downloads/Askey_Spectrum_SBE1V1K/scripts/strip-kmod.sh" PATCHELF="/home/jackie/Downloads/Askey_Spectrum_SBE1V1K/staging_dir/host/bin/patchelf" /home/jackie/Downloads/Askey_Spectrum_SBE1V1K/scripts/rstrip.sh /home/jackie/Downloads/Askey_Spectrum_SBE1V1K/build_dir/target-aarch64_cortex-a53_musl/ucode-2026.07.09~b885dd0f/ipkg-aarch64_cortex-a53/ucode-mod-nl80211
rstrip.sh: /home/jackie/Downloads/Askey_Spectrum_SBE1V1K/build_dir/target-aarch64_cortex-a53_musl/ucode-2026.07.09~b885dd0f/ipkg-aarch64_cortex-a53/ucode-mod-nl80211/usr/lib/ucode/nl80211.so: shared object
install -d -m0755 /home/jackie/Downloads/Askey_Spectrum_SBE1V1K/bin/packages/aarch64_cortex-a53/base
mkdir -p /home/jackie/Downloads/Askey_Spectrum_SBE1V1K/build_dir/target-aarch64_cortex-a53_musl/ucode-2026.07.09~b885dd0f/apk-aarch64_cortex-a53/ucode-mod-nl80211/
mkdir -p /home/jackie/Downloads/Askey_Spectrum_SBE1V1K/build_dir/target-aarch64_cortex-a53_musl/ucode-2026.07.09~b885dd0f/ipkg-aarch64_cortex-a53/ucode-mod-nl80211/lib/apk/packages/
(cd /home/jackie/Downloads/Askey_Spectrum_SBE1V1K/build_dir/target-aarch64_cortex-a53_musl/ucode-2026.07.09~b885dd0f/apk-aarch64_cortex-a53/ucode-mod-nl80211; )
( echo "#!/bin/sh"; echo "[ \"\${IPKG_NO_SCRIPT}\" = \"1\" ] && exit 0"; echo "[ -s "\${IPKG_INSTROOT}/lib/functions.sh" ] || exit 0"; echo ". \${IPKG_INSTROOT}/lib/functions.sh"; echo 'export root="${IPKG_INSTROOT}"'; echo 'export pkgname="ucode-mod-nl80211"'; echo "add_group_and_user"; echo "default_postinst"; [ ! -f /home/jackie/Downloads/Askey_Spectrum_SBE1V1K/build_dir/target-aarch64_cortex-a53_musl/ucode-2026.07.09~b885dd0f/apk-aarch64_cortex-a53/ucode-mod-nl80211/postinst-pkg ] || sed '/^\s*#!/d' "/home/jackie/Downloads/Askey_Spectrum_SBE1V1K/build_dir/target-aarch64_cortex-a53_musl/ucode-2026.07.09~b885dd0f/apk-aarch64_cortex-a53/ucode-mod-nl80211/postinst-pkg"; ) > /home/jackie/Downloads/Askey_Spectrum_SBE1V1K/build_dir/target-aarch64_cortex-a53_musl/ucode-2026.07.09~b885dd0f/apk-aarch64_cortex-a53/ucode-mod-nl80211/post-install;
( echo "#!/bin/sh"; echo 'export PKG_UPGRADE=1'; [ ! -f /home/jackie/Downloads/Askey_Spectrum_SBE1V1K/build_dir/target-aarch64_cortex-a53_musl/ucode-2026.07.09~b885dd0f/apk-aarch64_cortex-a53/ucode-mod-nl80211/post-install ] || sed '/^\s*#!/d' "/home/jackie/Downloads/Askey_Spectrum_SBE1V1K/build_dir/target-aarch64_cortex-a53_musl/ucode-2026.07.09~b885dd0f/apk-aarch64_cortex-a53/ucode-mod-nl80211/post-install"; ) > /home/jackie/Downloads/Askey_Spectrum_SBE1V1K/build_dir/target-aarch64_cortex-a53_musl/ucode-2026.07.09~b885dd0f/apk-aarch64_cortex-a53/ucode-mod-nl80211/post-upgrade;
( echo "#!/bin/sh"; echo "[ -s "\${IPKG_INSTROOT}/lib/functions.sh" ] || exit 0"; echo ". \${IPKG_INSTROOT}/lib/functions.sh"; echo 'export root="${IPKG_INSTROOT}"'; echo 'export pkgname="ucode-mod-nl80211"'; echo "default_prerm"; [ ! -f /home/jackie/Downloads/Askey_Spectrum_SBE1V1K/build_dir/target-aarch64_cortex-a53_musl/ucode-2026.07.09~b885dd0f/apk-aarch64_cortex-a53/ucode-mod-nl80211/prerm-pkg ] || sed '/^\s*#!/d' "/home/jackie/Downloads/Askey_Spectrum_SBE1V1K/build_dir/target-aarch64_cortex-a53_musl/ucode-2026.07.09~b885dd0f/apk-aarch64_cortex-a53/ucode-mod-nl80211/prerm-pkg"; ) > /home/jackie/Downloads/Askey_Spectrum_SBE1V1K/build_dir/target-aarch64_cortex-a53_musl/ucode-2026.07.09~b885dd0f/apk-aarch64_cortex-a53/ucode-mod-nl80211/pre-deinstall;
[ ! -f /home/jackie/Downloads/Askey_Spectrum_SBE1V1K/build_dir/target-aarch64_cortex-a53_musl/ucode-2026.07.09~b885dd0f/apk-aarch64_cortex-a53/ucode-mod-nl80211/postrm ] || sed -zi 's/^\s*#!/#!/' "/home/jackie/Downloads/Askey_Spectrum_SBE1V1K/build_dir/target-aarch64_cortex-a53_musl/ucode-2026.07.09~b885dd0f/apk-aarch64_cortex-a53/ucode-mod-nl80211/postrm";
if [ -n "" ]; then echo  > /home/jackie/Downloads/Askey_Spectrum_SBE1V1K/build_dir/target-aarch64_cortex-a53_musl/ucode-2026.07.09~b885dd0f/ipkg-aarch64_cortex-a53/ucode-mod-nl80211/lib/apk/packages/ucode-mod-nl80211.rusers; fi;
if [ -n "" ]; then echo  > /home/jackie/Downloads/Askey_Spectrum_SBE1V1K/build_dir/target-aarch64_cortex-a53_musl/ucode-2026.07.09~b885dd0f/ipkg-aarch64_cortex-a53/ucode-mod-nl80211/lib/apk/packages/ucode-mod-nl80211.alternatives; fi;
(cd /home/jackie/Downloads/Askey_Spectrum_SBE1V1K/build_dir/target-aarch64_cortex-a53_musl/ucode-2026.07.09~b885dd0f/ipkg-aarch64_cortex-a53/ucode-mod-nl80211 && find . -type f,l -printf "/%P\n" | sort > /home/jackie/Downloads/Askey_Spectrum_SBE1V1K/tmp/ucode-mod-nl80211.list && mv /home/jackie/Downloads/Askey_Spectrum_SBE1V1K/tmp/ucode-mod-nl80211.list /home/jackie/Downloads/Askey_Spectrum_SBE1V1K/build_dir/target-aarch64_cortex-a53_musl/ucode-2026.07.09~b885dd0f/ipkg-aarch64_cortex-a53/ucode-mod-nl80211/lib/apk/packages/ucode-mod-nl80211.list)
# Move conffiles to IDIR and build conffiles_static with csums
if [ -f /home/jackie/Downloads/Askey_Spectrum_SBE1V1K/build_dir/target-aarch64_cortex-a53_musl/ucode-2026.07.09~b885dd0f/apk-aarch64_cortex-a53/ucode-mod-nl80211/conffiles ]; then mv -f /home/jackie/Downloads/Askey_Spectrum_SBE1V1K/build_dir/target-aarch64_cortex-a53_musl/ucode-2026.07.09~b885dd0f/apk-aarch64_cortex-a53/ucode-mod-nl80211/conffiles /home/jackie/Downloads/Askey_Spectrum_SBE1V1K/build_dir/target-aarch64_cortex-a53_musl/ucode-2026.07.09~b885dd0f/ipkg-aarch64_cortex-a53/ucode-mod-nl80211/lib/apk/packages/ucode-mod-nl80211.conffiles; for file in $(cat /home/jackie/Downloads/Askey_Spectrum_SBE1V1K/build_dir/target-aarch64_cortex-a53_musl/ucode-2026.07.09~b885dd0f/ipkg-aarch64_cortex-a53/ucode-mod-nl80211/lib/apk/packages/ucode-mod-nl80211.conffiles); do [ -f /home/jackie/Downloads/Askey_Spectrum_SBE1V1K/build_dir/target-aarch64_cortex-a53_musl/ucode-2026.07.09~b885dd0f/ipkg-aarch64_cortex-a53/ucode-mod-nl80211/$file ] || continue; csum=$(/home/jackie/Downloads/Askey_Spectrum_SBE1V1K/staging_dir/host/bin/mkhash sha256 /home/jackie/Downloads/Askey_Spectrum_SBE1V1K/build_dir/target-aarch64_cortex-a53_musl/ucode-2026.07.09~b885dd0f/ipkg-aarch64_cortex-a53/ucode-mod-nl80211/$file); echo $file $csum >> /home/jackie/Downloads/Askey_Spectrum_SBE1V1K/build_dir/target-aarch64_cortex-a53_musl/ucode-2026.07.09~b885dd0f/ipkg-aarch64_cortex-a53/ucode-mod-nl80211/lib/apk/packages/ucode-mod-nl80211.conffiles_static; done; fi
# Some package (base-files) manually append stuff to conffiles
# Append stuff from it and delete the CONTROL directory since everything else should be migrated
if [ -f /home/jackie/Downloads/Askey_Spectrum_SBE1V1K/build_dir/target-aarch64_cortex-a53_musl/ucode-2026.07.09~b885dd0f/ipkg-aarch64_cortex-a53/ucode-mod-nl80211/CONTROL/conffiles ]; then echo $(IDIR_ucode-mod-nl80211)/CONTROL/conffiles >> /home/jackie/Downloads/Askey_Spectrum_SBE1V1K/build_dir/target-aarch64_cortex-a53_musl/ucode-2026.07.09~b885dd0f/ipkg-aarch64_cortex-a53/ucode-mod-nl80211/lib/apk/packages/ucode-mod-nl80211.conffiles; for file in $(cat /home/jackie/Downloads/Askey_Spectrum_SBE1V1K/build_dir/target-aarch64_cortex-a53_musl/ucode-2026.07.09~b885dd0f/ipkg-aarch64_cortex-a53/ucode-mod-nl80211/CONTROL/conffiles); do [ -f /home/jackie/Downloads/Askey_Spectrum_SBE1V1K/build_dir/target-aarch64_cortex-a53_musl/ucode-2026.07.09~b885dd0f/ipkg-aarch64_cortex-a53/ucode-mod-nl80211/$file ] || continue; csum=$(/home/jackie/Downloads/Askey_Spectrum_SBE1V1K/staging_dir/host/bin/mkhash sha256 /home/jackie/Downloads/Askey_Spectrum_SBE1V1K/build_dir/target-aarch64_cortex-a53_musl/ucode-2026.07.09~b885dd0f/ipkg-aarch64_cortex-a53/ucode-mod-nl80211/$file); echo $file $csum >> /home/jackie/Downloads/Askey_Spectrum_SBE1V1K/build_dir/target-aarch64_cortex-a53_musl/ucode-2026.07.09~b885dd0f/ipkg-aarch64_cortex-a53/ucode-mod-nl80211/lib/apk/packages/ucode-mod-nl80211.conffiles_static; done; rm -rf /home/jackie/Downloads/Askey_Spectrum_SBE1V1K/build_dir/target-aarch64_cortex-a53_musl/ucode-2026.07.09~b885dd0f/ipkg-aarch64_cortex-a53/ucode-mod-nl80211/CONTROL/conffiles; fi
if [ -z "$(ls -A /home/jackie/Downloads/Askey_Spectrum_SBE1V1K/build_dir/target-aarch64_cortex-a53_musl/ucode-2026.07.09~b885dd0f/ipkg-aarch64_cortex-a53/ucode-mod-nl80211/CONTROL 2>/dev/null)" ]; then rm -rf /home/jackie/Downloads/Askey_Spectrum_SBE1V1K/build_dir/target-aarch64_cortex-a53_musl/ucode-2026.07.09~b885dd0f/ipkg-aarch64_cortex-a53/ucode-mod-nl80211/CONTROL; else echo "CONTROL directory /home/jackie/Downloads/Askey_Spectrum_SBE1V1K/build_dir/target-aarch64_cortex-a53_musl/ucode-2026.07.09~b885dd0f/ipkg-aarch64_cortex-a53/ucode-mod-nl80211/CONTROL is not empty! This is not right and should be checked!" >&2; exit 1; fi
SOURCE_DATE_EPOCH=0 /home/jackie/Downloads/Askey_Spectrum_SBE1V1K/staging_dir/host/bin/fakeroot /home/jackie/Downloads/Askey_Spectrum_SBE1V1K/staging_dir/host/bin/apk mkpkg --info "name:ucode-mod-nl80211" --info "version:2026.07.09~b885dd0f-r1" --info "tags:openwrt:section=lang" --info "description:The nl80211 plugin provides access to the Linux wireless 802.11 netlink API." --info "arch:aarch64_cortex-a53" --info "license:ISC" --info "origin:feeds/base/utils/ucode" --info "url:" --info "maintainer:Jo-Philipp Wich <jo@mein.io>" --info "provides:ucode-mod-nl80211-any"  --script "post-install:/home/jackie/Downloads/Askey_Spectrum_SBE1V1K/build_dir/target-aarch64_cortex-a53_musl/ucode-2026.07.09~b885dd0f/apk-aarch64_cortex-a53/ucode-mod-nl80211/post-install" --script "post-upgrade:/home/jackie/Downloads/Askey_Spectrum_SBE1V1K/build_dir/target-aarch64_cortex-a53_musl/ucode-2026.07.09~b885dd0f/apk-aarch64_cortex-a53/ucode-mod-nl80211/post-upgrade" --script "pre-deinstall:/home/jackie/Downloads/Askey_Spectrum_SBE1V1K/build_dir/target-aarch64_cortex-a53_musl/ucode-2026.07.09~b885dd0f/apk-aarch64_cortex-a53/ucode-mod-nl80211/pre-deinstall" --info "depends:libc ucode libnl-tiny1 libubox20260721" --files "/home/jackie/Downloads/Askey_Spectrum_SBE1V1K/build_dir/target-aarch64_cortex-a53_musl/ucode-2026.07.09~b885dd0f/ipkg-aarch64_cortex-a53/ucode-mod-nl80211" --sign /home/jackie/Downloads/Askey_Spectrum_SBE1V1K/private-key.pem --output "/home/jackie/Downloads/Askey_Spectrum_SBE1V1K/bin/packages/aarch64_cortex-a53/base/ucode-mod-nl80211-2026.07.09~b885dd0f-r1.apk"
rm -rf /home/jackie/Downloads/Askey_Spectrum_SBE1V1K/build_dir/target-aarch64_cortex-a53_musl/ucode-2026.07.09~b885dd0f/ipkg-aarch64_cortex-a53/ucode-mod-rtnl
mkdir -p /home/jackie/Downloads/Askey_Spectrum_SBE1V1K/bin/targets/qualcommbe/ipq95xx/packages /home/jackie/Downloads/Askey_Spectrum_SBE1V1K/build_dir/target-aarch64_cortex-a53_musl/ucode-2026.07.09~b885dd0f/ipkg-aarch64_cortex-a53/ucode-mod-rtnl /home/jackie/Downloads/Askey_Spectrum_SBE1V1K/staging_dir/target-aarch64_cortex-a53_musl/pkginfo
install -d -m0755 /home/jackie/Downloads/Askey_Spectrum_SBE1V1K/build_dir/target-aarch64_cortex-a53_musl/ucode-2026.07.09~b885dd0f/ipkg-aarch64_cortex-a53/ucode-mod-rtnl/usr/lib/ucode
install -m0755 /home/jackie/Downloads/Askey_Spectrum_SBE1V1K/build_dir/target-aarch64_cortex-a53_musl/ucode-2026.07.09~b885dd0f/ipkg-install/usr/lib/ucode/rtnl.so /home/jackie/Downloads/Askey_Spectrum_SBE1V1K/build_dir/target-aarch64_cortex-a53_musl/ucode-2026.07.09~b885dd0f/ipkg-aarch64_cortex-a53/ucode-mod-rtnl/usr/lib/ucode/
find /home/jackie/Downloads/Askey_Spectrum_SBE1V1K/build_dir/target-aarch64_cortex-a53_musl/ucode-2026.07.09~b885dd0f/ipkg-aarch64_cortex-a53/ucode-mod-rtnl -name '.svn' -o -name '.#*' -o -name '*~'| xargs -r rm -rf
export CROSS="aarch64-openwrt-linux-musl-"  NO_RENAME=1 ; NM="aarch64-openwrt-linux-musl-nm" STRIP="/home/jackie/Downloads/Askey_Spectrum_SBE1V1K/staging_dir/host/bin/sstrip -z" STRIP_KMOD="/home/jackie/Downloads/Askey_Spectrum_SBE1V1K/scripts/strip-kmod.sh" PATCHELF="/home/jackie/Downloads/Askey_Spectrum_SBE1V1K/staging_dir/host/bin/patchelf" /home/jackie/Downloads/Askey_Spectrum_SBE1V1K/scripts/rstrip.sh /home/jackie/Downloads/Askey_Spectrum_SBE1V1K/build_dir/target-aarch64_cortex-a53_musl/ucode-2026.07.09~b885dd0f/ipkg-aarch64_cortex-a53/ucode-mod-rtnl
rstrip.sh: /home/jackie/Downloads/Askey_Spectrum_SBE1V1K/build_dir/target-aarch64_cortex-a53_musl/ucode-2026.07.09~b885dd0f/ipkg-aarch64_cortex-a53/ucode-mod-rtnl/usr/lib/ucode/rtnl.so: shared object
install -d -m0755 /home/jackie/Downloads/Askey_Spectrum_SBE1V1K/bin/packages/aarch64_cortex-a53/base
mkdir -p /home/jackie/Downloads/Askey_Spectrum_SBE1V1K/build_dir/target-aarch64_cortex-a53_musl/ucode-2026.07.09~b885dd0f/apk-aarch64_cortex-a53/ucode-mod-rtnl/
mkdir -p /home/jackie/Downloads/Askey_Spectrum_SBE1V1K/build_dir/target-aarch64_cortex-a53_musl/ucode-2026.07.09~b885dd0f/ipkg-aarch64_cortex-a53/ucode-mod-rtnl/lib/apk/packages/
(cd /home/jackie/Downloads/Askey_Spectrum_SBE1V1K/build_dir/target-aarch64_cortex-a53_musl/ucode-2026.07.09~b885dd0f/apk-aarch64_cortex-a53/ucode-mod-rtnl; )
( echo "#!/bin/sh"; echo "[ \"\${IPKG_NO_SCRIPT}\" = \"1\" ] && exit 0"; echo "[ -s "\${IPKG_INSTROOT}/lib/functions.sh" ] || exit 0"; echo ". \${IPKG_INSTROOT}/lib/functions.sh"; echo 'export root="${IPKG_INSTROOT}"'; echo 'export pkgname="ucode-mod-rtnl"'; echo "add_group_and_user"; echo "default_postinst"; [ ! -f /home/jackie/Downloads/Askey_Spectrum_SBE1V1K/build_dir/target-aarch64_cortex-a53_musl/ucode-2026.07.09~b885dd0f/apk-aarch64_cortex-a53/ucode-mod-rtnl/postinst-pkg ] || sed '/^\s*#!/d' "/home/jackie/Downloads/Askey_Spectrum_SBE1V1K/build_dir/target-aarch64_cortex-a53_musl/ucode-2026.07.09~b885dd0f/apk-aarch64_cortex-a53/ucode-mod-rtnl/postinst-pkg"; ) > /home/jackie/Downloads/Askey_Spectrum_SBE1V1K/build_dir/target-aarch64_cortex-a53_musl/ucode-2026.07.09~b885dd0f/apk-aarch64_cortex-a53/ucode-mod-rtnl/post-install;
( echo "#!/bin/sh"; echo 'export PKG_UPGRADE=1'; [ ! -f /home/jackie/Downloads/Askey_Spectrum_SBE1V1K/build_dir/target-aarch64_cortex-a53_musl/ucode-2026.07.09~b885dd0f/apk-aarch64_cortex-a53/ucode-mod-rtnl/post-install ] || sed '/^\s*#!/d' "/home/jackie/Downloads/Askey_Spectrum_SBE1V1K/build_dir/target-aarch64_cortex-a53_musl/ucode-2026.07.09~b885dd0f/apk-aarch64_cortex-a53/ucode-mod-rtnl/post-install"; ) > /home/jackie/Downloads/Askey_Spectrum_SBE1V1K/build_dir/target-aarch64_cortex-a53_musl/ucode-2026.07.09~b885dd0f/apk-aarch64_cortex-a53/ucode-mod-rtnl/post-upgrade;
( echo "#!/bin/sh"; echo "[ -s "\${IPKG_INSTROOT}/lib/functions.sh" ] || exit 0"; echo ". \${IPKG_INSTROOT}/lib/functions.sh"; echo 'export root="${IPKG_INSTROOT}"'; echo 'export pkgname="ucode-mod-rtnl"'; echo "default_prerm"; [ ! -f /home/jackie/Downloads/Askey_Spectrum_SBE1V1K/build_dir/target-aarch64_cortex-a53_musl/ucode-2026.07.09~b885dd0f/apk-aarch64_cortex-a53/ucode-mod-rtnl/prerm-pkg ] || sed '/^\s*#!/d' "/home/jackie/Downloads/Askey_Spectrum_SBE1V1K/build_dir/target-aarch64_cortex-a53_musl/ucode-2026.07.09~b885dd0f/apk-aarch64_cortex-a53/ucode-mod-rtnl/prerm-pkg"; ) > /home/jackie/Downloads/Askey_Spectrum_SBE1V1K/build_dir/target-aarch64_cortex-a53_musl/ucode-2026.07.09~b885dd0f/apk-aarch64_cortex-a53/ucode-mod-rtnl/pre-deinstall;
[ ! -f /home/jackie/Downloads/Askey_Spectrum_SBE1V1K/build_dir/target-aarch64_cortex-a53_musl/ucode-2026.07.09~b885dd0f/apk-aarch64_cortex-a53/ucode-mod-rtnl/postrm ] || sed -zi 's/^\s*#!/#!/' "/home/jackie/Downloads/Askey_Spectrum_SBE1V1K/build_dir/target-aarch64_cortex-a53_musl/ucode-2026.07.09~b885dd0f/apk-aarch64_cortex-a53/ucode-mod-rtnl/postrm";
if [ -n "" ]; then echo  > /home/jackie/Downloads/Askey_Spectrum_SBE1V1K/build_dir/target-aarch64_cortex-a53_musl/ucode-2026.07.09~b885dd0f/ipkg-aarch64_cortex-a53/ucode-mod-rtnl/lib/apk/packages/ucode-mod-rtnl.rusers; fi;
if [ -n "" ]; then echo  > /home/jackie/Downloads/Askey_Spectrum_SBE1V1K/build_dir/target-aarch64_cortex-a53_musl/ucode-2026.07.09~b885dd0f/ipkg-aarch64_cortex-a53/ucode-mod-rtnl/lib/apk/packages/ucode-mod-rtnl.alternatives; fi;
(cd /home/jackie/Downloads/Askey_Spectrum_SBE1V1K/build_dir/target-aarch64_cortex-a53_musl/ucode-2026.07.09~b885dd0f/ipkg-aarch64_cortex-a53/ucode-mod-rtnl && find . -type f,l -printf "/%P\n" | sort > /home/jackie/Downloads/Askey_Spectrum_SBE1V1K/tmp/ucode-mod-rtnl.list && mv /home/jackie/Downloads/Askey_Spectrum_SBE1V1K/tmp/ucode-mod-rtnl.list /home/jackie/Downloads/Askey_Spectrum_SBE1V1K/build_dir/target-aarch64_cortex-a53_musl/ucode-2026.07.09~b885dd0f/ipkg-aarch64_cortex-a53/ucode-mod-rtnl/lib/apk/packages/ucode-mod-rtnl.list)
# Move conffiles to IDIR and build conffiles_static with csums
if [ -f /home/jackie/Downloads/Askey_Spectrum_SBE1V1K/build_dir/target-aarch64_cortex-a53_musl/ucode-2026.07.09~b885dd0f/apk-aarch64_cortex-a53/ucode-mod-rtnl/conffiles ]; then mv -f /home/jackie/Downloads/Askey_Spectrum_SBE1V1K/build_dir/target-aarch64_cortex-a53_musl/ucode-2026.07.09~b885dd0f/apk-aarch64_cortex-a53/ucode-mod-rtnl/conffiles /home/jackie/Downloads/Askey_Spectrum_SBE1V1K/build_dir/target-aarch64_cortex-a53_musl/ucode-2026.07.09~b885dd0f/ipkg-aarch64_cortex-a53/ucode-mod-rtnl/lib/apk/packages/ucode-mod-rtnl.conffiles; for file in $(cat /home/jackie/Downloads/Askey_Spectrum_SBE1V1K/build_dir/target-aarch64_cortex-a53_musl/ucode-2026.07.09~b885dd0f/ipkg-aarch64_cortex-a53/ucode-mod-rtnl/lib/apk/packages/ucode-mod-rtnl.conffiles); do [ -f /home/jackie/Downloads/Askey_Spectrum_SBE1V1K/build_dir/target-aarch64_cortex-a53_musl/ucode-2026.07.09~b885dd0f/ipkg-aarch64_cortex-a53/ucode-mod-rtnl/$file ] || continue; csum=$(/home/jackie/Downloads/Askey_Spectrum_SBE1V1K/staging_dir/host/bin/mkhash sha256 /home/jackie/Downloads/Askey_Spectrum_SBE1V1K/build_dir/target-aarch64_cortex-a53_musl/ucode-2026.07.09~b885dd0f/ipkg-aarch64_cortex-a53/ucode-mod-rtnl/$file); echo $file $csum >> /home/jackie/Downloads/Askey_Spectrum_SBE1V1K/build_dir/target-aarch64_cortex-a53_musl/ucode-2026.07.09~b885dd0f/ipkg-aarch64_cortex-a53/ucode-mod-rtnl/lib/apk/packages/ucode-mod-rtnl.conffiles_static; done; fi
# Some package (base-files) manually append stuff to conffiles
# Append stuff from it and delete the CONTROL directory since everything else should be migrated
if [ -f /home/jackie/Downloads/Askey_Spectrum_SBE1V1K/build_dir/target-aarch64_cortex-a53_musl/ucode-2026.07.09~b885dd0f/ipkg-aarch64_cortex-a53/ucode-mod-rtnl/CONTROL/conffiles ]; then echo $(IDIR_ucode-mod-rtnl)/CONTROL/conffiles >> /home/jackie/Downloads/Askey_Spectrum_SBE1V1K/build_dir/target-aarch64_cortex-a53_musl/ucode-2026.07.09~b885dd0f/ipkg-aarch64_cortex-a53/ucode-mod-rtnl/lib/apk/packages/ucode-mod-rtnl.conffiles; for file in $(cat /home/jackie/Downloads/Askey_Spectrum_SBE1V1K/build_dir/target-aarch64_cortex-a53_musl/ucode-2026.07.09~b885dd0f/ipkg-aarch64_cortex-a53/ucode-mod-rtnl/CONTROL/conffiles); do [ -f /home/jackie/Downloads/Askey_Spectrum_SBE1V1K/build_dir/target-aarch64_cortex-a53_musl/ucode-2026.07.09~b885dd0f/ipkg-aarch64_cortex-a53/ucode-mod-rtnl/$file ] || continue; csum=$(/home/jackie/Downloads/Askey_Spectrum_SBE1V1K/staging_dir/host/bin/mkhash sha256 /home/jackie/Downloads/Askey_Spectrum_SBE1V1K/build_dir/target-aarch64_cortex-a53_musl/ucode-2026.07.09~b885dd0f/ipkg-aarch64_cortex-a53/ucode-mod-rtnl/$file); echo $file $csum >> /home/jackie/Downloads/Askey_Spectrum_SBE1V1K/build_dir/target-aarch64_cortex-a53_musl/ucode-2026.07.09~b885dd0f/ipkg-aarch64_cortex-a53/ucode-mod-rtnl/lib/apk/packages/ucode-mod-rtnl.conffiles_static; done; rm -rf /home/jackie/Downloads/Askey_Spectrum_SBE1V1K/build_dir/target-aarch64_cortex-a53_musl/ucode-2026.07.09~b885dd0f/ipkg-aarch64_cortex-a53/ucode-mod-rtnl/CONTROL/conffiles; fi
if [ -z "$(ls -A /home/jackie/Downloads/Askey_Spectrum_SBE1V1K/build_dir/target-aarch64_cortex-a53_musl/ucode-2026.07.09~b885dd0f/ipkg-aarch64_cortex-a53/ucode-mod-rtnl/CONTROL 2>/dev/null)" ]; then rm -rf /home/jackie/Downloads/Askey_Spectrum_SBE1V1K/build_dir/target-aarch64_cortex-a53_musl/ucode-2026.07.09~b885dd0f/ipkg-aarch64_cortex-a53/ucode-mod-rtnl/CONTROL; else echo "CONTROL directory /home/jackie/Downloads/Askey_Spectrum_SBE1V1K/build_dir/target-aarch64_cortex-a53_musl/ucode-2026.07.09~b885dd0f/ipkg-aarch64_cortex-a53/ucode-mod-rtnl/CONTROL is not empty! This is not right and should be checked!" >&2; exit 1; fi
SOURCE_DATE_EPOCH=0 /home/jackie/Downloads/Askey_Spectrum_SBE1V1K/staging_dir/host/bin/fakeroot /home/jackie/Downloads/Askey_Spectrum_SBE1V1K/staging_dir/host/bin/apk mkpkg --info "name:ucode-mod-rtnl" --info "version:2026.07.09~b885dd0f-r1" --info "tags:openwrt:section=lang" --info "description:The rtnl plugin provides access to the Linux routing netlink API." --info "arch:aarch64_cortex-a53" --info "license:ISC" --info "origin:feeds/base/utils/ucode" --info "url:" --info "maintainer:Jo-Philipp Wich <jo@mein.io>" --info "provides:ucode-mod-rtnl-any"  --script "post-install:/home/jackie/Downloads/Askey_Spectrum_SBE1V1K/build_dir/target-aarch64_cortex-a53_musl/ucode-2026.07.09~b885dd0f/apk-aarch64_cortex-a53/ucode-mod-rtnl/post-install" --script "post-upgrade:/home/jackie/Downloads/Askey_Spectrum_SBE1V1K/build_dir/target-aarch64_cortex-a53_musl/ucode-2026.07.09~b885dd0f/apk-aarch64_cortex-a53/ucode-mod-rtnl/post-upgrade" --script "pre-deinstall:/home/jackie/Downloads/Askey_Spectrum_SBE1V1K/build_dir/target-aarch64_cortex-a53_musl/ucode-2026.07.09~b885dd0f/apk-aarch64_cortex-a53/ucode-mod-rtnl/pre-deinstall" --info "depends:libc ucode libnl-tiny1 libubox20260721" --files "/home/jackie/Downloads/Askey_Spectrum_SBE1V1K/build_dir/target-aarch64_cortex-a53_musl/ucode-2026.07.09~b885dd0f/ipkg-aarch64_cortex-a53/ucode-mod-rtnl" --sign /home/jackie/Downloads/Askey_Spectrum_SBE1V1K/private-key.pem --output "/home/jackie/Downloads/Askey_Spectrum_SBE1V1K/bin/packages/aarch64_cortex-a53/base/ucode-mod-rtnl-2026.07.09~b885dd0f-r1.apk"
rm -rf /home/jackie/Downloads/Askey_Spectrum_SBE1V1K/build_dir/target-aarch64_cortex-a53_musl/ucode-2026.07.09~b885dd0f/ipkg-aarch64_cortex-a53/ucode-mod-ubus
mkdir -p /home/jackie/Downloads/Askey_Spectrum_SBE1V1K/bin/targets/qualcommbe/ipq95xx/packages /home/jackie/Downloads/Askey_Spectrum_SBE1V1K/build_dir/target-aarch64_cortex-a53_musl/ucode-2026.07.09~b885dd0f/ipkg-aarch64_cortex-a53/ucode-mod-ubus /home/jackie/Downloads/Askey_Spectrum_SBE1V1K/staging_dir/target-aarch64_cortex-a53_musl/pkginfo
install -d -m0755 /home/jackie/Downloads/Askey_Spectrum_SBE1V1K/build_dir/target-aarch64_cortex-a53_musl/ucode-2026.07.09~b885dd0f/ipkg-aarch64_cortex-a53/ucode-mod-ubus/usr/lib/ucode
install -m0755 /home/jackie/Downloads/Askey_Spectrum_SBE1V1K/build_dir/target-aarch64_cortex-a53_musl/ucode-2026.07.09~b885dd0f/ipkg-install/usr/lib/ucode/ubus.so /home/jackie/Downloads/Askey_Spectrum_SBE1V1K/build_dir/target-aarch64_cortex-a53_musl/ucode-2026.07.09~b885dd0f/ipkg-aarch64_cortex-a53/ucode-mod-ubus/usr/lib/ucode/
find /home/jackie/Downloads/Askey_Spectrum_SBE1V1K/build_dir/target-aarch64_cortex-a53_musl/ucode-2026.07.09~b885dd0f/ipkg-aarch64_cortex-a53/ucode-mod-ubus -name '.svn' -o -name '.#*' -o -name '*~'| xargs -r rm -rf
export CROSS="aarch64-openwrt-linux-musl-"  NO_RENAME=1 ; NM="aarch64-openwrt-linux-musl-nm" STRIP="/home/jackie/Downloads/Askey_Spectrum_SBE1V1K/staging_dir/host/bin/sstrip -z" STRIP_KMOD="/home/jackie/Downloads/Askey_Spectrum_SBE1V1K/scripts/strip-kmod.sh" PATCHELF="/home/jackie/Downloads/Askey_Spectrum_SBE1V1K/staging_dir/host/bin/patchelf" /home/jackie/Downloads/Askey_Spectrum_SBE1V1K/scripts/rstrip.sh /home/jackie/Downloads/Askey_Spectrum_SBE1V1K/build_dir/target-aarch64_cortex-a53_musl/ucode-2026.07.09~b885dd0f/ipkg-aarch64_cortex-a53/ucode-mod-ubus
rstrip.sh: /home/jackie/Downloads/Askey_Spectrum_SBE1V1K/build_dir/target-aarch64_cortex-a53_musl/ucode-2026.07.09~b885dd0f/ipkg-aarch64_cortex-a53/ucode-mod-ubus/usr/lib/ucode/ubus.so: shared object
install -d -m0755 /home/jackie/Downloads/Askey_Spectrum_SBE1V1K/bin/packages/aarch64_cortex-a53/base
mkdir -p /home/jackie/Downloads/Askey_Spectrum_SBE1V1K/build_dir/target-aarch64_cortex-a53_musl/ucode-2026.07.09~b885dd0f/apk-aarch64_cortex-a53/ucode-mod-ubus/
mkdir -p /home/jackie/Downloads/Askey_Spectrum_SBE1V1K/build_dir/target-aarch64_cortex-a53_musl/ucode-2026.07.09~b885dd0f/ipkg-aarch64_cortex-a53/ucode-mod-ubus/lib/apk/packages/
(cd /home/jackie/Downloads/Askey_Spectrum_SBE1V1K/build_dir/target-aarch64_cortex-a53_musl/ucode-2026.07.09~b885dd0f/apk-aarch64_cortex-a53/ucode-mod-ubus; )
( echo "#!/bin/sh"; echo "[ \"\${IPKG_NO_SCRIPT}\" = \"1\" ] && exit 0"; echo "[ -s "\${IPKG_INSTROOT}/lib/functions.sh" ] || exit 0"; echo ". \${IPKG_INSTROOT}/lib/functions.sh"; echo 'export root="${IPKG_INSTROOT}"'; echo 'export pkgname="ucode-mod-ubus"'; echo "add_group_and_user"; echo "default_postinst"; [ ! -f /home/jackie/Downloads/Askey_Spectrum_SBE1V1K/build_dir/target-aarch64_cortex-a53_musl/ucode-2026.07.09~b885dd0f/apk-aarch64_cortex-a53/ucode-mod-ubus/postinst-pkg ] || sed '/^\s*#!/d' "/home/jackie/Downloads/Askey_Spectrum_SBE1V1K/build_dir/target-aarch64_cortex-a53_musl/ucode-2026.07.09~b885dd0f/apk-aarch64_cortex-a53/ucode-mod-ubus/postinst-pkg"; ) > /home/jackie/Downloads/Askey_Spectrum_SBE1V1K/build_dir/target-aarch64_cortex-a53_musl/ucode-2026.07.09~b885dd0f/apk-aarch64_cortex-a53/ucode-mod-ubus/post-install;
( echo "#!/bin/sh"; echo 'export PKG_UPGRADE=1'; [ ! -f /home/jackie/Downloads/Askey_Spectrum_SBE1V1K/build_dir/target-aarch64_cortex-a53_musl/ucode-2026.07.09~b885dd0f/apk-aarch64_cortex-a53/ucode-mod-ubus/post-install ] || sed '/^\s*#!/d' "/home/jackie/Downloads/Askey_Spectrum_SBE1V1K/build_dir/target-aarch64_cortex-a53_musl/ucode-2026.07.09~b885dd0f/apk-aarch64_cortex-a53/ucode-mod-ubus/post-install"; ) > /home/jackie/Downloads/Askey_Spectrum_SBE1V1K/build_dir/target-aarch64_cortex-a53_musl/ucode-2026.07.09~b885dd0f/apk-aarch64_cortex-a53/ucode-mod-ubus/post-upgrade;
( echo "#!/bin/sh"; echo "[ -s "\${IPKG_INSTROOT}/lib/functions.sh" ] || exit 0"; echo ". \${IPKG_INSTROOT}/lib/functions.sh"; echo 'export root="${IPKG_INSTROOT}"'; echo 'export pkgname="ucode-mod-ubus"'; echo "default_prerm"; [ ! -f /home/jackie/Downloads/Askey_Spectrum_SBE1V1K/build_dir/target-aarch64_cortex-a53_musl/ucode-2026.07.09~b885dd0f/apk-aarch64_cortex-a53/ucode-mod-ubus/prerm-pkg ] || sed '/^\s*#!/d' "/home/jackie/Downloads/Askey_Spectrum_SBE1V1K/build_dir/target-aarch64_cortex-a53_musl/ucode-2026.07.09~b885dd0f/apk-aarch64_cortex-a53/ucode-mod-ubus/prerm-pkg"; ) > /home/jackie/Downloads/Askey_Spectrum_SBE1V1K/build_dir/target-aarch64_cortex-a53_musl/ucode-2026.07.09~b885dd0f/apk-aarch64_cortex-a53/ucode-mod-ubus/pre-deinstall;
[ ! -f /home/jackie/Downloads/Askey_Spectrum_SBE1V1K/build_dir/target-aarch64_cortex-a53_musl/ucode-2026.07.09~b885dd0f/apk-aarch64_cortex-a53/ucode-mod-ubus/postrm ] || sed -zi 's/^\s*#!/#!/' "/home/jackie/Downloads/Askey_Spectrum_SBE1V1K/build_dir/target-aarch64_cortex-a53_musl/ucode-2026.07.09~b885dd0f/apk-aarch64_cortex-a53/ucode-mod-ubus/postrm";
if [ -n "" ]; then echo  > /home/jackie/Downloads/Askey_Spectrum_SBE1V1K/build_dir/target-aarch64_cortex-a53_musl/ucode-2026.07.09~b885dd0f/ipkg-aarch64_cortex-a53/ucode-mod-ubus/lib/apk/packages/ucode-mod-ubus.rusers; fi;
if [ -n "" ]; then echo  > /home/jackie/Downloads/Askey_Spectrum_SBE1V1K/build_dir/target-aarch64_cortex-a53_musl/ucode-2026.07.09~b885dd0f/ipkg-aarch64_cortex-a53/ucode-mod-ubus/lib/apk/packages/ucode-mod-ubus.alternatives; fi;
(cd /home/jackie/Downloads/Askey_Spectrum_SBE1V1K/build_dir/target-aarch64_cortex-a53_musl/ucode-2026.07.09~b885dd0f/ipkg-aarch64_cortex-a53/ucode-mod-ubus && find . -type f,l -printf "/%P\n" | sort > /home/jackie/Downloads/Askey_Spectrum_SBE1V1K/tmp/ucode-mod-ubus.list && mv /home/jackie/Downloads/Askey_Spectrum_SBE1V1K/tmp/ucode-mod-ubus.list /home/jackie/Downloads/Askey_Spectrum_SBE1V1K/build_dir/target-aarch64_cortex-a53_musl/ucode-2026.07.09~b885dd0f/ipkg-aarch64_cortex-a53/ucode-mod-ubus/lib/apk/packages/ucode-mod-ubus.list)
# Move conffiles to IDIR and build conffiles_static with csums
if [ -f /home/jackie/Downloads/Askey_Spectrum_SBE1V1K/build_dir/target-aarch64_cortex-a53_musl/ucode-2026.07.09~b885dd0f/apk-aarch64_cortex-a53/ucode-mod-ubus/conffiles ]; then mv -f /home/jackie/Downloads/Askey_Spectrum_SBE1V1K/build_dir/target-aarch64_cortex-a53_musl/ucode-2026.07.09~b885dd0f/apk-aarch64_cortex-a53/ucode-mod-ubus/conffiles /home/jackie/Downloads/Askey_Spectrum_SBE1V1K/build_dir/target-aarch64_cortex-a53_musl/ucode-2026.07.09~b885dd0f/ipkg-aarch64_cortex-a53/ucode-mod-ubus/lib/apk/packages/ucode-mod-ubus.conffiles; for file in $(cat /home/jackie/Downloads/Askey_Spectrum_SBE1V1K/build_dir/target-aarch64_cortex-a53_musl/ucode-2026.07.09~b885dd0f/ipkg-aarch64_cortex-a53/ucode-mod-ubus/lib/apk/packages/ucode-mod-ubus.conffiles); do [ -f /home/jackie/Downloads/Askey_Spectrum_SBE1V1K/build_dir/target-aarch64_cortex-a53_musl/ucode-2026.07.09~b885dd0f/ipkg-aarch64_cortex-a53/ucode-mod-ubus/$file ] || continue; csum=$(/home/jackie/Downloads/Askey_Spectrum_SBE1V1K/staging_dir/host/bin/mkhash sha256 /home/jackie/Downloads/Askey_Spectrum_SBE1V1K/build_dir/target-aarch64_cortex-a53_musl/ucode-2026.07.09~b885dd0f/ipkg-aarch64_cortex-a53/ucode-mod-ubus/$file); echo $file $csum >> /home/jackie/Downloads/Askey_Spectrum_SBE1V1K/build_dir/target-aarch64_cortex-a53_musl/ucode-2026.07.09~b885dd0f/ipkg-aarch64_cortex-a53/ucode-mod-ubus/lib/apk/packages/ucode-mod-ubus.conffiles_static; done; fi
# Some package (base-files) manually append stuff to conffiles
# Append stuff from it and delete the CONTROL directory since everything else should be migrated
if [ -f /home/jackie/Downloads/Askey_Spectrum_SBE1V1K/build_dir/target-aarch64_cortex-a53_musl/ucode-2026.07.09~b885dd0f/ipkg-aarch64_cortex-a53/ucode-mod-ubus/CONTROL/conffiles ]; then echo $(IDIR_ucode-mod-ubus)/CONTROL/conffiles >> /home/jackie/Downloads/Askey_Spectrum_SBE1V1K/build_dir/target-aarch64_cortex-a53_musl/ucode-2026.07.09~b885dd0f/ipkg-aarch64_cortex-a53/ucode-mod-ubus/lib/apk/packages/ucode-mod-ubus.conffiles; for file in $(cat /home/jackie/Downloads/Askey_Spectrum_SBE1V1K/build_dir/target-aarch64_cortex-a53_musl/ucode-2026.07.09~b885dd0f/ipkg-aarch64_cortex-a53/ucode-mod-ubus/CONTROL/conffiles); do [ -f /home/jackie/Downloads/Askey_Spectrum_SBE1V1K/build_dir/target-aarch64_cortex-a53_musl/ucode-2026.07.09~b885dd0f/ipkg-aarch64_cortex-a53/ucode-mod-ubus/$file ] || continue; csum=$(/home/jackie/Downloads/Askey_Spectrum_SBE1V1K/staging_dir/host/bin/mkhash sha256 /home/jackie/Downloads/Askey_Spectrum_SBE1V1K/build_dir/target-aarch64_cortex-a53_musl/ucode-2026.07.09~b885dd0f/ipkg-aarch64_cortex-a53/ucode-mod-ubus/$file); echo $file $csum >> /home/jackie/Downloads/Askey_Spectrum_SBE1V1K/build_dir/target-aarch64_cortex-a53_musl/ucode-2026.07.09~b885dd0f/ipkg-aarch64_cortex-a53/ucode-mod-ubus/lib/apk/packages/ucode-mod-ubus.conffiles_static; done; rm -rf /home/jackie/Downloads/Askey_Spectrum_SBE1V1K/build_dir/target-aarch64_cortex-a53_musl/ucode-2026.07.09~b885dd0f/ipkg-aarch64_cortex-a53/ucode-mod-ubus/CONTROL/conffiles; fi
if [ -z "$(ls -A /home/jackie/Downloads/Askey_Spectrum_SBE1V1K/build_dir/target-aarch64_cortex-a53_musl/ucode-2026.07.09~b885dd0f/ipkg-aarch64_cortex-a53/ucode-mod-ubus/CONTROL 2>/dev/null)" ]; then rm -rf /home/jackie/Downloads/Askey_Spectrum_SBE1V1K/build_dir/target-aarch64_cortex-a53_musl/ucode-2026.07.09~b885dd0f/ipkg-aarch64_cortex-a53/ucode-mod-ubus/CONTROL; else echo "CONTROL directory /home/jackie/Downloads/Askey_Spectrum_SBE1V1K/build_dir/target-aarch64_cortex-a53_musl/ucode-2026.07.09~b885dd0f/ipkg-aarch64_cortex-a53/ucode-mod-ubus/CONTROL is not empty! This is not right and should be checked!" >&2; exit 1; fi
SOURCE_DATE_EPOCH=0 /home/jackie/Downloads/Askey_Spectrum_SBE1V1K/staging_dir/host/bin/fakeroot /home/jackie/Downloads/Askey_Spectrum_SBE1V1K/staging_dir/host/bin/apk mkpkg --info "name:ucode-mod-ubus" --info "version:2026.07.09~b885dd0f-r1" --info "tags:openwrt:section=lang" --info "description:The ubus module allows ucode template scripts to enumerate and invoke ubus procedures." --info "arch:aarch64_cortex-a53" --info "license:ISC" --info "origin:feeds/base/utils/ucode" --info "url:" --info "maintainer:Jo-Philipp Wich <jo@mein.io>" --info "provides:ucode-mod-ubus-any"  --script "post-install:/home/jackie/Downloads/Askey_Spectrum_SBE1V1K/build_dir/target-aarch64_cortex-a53_musl/ucode-2026.07.09~b885dd0f/apk-aarch64_cortex-a53/ucode-mod-ubus/post-install" --script "post-upgrade:/home/jackie/Downloads/Askey_Spectrum_SBE1V1K/build_dir/target-aarch64_cortex-a53_musl/ucode-2026.07.09~b885dd0f/apk-aarch64_cortex-a53/ucode-mod-ubus/post-upgrade" --script "pre-deinstall:/home/jackie/Downloads/Askey_Spectrum_SBE1V1K/build_dir/target-aarch64_cortex-a53_musl/ucode-2026.07.09~b885dd0f/apk-aarch64_cortex-a53/ucode-mod-ubus/pre-deinstall" --info "depends:libc ucode libubus20260628 libblobmsg-json20260721" --files "/home/jackie/Downloads/Askey_Spectrum_SBE1V1K/build_dir/target-aarch64_cortex-a53_musl/ucode-2026.07.09~b885dd0f/ipkg-aarch64_cortex-a53/ucode-mod-ubus" --sign /home/jackie/Downloads/Askey_Spectrum_SBE1V1K/private-key.pem --output "/home/jackie/Downloads/Askey_Spectrum_SBE1V1K/bin/packages/aarch64_cortex-a53/base/ucode-mod-ubus-2026.07.09~b885dd0f-r1.apk"
rm -rf /home/jackie/Downloads/Askey_Spectrum_SBE1V1K/build_dir/target-aarch64_cortex-a53_musl/ucode-2026.07.09~b885dd0f/ipkg-aarch64_cortex-a53/ucode-mod-uci
mkdir -p /home/jackie/Downloads/Askey_Spectrum_SBE1V1K/bin/targets/qualcommbe/ipq95xx/packages /home/jackie/Downloads/Askey_Spectrum_SBE1V1K/build_dir/target-aarch64_cortex-a53_musl/ucode-2026.07.09~b885dd0f/ipkg-aarch64_cortex-a53/ucode-mod-uci /home/jackie/Downloads/Askey_Spectrum_SBE1V1K/staging_dir/target-aarch64_cortex-a53_musl/pkginfo
install -d -m0755 /home/jackie/Downloads/Askey_Spectrum_SBE1V1K/build_dir/target-aarch64_cortex-a53_musl/ucode-2026.07.09~b885dd0f/ipkg-aarch64_cortex-a53/ucode-mod-uci/usr/lib/ucode
install -m0755 /home/jackie/Downloads/Askey_Spectrum_SBE1V1K/build_dir/target-aarch64_cortex-a53_musl/ucode-2026.07.09~b885dd0f/ipkg-install/usr/lib/ucode/uci.so /home/jackie/Downloads/Askey_Spectrum_SBE1V1K/build_dir/target-aarch64_cortex-a53_musl/ucode-2026.07.09~b885dd0f/ipkg-aarch64_cortex-a53/ucode-mod-uci/usr/lib/ucode/
find /home/jackie/Downloads/Askey_Spectrum_SBE1V1K/build_dir/target-aarch64_cortex-a53_musl/ucode-2026.07.09~b885dd0f/ipkg-aarch64_cortex-a53/ucode-mod-uci -name '.svn' -o -name '.#*' -o -name '*~'| xargs -r rm -rf
export CROSS="aarch64-openwrt-linux-musl-"  NO_RENAME=1 ; NM="aarch64-openwrt-linux-musl-nm" STRIP="/home/jackie/Downloads/Askey_Spectrum_SBE1V1K/staging_dir/host/bin/sstrip -z" STRIP_KMOD="/home/jackie/Downloads/Askey_Spectrum_SBE1V1K/scripts/strip-kmod.sh" PATCHELF="/home/jackie/Downloads/Askey_Spectrum_SBE1V1K/staging_dir/host/bin/patchelf" /home/jackie/Downloads/Askey_Spectrum_SBE1V1K/scripts/rstrip.sh /home/jackie/Downloads/Askey_Spectrum_SBE1V1K/build_dir/target-aarch64_cortex-a53_musl/ucode-2026.07.09~b885dd0f/ipkg-aarch64_cortex-a53/ucode-mod-uci
rstrip.sh: /home/jackie/Downloads/Askey_Spectrum_SBE1V1K/build_dir/target-aarch64_cortex-a53_musl/ucode-2026.07.09~b885dd0f/ipkg-aarch64_cortex-a53/ucode-mod-uci/usr/lib/ucode/uci.so: shared object
install -d -m0755 /home/jackie/Downloads/Askey_Spectrum_SBE1V1K/bin/packages/aarch64_cortex-a53/base
mkdir -p /home/jackie/Downloads/Askey_Spectrum_SBE1V1K/build_dir/target-aarch64_cortex-a53_musl/ucode-2026.07.09~b885dd0f/apk-aarch64_cortex-a53/ucode-mod-uci/
mkdir -p /home/jackie/Downloads/Askey_Spectrum_SBE1V1K/build_dir/target-aarch64_cortex-a53_musl/ucode-2026.07.09~b885dd0f/ipkg-aarch64_cortex-a53/ucode-mod-uci/lib/apk/packages/
(cd /home/jackie/Downloads/Askey_Spectrum_SBE1V1K/build_dir/target-aarch64_cortex-a53_musl/ucode-2026.07.09~b885dd0f/apk-aarch64_cortex-a53/ucode-mod-uci; )
( echo "#!/bin/sh"; echo "[ \"\${IPKG_NO_SCRIPT}\" = \"1\" ] && exit 0"; echo "[ -s "\${IPKG_INSTROOT}/lib/functions.sh" ] || exit 0"; echo ". \${IPKG_INSTROOT}/lib/functions.sh"; echo 'export root="${IPKG_INSTROOT}"'; echo 'export pkgname="ucode-mod-uci"'; echo "add_group_and_user"; echo "default_postinst"; [ ! -f /home/jackie/Downloads/Askey_Spectrum_SBE1V1K/build_dir/target-aarch64_cortex-a53_musl/ucode-2026.07.09~b885dd0f/apk-aarch64_cortex-a53/ucode-mod-uci/postinst-pkg ] || sed '/^\s*#!/d' "/home/jackie/Downloads/Askey_Spectrum_SBE1V1K/build_dir/target-aarch64_cortex-a53_musl/ucode-2026.07.09~b885dd0f/apk-aarch64_cortex-a53/ucode-mod-uci/postinst-pkg"; ) > /home/jackie/Downloads/Askey_Spectrum_SBE1V1K/build_dir/target-aarch64_cortex-a53_musl/ucode-2026.07.09~b885dd0f/apk-aarch64_cortex-a53/ucode-mod-uci/post-install;
( echo "#!/bin/sh"; echo 'export PKG_UPGRADE=1'; [ ! -f /home/jackie/Downloads/Askey_Spectrum_SBE1V1K/build_dir/target-aarch64_cortex-a53_musl/ucode-2026.07.09~b885dd0f/apk-aarch64_cortex-a53/ucode-mod-uci/post-install ] || sed '/^\s*#!/d' "/home/jackie/Downloads/Askey_Spectrum_SBE1V1K/build_dir/target-aarch64_cortex-a53_musl/ucode-2026.07.09~b885dd0f/apk-aarch64_cortex-a53/ucode-mod-uci/post-install"; ) > /home/jackie/Downloads/Askey_Spectrum_SBE1V1K/build_dir/target-aarch64_cortex-a53_musl/ucode-2026.07.09~b885dd0f/apk-aarch64_cortex-a53/ucode-mod-uci/post-upgrade;
( echo "#!/bin/sh"; echo "[ -s "\${IPKG_INSTROOT}/lib/functions.sh" ] || exit 0"; echo ". \${IPKG_INSTROOT}/lib/functions.sh"; echo 'export root="${IPKG_INSTROOT}"'; echo 'export pkgname="ucode-mod-uci"'; echo "default_prerm"; [ ! -f /home/jackie/Downloads/Askey_Spectrum_SBE1V1K/build_dir/target-aarch64_cortex-a53_musl/ucode-2026.07.09~b885dd0f/apk-aarch64_cortex-a53/ucode-mod-uci/prerm-pkg ] || sed '/^\s*#!/d' "/home/jackie/Downloads/Askey_Spectrum_SBE1V1K/build_dir/target-aarch64_cortex-a53_musl/ucode-2026.07.09~b885dd0f/apk-aarch64_cortex-a53/ucode-mod-uci/prerm-pkg"; ) > /home/jackie/Downloads/Askey_Spectrum_SBE1V1K/build_dir/target-aarch64_cortex-a53_musl/ucode-2026.07.09~b885dd0f/apk-aarch64_cortex-a53/ucode-mod-uci/pre-deinstall;
[ ! -f /home/jackie/Downloads/Askey_Spectrum_SBE1V1K/build_dir/target-aarch64_cortex-a53_musl/ucode-2026.07.09~b885dd0f/apk-aarch64_cortex-a53/ucode-mod-uci/postrm ] || sed -zi 's/^\s*#!/#!/' "/home/jackie/Downloads/Askey_Spectrum_SBE1V1K/build_dir/target-aarch64_cortex-a53_musl/ucode-2026.07.09~b885dd0f/apk-aarch64_cortex-a53/ucode-mod-uci/postrm";
if [ -n "" ]; then echo  > /home/jackie/Downloads/Askey_Spectrum_SBE1V1K/build_dir/target-aarch64_cortex-a53_musl/ucode-2026.07.09~b885dd0f/ipkg-aarch64_cortex-a53/ucode-mod-uci/lib/apk/packages/ucode-mod-uci.rusers; fi;
if [ -n "" ]; then echo  > /home/jackie/Downloads/Askey_Spectrum_SBE1V1K/build_dir/target-aarch64_cortex-a53_musl/ucode-2026.07.09~b885dd0f/ipkg-aarch64_cortex-a53/ucode-mod-uci/lib/apk/packages/ucode-mod-uci.alternatives; fi;
(cd /home/jackie/Downloads/Askey_Spectrum_SBE1V1K/build_dir/target-aarch64_cortex-a53_musl/ucode-2026.07.09~b885dd0f/ipkg-aarch64_cortex-a53/ucode-mod-uci && find . -type f,l -printf "/%P\n" | sort > /home/jackie/Downloads/Askey_Spectrum_SBE1V1K/tmp/ucode-mod-uci.list && mv /home/jackie/Downloads/Askey_Spectrum_SBE1V1K/tmp/ucode-mod-uci.list /home/jackie/Downloads/Askey_Spectrum_SBE1V1K/build_dir/target-aarch64_cortex-a53_musl/ucode-2026.07.09~b885dd0f/ipkg-aarch64_cortex-a53/ucode-mod-uci/lib/apk/packages/ucode-mod-uci.list)
# Move conffiles to IDIR and build conffiles_static with csums
if [ -f /home/jackie/Downloads/Askey_Spectrum_SBE1V1K/build_dir/target-aarch64_cortex-a53_musl/ucode-2026.07.09~b885dd0f/apk-aarch64_cortex-a53/ucode-mod-uci/conffiles ]; then mv -f /home/jackie/Downloads/Askey_Spectrum_SBE1V1K/build_dir/target-aarch64_cortex-a53_musl/ucode-2026.07.09~b885dd0f/apk-aarch64_cortex-a53/ucode-mod-uci/conffiles /home/jackie/Downloads/Askey_Spectrum_SBE1V1K/build_dir/target-aarch64_cortex-a53_musl/ucode-2026.07.09~b885dd0f/ipkg-aarch64_cortex-a53/ucode-mod-uci/lib/apk/packages/ucode-mod-uci.conffiles; for file in $(cat /home/jackie/Downloads/Askey_Spectrum_SBE1V1K/build_dir/target-aarch64_cortex-a53_musl/ucode-2026.07.09~b885dd0f/ipkg-aarch64_cortex-a53/ucode-mod-uci/lib/apk/packages/ucode-mod-uci.conffiles); do [ -f /home/jackie/Downloads/Askey_Spectrum_SBE1V1K/build_dir/target-aarch64_cortex-a53_musl/ucode-2026.07.09~b885dd0f/ipkg-aarch64_cortex-a53/ucode-mod-uci/$file ] || continue; csum=$(/home/jackie/Downloads/Askey_Spectrum_SBE1V1K/staging_dir/host/bin/mkhash sha256 /home/jackie/Downloads/Askey_Spectrum_SBE1V1K/build_dir/target-aarch64_cortex-a53_musl/ucode-2026.07.09~b885dd0f/ipkg-aarch64_cortex-a53/ucode-mod-uci/$file); echo $file $csum >> /home/jackie/Downloads/Askey_Spectrum_SBE1V1K/build_dir/target-aarch64_cortex-a53_musl/ucode-2026.07.09~b885dd0f/ipkg-aarch64_cortex-a53/ucode-mod-uci/lib/apk/packages/ucode-mod-uci.conffiles_static; done; fi
# Some package (base-files) manually append stuff to conffiles
# Append stuff from it and delete the CONTROL directory since everything else should be migrated
if [ -f /home/jackie/Downloads/Askey_Spectrum_SBE1V1K/build_dir/target-aarch64_cortex-a53_musl/ucode-2026.07.09~b885dd0f/ipkg-aarch64_cortex-a53/ucode-mod-uci/CONTROL/conffiles ]; then echo $(IDIR_ucode-mod-uci)/CONTROL/conffiles >> /home/jackie/Downloads/Askey_Spectrum_SBE1V1K/build_dir/target-aarch64_cortex-a53_musl/ucode-2026.07.09~b885dd0f/ipkg-aarch64_cortex-a53/ucode-mod-uci/lib/apk/packages/ucode-mod-uci.conffiles; for file in $(cat /home/jackie/Downloads/Askey_Spectrum_SBE1V1K/build_dir/target-aarch64_cortex-a53_musl/ucode-2026.07.09~b885dd0f/ipkg-aarch64_cortex-a53/ucode-mod-uci/CONTROL/conffiles); do [ -f /home/jackie/Downloads/Askey_Spectrum_SBE1V1K/build_dir/target-aarch64_cortex-a53_musl/ucode-2026.07.09~b885dd0f/ipkg-aarch64_cortex-a53/ucode-mod-uci/$file ] || continue; csum=$(/home/jackie/Downloads/Askey_Spectrum_SBE1V1K/staging_dir/host/bin/mkhash sha256 /home/jackie/Downloads/Askey_Spectrum_SBE1V1K/build_dir/target-aarch64_cortex-a53_musl/ucode-2026.07.09~b885dd0f/ipkg-aarch64_cortex-a53/ucode-mod-uci/$file); echo $file $csum >> /home/jackie/Downloads/Askey_Spectrum_SBE1V1K/build_dir/target-aarch64_cortex-a53_musl/ucode-2026.07.09~b885dd0f/ipkg-aarch64_cortex-a53/ucode-mod-uci/lib/apk/packages/ucode-mod-uci.conffiles_static; done; rm -rf /home/jackie/Downloads/Askey_Spectrum_SBE1V1K/build_dir/target-aarch64_cortex-a53_musl/ucode-2026.07.09~b885dd0f/ipkg-aarch64_cortex-a53/ucode-mod-uci/CONTROL/conffiles; fi
if [ -z "$(ls -A /home/jackie/Downloads/Askey_Spectrum_SBE1V1K/build_dir/target-aarch64_cortex-a53_musl/ucode-2026.07.09~b885dd0f/ipkg-aarch64_cortex-a53/ucode-mod-uci/CONTROL 2>/dev/null)" ]; then rm -rf /home/jackie/Downloads/Askey_Spectrum_SBE1V1K/build_dir/target-aarch64_cortex-a53_musl/ucode-2026.07.09~b885dd0f/ipkg-aarch64_cortex-a53/ucode-mod-uci/CONTROL; else echo "CONTROL directory /home/jackie/Downloads/Askey_Spectrum_SBE1V1K/build_dir/target-aarch64_cortex-a53_musl/ucode-2026.07.09~b885dd0f/ipkg-aarch64_cortex-a53/ucode-mod-uci/CONTROL is not empty! This is not right and should be checked!" >&2; exit 1; fi
SOURCE_DATE_EPOCH=0 /home/jackie/Downloads/Askey_Spectrum_SBE1V1K/staging_dir/host/bin/fakeroot /home/jackie/Downloads/Askey_Spectrum_SBE1V1K/staging_dir/host/bin/apk mkpkg --info "name:ucode-mod-uci" --info "version:2026.07.09~b885dd0f-r1" --info "tags:openwrt:section=lang" --info "description:The uci module allows templates to read and modify uci configuration." --info "arch:aarch64_cortex-a53" --info "license:ISC" --info "origin:feeds/base/utils/ucode" --info "url:" --info "maintainer:Jo-Philipp Wich <jo@mein.io>" --info "provides:ucode-mod-uci-any"  --script "post-install:/home/jackie/Downloads/Askey_Spectrum_SBE1V1K/build_dir/target-aarch64_cortex-a53_musl/ucode-2026.07.09~b885dd0f/apk-aarch64_cortex-a53/ucode-mod-uci/post-install" --script "post-upgrade:/home/jackie/Downloads/Askey_Spectrum_SBE1V1K/build_dir/target-aarch64_cortex-a53_musl/ucode-2026.07.09~b885dd0f/apk-aarch64_cortex-a53/ucode-mod-uci/post-upgrade" --script "pre-deinstall:/home/jackie/Downloads/Askey_Spectrum_SBE1V1K/build_dir/target-aarch64_cortex-a53_musl/ucode-2026.07.09~b885dd0f/apk-aarch64_cortex-a53/ucode-mod-uci/pre-deinstall" --info "depends:libc ucode libuci20250120" --files "/home/jackie/Downloads/Askey_Spectrum_SBE1V1K/build_dir/target-aarch64_cortex-a53_musl/ucode-2026.07.09~b885dd0f/ipkg-aarch64_cortex-a53/ucode-mod-uci" --sign /home/jackie/Downloads/Askey_Spectrum_SBE1V1K/private-key.pem --output "/home/jackie/Downloads/Askey_Spectrum_SBE1V1K/bin/packages/aarch64_cortex-a53/base/ucode-mod-uci-2026.07.09~b885dd0f-r1.apk"
rm -rf /home/jackie/Downloads/Askey_Spectrum_SBE1V1K/build_dir/target-aarch64_cortex-a53_musl/ucode-2026.07.09~b885dd0f/ipkg-aarch64_cortex-a53/ucode-mod-uloop
mkdir -p /home/jackie/Downloads/Askey_Spectrum_SBE1V1K/bin/targets/qualcommbe/ipq95xx/packages /home/jackie/Downloads/Askey_Spectrum_SBE1V1K/build_dir/target-aarch64_cortex-a53_musl/ucode-2026.07.09~b885dd0f/ipkg-aarch64_cortex-a53/ucode-mod-uloop /home/jackie/Downloads/Askey_Spectrum_SBE1V1K/staging_dir/target-aarch64_cortex-a53_musl/pkginfo
install -d -m0755 /home/jackie/Downloads/Askey_Spectrum_SBE1V1K/build_dir/target-aarch64_cortex-a53_musl/ucode-2026.07.09~b885dd0f/ipkg-aarch64_cortex-a53/ucode-mod-uloop/usr/lib/ucode
install -m0755 /home/jackie/Downloads/Askey_Spectrum_SBE1V1K/build_dir/target-aarch64_cortex-a53_musl/ucode-2026.07.09~b885dd0f/ipkg-install/usr/lib/ucode/uloop.so /home/jackie/Downloads/Askey_Spectrum_SBE1V1K/build_dir/target-aarch64_cortex-a53_musl/ucode-2026.07.09~b885dd0f/ipkg-aarch64_cortex-a53/ucode-mod-uloop/usr/lib/ucode/
find /home/jackie/Downloads/Askey_Spectrum_SBE1V1K/build_dir/target-aarch64_cortex-a53_musl/ucode-2026.07.09~b885dd0f/ipkg-aarch64_cortex-a53/ucode-mod-uloop -name '.svn' -o -name '.#*' -o -name '*~'| xargs -r rm -rf
export CROSS="aarch64-openwrt-linux-musl-"  NO_RENAME=1 ; NM="aarch64-openwrt-linux-musl-nm" STRIP="/home/jackie/Downloads/Askey_Spectrum_SBE1V1K/staging_dir/host/bin/sstrip -z" STRIP_KMOD="/home/jackie/Downloads/Askey_Spectrum_SBE1V1K/scripts/strip-kmod.sh" PATCHELF="/home/jackie/Downloads/Askey_Spectrum_SBE1V1K/staging_dir/host/bin/patchelf" /home/jackie/Downloads/Askey_Spectrum_SBE1V1K/scripts/rstrip.sh /home/jackie/Downloads/Askey_Spectrum_SBE1V1K/build_dir/target-aarch64_cortex-a53_musl/ucode-2026.07.09~b885dd0f/ipkg-aarch64_cortex-a53/ucode-mod-uloop
rstrip.sh: /home/jackie/Downloads/Askey_Spectrum_SBE1V1K/build_dir/target-aarch64_cortex-a53_musl/ucode-2026.07.09~b885dd0f/ipkg-aarch64_cortex-a53/ucode-mod-uloop/usr/lib/ucode/uloop.so: shared object
install -d -m0755 /home/jackie/Downloads/Askey_Spectrum_SBE1V1K/bin/packages/aarch64_cortex-a53/base
mkdir -p /home/jackie/Downloads/Askey_Spectrum_SBE1V1K/build_dir/target-aarch64_cortex-a53_musl/ucode-2026.07.09~b885dd0f/apk-aarch64_cortex-a53/ucode-mod-uloop/
mkdir -p /home/jackie/Downloads/Askey_Spectrum_SBE1V1K/build_dir/target-aarch64_cortex-a53_musl/ucode-2026.07.09~b885dd0f/ipkg-aarch64_cortex-a53/ucode-mod-uloop/lib/apk/packages/
(cd /home/jackie/Downloads/Askey_Spectrum_SBE1V1K/build_dir/target-aarch64_cortex-a53_musl/ucode-2026.07.09~b885dd0f/apk-aarch64_cortex-a53/ucode-mod-uloop; )
( echo "#!/bin/sh"; echo "[ \"\${IPKG_NO_SCRIPT}\" = \"1\" ] && exit 0"; echo "[ -s "\${IPKG_INSTROOT}/lib/functions.sh" ] || exit 0"; echo ". \${IPKG_INSTROOT}/lib/functions.sh"; echo 'export root="${IPKG_INSTROOT}"'; echo 'export pkgname="ucode-mod-uloop"'; echo "add_group_and_user"; echo "default_postinst"; [ ! -f /home/jackie/Downloads/Askey_Spectrum_SBE1V1K/build_dir/target-aarch64_cortex-a53_musl/ucode-2026.07.09~b885dd0f/apk-aarch64_cortex-a53/ucode-mod-uloop/postinst-pkg ] || sed '/^\s*#!/d' "/home/jackie/Downloads/Askey_Spectrum_SBE1V1K/build_dir/target-aarch64_cortex-a53_musl/ucode-2026.07.09~b885dd0f/apk-aarch64_cortex-a53/ucode-mod-uloop/postinst-pkg"; ) > /home/jackie/Downloads/Askey_Spectrum_SBE1V1K/build_dir/target-aarch64_cortex-a53_musl/ucode-2026.07.09~b885dd0f/apk-aarch64_cortex-a53/ucode-mod-uloop/post-install;
( echo "#!/bin/sh"; echo 'export PKG_UPGRADE=1'; [ ! -f /home/jackie/Downloads/Askey_Spectrum_SBE1V1K/build_dir/target-aarch64_cortex-a53_musl/ucode-2026.07.09~b885dd0f/apk-aarch64_cortex-a53/ucode-mod-uloop/post-install ] || sed '/^\s*#!/d' "/home/jackie/Downloads/Askey_Spectrum_SBE1V1K/build_dir/target-aarch64_cortex-a53_musl/ucode-2026.07.09~b885dd0f/apk-aarch64_cortex-a53/ucode-mod-uloop/post-install"; ) > /home/jackie/Downloads/Askey_Spectrum_SBE1V1K/build_dir/target-aarch64_cortex-a53_musl/ucode-2026.07.09~b885dd0f/apk-aarch64_cortex-a53/ucode-mod-uloop/post-upgrade;
( echo "#!/bin/sh"; echo "[ -s "\${IPKG_INSTROOT}/lib/functions.sh" ] || exit 0"; echo ". \${IPKG_INSTROOT}/lib/functions.sh"; echo 'export root="${IPKG_INSTROOT}"'; echo 'export pkgname="ucode-mod-uloop"'; echo "default_prerm"; [ ! -f /home/jackie/Downloads/Askey_Spectrum_SBE1V1K/build_dir/target-aarch64_cortex-a53_musl/ucode-2026.07.09~b885dd0f/apk-aarch64_cortex-a53/ucode-mod-uloop/prerm-pkg ] || sed '/^\s*#!/d' "/home/jackie/Downloads/Askey_Spectrum_SBE1V1K/build_dir/target-aarch64_cortex-a53_musl/ucode-2026.07.09~b885dd0f/apk-aarch64_cortex-a53/ucode-mod-uloop/prerm-pkg"; ) > /home/jackie/Downloads/Askey_Spectrum_SBE1V1K/build_dir/target-aarch64_cortex-a53_musl/ucode-2026.07.09~b885dd0f/apk-aarch64_cortex-a53/ucode-mod-uloop/pre-deinstall;
[ ! -f /home/jackie/Downloads/Askey_Spectrum_SBE1V1K/build_dir/target-aarch64_cortex-a53_musl/ucode-2026.07.09~b885dd0f/apk-aarch64_cortex-a53/ucode-mod-uloop/postrm ] || sed -zi 's/^\s*#!/#!/' "/home/jackie/Downloads/Askey_Spectrum_SBE1V1K/build_dir/target-aarch64_cortex-a53_musl/ucode-2026.07.09~b885dd0f/apk-aarch64_cortex-a53/ucode-mod-uloop/postrm";
if [ -n "" ]; then echo  > /home/jackie/Downloads/Askey_Spectrum_SBE1V1K/build_dir/target-aarch64_cortex-a53_musl/ucode-2026.07.09~b885dd0f/ipkg-aarch64_cortex-a53/ucode-mod-uloop/lib/apk/packages/ucode-mod-uloop.rusers; fi;
if [ -n "" ]; then echo  > /home/jackie/Downloads/Askey_Spectrum_SBE1V1K/build_dir/target-aarch64_cortex-a53_musl/ucode-2026.07.09~b885dd0f/ipkg-aarch64_cortex-a53/ucode-mod-uloop/lib/apk/packages/ucode-mod-uloop.alternatives; fi;
(cd /home/jackie/Downloads/Askey_Spectrum_SBE1V1K/build_dir/target-aarch64_cortex-a53_musl/ucode-2026.07.09~b885dd0f/ipkg-aarch64_cortex-a53/ucode-mod-uloop && find . -type f,l -printf "/%P\n" | sort > /home/jackie/Downloads/Askey_Spectrum_SBE1V1K/tmp/ucode-mod-uloop.list && mv /home/jackie/Downloads/Askey_Spectrum_SBE1V1K/tmp/ucode-mod-uloop.list /home/jackie/Downloads/Askey_Spectrum_SBE1V1K/build_dir/target-aarch64_cortex-a53_musl/ucode-2026.07.09~b885dd0f/ipkg-aarch64_cortex-a53/ucode-mod-uloop/lib/apk/packages/ucode-mod-uloop.list)
# Move conffiles to IDIR and build conffiles_static with csums
if [ -f /home/jackie/Downloads/Askey_Spectrum_SBE1V1K/build_dir/target-aarch64_cortex-a53_musl/ucode-2026.07.09~b885dd0f/apk-aarch64_cortex-a53/ucode-mod-uloop/conffiles ]; then mv -f /home/jackie/Downloads/Askey_Spectrum_SBE1V1K/build_dir/target-aarch64_cortex-a53_musl/ucode-2026.07.09~b885dd0f/apk-aarch64_cortex-a53/ucode-mod-uloop/conffiles /home/jackie/Downloads/Askey_Spectrum_SBE1V1K/build_dir/target-aarch64_cortex-a53_musl/ucode-2026.07.09~b885dd0f/ipkg-aarch64_cortex-a53/ucode-mod-uloop/lib/apk/packages/ucode-mod-uloop.conffiles; for file in $(cat /home/jackie/Downloads/Askey_Spectrum_SBE1V1K/build_dir/target-aarch64_cortex-a53_musl/ucode-2026.07.09~b885dd0f/ipkg-aarch64_cortex-a53/ucode-mod-uloop/lib/apk/packages/ucode-mod-uloop.conffiles); do [ -f /home/jackie/Downloads/Askey_Spectrum_SBE1V1K/build_dir/target-aarch64_cortex-a53_musl/ucode-2026.07.09~b885dd0f/ipkg-aarch64_cortex-a53/ucode-mod-uloop/$file ] || continue; csum=$(/home/jackie/Downloads/Askey_Spectrum_SBE1V1K/staging_dir/host/bin/mkhash sha256 /home/jackie/Downloads/Askey_Spectrum_SBE1V1K/build_dir/target-aarch64_cortex-a53_musl/ucode-2026.07.09~b885dd0f/ipkg-aarch64_cortex-a53/ucode-mod-uloop/$file); echo $file $csum >> /home/jackie/Downloads/Askey_Spectrum_SBE1V1K/build_dir/target-aarch64_cortex-a53_musl/ucode-2026.07.09~b885dd0f/ipkg-aarch64_cortex-a53/ucode-mod-uloop/lib/apk/packages/ucode-mod-uloop.conffiles_static; done; fi
# Some package (base-files) manually append stuff to conffiles
# Append stuff from it and delete the CONTROL directory since everything else should be migrated
if [ -f /home/jackie/Downloads/Askey_Spectrum_SBE1V1K/build_dir/target-aarch64_cortex-a53_musl/ucode-2026.07.09~b885dd0f/ipkg-aarch64_cortex-a53/ucode-mod-uloop/CONTROL/conffiles ]; then echo $(IDIR_ucode-mod-uloop)/CONTROL/conffiles >> /home/jackie/Downloads/Askey_Spectrum_SBE1V1K/build_dir/target-aarch64_cortex-a53_musl/ucode-2026.07.09~b885dd0f/ipkg-aarch64_cortex-a53/ucode-mod-uloop/lib/apk/packages/ucode-mod-uloop.conffiles; for file in $(cat /home/jackie/Downloads/Askey_Spectrum_SBE1V1K/build_dir/target-aarch64_cortex-a53_musl/ucode-2026.07.09~b885dd0f/ipkg-aarch64_cortex-a53/ucode-mod-uloop/CONTROL/conffiles); do [ -f /home/jackie/Downloads/Askey_Spectrum_SBE1V1K/build_dir/target-aarch64_cortex-a53_musl/ucode-2026.07.09~b885dd0f/ipkg-aarch64_cortex-a53/ucode-mod-uloop/$file ] || continue; csum=$(/home/jackie/Downloads/Askey_Spectrum_SBE1V1K/staging_dir/host/bin/mkhash sha256 /home/jackie/Downloads/Askey_Spectrum_SBE1V1K/build_dir/target-aarch64_cortex-a53_musl/ucode-2026.07.09~b885dd0f/ipkg-aarch64_cortex-a53/ucode-mod-uloop/$file); echo $file $csum >> /home/jackie/Downloads/Askey_Spectrum_SBE1V1K/build_dir/target-aarch64_cortex-a53_musl/ucode-2026.07.09~b885dd0f/ipkg-aarch64_cortex-a53/ucode-mod-uloop/lib/apk/packages/ucode-mod-uloop.conffiles_static; done; rm -rf /home/jackie/Downloads/Askey_Spectrum_SBE1V1K/build_dir/target-aarch64_cortex-a53_musl/ucode-2026.07.09~b885dd0f/ipkg-aarch64_cortex-a53/ucode-mod-uloop/CONTROL/conffiles; fi
if [ -z "$(ls -A /home/jackie/Downloads/Askey_Spectrum_SBE1V1K/build_dir/target-aarch64_cortex-a53_musl/ucode-2026.07.09~b885dd0f/ipkg-aarch64_cortex-a53/ucode-mod-uloop/CONTROL 2>/dev/null)" ]; then rm -rf /home/jackie/Downloads/Askey_Spectrum_SBE1V1K/build_dir/target-aarch64_cortex-a53_musl/ucode-2026.07.09~b885dd0f/ipkg-aarch64_cortex-a53/ucode-mod-uloop/CONTROL; else echo "CONTROL directory /home/jackie/Downloads/Askey_Spectrum_SBE1V1K/build_dir/target-aarch64_cortex-a53_musl/ucode-2026.07.09~b885dd0f/ipkg-aarch64_cortex-a53/ucode-mod-uloop/CONTROL is not empty! This is not right and should be checked!" >&2; exit 1; fi
SOURCE_DATE_EPOCH=0 /home/jackie/Downloads/Askey_Spectrum_SBE1V1K/staging_dir/host/bin/fakeroot /home/jackie/Downloads/Askey_Spectrum_SBE1V1K/staging_dir/host/bin/apk mkpkg --info "name:ucode-mod-uloop" --info "version:2026.07.09~b885dd0f-r1" --info "tags:openwrt:section=lang" --info "description:The uloop module allows ucode scripts to interact with OpenWrt uloop event loop implementation." --info "arch:aarch64_cortex-a53" --info "license:ISC" --info "origin:feeds/base/utils/ucode" --info "url:" --info "maintainer:Jo-Philipp Wich <jo@mein.io>" --info "provides:ucode-mod-uloop-any"  --script "post-install:/home/jackie/Downloads/Askey_Spectrum_SBE1V1K/build_dir/target-aarch64_cortex-a53_musl/ucode-2026.07.09~b885dd0f/apk-aarch64_cortex-a53/ucode-mod-uloop/post-install" --script "post-upgrade:/home/jackie/Downloads/Askey_Spectrum_SBE1V1K/build_dir/target-aarch64_cortex-a53_musl/ucode-2026.07.09~b885dd0f/apk-aarch64_cortex-a53/ucode-mod-uloop/post-upgrade" --script "pre-deinstall:/home/jackie/Downloads/Askey_Spectrum_SBE1V1K/build_dir/target-aarch64_cortex-a53_musl/ucode-2026.07.09~b885dd0f/apk-aarch64_cortex-a53/ucode-mod-uloop/pre-deinstall" --info "depends:libc ucode libubox20260721" --files "/home/jackie/Downloads/Askey_Spectrum_SBE1V1K/build_dir/target-aarch64_cortex-a53_musl/ucode-2026.07.09~b885dd0f/ipkg-aarch64_cortex-a53/ucode-mod-uloop" --sign /home/jackie/Downloads/Askey_Spectrum_SBE1V1K/private-key.pem --output "/home/jackie/Downloads/Askey_Spectrum_SBE1V1K/bin/packages/aarch64_cortex-a53/base/ucode-mod-uloop-2026.07.09~b885dd0f-r1.apk"
rm -rf /home/jackie/Downloads/Askey_Spectrum_SBE1V1K/build_dir/target-aarch64_cortex-a53_musl/ucode-2026.07.09~b885dd0f/ipkg-aarch64_cortex-a53/ucode-mod-digest
mkdir -p /home/jackie/Downloads/Askey_Spectrum_SBE1V1K/bin/targets/qualcommbe/ipq95xx/packages /home/jackie/Downloads/Askey_Spectrum_SBE1V1K/build_dir/target-aarch64_cortex-a53_musl/ucode-2026.07.09~b885dd0f/ipkg-aarch64_cortex-a53/ucode-mod-digest /home/jackie/Downloads/Askey_Spectrum_SBE1V1K/staging_dir/target-aarch64_cortex-a53_musl/pkginfo
install -d -m0755 /home/jackie/Downloads/Askey_Spectrum_SBE1V1K/build_dir/target-aarch64_cortex-a53_musl/ucode-2026.07.09~b885dd0f/ipkg-aarch64_cortex-a53/ucode-mod-digest/usr/lib/ucode
install -m0755 /home/jackie/Downloads/Askey_Spectrum_SBE1V1K/build_dir/target-aarch64_cortex-a53_musl/ucode-2026.07.09~b885dd0f/ipkg-install/usr/lib/ucode/digest.so /home/jackie/Downloads/Askey_Spectrum_SBE1V1K/build_dir/target-aarch64_cortex-a53_musl/ucode-2026.07.09~b885dd0f/ipkg-aarch64_cortex-a53/ucode-mod-digest/usr/lib/ucode/
find /home/jackie/Downloads/Askey_Spectrum_SBE1V1K/build_dir/target-aarch64_cortex-a53_musl/ucode-2026.07.09~b885dd0f/ipkg-aarch64_cortex-a53/ucode-mod-digest -name '.svn' -o -name '.#*' -o -name '*~'| xargs -r rm -rf
export CROSS="aarch64-openwrt-linux-musl-"  NO_RENAME=1 ; NM="aarch64-openwrt-linux-musl-nm" STRIP="/home/jackie/Downloads/Askey_Spectrum_SBE1V1K/staging_dir/host/bin/sstrip -z" STRIP_KMOD="/home/jackie/Downloads/Askey_Spectrum_SBE1V1K/scripts/strip-kmod.sh" PATCHELF="/home/jackie/Downloads/Askey_Spectrum_SBE1V1K/staging_dir/host/bin/patchelf" /home/jackie/Downloads/Askey_Spectrum_SBE1V1K/scripts/rstrip.sh /home/jackie/Downloads/Askey_Spectrum_SBE1V1K/build_dir/target-aarch64_cortex-a53_musl/ucode-2026.07.09~b885dd0f/ipkg-aarch64_cortex-a53/ucode-mod-digest
rstrip.sh: /home/jackie/Downloads/Askey_Spectrum_SBE1V1K/build_dir/target-aarch64_cortex-a53_musl/ucode-2026.07.09~b885dd0f/ipkg-aarch64_cortex-a53/ucode-mod-digest/usr/lib/ucode/digest.so: shared object
install -d -m0755 /home/jackie/Downloads/Askey_Spectrum_SBE1V1K/bin/packages/aarch64_cortex-a53/base
mkdir -p /home/jackie/Downloads/Askey_Spectrum_SBE1V1K/build_dir/target-aarch64_cortex-a53_musl/ucode-2026.07.09~b885dd0f/apk-aarch64_cortex-a53/ucode-mod-digest/
mkdir -p /home/jackie/Downloads/Askey_Spectrum_SBE1V1K/build_dir/target-aarch64_cortex-a53_musl/ucode-2026.07.09~b885dd0f/ipkg-aarch64_cortex-a53/ucode-mod-digest/lib/apk/packages/
(cd /home/jackie/Downloads/Askey_Spectrum_SBE1V1K/build_dir/target-aarch64_cortex-a53_musl/ucode-2026.07.09~b885dd0f/apk-aarch64_cortex-a53/ucode-mod-digest; )
( echo "#!/bin/sh"; echo "[ \"\${IPKG_NO_SCRIPT}\" = \"1\" ] && exit 0"; echo "[ -s "\${IPKG_INSTROOT}/lib/functions.sh" ] || exit 0"; echo ". \${IPKG_INSTROOT}/lib/functions.sh"; echo 'export root="${IPKG_INSTROOT}"'; echo 'export pkgname="ucode-mod-digest"'; echo "add_group_and_user"; echo "default_postinst"; [ ! -f /home/jackie/Downloads/Askey_Spectrum_SBE1V1K/build_dir/target-aarch64_cortex-a53_musl/ucode-2026.07.09~b885dd0f/apk-aarch64_cortex-a53/ucode-mod-digest/postinst-pkg ] || sed '/^\s*#!/d' "/home/jackie/Downloads/Askey_Spectrum_SBE1V1K/build_dir/target-aarch64_cortex-a53_musl/ucode-2026.07.09~b885dd0f/apk-aarch64_cortex-a53/ucode-mod-digest/postinst-pkg"; ) > /home/jackie/Downloads/Askey_Spectrum_SBE1V1K/build_dir/target-aarch64_cortex-a53_musl/ucode-2026.07.09~b885dd0f/apk-aarch64_cortex-a53/ucode-mod-digest/post-install;
( echo "#!/bin/sh"; echo 'export PKG_UPGRADE=1'; [ ! -f /home/jackie/Downloads/Askey_Spectrum_SBE1V1K/build_dir/target-aarch64_cortex-a53_musl/ucode-2026.07.09~b885dd0f/apk-aarch64_cortex-a53/ucode-mod-digest/post-install ] || sed '/^\s*#!/d' "/home/jackie/Downloads/Askey_Spectrum_SBE1V1K/build_dir/target-aarch64_cortex-a53_musl/ucode-2026.07.09~b885dd0f/apk-aarch64_cortex-a53/ucode-mod-digest/post-install"; ) > /home/jackie/Downloads/Askey_Spectrum_SBE1V1K/build_dir/target-aarch64_cortex-a53_musl/ucode-2026.07.09~b885dd0f/apk-aarch64_cortex-a53/ucode-mod-digest/post-upgrade;
( echo "#!/bin/sh"; echo "[ -s "\${IPKG_INSTROOT}/lib/functions.sh" ] || exit 0"; echo ". \${IPKG_INSTROOT}/lib/functions.sh"; echo 'export root="${IPKG_INSTROOT}"'; echo 'export pkgname="ucode-mod-digest"'; echo "default_prerm"; [ ! -f /home/jackie/Downloads/Askey_Spectrum_SBE1V1K/build_dir/target-aarch64_cortex-a53_musl/ucode-2026.07.09~b885dd0f/apk-aarch64_cortex-a53/ucode-mod-digest/prerm-pkg ] || sed '/^\s*#!/d' "/home/jackie/Downloads/Askey_Spectrum_SBE1V1K/build_dir/target-aarch64_cortex-a53_musl/ucode-2026.07.09~b885dd0f/apk-aarch64_cortex-a53/ucode-mod-digest/prerm-pkg"; ) > /home/jackie/Downloads/Askey_Spectrum_SBE1V1K/build_dir/target-aarch64_cortex-a53_musl/ucode-2026.07.09~b885dd0f/apk-aarch64_cortex-a53/ucode-mod-digest/pre-deinstall;
[ ! -f /home/jackie/Downloads/Askey_Spectrum_SBE1V1K/build_dir/target-aarch64_cortex-a53_musl/ucode-2026.07.09~b885dd0f/apk-aarch64_cortex-a53/ucode-mod-digest/postrm ] || sed -zi 's/^\s*#!/#!/' "/home/jackie/Downloads/Askey_Spectrum_SBE1V1K/build_dir/target-aarch64_cortex-a53_musl/ucode-2026.07.09~b885dd0f/apk-aarch64_cortex-a53/ucode-mod-digest/postrm";
if [ -n "" ]; then echo  > /home/jackie/Downloads/Askey_Spectrum_SBE1V1K/build_dir/target-aarch64_cortex-a53_musl/ucode-2026.07.09~b885dd0f/ipkg-aarch64_cortex-a53/ucode-mod-digest/lib/apk/packages/ucode-mod-digest.rusers; fi;
if [ -n "" ]; then echo  > /home/jackie/Downloads/Askey_Spectrum_SBE1V1K/build_dir/target-aarch64_cortex-a53_musl/ucode-2026.07.09~b885dd0f/ipkg-aarch64_cortex-a53/ucode-mod-digest/lib/apk/packages/ucode-mod-digest.alternatives; fi;
(cd /home/jackie/Downloads/Askey_Spectrum_SBE1V1K/build_dir/target-aarch64_cortex-a53_musl/ucode-2026.07.09~b885dd0f/ipkg-aarch64_cortex-a53/ucode-mod-digest && find . -type f,l -printf "/%P\n" | sort > /home/jackie/Downloads/Askey_Spectrum_SBE1V1K/tmp/ucode-mod-digest.list && mv /home/jackie/Downloads/Askey_Spectrum_SBE1V1K/tmp/ucode-mod-digest.list /home/jackie/Downloads/Askey_Spectrum_SBE1V1K/build_dir/target-aarch64_cortex-a53_musl/ucode-2026.07.09~b885dd0f/ipkg-aarch64_cortex-a53/ucode-mod-digest/lib/apk/packages/ucode-mod-digest.list)
# Move conffiles to IDIR and build conffiles_static with csums
if [ -f /home/jackie/Downloads/Askey_Spectrum_SBE1V1K/build_dir/target-aarch64_cortex-a53_musl/ucode-2026.07.09~b885dd0f/apk-aarch64_cortex-a53/ucode-mod-digest/conffiles ]; then mv -f /home/jackie/Downloads/Askey_Spectrum_SBE1V1K/build_dir/target-aarch64_cortex-a53_musl/ucode-2026.07.09~b885dd0f/apk-aarch64_cortex-a53/ucode-mod-digest/conffiles /home/jackie/Downloads/Askey_Spectrum_SBE1V1K/build_dir/target-aarch64_cortex-a53_musl/ucode-2026.07.09~b885dd0f/ipkg-aarch64_cortex-a53/ucode-mod-digest/lib/apk/packages/ucode-mod-digest.conffiles; for file in $(cat /home/jackie/Downloads/Askey_Spectrum_SBE1V1K/build_dir/target-aarch64_cortex-a53_musl/ucode-2026.07.09~b885dd0f/ipkg-aarch64_cortex-a53/ucode-mod-digest/lib/apk/packages/ucode-mod-digest.conffiles); do [ -f /home/jackie/Downloads/Askey_Spectrum_SBE1V1K/build_dir/target-aarch64_cortex-a53_musl/ucode-2026.07.09~b885dd0f/ipkg-aarch64_cortex-a53/ucode-mod-digest/$file ] || continue; csum=$(/home/jackie/Downloads/Askey_Spectrum_SBE1V1K/staging_dir/host/bin/mkhash sha256 /home/jackie/Downloads/Askey_Spectrum_SBE1V1K/build_dir/target-aarch64_cortex-a53_musl/ucode-2026.07.09~b885dd0f/ipkg-aarch64_cortex-a53/ucode-mod-digest/$file); echo $file $csum >> /home/jackie/Downloads/Askey_Spectrum_SBE1V1K/build_dir/target-aarch64_cortex-a53_musl/ucode-2026.07.09~b885dd0f/ipkg-aarch64_cortex-a53/ucode-mod-digest/lib/apk/packages/ucode-mod-digest.conffiles_static; done; fi
# Some package (base-files) manually append stuff to conffiles
# Append stuff from it and delete the CONTROL directory since everything else should be migrated
if [ -f /home/jackie/Downloads/Askey_Spectrum_SBE1V1K/build_dir/target-aarch64_cortex-a53_musl/ucode-2026.07.09~b885dd0f/ipkg-aarch64_cortex-a53/ucode-mod-digest/CONTROL/conffiles ]; then echo $(IDIR_ucode-mod-digest)/CONTROL/conffiles >> /home/jackie/Downloads/Askey_Spectrum_SBE1V1K/build_dir/target-aarch64_cortex-a53_musl/ucode-2026.07.09~b885dd0f/ipkg-aarch64_cortex-a53/ucode-mod-digest/lib/apk/packages/ucode-mod-digest.conffiles; for file in $(cat /home/jackie/Downloads/Askey_Spectrum_SBE1V1K/build_dir/target-aarch64_cortex-a53_musl/ucode-2026.07.09~b885dd0f/ipkg-aarch64_cortex-a53/ucode-mod-digest/CONTROL/conffiles); do [ -f /home/jackie/Downloads/Askey_Spectrum_SBE1V1K/build_dir/target-aarch64_cortex-a53_musl/ucode-2026.07.09~b885dd0f/ipkg-aarch64_cortex-a53/ucode-mod-digest/$file ] || continue; csum=$(/home/jackie/Downloads/Askey_Spectrum_SBE1V1K/staging_dir/host/bin/mkhash sha256 /home/jackie/Downloads/Askey_Spectrum_SBE1V1K/build_dir/target-aarch64_cortex-a53_musl/ucode-2026.07.09~b885dd0f/ipkg-aarch64_cortex-a53/ucode-mod-digest/$file); echo $file $csum >> /home/jackie/Downloads/Askey_Spectrum_SBE1V1K/build_dir/target-aarch64_cortex-a53_musl/ucode-2026.07.09~b885dd0f/ipkg-aarch64_cortex-a53/ucode-mod-digest/lib/apk/packages/ucode-mod-digest.conffiles_static; done; rm -rf /home/jackie/Downloads/Askey_Spectrum_SBE1V1K/build_dir/target-aarch64_cortex-a53_musl/ucode-2026.07.09~b885dd0f/ipkg-aarch64_cortex-a53/ucode-mod-digest/CONTROL/conffiles; fi
if [ -z "$(ls -A /home/jackie/Downloads/Askey_Spectrum_SBE1V1K/build_dir/target-aarch64_cortex-a53_musl/ucode-2026.07.09~b885dd0f/ipkg-aarch64_cortex-a53/ucode-mod-digest/CONTROL 2>/dev/null)" ]; then rm -rf /home/jackie/Downloads/Askey_Spectrum_SBE1V1K/build_dir/target-aarch64_cortex-a53_musl/ucode-2026.07.09~b885dd0f/ipkg-aarch64_cortex-a53/ucode-mod-digest/CONTROL; else echo "CONTROL directory /home/jackie/Downloads/Askey_Spectrum_SBE1V1K/build_dir/target-aarch64_cortex-a53_musl/ucode-2026.07.09~b885dd0f/ipkg-aarch64_cortex-a53/ucode-mod-digest/CONTROL is not empty! This is not right and should be checked!" >&2; exit 1; fi
SOURCE_DATE_EPOCH=0 /home/jackie/Downloads/Askey_Spectrum_SBE1V1K/staging_dir/host/bin/fakeroot /home/jackie/Downloads/Askey_Spectrum_SBE1V1K/staging_dir/host/bin/apk mkpkg --info "name:ucode-mod-digest" --info "version:2026.07.09~b885dd0f-r1" --info "tags:openwrt:section=lang" --info "description:The digest module allows ucode scripts to use libmd digests." --info "arch:aarch64_cortex-a53" --info "license:ISC" --info "origin:feeds/base/utils/ucode" --info "url:" --info "maintainer:Jo-Philipp Wich <jo@mein.io>" --info "provides:ucode-mod-digest-any"  --script "post-install:/home/jackie/Downloads/Askey_Spectrum_SBE1V1K/build_dir/target-aarch64_cortex-a53_musl/ucode-2026.07.09~b885dd0f/apk-aarch64_cortex-a53/ucode-mod-digest/post-install" --script "post-upgrade:/home/jackie/Downloads/Askey_Spectrum_SBE1V1K/build_dir/target-aarch64_cortex-a53_musl/ucode-2026.07.09~b885dd0f/apk-aarch64_cortex-a53/ucode-mod-digest/post-upgrade" --script "pre-deinstall:/home/jackie/Downloads/Askey_Spectrum_SBE1V1K/build_dir/target-aarch64_cortex-a53_musl/ucode-2026.07.09~b885dd0f/apk-aarch64_cortex-a53/ucode-mod-digest/pre-deinstall" --info "depends:libc ucode" --files "/home/jackie/Downloads/Askey_Spectrum_SBE1V1K/build_dir/target-aarch64_cortex-a53_musl/ucode-2026.07.09~b885dd0f/ipkg-aarch64_cortex-a53/ucode-mod-digest" --sign /home/jackie/Downloads/Askey_Spectrum_SBE1V1K/private-key.pem --output "/home/jackie/Downloads/Askey_Spectrum_SBE1V1K/bin/packages/aarch64_cortex-a53/base/ucode-mod-digest-2026.07.09~b885dd0f-r1.apk"
rm -rf /home/jackie/Downloads/Askey_Spectrum_SBE1V1K/build_dir/target-aarch64_cortex-a53_musl/ucode-2026.07.09~b885dd0f/.pkgdir/libucode.installed /home/jackie/Downloads/Askey_Spectrum_SBE1V1K/build_dir/target-aarch64_cortex-a53_musl/ucode-2026.07.09~b885dd0f/.pkgdir/libucode
mkdir -p /home/jackie/Downloads/Askey_Spectrum_SBE1V1K/build_dir/target-aarch64_cortex-a53_musl/ucode-2026.07.09~b885dd0f/.pkgdir/libucode
install -d -m0755 /home/jackie/Downloads/Askey_Spectrum_SBE1V1K/build_dir/target-aarch64_cortex-a53_musl/ucode-2026.07.09~b885dd0f/.pkgdir/libucode/usr/lib
cp -fpR /home/jackie/Downloads/Askey_Spectrum_SBE1V1K/build_dir/target-aarch64_cortex-a53_musl/ucode-2026.07.09~b885dd0f/ipkg-install/usr/lib/libucode.so.* /home/jackie/Downloads/Askey_Spectrum_SBE1V1K/build_dir/target-aarch64_cortex-a53_musl/ucode-2026.07.09~b885dd0f/.pkgdir/libucode/usr/lib/
touch /home/jackie/Downloads/Askey_Spectrum_SBE1V1K/build_dir/target-aarch64_cortex-a53_musl/ucode-2026.07.09~b885dd0f/.pkgdir/libucode.installed
mkdir -p /home/jackie/Downloads/Askey_Spectrum_SBE1V1K/staging_dir/target-aarch64_cortex-a53_musl/root-qualcommbe/stamp
echo '20230711' | cmp -s - /home/jackie/Downloads/Askey_Spectrum_SBE1V1K/staging_dir/target-aarch64_cortex-a53_musl/pkginfo/libucode.version || { mkdir -p /home/jackie/Downloads/Askey_Spectrum_SBE1V1K/staging_dir/target-aarch64_cortex-a53_musl/pkginfo; echo '20230711' > /home/jackie/Downloads/Askey_Spectrum_SBE1V1K/staging_dir/target-aarch64_cortex-a53_musl/pkginfo/libucode.version;  cp /home/jackie/Downloads/Askey_Spectrum_SBE1V1K/staging_dir/target-aarch64_cortex-a53_musl/pkginfo/libucode.version /home/jackie/Downloads/Askey_Spectrum_SBE1V1K/staging_dir/target-aarch64_cortex-a53_musl/pkginfo/libucode-any.version;  } 
SHELL= flock /home/jackie/Downloads/Askey_Spectrum_SBE1V1K/tmp/.root-copy.flock -c 'cp -fpR /home/jackie/Downloads/Askey_Spectrum_SBE1V1K/build_dir/target-aarch64_cortex-a53_musl/ucode-2026.07.09~b885dd0f/.pkgdir/libucode/. /home/jackie/Downloads/Askey_Spectrum_SBE1V1K/staging_dir/target-aarch64_cortex-a53_musl/root-qualcommbe/'
touch /home/jackie/Downloads/Askey_Spectrum_SBE1V1K/staging_dir/target-aarch64_cortex-a53_musl/root-qualcommbe/stamp/.libucode_installed
echo "libucode" >> /home/jackie/Downloads/Askey_Spectrum_SBE1V1K/staging_dir/target-aarch64_cortex-a53_musl/pkginfo/ucode.default.install
rm -rf /home/jackie/Downloads/Askey_Spectrum_SBE1V1K/tmp/stage-ucode
mkdir -p /home/jackie/Downloads/Askey_Spectrum_SBE1V1K/tmp/stage-ucode/host /home/jackie/Downloads/Askey_Spectrum_SBE1V1K/staging_dir/target-aarch64_cortex-a53_musl/packages
install -d -m0755 /home/jackie/Downloads/Askey_Spectrum_SBE1V1K/tmp/stage-ucode/usr/lib /home/jackie/Downloads/Askey_Spectrum_SBE1V1K/tmp/stage-ucode/usr/include/ucode
cp -fpR /home/jackie/Downloads/Askey_Spectrum_SBE1V1K/build_dir/target-aarch64_cortex-a53_musl/ucode-2026.07.09~b885dd0f/ipkg-install/usr/include/ucode/*.h /home/jackie/Downloads/Askey_Spectrum_SBE1V1K/tmp/stage-ucode/usr/include/ucode/
cp -fpR /home/jackie/Downloads/Askey_Spectrum_SBE1V1K/build_dir/target-aarch64_cortex-a53_musl/ucode-2026.07.09~b885dd0f/ipkg-install/usr/lib/libucode.so* /home/jackie/Downloads/Askey_Spectrum_SBE1V1K/tmp/stage-ucode/usr/lib/
find /home/jackie/Downloads/Askey_Spectrum_SBE1V1K/tmp/stage-ucode -name '*.la' | xargs -r rm -f; 
if [ -f /home/jackie/Downloads/Askey_Spectrum_SBE1V1K/staging_dir/target-aarch64_cortex-a53_musl/packages/ucode.list ]; then /home/jackie/Downloads/Askey_Spectrum_SBE1V1K/scripts/clean-package.sh "/home/jackie/Downloads/Askey_Spectrum_SBE1V1K/staging_dir/target-aarch64_cortex-a53_musl/packages/ucode.list" "/home/jackie/Downloads/Askey_Spectrum_SBE1V1K/staging_dir/target-aarch64_cortex-a53_musl"; fi
if [ -d /home/jackie/Downloads/Askey_Spectrum_SBE1V1K/tmp/stage-ucode ]; then (cd /home/jackie/Downloads/Askey_Spectrum_SBE1V1K/tmp/stage-ucode; find ./ > /home/jackie/Downloads/Askey_Spectrum_SBE1V1K/tmp/stage-ucode.files); 	SHELL= flock /home/jackie/Downloads/Askey_Spectrum_SBE1V1K/tmp/.staging-dir.flock -c ' mv /home/jackie/Downloads/Askey_Spectrum_SBE1V1K/tmp/stage-ucode.files /home/jackie/Downloads/Askey_Spectrum_SBE1V1K/staging_dir/target-aarch64_cortex-a53_musl/packages/ucode.list && cp -fpR /home/jackie/Downloads/Askey_Spectrum_SBE1V1K/tmp/stage-ucode/* /home/jackie/Downloads/Askey_Spectrum_SBE1V1K/staging_dir/target-aarch64_cortex-a53_musl/; '; fi
rm -rf /home/jackie/Downloads/Askey_Spectrum_SBE1V1K/tmp/stage-ucode
touch /home/jackie/Downloads/Askey_Spectrum_SBE1V1K/staging_dir/target-aarch64_cortex-a53_musl/stamp/.ucode_installed
rm -rf /home/jackie/Downloads/Askey_Spectrum_SBE1V1K/build_dir/target-aarch64_cortex-a53_musl/ucode-2026.07.09~b885dd0f/.pkgdir/ucode.installed /home/jackie/Downloads/Askey_Spectrum_SBE1V1K/build_dir/target-aarch64_cortex-a53_musl/ucode-2026.07.09~b885dd0f/.pkgdir/ucode
mkdir -p /home/jackie/Downloads/Askey_Spectrum_SBE1V1K/build_dir/target-aarch64_cortex-a53_musl/ucode-2026.07.09~b885dd0f/.pkgdir/ucode
install -d -m0755 /home/jackie/Downloads/Askey_Spectrum_SBE1V1K/build_dir/target-aarch64_cortex-a53_musl/ucode-2026.07.09~b885dd0f/.pkgdir/ucode/usr/bin
cp -fpR /home/jackie/Downloads/Askey_Spectrum_SBE1V1K/build_dir/target-aarch64_cortex-a53_musl/ucode-2026.07.09~b885dd0f/ipkg-install/usr/bin/u* /home/jackie/Downloads/Askey_Spectrum_SBE1V1K/build_dir/target-aarch64_cortex-a53_musl/ucode-2026.07.09~b885dd0f/.pkgdir/ucode/usr/bin/
touch /home/jackie/Downloads/Askey_Spectrum_SBE1V1K/build_dir/target-aarch64_cortex-a53_musl/ucode-2026.07.09~b885dd0f/.pkgdir/ucode.installed
rm -rf /home/jackie/Downloads/Askey_Spectrum_SBE1V1K/build_dir/target-aarch64_cortex-a53_musl/ucode-2026.07.09~b885dd0f/.pkgdir/ucode-mod-fs.installed /home/jackie/Downloads/Askey_Spectrum_SBE1V1K/build_dir/target-aarch64_cortex-a53_musl/ucode-2026.07.09~b885dd0f/.pkgdir/ucode-mod-fs
mkdir -p /home/jackie/Downloads/Askey_Spectrum_SBE1V1K/build_dir/target-aarch64_cortex-a53_musl/ucode-2026.07.09~b885dd0f/.pkgdir/ucode-mod-fs
install -d -m0755 /home/jackie/Downloads/Askey_Spectrum_SBE1V1K/build_dir/target-aarch64_cortex-a53_musl/ucode-2026.07.09~b885dd0f/.pkgdir/ucode-mod-fs/usr/lib/ucode
install -m0755 /home/jackie/Downloads/Askey_Spectrum_SBE1V1K/build_dir/target-aarch64_cortex-a53_musl/ucode-2026.07.09~b885dd0f/ipkg-install/usr/lib/ucode/fs.so /home/jackie/Downloads/Askey_Spectrum_SBE1V1K/build_dir/target-aarch64_cortex-a53_musl/ucode-2026.07.09~b885dd0f/.pkgdir/ucode-mod-fs/usr/lib/ucode/
touch /home/jackie/Downloads/Askey_Spectrum_SBE1V1K/build_dir/target-aarch64_cortex-a53_musl/ucode-2026.07.09~b885dd0f/.pkgdir/ucode-mod-fs.installed
rm -rf /home/jackie/Downloads/Askey_Spectrum_SBE1V1K/build_dir/target-aarch64_cortex-a53_musl/ucode-2026.07.09~b885dd0f/.pkgdir/ucode-mod-nl80211.installed /home/jackie/Downloads/Askey_Spectrum_SBE1V1K/build_dir/target-aarch64_cortex-a53_musl/ucode-2026.07.09~b885dd0f/.pkgdir/ucode-mod-nl80211
mkdir -p /home/jackie/Downloads/Askey_Spectrum_SBE1V1K/build_dir/target-aarch64_cortex-a53_musl/ucode-2026.07.09~b885dd0f/.pkgdir/ucode-mod-nl80211
install -d -m0755 /home/jackie/Downloads/Askey_Spectrum_SBE1V1K/build_dir/target-aarch64_cortex-a53_musl/ucode-2026.07.09~b885dd0f/.pkgdir/ucode-mod-nl80211/usr/lib/ucode
install -m0755 /home/jackie/Downloads/Askey_Spectrum_SBE1V1K/build_dir/target-aarch64_cortex-a53_musl/ucode-2026.07.09~b885dd0f/ipkg-install/usr/lib/ucode/nl80211.so /home/jackie/Downloads/Askey_Spectrum_SBE1V1K/build_dir/target-aarch64_cortex-a53_musl/ucode-2026.07.09~b885dd0f/.pkgdir/ucode-mod-nl80211/usr/lib/ucode/
touch /home/jackie/Downloads/Askey_Spectrum_SBE1V1K/build_dir/target-aarch64_cortex-a53_musl/ucode-2026.07.09~b885dd0f/.pkgdir/ucode-mod-nl80211.installed
rm -rf /home/jackie/Downloads/Askey_Spectrum_SBE1V1K/build_dir/target-aarch64_cortex-a53_musl/ucode-2026.07.09~b885dd0f/.pkgdir/ucode-mod-rtnl.installed /home/jackie/Downloads/Askey_Spectrum_SBE1V1K/build_dir/target-aarch64_cortex-a53_musl/ucode-2026.07.09~b885dd0f/.pkgdir/ucode-mod-rtnl
mkdir -p /home/jackie/Downloads/Askey_Spectrum_SBE1V1K/build_dir/target-aarch64_cortex-a53_musl/ucode-2026.07.09~b885dd0f/.pkgdir/ucode-mod-rtnl
install -d -m0755 /home/jackie/Downloads/Askey_Spectrum_SBE1V1K/build_dir/target-aarch64_cortex-a53_musl/ucode-2026.07.09~b885dd0f/.pkgdir/ucode-mod-rtnl/usr/lib/ucode
install -m0755 /home/jackie/Downloads/Askey_Spectrum_SBE1V1K/build_dir/target-aarch64_cortex-a53_musl/ucode-2026.07.09~b885dd0f/ipkg-install/usr/lib/ucode/rtnl.so /home/jackie/Downloads/Askey_Spectrum_SBE1V1K/build_dir/target-aarch64_cortex-a53_musl/ucode-2026.07.09~b885dd0f/.pkgdir/ucode-mod-rtnl/usr/lib/ucode/
touch /home/jackie/Downloads/Askey_Spectrum_SBE1V1K/build_dir/target-aarch64_cortex-a53_musl/ucode-2026.07.09~b885dd0f/.pkgdir/ucode-mod-rtnl.installed
rm -rf /home/jackie/Downloads/Askey_Spectrum_SBE1V1K/build_dir/target-aarch64_cortex-a53_musl/ucode-2026.07.09~b885dd0f/.pkgdir/ucode-mod-ubus.installed /home/jackie/Downloads/Askey_Spectrum_SBE1V1K/build_dir/target-aarch64_cortex-a53_musl/ucode-2026.07.09~b885dd0f/.pkgdir/ucode-mod-ubus
mkdir -p /home/jackie/Downloads/Askey_Spectrum_SBE1V1K/build_dir/target-aarch64_cortex-a53_musl/ucode-2026.07.09~b885dd0f/.pkgdir/ucode-mod-ubus
install -d -m0755 /home/jackie/Downloads/Askey_Spectrum_SBE1V1K/build_dir/target-aarch64_cortex-a53_musl/ucode-2026.07.09~b885dd0f/.pkgdir/ucode-mod-ubus/usr/lib/ucode
install -m0755 /home/jackie/Downloads/Askey_Spectrum_SBE1V1K/build_dir/target-aarch64_cortex-a53_musl/ucode-2026.07.09~b885dd0f/ipkg-install/usr/lib/ucode/ubus.so /home/jackie/Downloads/Askey_Spectrum_SBE1V1K/build_dir/target-aarch64_cortex-a53_musl/ucode-2026.07.09~b885dd0f/.pkgdir/ucode-mod-ubus/usr/lib/ucode/
touch /home/jackie/Downloads/Askey_Spectrum_SBE1V1K/build_dir/target-aarch64_cortex-a53_musl/ucode-2026.07.09~b885dd0f/.pkgdir/ucode-mod-ubus.installed
rm -rf /home/jackie/Downloads/Askey_Spectrum_SBE1V1K/build_dir/target-aarch64_cortex-a53_musl/ucode-2026.07.09~b885dd0f/.pkgdir/ucode-mod-uci.installed /home/jackie/Downloads/Askey_Spectrum_SBE1V1K/build_dir/target-aarch64_cortex-a53_musl/ucode-2026.07.09~b885dd0f/.pkgdir/ucode-mod-uci
mkdir -p /home/jackie/Downloads/Askey_Spectrum_SBE1V1K/build_dir/target-aarch64_cortex-a53_musl/ucode-2026.07.09~b885dd0f/.pkgdir/ucode-mod-uci
install -d -m0755 /home/jackie/Downloads/Askey_Spectrum_SBE1V1K/build_dir/target-aarch64_cortex-a53_musl/ucode-2026.07.09~b885dd0f/.pkgdir/ucode-mod-uci/usr/lib/ucode
install -m0755 /home/jackie/Downloads/Askey_Spectrum_SBE1V1K/build_dir/target-aarch64_cortex-a53_musl/ucode-2026.07.09~b885dd0f/ipkg-install/usr/lib/ucode/uci.so /home/jackie/Downloads/Askey_Spectrum_SBE1V1K/build_dir/target-aarch64_cortex-a53_musl/ucode-2026.07.09~b885dd0f/.pkgdir/ucode-mod-uci/usr/lib/ucode/
touch /home/jackie/Downloads/Askey_Spectrum_SBE1V1K/build_dir/target-aarch64_cortex-a53_musl/ucode-2026.07.09~b885dd0f/.pkgdir/ucode-mod-uci.installed
rm -rf /home/jackie/Downloads/Askey_Spectrum_SBE1V1K/build_dir/target-aarch64_cortex-a53_musl/ucode-2026.07.09~b885dd0f/.pkgdir/ucode-mod-uloop.installed /home/jackie/Downloads/Askey_Spectrum_SBE1V1K/build_dir/target-aarch64_cortex-a53_musl/ucode-2026.07.09~b885dd0f/.pkgdir/ucode-mod-uloop
mkdir -p /home/jackie/Downloads/Askey_Spectrum_SBE1V1K/build_dir/target-aarch64_cortex-a53_musl/ucode-2026.07.09~b885dd0f/.pkgdir/ucode-mod-uloop
install -d -m0755 /home/jackie/Downloads/Askey_Spectrum_SBE1V1K/build_dir/target-aarch64_cortex-a53_musl/ucode-2026.07.09~b885dd0f/.pkgdir/ucode-mod-uloop/usr/lib/ucode
install -m0755 /home/jackie/Downloads/Askey_Spectrum_SBE1V1K/build_dir/target-aarch64_cortex-a53_musl/ucode-2026.07.09~b885dd0f/ipkg-install/usr/lib/ucode/uloop.so /home/jackie/Downloads/Askey_Spectrum_SBE1V1K/build_dir/target-aarch64_cortex-a53_musl/ucode-2026.07.09~b885dd0f/.pkgdir/ucode-mod-uloop/usr/lib/ucode/
touch /home/jackie/Downloads/Askey_Spectrum_SBE1V1K/build_dir/target-aarch64_cortex-a53_musl/ucode-2026.07.09~b885dd0f/.pkgdir/ucode-mod-uloop.installed
rm -rf /home/jackie/Downloads/Askey_Spectrum_SBE1V1K/build_dir/target-aarch64_cortex-a53_musl/ucode-2026.07.09~b885dd0f/.pkgdir/ucode-mod-digest.installed /home/jackie/Downloads/Askey_Spectrum_SBE1V1K/build_dir/target-aarch64_cortex-a53_musl/ucode-2026.07.09~b885dd0f/.pkgdir/ucode-mod-digest
mkdir -p /home/jackie/Downloads/Askey_Spectrum_SBE1V1K/build_dir/target-aarch64_cortex-a53_musl/ucode-2026.07.09~b885dd0f/.pkgdir/ucode-mod-digest
install -d -m0755 /home/jackie/Downloads/Askey_Spectrum_SBE1V1K/build_dir/target-aarch64_cortex-a53_musl/ucode-2026.07.09~b885dd0f/.pkgdir/ucode-mod-digest/usr/lib/ucode
install -m0755 /home/jackie/Downloads/Askey_Spectrum_SBE1V1K/build_dir/target-aarch64_cortex-a53_musl/ucode-2026.07.09~b885dd0f/ipkg-install/usr/lib/ucode/digest.so /home/jackie/Downloads/Askey_Spectrum_SBE1V1K/build_dir/target-aarch64_cortex-a53_musl/ucode-2026.07.09~b885dd0f/.pkgdir/ucode-mod-digest/usr/lib/ucode/
touch /home/jackie/Downloads/Askey_Spectrum_SBE1V1K/build_dir/target-aarch64_cortex-a53_musl/ucode-2026.07.09~b885dd0f/.pkgdir/ucode-mod-digest.installed
mkdir -p /home/jackie/Downloads/Askey_Spectrum_SBE1V1K/staging_dir/target-aarch64_cortex-a53_musl/root-qualcommbe/stamp
SHELL= flock /home/jackie/Downloads/Askey_Spectrum_SBE1V1K/tmp/.root-copy.flock -c 'cp -fpR /home/jackie/Downloads/Askey_Spectrum_SBE1V1K/build_dir/target-aarch64_cortex-a53_musl/ucode-2026.07.09~b885dd0f/.pkgdir/ucode/. /home/jackie/Downloads/Askey_Spectrum_SBE1V1K/staging_dir/target-aarch64_cortex-a53_musl/root-qualcommbe/'
touch /home/jackie/Downloads/Askey_Spectrum_SBE1V1K/staging_dir/target-aarch64_cortex-a53_musl/root-qualcommbe/stamp/.ucode_installed
echo "ucode" >> /home/jackie/Downloads/Askey_Spectrum_SBE1V1K/staging_dir/target-aarch64_cortex-a53_musl/pkginfo/ucode.default.install
mkdir -p /home/jackie/Downloads/Askey_Spectrum_SBE1V1K/staging_dir/target-aarch64_cortex-a53_musl/root-qualcommbe/stamp
SHELL= flock /home/jackie/Downloads/Askey_Spectrum_SBE1V1K/tmp/.root-copy.flock -c 'cp -fpR /home/jackie/Downloads/Askey_Spectrum_SBE1V1K/build_dir/target-aarch64_cortex-a53_musl/ucode-2026.07.09~b885dd0f/.pkgdir/ucode-mod-fs/. /home/jackie/Downloads/Askey_Spectrum_SBE1V1K/staging_dir/target-aarch64_cortex-a53_musl/root-qualcommbe/'
touch /home/jackie/Downloads/Askey_Spectrum_SBE1V1K/staging_dir/target-aarch64_cortex-a53_musl/root-qualcommbe/stamp/.ucode-mod-fs_installed
echo "ucode-mod-fs" >> /home/jackie/Downloads/Askey_Spectrum_SBE1V1K/staging_dir/target-aarch64_cortex-a53_musl/pkginfo/ucode.default.install
mkdir -p /home/jackie/Downloads/Askey_Spectrum_SBE1V1K/staging_dir/target-aarch64_cortex-a53_musl/root-qualcommbe/stamp
SHELL= flock /home/jackie/Downloads/Askey_Spectrum_SBE1V1K/tmp/.root-copy.flock -c 'cp -fpR /home/jackie/Downloads/Askey_Spectrum_SBE1V1K/build_dir/target-aarch64_cortex-a53_musl/ucode-2026.07.09~b885dd0f/.pkgdir/ucode-mod-nl80211/. /home/jackie/Downloads/Askey_Spectrum_SBE1V1K/staging_dir/target-aarch64_cortex-a53_musl/root-qualcommbe/'
touch /home/jackie/Downloads/Askey_Spectrum_SBE1V1K/staging_dir/target-aarch64_cortex-a53_musl/root-qualcommbe/stamp/.ucode-mod-nl80211_installed
echo "ucode-mod-nl80211" >> /home/jackie/Downloads/Askey_Spectrum_SBE1V1K/staging_dir/target-aarch64_cortex-a53_musl/pkginfo/ucode.default.install
mkdir -p /home/jackie/Downloads/Askey_Spectrum_SBE1V1K/staging_dir/target-aarch64_cortex-a53_musl/root-qualcommbe/stamp
SHELL= flock /home/jackie/Downloads/Askey_Spectrum_SBE1V1K/tmp/.root-copy.flock -c 'cp -fpR /home/jackie/Downloads/Askey_Spectrum_SBE1V1K/build_dir/target-aarch64_cortex-a53_musl/ucode-2026.07.09~b885dd0f/.pkgdir/ucode-mod-rtnl/. /home/jackie/Downloads/Askey_Spectrum_SBE1V1K/staging_dir/target-aarch64_cortex-a53_musl/root-qualcommbe/'
touch /home/jackie/Downloads/Askey_Spectrum_SBE1V1K/staging_dir/target-aarch64_cortex-a53_musl/root-qualcommbe/stamp/.ucode-mod-rtnl_installed
echo "ucode-mod-rtnl" >> /home/jackie/Downloads/Askey_Spectrum_SBE1V1K/staging_dir/target-aarch64_cortex-a53_musl/pkginfo/ucode.default.install
mkdir -p /home/jackie/Downloads/Askey_Spectrum_SBE1V1K/staging_dir/target-aarch64_cortex-a53_musl/root-qualcommbe/stamp
SHELL= flock /home/jackie/Downloads/Askey_Spectrum_SBE1V1K/tmp/.root-copy.flock -c 'cp -fpR /home/jackie/Downloads/Askey_Spectrum_SBE1V1K/build_dir/target-aarch64_cortex-a53_musl/ucode-2026.07.09~b885dd0f/.pkgdir/ucode-mod-ubus/. /home/jackie/Downloads/Askey_Spectrum_SBE1V1K/staging_dir/target-aarch64_cortex-a53_musl/root-qualcommbe/'
touch /home/jackie/Downloads/Askey_Spectrum_SBE1V1K/staging_dir/target-aarch64_cortex-a53_musl/root-qualcommbe/stamp/.ucode-mod-ubus_installed
echo "ucode-mod-ubus" >> /home/jackie/Downloads/Askey_Spectrum_SBE1V1K/staging_dir/target-aarch64_cortex-a53_musl/pkginfo/ucode.default.install
mkdir -p /home/jackie/Downloads/Askey_Spectrum_SBE1V1K/staging_dir/target-aarch64_cortex-a53_musl/root-qualcommbe/stamp
SHELL= flock /home/jackie/Downloads/Askey_Spectrum_SBE1V1K/tmp/.root-copy.flock -c 'cp -fpR /home/jackie/Downloads/Askey_Spectrum_SBE1V1K/build_dir/target-aarch64_cortex-a53_musl/ucode-2026.07.09~b885dd0f/.pkgdir/ucode-mod-uci/. /home/jackie/Downloads/Askey_Spectrum_SBE1V1K/staging_dir/target-aarch64_cortex-a53_musl/root-qualcommbe/'
touch /home/jackie/Downloads/Askey_Spectrum_SBE1V1K/staging_dir/target-aarch64_cortex-a53_musl/root-qualcommbe/stamp/.ucode-mod-uci_installed
echo "ucode-mod-uci" >> /home/jackie/Downloads/Askey_Spectrum_SBE1V1K/staging_dir/target-aarch64_cortex-a53_musl/pkginfo/ucode.default.install
mkdir -p /home/jackie/Downloads/Askey_Spectrum_SBE1V1K/staging_dir/target-aarch64_cortex-a53_musl/root-qualcommbe/stamp
SHELL= flock /home/jackie/Downloads/Askey_Spectrum_SBE1V1K/tmp/.root-copy.flock -c 'cp -fpR /home/jackie/Downloads/Askey_Spectrum_SBE1V1K/build_dir/target-aarch64_cortex-a53_musl/ucode-2026.07.09~b885dd0f/.pkgdir/ucode-mod-uloop/. /home/jackie/Downloads/Askey_Spectrum_SBE1V1K/staging_dir/target-aarch64_cortex-a53_musl/root-qualcommbe/'
touch /home/jackie/Downloads/Askey_Spectrum_SBE1V1K/staging_dir/target-aarch64_cortex-a53_musl/root-qualcommbe/stamp/.ucode-mod-uloop_installed
echo "ucode-mod-uloop" >> /home/jackie/Downloads/Askey_Spectrum_SBE1V1K/staging_dir/target-aarch64_cortex-a53_musl/pkginfo/ucode.default.install
mkdir -p /home/jackie/Downloads/Askey_Spectrum_SBE1V1K/staging_dir/target-aarch64_cortex-a53_musl/root-qualcommbe/stamp
SHELL= flock /home/jackie/Downloads/Askey_Spectrum_SBE1V1K/tmp/.root-copy.flock -c 'cp -fpR /home/jackie/Downloads/Askey_Spectrum_SBE1V1K/build_dir/target-aarch64_cortex-a53_musl/ucode-2026.07.09~b885dd0f/.pkgdir/ucode-mod-digest/. /home/jackie/Downloads/Askey_Spectrum_SBE1V1K/staging_dir/target-aarch64_cortex-a53_musl/root-qualcommbe/'
touch /home/jackie/Downloads/Askey_Spectrum_SBE1V1K/staging_dir/target-aarch64_cortex-a53_musl/root-qualcommbe/stamp/.ucode-mod-digest_installed
echo "ucode-mod-digest" >> /home/jackie/Downloads/Askey_Spectrum_SBE1V1K/staging_dir/target-aarch64_cortex-a53_musl/pkginfo/ucode.default.install
make[3]: Leaving directory '/home/jackie/Downloads/Askey_Spectrum_SBE1V1K/package/utils/ucode'
time: package/utils/ucode/compile#10.20#1.87#11.93
make[3]: Entering directory '/home/jackie/Downloads/Askey_Spectrum_SBE1V1K/package/libs/udebug'
touch /home/jackie/Downloads/Askey_Spectrum_SBE1V1K/build_dir/target-aarch64_cortex-a53_musl/udebug-2026.07.08~75843a1b/.prepared_f82a2cde38299ac5af34435732dd9440_6664517399ebbbc92a37c5bb081b5c53_check
. /home/jackie/Downloads/Askey_Spectrum_SBE1V1K/include/shell.sh; zstdcat /home/jackie/Downloads/Askey_Spectrum_SBE1V1K/dl/udebug-2026.07.08~75843a1b.tar.zst | tar -C /home/jackie/Downloads/Askey_Spectrum_SBE1V1K/build_dir/target-aarch64_cortex-a53_musl/udebug-2026.07.08~75843a1b/.. -xf -
find /home/jackie/Downloads/Askey_Spectrum_SBE1V1K/build_dir/target-aarch64_cortex-a53_musl/udebug-2026.07.08~75843a1b -mindepth 1 -type f -not -name '.*' -not -name 'version.date' -printf '%T@\n' 2>/dev/null | cut -d. -f1 | sort -n | tail -n1 > /home/jackie/Downloads/Askey_Spectrum_SBE1V1K/build_dir/target-aarch64_cortex-a53_musl/udebug-2026.07.08~75843a1b/version.date
[ ! -d ./src/ ] || cp -fpR ./src/. /home/jackie/Downloads/Askey_Spectrum_SBE1V1K/build_dir/target-aarch64_cortex-a53_musl/udebug-2026.07.08~75843a1b
touch /home/jackie/Downloads/Askey_Spectrum_SBE1V1K/build_dir/target-aarch64_cortex-a53_musl/udebug-2026.07.08~75843a1b/.prepared_f82a2cde38299ac5af34435732dd9440_6664517399ebbbc92a37c5bb081b5c53
rm -f /home/jackie/Downloads/Askey_Spectrum_SBE1V1K/build_dir/target-aarch64_cortex-a53_musl/udebug-2026.07.08~75843a1b/.configured_*
rm -f /home/jackie/Downloads/Askey_Spectrum_SBE1V1K/staging_dir/target-aarch64_cortex-a53_musl/stamp/.udebug_installed
mkdir -p /home/jackie/Downloads/Askey_Spectrum_SBE1V1K/build_dir/target-aarch64_cortex-a53_musl/udebug-2026.07.08~75843a1b
(cd /home/jackie/Downloads/Askey_Spectrum_SBE1V1K/build_dir/target-aarch64_cortex-a53_musl/udebug-2026.07.08~75843a1b; CFLAGS="-O2 -pipe -mcpu=cortex-a73 -fno-caller-saves -fno-plt -fhonour-copts -fmacro-prefix-map=/home/jackie/Downloads/Askey_Spectrum_SBE1V1K/build_dir/target-aarch64_cortex-a53_musl/udebug-2026.07.08~75843a1b=udebug-2026.07.08~75843a1b -Wl,-z,max-page-size=4096 -Wformat -Werror=format-security -fstack-protector -D_FORTIFY_SOURCE=1 -Wl,-z,now -Wl,-z,relro -Wl,-z,pack-relative-relocs  -I/home/jackie/Downloads/Askey_Spectrum_SBE1V1K/staging_dir/toolchain-aarch64_cortex-a53_gcc-14.4.0_musl/usr/include -I/home/jackie/Downloads/Askey_Spectrum_SBE1V1K/staging_dir/toolchain-aarch64_cortex-a53_gcc-14.4.0_musl/include -I/home/jackie/Downloads/Askey_Spectrum_SBE1V1K/staging_dir/toolchain-aarch64_cortex-a53_gcc-14.4.0_musl/include/fortify " CXXFLAGS="-O2 -pipe -mcpu=cortex-a73 -fno-caller-saves -fno-plt -fhonour-copts -fmacro-prefix-map=/home/jackie/Downloads/Askey_Spectrum_SBE1V1K/build_dir/target-aarch64_cortex-a53_musl/udebug-2026.07.08~75843a1b=udebug-2026.07.08~75843a1b -Wl,-z,max-page-size=4096 -Wformat -Werror=format-security -fstack-protector -D_FORTIFY_SOURCE=1 -Wl,-z,now -Wl,-z,relro -Wl,-z,pack-relative-relocs  -I/home/jackie/Downloads/Askey_Spectrum_SBE1V1K/staging_dir/toolchain-aarch64_cortex-a53_gcc-14.4.0_musl/usr/include -I/home/jackie/Downloads/Askey_Spectrum_SBE1V1K/staging_dir/toolchain-aarch64_cortex-a53_gcc-14.4.0_musl/include -I/home/jackie/Downloads/Askey_Spectrum_SBE1V1K/staging_dir/toolchain-aarch64_cortex-a53_gcc-14.4.0_musl/include/fortify " LDFLAGS="-L/home/jackie/Downloads/Askey_Spectrum_SBE1V1K/staging_dir/toolchain-aarch64_cortex-a53_gcc-14.4.0_musl/usr/lib -L/home/jackie/Downloads/Askey_Spectrum_SBE1V1K/staging_dir/toolchain-aarch64_cortex-a53_gcc-14.4.0_musl/lib -fuse-ld=bfd -zmax-page-size=4096 -znow -zrelro -zpack-relative-relocs " cmake --no-warn-unused-cli -DCMAKE_SYSTEM_NAME=Linux -DCMAKE_SYSTEM_VERSION=1 -DCMAKE_SYSTEM_PROCESSOR=aarch64 -DCMAKE_BUILD_TYPE=Release -DCMAKE_C_FLAGS_RELEASE="-DNDEBUG" -DCMAKE_CXX_FLAGS_RELEASE="-DNDEBUG" -DCMAKE_C_COMPILER_LAUNCHER="" -DCMAKE_C_COMPILER="/home/jackie/Downloads/Askey_Spectrum_SBE1V1K/staging_dir/toolchain-aarch64_cortex-a53_gcc-14.4.0_musl/bin/aarch64-openwrt-linux-musl-gcc" -DCMAKE_CXX_COMPILER_LAUNCHER="" -DCMAKE_CXX_COMPILER="/home/jackie/Downloads/Askey_Spectrum_SBE1V1K/staging_dir/toolchain-aarch64_cortex-a53_gcc-14.4.0_musl/bin/aarch64-openwrt-linux-musl-g++" -DCMAKE_ASM_COMPILER_LAUNCHER="" -DCMAKE_ASM_COMPILER="/home/jackie/Downloads/Askey_Spectrum_SBE1V1K/staging_dir/toolchain-aarch64_cortex-a53_gcc-14.4.0_musl/bin/aarch64-openwrt-linux-musl-gcc" -DCMAKE_EXE_LINKER_FLAGS:STRING="-L/home/jackie/Downloads/Askey_Spectrum_SBE1V1K/staging_dir/toolchain-aarch64_cortex-a53_gcc-14.4.0_musl/usr/lib -L/home/jackie/Downloads/Askey_Spectrum_SBE1V1K/staging_dir/toolchain-aarch64_cortex-a53_gcc-14.4.0_musl/lib -fuse-ld=bfd -zmax-page-size=4096 -znow -zrelro -zpack-relative-relocs" -DCMAKE_MODULE_LINKER_FLAGS:STRING="-L/home/jackie/Downloads/Askey_Spectrum_SBE1V1K/staging_dir/toolchain-aarch64_cortex-a53_gcc-14.4.0_musl/usr/lib -L/home/jackie/Downloads/Askey_Spectrum_SBE1V1K/staging_dir/toolchain-aarch64_cortex-a53_gcc-14.4.0_musl/lib -fuse-ld=bfd -zmax-page-size=4096 -znow -zrelro -zpack-relative-relocs -Wl,-Bsymbolic-functions" -DCMAKE_SHARED_LINKER_FLAGS:STRING="-L/home/jackie/Downloads/Askey_Spectrum_SBE1V1K/staging_dir/toolchain-aarch64_cortex-a53_gcc-14.4.0_musl/usr/lib -L/home/jackie/Downloads/Askey_Spectrum_SBE1V1K/staging_dir/toolchain-aarch64_cortex-a53_gcc-14.4.0_musl/lib -fuse-ld=bfd -zmax-page-size=4096 -znow -zrelro -zpack-relative-relocs -Wl,-Bsymbolic-functions" -DCMAKE_AR="/home/jackie/Downloads/Askey_Spectrum_SBE1V1K/staging_dir/toolchain-aarch64_cortex-a53_gcc-14.4.0_musl/bin/aarch64-openwrt-linux-musl-gcc-ar" -DCMAKE_NM="/home/jackie/Downloads/Askey_Spectrum_SBE1V1K/staging_dir/toolchain-aarch64_cortex-a53_gcc-14.4.0_musl/bin/aarch64-openwrt-linux-musl-gcc-nm" -DCMAKE_RANLIB="/home/jackie/Downloads/Askey_Spectrum_SBE1V1K/staging_dir/toolchain-aarch64_cortex-a53_gcc-14.4.0_musl/bin/aarch64-openwrt-linux-musl-gcc-ranlib" -DCMAKE_FIND_ROOT_PATH="/home/jackie/Downloads/Askey_Spectrum_SBE1V1K/staging_dir/target-aarch64_cortex-a53_musl/usr;/home/jackie/Downloads/Askey_Spectrum_SBE1V1K/staging_dir/toolchain-aarch64_cortex-a53_gcc-14.4.0_musl" -DCMAKE_FIND_ROOT_PATH_MODE_PROGRAM=NEVER -DCMAKE_FIND_ROOT_PATH_MODE_LIBRARY=ONLY -DCMAKE_FIND_ROOT_PATH_MODE_INCLUDE=ONLY -DCMAKE_STRIP=: -DCMAKE_INSTALL_PREFIX=/usr -DDL_LIBRARY=/home/jackie/Downloads/Askey_Spectrum_SBE1V1K/staging_dir/target-aarch64_cortex-a53_musl -DCMAKE_PREFIX_PATH=/home/jackie/Downloads/Askey_Spectrum_SBE1V1K/staging_dir/target-aarch64_cortex-a53_musl -DCMAKE_SKIP_RPATH=TRUE -DCMAKE_EXPORT_PACKAGE_REGISTRY=FALSE -DCMAKE_EXPORT_NO_PACKAGE_REGISTRY=TRUE -DCMAKE_FIND_USE_PACKAGE_REGISTRY=FALSE -DCMAKE_FIND_PACKAGE_NO_PACKAGE_REGISTRY=TRUE -DCMAKE_FIND_USE_SYSTEM_PACKAGE_REGISTRY=FALSE -DCMAKE_FIND_PACKAGE_NO_SYSTEM_PACKAGE_REGISTRY=TRUE -DCMAKE_GENERATOR="Ninja" /home/jackie/Downloads/Askey_Spectrum_SBE1V1K/build_dir/target-aarch64_cortex-a53_musl/udebug-2026.07.08~75843a1b )
The --no-warn-unused-cli option is deprecated.  Use -Wno-unused-cli instead.
-- The C compiler identification is GNU 14.4.0
-- Detecting C compiler ABI info
-- Detecting C compiler ABI info - done
-- Check for working C compiler: /home/jackie/Downloads/Askey_Spectrum_SBE1V1K/staging_dir/toolchain-aarch64_cortex-a53_gcc-14.4.0_musl/bin/aarch64-openwrt-linux-musl-gcc - skipped
-- Detecting C compile features
-- Detecting C compile features - done
-- Configuring done (0.1s)
-- Generating done (0.0s)
-- Build files have been written to: /home/jackie/Downloads/Askey_Spectrum_SBE1V1K/build_dir/target-aarch64_cortex-a53_musl/udebug-2026.07.08~75843a1b
touch /home/jackie/Downloads/Askey_Spectrum_SBE1V1K/build_dir/target-aarch64_cortex-a53_musl/udebug-2026.07.08~75843a1b/.configured_68b329da9893e34099c7d8ad5cb9c940
rm -f /home/jackie/Downloads/Askey_Spectrum_SBE1V1K/build_dir/target-aarch64_cortex-a53_musl/udebug-2026.07.08~75843a1b/.built
touch /home/jackie/Downloads/Askey_Spectrum_SBE1V1K/build_dir/target-aarch64_cortex-a53_musl/udebug-2026.07.08~75843a1b/.built_check
MAKEFLAGS="" /home/jackie/Downloads/Askey_Spectrum_SBE1V1K/staging_dir/host/bin/ninja  -j1 -C /home/jackie/Downloads/Askey_Spectrum_SBE1V1K/build_dir/target-aarch64_cortex-a53_musl/udebug-2026.07.08~75843a1b 
ninja: Entering directory `/home/jackie/Downloads/Askey_Spectrum_SBE1V1K/build_dir/target-aarch64_cortex-a53_musl/udebug-2026.07.08~75843a1b'
[1/10] Building C object CMakeFiles/udebug.dir/lib.c.o
[2/10] Building C object CMakeFiles/udebug.dir/lib-pcap.c.o
[3/10] Linking C shared library libudebug.so
[4/10] Building C object CMakeFiles/udebugd.dir/main.c.o
[5/10] Building C object CMakeFiles/udebugd.dir/client.c.o
[6/10] Building C object CMakeFiles/udebugd.dir/ring.c.o
[7/10] Building C object CMakeFiles/udebugd.dir/ubus.c.o
[8/10] Building C object CMakeFiles/ucode_lib.dir/lib-ucode.c.o
[9/10] Linking C executable udebugd
[10/10] Linking C shared module udebug.so
DESTDIR="/home/jackie/Downloads/Askey_Spectrum_SBE1V1K/build_dir/target-aarch64_cortex-a53_musl/udebug-2026.07.08~75843a1b/ipkg-install" MAKEFLAGS="" /home/jackie/Downloads/Askey_Spectrum_SBE1V1K/staging_dir/host/bin/ninja  -j1 -C /home/jackie/Downloads/Askey_Spectrum_SBE1V1K/build_dir/target-aarch64_cortex-a53_musl/udebug-2026.07.08~75843a1b install
ninja: Entering directory `/home/jackie/Downloads/Askey_Spectrum_SBE1V1K/build_dir/target-aarch64_cortex-a53_musl/udebug-2026.07.08~75843a1b'
[0/1] Install the project...
-- Install configuration: "Release"
-- Installing: /home/jackie/Downloads/Askey_Spectrum_SBE1V1K/build_dir/target-aarch64_cortex-a53_musl/udebug-2026.07.08~75843a1b/ipkg-install/usr/include/udebug.h
-- Installing: /home/jackie/Downloads/Askey_Spectrum_SBE1V1K/build_dir/target-aarch64_cortex-a53_musl/udebug-2026.07.08~75843a1b/ipkg-install/usr/include/udebug-pcap.h
-- Installing: /home/jackie/Downloads/Askey_Spectrum_SBE1V1K/build_dir/target-aarch64_cortex-a53_musl/udebug-2026.07.08~75843a1b/ipkg-install/usr/sbin/udebug
-- Installing: /home/jackie/Downloads/Askey_Spectrum_SBE1V1K/build_dir/target-aarch64_cortex-a53_musl/udebug-2026.07.08~75843a1b/ipkg-install/usr/sbin/udebugd
-- Installing: /home/jackie/Downloads/Askey_Spectrum_SBE1V1K/build_dir/target-aarch64_cortex-a53_musl/udebug-2026.07.08~75843a1b/ipkg-install/usr/lib/libudebug.so
-- Installing: /home/jackie/Downloads/Askey_Spectrum_SBE1V1K/build_dir/target-aarch64_cortex-a53_musl/udebug-2026.07.08~75843a1b/ipkg-install/usr/lib/ucode/udebug.so
touch /home/jackie/Downloads/Askey_Spectrum_SBE1V1K/build_dir/target-aarch64_cortex-a53_musl/udebug-2026.07.08~75843a1b/.built
rm -rf /home/jackie/Downloads/Askey_Spectrum_SBE1V1K/build_dir/target-aarch64_cortex-a53_musl/udebug-2026.07.08~75843a1b/ipkg-aarch64_cortex-a53/libudebug
mkdir -p /home/jackie/Downloads/Askey_Spectrum_SBE1V1K/bin/targets/qualcommbe/ipq95xx/packages /home/jackie/Downloads/Askey_Spectrum_SBE1V1K/build_dir/target-aarch64_cortex-a53_musl/udebug-2026.07.08~75843a1b/ipkg-aarch64_cortex-a53/libudebug /home/jackie/Downloads/Askey_Spectrum_SBE1V1K/staging_dir/target-aarch64_cortex-a53_musl/pkginfo
install -d -m0755 /home/jackie/Downloads/Askey_Spectrum_SBE1V1K/build_dir/target-aarch64_cortex-a53_musl/udebug-2026.07.08~75843a1b/ipkg-aarch64_cortex-a53/libudebug/usr/lib
cp -fpR /home/jackie/Downloads/Askey_Spectrum_SBE1V1K/build_dir/target-aarch64_cortex-a53_musl/udebug-2026.07.08~75843a1b/ipkg-install/usr/lib/*.so* /home/jackie/Downloads/Askey_Spectrum_SBE1V1K/build_dir/target-aarch64_cortex-a53_musl/udebug-2026.07.08~75843a1b/ipkg-aarch64_cortex-a53/libudebug/usr/lib
find /home/jackie/Downloads/Askey_Spectrum_SBE1V1K/build_dir/target-aarch64_cortex-a53_musl/udebug-2026.07.08~75843a1b/ipkg-aarch64_cortex-a53/libudebug -name '.svn' -o -name '.#*' -o -name '*~'| xargs -r rm -rf
export CROSS="aarch64-openwrt-linux-musl-"  NO_RENAME=1 ; NM="aarch64-openwrt-linux-musl-nm" STRIP="/home/jackie/Downloads/Askey_Spectrum_SBE1V1K/staging_dir/host/bin/sstrip -z" STRIP_KMOD="/home/jackie/Downloads/Askey_Spectrum_SBE1V1K/scripts/strip-kmod.sh" PATCHELF="/home/jackie/Downloads/Askey_Spectrum_SBE1V1K/staging_dir/host/bin/patchelf" /home/jackie/Downloads/Askey_Spectrum_SBE1V1K/scripts/rstrip.sh /home/jackie/Downloads/Askey_Spectrum_SBE1V1K/build_dir/target-aarch64_cortex-a53_musl/udebug-2026.07.08~75843a1b/ipkg-aarch64_cortex-a53/libudebug
rstrip.sh: /home/jackie/Downloads/Askey_Spectrum_SBE1V1K/build_dir/target-aarch64_cortex-a53_musl/udebug-2026.07.08~75843a1b/ipkg-aarch64_cortex-a53/libudebug/usr/lib/libudebug.so: shared object
install -d -m0755 /home/jackie/Downloads/Askey_Spectrum_SBE1V1K/bin/packages/aarch64_cortex-a53/base
mkdir -p /home/jackie/Downloads/Askey_Spectrum_SBE1V1K/build_dir/target-aarch64_cortex-a53_musl/udebug-2026.07.08~75843a1b/apk-aarch64_cortex-a53/libudebug/
mkdir -p /home/jackie/Downloads/Askey_Spectrum_SBE1V1K/build_dir/target-aarch64_cortex-a53_musl/udebug-2026.07.08~75843a1b/ipkg-aarch64_cortex-a53/libudebug/lib/apk/packages/
(cd /home/jackie/Downloads/Askey_Spectrum_SBE1V1K/build_dir/target-aarch64_cortex-a53_musl/udebug-2026.07.08~75843a1b/apk-aarch64_cortex-a53/libudebug; )
( echo "#!/bin/sh"; echo "[ \"\${IPKG_NO_SCRIPT}\" = \"1\" ] && exit 0"; echo "[ -s "\${IPKG_INSTROOT}/lib/functions.sh" ] || exit 0"; echo ". \${IPKG_INSTROOT}/lib/functions.sh"; echo 'export root="${IPKG_INSTROOT}"'; echo 'export pkgname="libudebug"'; echo "add_group_and_user"; echo "default_postinst"; [ ! -f /home/jackie/Downloads/Askey_Spectrum_SBE1V1K/build_dir/target-aarch64_cortex-a53_musl/udebug-2026.07.08~75843a1b/apk-aarch64_cortex-a53/libudebug/postinst-pkg ] || sed '/^\s*#!/d' "/home/jackie/Downloads/Askey_Spectrum_SBE1V1K/build_dir/target-aarch64_cortex-a53_musl/udebug-2026.07.08~75843a1b/apk-aarch64_cortex-a53/libudebug/postinst-pkg"; ) > /home/jackie/Downloads/Askey_Spectrum_SBE1V1K/build_dir/target-aarch64_cortex-a53_musl/udebug-2026.07.08~75843a1b/apk-aarch64_cortex-a53/libudebug/post-install;
( echo "#!/bin/sh"; echo 'export PKG_UPGRADE=1'; [ ! -f /home/jackie/Downloads/Askey_Spectrum_SBE1V1K/build_dir/target-aarch64_cortex-a53_musl/udebug-2026.07.08~75843a1b/apk-aarch64_cortex-a53/libudebug/post-install ] || sed '/^\s*#!/d' "/home/jackie/Downloads/Askey_Spectrum_SBE1V1K/build_dir/target-aarch64_cortex-a53_musl/udebug-2026.07.08~75843a1b/apk-aarch64_cortex-a53/libudebug/post-install"; ) > /home/jackie/Downloads/Askey_Spectrum_SBE1V1K/build_dir/target-aarch64_cortex-a53_musl/udebug-2026.07.08~75843a1b/apk-aarch64_cortex-a53/libudebug/post-upgrade;
( echo "#!/bin/sh"; echo "[ -s "\${IPKG_INSTROOT}/lib/functions.sh" ] || exit 0"; echo ". \${IPKG_INSTROOT}/lib/functions.sh"; echo 'export root="${IPKG_INSTROOT}"'; echo 'export pkgname="libudebug"'; echo "default_prerm"; [ ! -f /home/jackie/Downloads/Askey_Spectrum_SBE1V1K/build_dir/target-aarch64_cortex-a53_musl/udebug-2026.07.08~75843a1b/apk-aarch64_cortex-a53/libudebug/prerm-pkg ] || sed '/^\s*#!/d' "/home/jackie/Downloads/Askey_Spectrum_SBE1V1K/build_dir/target-aarch64_cortex-a53_musl/udebug-2026.07.08~75843a1b/apk-aarch64_cortex-a53/libudebug/prerm-pkg"; ) > /home/jackie/Downloads/Askey_Spectrum_SBE1V1K/build_dir/target-aarch64_cortex-a53_musl/udebug-2026.07.08~75843a1b/apk-aarch64_cortex-a53/libudebug/pre-deinstall;
[ ! -f /home/jackie/Downloads/Askey_Spectrum_SBE1V1K/build_dir/target-aarch64_cortex-a53_musl/udebug-2026.07.08~75843a1b/apk-aarch64_cortex-a53/libudebug/postrm ] || sed -zi 's/^\s*#!/#!/' "/home/jackie/Downloads/Askey_Spectrum_SBE1V1K/build_dir/target-aarch64_cortex-a53_musl/udebug-2026.07.08~75843a1b/apk-aarch64_cortex-a53/libudebug/postrm";
if [ -n "" ]; then echo  > /home/jackie/Downloads/Askey_Spectrum_SBE1V1K/build_dir/target-aarch64_cortex-a53_musl/udebug-2026.07.08~75843a1b/ipkg-aarch64_cortex-a53/libudebug/lib/apk/packages/libudebug.rusers; fi;
if [ -n "" ]; then echo  > /home/jackie/Downloads/Askey_Spectrum_SBE1V1K/build_dir/target-aarch64_cortex-a53_musl/udebug-2026.07.08~75843a1b/ipkg-aarch64_cortex-a53/libudebug/lib/apk/packages/libudebug.alternatives; fi;
(cd /home/jackie/Downloads/Askey_Spectrum_SBE1V1K/build_dir/target-aarch64_cortex-a53_musl/udebug-2026.07.08~75843a1b/ipkg-aarch64_cortex-a53/libudebug && find . -type f,l -printf "/%P\n" | sort > /home/jackie/Downloads/Askey_Spectrum_SBE1V1K/tmp/libudebug.list && mv /home/jackie/Downloads/Askey_Spectrum_SBE1V1K/tmp/libudebug.list /home/jackie/Downloads/Askey_Spectrum_SBE1V1K/build_dir/target-aarch64_cortex-a53_musl/udebug-2026.07.08~75843a1b/ipkg-aarch64_cortex-a53/libudebug/lib/apk/packages/libudebug.list)
# Move conffiles to IDIR and build conffiles_static with csums
if [ -f /home/jackie/Downloads/Askey_Spectrum_SBE1V1K/build_dir/target-aarch64_cortex-a53_musl/udebug-2026.07.08~75843a1b/apk-aarch64_cortex-a53/libudebug/conffiles ]; then mv -f /home/jackie/Downloads/Askey_Spectrum_SBE1V1K/build_dir/target-aarch64_cortex-a53_musl/udebug-2026.07.08~75843a1b/apk-aarch64_cortex-a53/libudebug/conffiles /home/jackie/Downloads/Askey_Spectrum_SBE1V1K/build_dir/target-aarch64_cortex-a53_musl/udebug-2026.07.08~75843a1b/ipkg-aarch64_cortex-a53/libudebug/lib/apk/packages/libudebug.conffiles; for file in $(cat /home/jackie/Downloads/Askey_Spectrum_SBE1V1K/build_dir/target-aarch64_cortex-a53_musl/udebug-2026.07.08~75843a1b/ipkg-aarch64_cortex-a53/libudebug/lib/apk/packages/libudebug.conffiles); do [ -f /home/jackie/Downloads/Askey_Spectrum_SBE1V1K/build_dir/target-aarch64_cortex-a53_musl/udebug-2026.07.08~75843a1b/ipkg-aarch64_cortex-a53/libudebug/$file ] || continue; csum=$(/home/jackie/Downloads/Askey_Spectrum_SBE1V1K/staging_dir/host/bin/mkhash sha256 /home/jackie/Downloads/Askey_Spectrum_SBE1V1K/build_dir/target-aarch64_cortex-a53_musl/udebug-2026.07.08~75843a1b/ipkg-aarch64_cortex-a53/libudebug/$file); echo $file $csum >> /home/jackie/Downloads/Askey_Spectrum_SBE1V1K/build_dir/target-aarch64_cortex-a53_musl/udebug-2026.07.08~75843a1b/ipkg-aarch64_cortex-a53/libudebug/lib/apk/packages/libudebug.conffiles_static; done; fi
# Some package (base-files) manually append stuff to conffiles
# Append stuff from it and delete the CONTROL directory since everything else should be migrated
if [ -f /home/jackie/Downloads/Askey_Spectrum_SBE1V1K/build_dir/target-aarch64_cortex-a53_musl/udebug-2026.07.08~75843a1b/ipkg-aarch64_cortex-a53/libudebug/CONTROL/conffiles ]; then echo $(IDIR_libudebug)/CONTROL/conffiles >> /home/jackie/Downloads/Askey_Spectrum_SBE1V1K/build_dir/target-aarch64_cortex-a53_musl/udebug-2026.07.08~75843a1b/ipkg-aarch64_cortex-a53/libudebug/lib/apk/packages/libudebug.conffiles; for file in $(cat /home/jackie/Downloads/Askey_Spectrum_SBE1V1K/build_dir/target-aarch64_cortex-a53_musl/udebug-2026.07.08~75843a1b/ipkg-aarch64_cortex-a53/libudebug/CONTROL/conffiles); do [ -f /home/jackie/Downloads/Askey_Spectrum_SBE1V1K/build_dir/target-aarch64_cortex-a53_musl/udebug-2026.07.08~75843a1b/ipkg-aarch64_cortex-a53/libudebug/$file ] || continue; csum=$(/home/jackie/Downloads/Askey_Spectrum_SBE1V1K/staging_dir/host/bin/mkhash sha256 /home/jackie/Downloads/Askey_Spectrum_SBE1V1K/build_dir/target-aarch64_cortex-a53_musl/udebug-2026.07.08~75843a1b/ipkg-aarch64_cortex-a53/libudebug/$file); echo $file $csum >> /home/jackie/Downloads/Askey_Spectrum_SBE1V1K/build_dir/target-aarch64_cortex-a53_musl/udebug-2026.07.08~75843a1b/ipkg-aarch64_cortex-a53/libudebug/lib/apk/packages/libudebug.conffiles_static; done; rm -rf /home/jackie/Downloads/Askey_Spectrum_SBE1V1K/build_dir/target-aarch64_cortex-a53_musl/udebug-2026.07.08~75843a1b/ipkg-aarch64_cortex-a53/libudebug/CONTROL/conffiles; fi
if [ -z "$(ls -A /home/jackie/Downloads/Askey_Spectrum_SBE1V1K/build_dir/target-aarch64_cortex-a53_musl/udebug-2026.07.08~75843a1b/ipkg-aarch64_cortex-a53/libudebug/CONTROL 2>/dev/null)" ]; then rm -rf /home/jackie/Downloads/Askey_Spectrum_SBE1V1K/build_dir/target-aarch64_cortex-a53_musl/udebug-2026.07.08~75843a1b/ipkg-aarch64_cortex-a53/libudebug/CONTROL; else echo "CONTROL directory /home/jackie/Downloads/Askey_Spectrum_SBE1V1K/build_dir/target-aarch64_cortex-a53_musl/udebug-2026.07.08~75843a1b/ipkg-aarch64_cortex-a53/libudebug/CONTROL is not empty! This is not right and should be checked!" >&2; exit 1; fi
SOURCE_DATE_EPOCH=0 /home/jackie/Downloads/Askey_Spectrum_SBE1V1K/staging_dir/host/bin/fakeroot /home/jackie/Downloads/Askey_Spectrum_SBE1V1K/staging_dir/host/bin/apk mkpkg --info "name:libudebug" --info "version:2026.07.08~75843a1b" --info "tags:openwrt:section=libs" --info "description:udebug client library" --info "arch:aarch64_cortex-a53" --info "license:GPL-2.0" --info "origin:feeds/base/libs/udebug" --info "url:" --info "maintainer:Felix Fietkau <nbd@nbd.name>" --info "provides:libudebug-any"  --script "post-install:/home/jackie/Downloads/Askey_Spectrum_SBE1V1K/build_dir/target-aarch64_cortex-a53_musl/udebug-2026.07.08~75843a1b/apk-aarch64_cortex-a53/libudebug/post-install" --script "post-upgrade:/home/jackie/Downloads/Askey_Spectrum_SBE1V1K/build_dir/target-aarch64_cortex-a53_musl/udebug-2026.07.08~75843a1b/apk-aarch64_cortex-a53/libudebug/post-upgrade" --script "pre-deinstall:/home/jackie/Downloads/Askey_Spectrum_SBE1V1K/build_dir/target-aarch64_cortex-a53_musl/udebug-2026.07.08~75843a1b/apk-aarch64_cortex-a53/libudebug/pre-deinstall" --info "depends:libc libubox20260721 libubus20260628" --files "/home/jackie/Downloads/Askey_Spectrum_SBE1V1K/build_dir/target-aarch64_cortex-a53_musl/udebug-2026.07.08~75843a1b/ipkg-aarch64_cortex-a53/libudebug" --sign /home/jackie/Downloads/Askey_Spectrum_SBE1V1K/private-key.pem --output "/home/jackie/Downloads/Askey_Spectrum_SBE1V1K/bin/packages/aarch64_cortex-a53/base/libudebug-2026.07.08~75843a1b.apk"
rm -rf /home/jackie/Downloads/Askey_Spectrum_SBE1V1K/build_dir/target-aarch64_cortex-a53_musl/udebug-2026.07.08~75843a1b/.pkgdir/libudebug.installed /home/jackie/Downloads/Askey_Spectrum_SBE1V1K/build_dir/target-aarch64_cortex-a53_musl/udebug-2026.07.08~75843a1b/.pkgdir/libudebug
mkdir -p /home/jackie/Downloads/Askey_Spectrum_SBE1V1K/build_dir/target-aarch64_cortex-a53_musl/udebug-2026.07.08~75843a1b/.pkgdir/libudebug
install -d -m0755 /home/jackie/Downloads/Askey_Spectrum_SBE1V1K/build_dir/target-aarch64_cortex-a53_musl/udebug-2026.07.08~75843a1b/.pkgdir/libudebug/usr/lib
cp -fpR /home/jackie/Downloads/Askey_Spectrum_SBE1V1K/build_dir/target-aarch64_cortex-a53_musl/udebug-2026.07.08~75843a1b/ipkg-install/usr/lib/*.so* /home/jackie/Downloads/Askey_Spectrum_SBE1V1K/build_dir/target-aarch64_cortex-a53_musl/udebug-2026.07.08~75843a1b/.pkgdir/libudebug/usr/lib
touch /home/jackie/Downloads/Askey_Spectrum_SBE1V1K/build_dir/target-aarch64_cortex-a53_musl/udebug-2026.07.08~75843a1b/.pkgdir/libudebug.installed
mkdir -p /home/jackie/Downloads/Askey_Spectrum_SBE1V1K/staging_dir/target-aarch64_cortex-a53_musl/root-qualcommbe/stamp
SHELL= flock /home/jackie/Downloads/Askey_Spectrum_SBE1V1K/tmp/.root-copy.flock -c 'cp -fpR /home/jackie/Downloads/Askey_Spectrum_SBE1V1K/build_dir/target-aarch64_cortex-a53_musl/udebug-2026.07.08~75843a1b/.pkgdir/libudebug/. /home/jackie/Downloads/Askey_Spectrum_SBE1V1K/staging_dir/target-aarch64_cortex-a53_musl/root-qualcommbe/'
touch /home/jackie/Downloads/Askey_Spectrum_SBE1V1K/staging_dir/target-aarch64_cortex-a53_musl/root-qualcommbe/stamp/.libudebug_installed
echo "libudebug" >> /home/jackie/Downloads/Askey_Spectrum_SBE1V1K/staging_dir/target-aarch64_cortex-a53_musl/pkginfo/udebug.default.install
rm -rf /home/jackie/Downloads/Askey_Spectrum_SBE1V1K/tmp/stage-udebug
mkdir -p /home/jackie/Downloads/Askey_Spectrum_SBE1V1K/tmp/stage-udebug/host /home/jackie/Downloads/Askey_Spectrum_SBE1V1K/staging_dir/target-aarch64_cortex-a53_musl/packages
install -d -m0755 /home/jackie/Downloads/Askey_Spectrum_SBE1V1K/tmp/stage-udebug
cp -fpR /home/jackie/Downloads/Askey_Spectrum_SBE1V1K/build_dir/target-aarch64_cortex-a53_musl/udebug-2026.07.08~75843a1b/ipkg-install/* /home/jackie/Downloads/Askey_Spectrum_SBE1V1K/tmp/stage-udebug/
find /home/jackie/Downloads/Askey_Spectrum_SBE1V1K/tmp/stage-udebug -name '*.la' | xargs -r rm -f; 
if [ -f /home/jackie/Downloads/Askey_Spectrum_SBE1V1K/staging_dir/target-aarch64_cortex-a53_musl/packages/udebug.list ]; then /home/jackie/Downloads/Askey_Spectrum_SBE1V1K/scripts/clean-package.sh "/home/jackie/Downloads/Askey_Spectrum_SBE1V1K/staging_dir/target-aarch64_cortex-a53_musl/packages/udebug.list" "/home/jackie/Downloads/Askey_Spectrum_SBE1V1K/staging_dir/target-aarch64_cortex-a53_musl"; fi
if [ -d /home/jackie/Downloads/Askey_Spectrum_SBE1V1K/tmp/stage-udebug ]; then (cd /home/jackie/Downloads/Askey_Spectrum_SBE1V1K/tmp/stage-udebug; find ./ > /home/jackie/Downloads/Askey_Spectrum_SBE1V1K/tmp/stage-udebug.files); 	SHELL= flock /home/jackie/Downloads/Askey_Spectrum_SBE1V1K/tmp/.staging-dir.flock -c ' mv /home/jackie/Downloads/Askey_Spectrum_SBE1V1K/tmp/stage-udebug.files /home/jackie/Downloads/Askey_Spectrum_SBE1V1K/staging_dir/target-aarch64_cortex-a53_musl/packages/udebug.list && cp -fpR /home/jackie/Downloads/Askey_Spectrum_SBE1V1K/tmp/stage-udebug/* /home/jackie/Downloads/Askey_Spectrum_SBE1V1K/staging_dir/target-aarch64_cortex-a53_musl/; '; fi
rm -rf /home/jackie/Downloads/Askey_Spectrum_SBE1V1K/tmp/stage-udebug
touch /home/jackie/Downloads/Askey_Spectrum_SBE1V1K/staging_dir/target-aarch64_cortex-a53_musl/stamp/.udebug_installed
make[3]: Leaving directory '/home/jackie/Downloads/Askey_Spectrum_SBE1V1K/package/libs/udebug'
time: package/libs/udebug/compile#1.62#0.40#1.98
make[3]: Entering directory '/home/jackie/Downloads/Askey_Spectrum_SBE1V1K/package/network/config/netifd'
touch /home/jackie/Downloads/Askey_Spectrum_SBE1V1K/build_dir/target-aarch64_cortex-a53_musl/netifd-2026.07.08~6088f7b3/.prepared_4164d041bc7c43ae6374f2452c799742_6664517399ebbbc92a37c5bb081b5c53_check
. /home/jackie/Downloads/Askey_Spectrum_SBE1V1K/include/shell.sh; zstdcat /home/jackie/Downloads/Askey_Spectrum_SBE1V1K/dl/netifd-2026.07.08~6088f7b3.tar.zst | tar -C /home/jackie/Downloads/Askey_Spectrum_SBE1V1K/build_dir/target-aarch64_cortex-a53_musl/netifd-2026.07.08~6088f7b3/.. -xf -
find /home/jackie/Downloads/Askey_Spectrum_SBE1V1K/build_dir/target-aarch64_cortex-a53_musl/netifd-2026.07.08~6088f7b3 -mindepth 1 -type f -not -name '.*' -not -name 'version.date' -printf '%T@\n' 2>/dev/null | cut -d. -f1 | sort -n | tail -n1 > /home/jackie/Downloads/Askey_Spectrum_SBE1V1K/build_dir/target-aarch64_cortex-a53_musl/netifd-2026.07.08~6088f7b3/version.date
[ ! -d ./src/ ] || cp -fpR ./src/. /home/jackie/Downloads/Askey_Spectrum_SBE1V1K/build_dir/target-aarch64_cortex-a53_musl/netifd-2026.07.08~6088f7b3
touch /home/jackie/Downloads/Askey_Spectrum_SBE1V1K/build_dir/target-aarch64_cortex-a53_musl/netifd-2026.07.08~6088f7b3/.prepared_4164d041bc7c43ae6374f2452c799742_6664517399ebbbc92a37c5bb081b5c53
rm -f /home/jackie/Downloads/Askey_Spectrum_SBE1V1K/build_dir/target-aarch64_cortex-a53_musl/netifd-2026.07.08~6088f7b3/.configured_*
rm -f /home/jackie/Downloads/Askey_Spectrum_SBE1V1K/staging_dir/target-aarch64_cortex-a53_musl/stamp/.netifd_installed
mkdir -p /home/jackie/Downloads/Askey_Spectrum_SBE1V1K/build_dir/target-aarch64_cortex-a53_musl/netifd-2026.07.08~6088f7b3
(cd /home/jackie/Downloads/Askey_Spectrum_SBE1V1K/build_dir/target-aarch64_cortex-a53_musl/netifd-2026.07.08~6088f7b3; CFLAGS="-O2 -pipe -mcpu=cortex-a73 -fno-caller-saves -fno-plt -fhonour-copts -fmacro-prefix-map=/home/jackie/Downloads/Askey_Spectrum_SBE1V1K/build_dir/target-aarch64_cortex-a53_musl/netifd-2026.07.08~6088f7b3=netifd-2026.07.08~6088f7b3 -flto=auto -fno-fat-lto-objects -Wl,-z,max-page-size=4096 -Wformat -Werror=format-security -fstack-protector -D_FORTIFY_SOURCE=1 -Wl,-z,now -Wl,-z,relro -Wl,-z,pack-relative-relocs -I/home/jackie/Downloads/Askey_Spectrum_SBE1V1K/staging_dir/target-aarch64_cortex-a53_musl/usr/include/libnl-tiny -I/home/jackie/Downloads/Askey_Spectrum_SBE1V1K/staging_dir/target-aarch64_cortex-a53_musl/usr/include  -I/home/jackie/Downloads/Askey_Spectrum_SBE1V1K/staging_dir/toolchain-aarch64_cortex-a53_gcc-14.4.0_musl/usr/include -I/home/jackie/Downloads/Askey_Spectrum_SBE1V1K/staging_dir/toolchain-aarch64_cortex-a53_gcc-14.4.0_musl/include -I/home/jackie/Downloads/Askey_Spectrum_SBE1V1K/staging_dir/toolchain-aarch64_cortex-a53_gcc-14.4.0_musl/include/fortify " CXXFLAGS="-O2 -pipe -mcpu=cortex-a73 -fno-caller-saves -fno-plt -fhonour-copts -fmacro-prefix-map=/home/jackie/Downloads/Askey_Spectrum_SBE1V1K/build_dir/target-aarch64_cortex-a53_musl/netifd-2026.07.08~6088f7b3=netifd-2026.07.08~6088f7b3 -flto=auto -fno-fat-lto-objects -Wl,-z,max-page-size=4096 -Wformat -Werror=format-security -fstack-protector -D_FORTIFY_SOURCE=1 -Wl,-z,now -Wl,-z,relro -Wl,-z,pack-relative-relocs -I/home/jackie/Downloads/Askey_Spectrum_SBE1V1K/staging_dir/target-aarch64_cortex-a53_musl/usr/include/libnl-tiny -I/home/jackie/Downloads/Askey_Spectrum_SBE1V1K/staging_dir/target-aarch64_cortex-a53_musl/usr/include -flto=auto -fno-fat-lto-objects  -I/home/jackie/Downloads/Askey_Spectrum_SBE1V1K/staging_dir/toolchain-aarch64_cortex-a53_gcc-14.4.0_musl/usr/include -I/home/jackie/Downloads/Askey_Spectrum_SBE1V1K/staging_dir/toolchain-aarch64_cortex-a53_gcc-14.4.0_musl/include -I/home/jackie/Downloads/Askey_Spectrum_SBE1V1K/staging_dir/toolchain-aarch64_cortex-a53_gcc-14.4.0_musl/include/fortify " LDFLAGS="-L/home/jackie/Downloads/Askey_Spectrum_SBE1V1K/staging_dir/toolchain-aarch64_cortex-a53_gcc-14.4.0_musl/usr/lib -L/home/jackie/Downloads/Askey_Spectrum_SBE1V1K/staging_dir/toolchain-aarch64_cortex-a53_gcc-14.4.0_musl/lib -fuse-ld=bfd -flto=auto -fuse-linker-plugin -zmax-page-size=4096 -znow -zrelro -zpack-relative-relocs " cmake --no-warn-unused-cli -DCMAKE_SYSTEM_NAME=Linux -DCMAKE_SYSTEM_VERSION=1 -DCMAKE_SYSTEM_PROCESSOR=aarch64 -DCMAKE_BUILD_TYPE=Release -DCMAKE_C_FLAGS_RELEASE="-DNDEBUG" -DCMAKE_CXX_FLAGS_RELEASE="-DNDEBUG" -DCMAKE_C_COMPILER_LAUNCHER="" -DCMAKE_C_COMPILER="/home/jackie/Downloads/Askey_Spectrum_SBE1V1K/staging_dir/toolchain-aarch64_cortex-a53_gcc-14.4.0_musl/bin/aarch64-openwrt-linux-musl-gcc" -DCMAKE_CXX_COMPILER_LAUNCHER="" -DCMAKE_CXX_COMPILER="/home/jackie/Downloads/Askey_Spectrum_SBE1V1K/staging_dir/toolchain-aarch64_cortex-a53_gcc-14.4.0_musl/bin/aarch64-openwrt-linux-musl-g++" -DCMAKE_ASM_COMPILER_LAUNCHER="" -DCMAKE_ASM_COMPILER="/home/jackie/Downloads/Askey_Spectrum_SBE1V1K/staging_dir/toolchain-aarch64_cortex-a53_gcc-14.4.0_musl/bin/aarch64-openwrt-linux-musl-gcc" -DCMAKE_EXE_LINKER_FLAGS:STRING="-L/home/jackie/Downloads/Askey_Spectrum_SBE1V1K/staging_dir/toolchain-aarch64_cortex-a53_gcc-14.4.0_musl/usr/lib -L/home/jackie/Downloads/Askey_Spectrum_SBE1V1K/staging_dir/toolchain-aarch64_cortex-a53_gcc-14.4.0_musl/lib -fuse-ld=bfd -flto=auto -fuse-linker-plugin -zmax-page-size=4096 -znow -zrelro -zpack-relative-relocs" -DCMAKE_MODULE_LINKER_FLAGS:STRING="-L/home/jackie/Downloads/Askey_Spectrum_SBE1V1K/staging_dir/toolchain-aarch64_cortex-a53_gcc-14.4.0_musl/usr/lib -L/home/jackie/Downloads/Askey_Spectrum_SBE1V1K/staging_dir/toolchain-aarch64_cortex-a53_gcc-14.4.0_musl/lib -fuse-ld=bfd -flto=auto -fuse-linker-plugin -zmax-page-size=4096 -znow -zrelro -zpack-relative-relocs -Wl,-Bsymbolic-functions" -DCMAKE_SHARED_LINKER_FLAGS:STRING="-L/home/jackie/Downloads/Askey_Spectrum_SBE1V1K/staging_dir/toolchain-aarch64_cortex-a53_gcc-14.4.0_musl/usr/lib -L/home/jackie/Downloads/Askey_Spectrum_SBE1V1K/staging_dir/toolchain-aarch64_cortex-a53_gcc-14.4.0_musl/lib -fuse-ld=bfd -flto=auto -fuse-linker-plugin -zmax-page-size=4096 -znow -zrelro -zpack-relative-relocs -Wl,-Bsymbolic-functions" -DCMAKE_AR="/home/jackie/Downloads/Askey_Spectrum_SBE1V1K/staging_dir/toolchain-aarch64_cortex-a53_gcc-14.4.0_musl/bin/aarch64-openwrt-linux-musl-gcc-ar" -DCMAKE_NM="/home/jackie/Downloads/Askey_Spectrum_SBE1V1K/staging_dir/toolchain-aarch64_cortex-a53_gcc-14.4.0_musl/bin/aarch64-openwrt-linux-musl-gcc-nm" -DCMAKE_RANLIB="/home/jackie/Downloads/Askey_Spectrum_SBE1V1K/staging_dir/toolchain-aarch64_cortex-a53_gcc-14.4.0_musl/bin/aarch64-openwrt-linux-musl-gcc-ranlib" -DCMAKE_FIND_ROOT_PATH="/home/jackie/Downloads/Askey_Spectrum_SBE1V1K/staging_dir/target-aarch64_cortex-a53_musl/usr;/home/jackie/Downloads/Askey_Spectrum_SBE1V1K/staging_dir/toolchain-aarch64_cortex-a53_gcc-14.4.0_musl" -DCMAKE_FIND_ROOT_PATH_MODE_PROGRAM=NEVER -DCMAKE_FIND_ROOT_PATH_MODE_LIBRARY=ONLY -DCMAKE_FIND_ROOT_PATH_MODE_INCLUDE=ONLY -DCMAKE_STRIP=: -DCMAKE_INSTALL_PREFIX=/usr -DDL_LIBRARY=/home/jackie/Downloads/Askey_Spectrum_SBE1V1K/staging_dir/target-aarch64_cortex-a53_musl -DCMAKE_PREFIX_PATH=/home/jackie/Downloads/Askey_Spectrum_SBE1V1K/staging_dir/target-aarch64_cortex-a53_musl -DCMAKE_SKIP_RPATH=TRUE -DCMAKE_EXPORT_PACKAGE_REGISTRY=FALSE -DCMAKE_EXPORT_NO_PACKAGE_REGISTRY=TRUE -DCMAKE_FIND_USE_PACKAGE_REGISTRY=FALSE -DCMAKE_FIND_PACKAGE_NO_PACKAGE_REGISTRY=TRUE -DCMAKE_FIND_USE_SYSTEM_PACKAGE_REGISTRY=FALSE -DCMAKE_FIND_PACKAGE_NO_SYSTEM_PACKAGE_REGISTRY=TRUE -DCMAKE_GENERATOR="Ninja" -DLIBNL_LIBS=-lnl-tiny -DDEBUG=1 /home/jackie/Downloads/Askey_Spectrum_SBE1V1K/build_dir/target-aarch64_cortex-a53_musl/netifd-2026.07.08~6088f7b3 )
The --no-warn-unused-cli option is deprecated.  Use -Wno-unused-cli instead.
-- The C compiler identification is GNU 14.4.0
-- Detecting C compiler ABI info
-- Detecting C compiler ABI info - done
-- Check for working C compiler: /home/jackie/Downloads/Askey_Spectrum_SBE1V1K/staging_dir/toolchain-aarch64_cortex-a53_gcc-14.4.0_musl/bin/aarch64-openwrt-linux-musl-gcc - skipped
-- Detecting C compile features
-- Detecting C compile features - done
-- Performing Test HAS_IMPLICIT_FALLTHROUGH
-- Performing Test HAS_IMPLICIT_FALLTHROUGH - Success
-- Performing Test HAVE_ETHTOOL_A_PSE_PRIO
-- Performing Test HAVE_ETHTOOL_A_PSE_PRIO - Success
-- Configuring done (0.6s)
-- Generating done (0.0s)
-- Build files have been written to: /home/jackie/Downloads/Askey_Spectrum_SBE1V1K/build_dir/target-aarch64_cortex-a53_musl/netifd-2026.07.08~6088f7b3
touch /home/jackie/Downloads/Askey_Spectrum_SBE1V1K/build_dir/target-aarch64_cortex-a53_musl/netifd-2026.07.08~6088f7b3/.configured_68b329da9893e34099c7d8ad5cb9c940
rm -f /home/jackie/Downloads/Askey_Spectrum_SBE1V1K/build_dir/target-aarch64_cortex-a53_musl/netifd-2026.07.08~6088f7b3/.built
touch /home/jackie/Downloads/Askey_Spectrum_SBE1V1K/build_dir/target-aarch64_cortex-a53_musl/netifd-2026.07.08~6088f7b3/.built_check
MAKEFLAGS="" /home/jackie/Downloads/Askey_Spectrum_SBE1V1K/staging_dir/host/bin/ninja  -j1 -C /home/jackie/Downloads/Askey_Spectrum_SBE1V1K/build_dir/target-aarch64_cortex-a53_musl/netifd-2026.07.08~6088f7b3 
ninja: Entering directory `/home/jackie/Downloads/Askey_Spectrum_SBE1V1K/build_dir/target-aarch64_cortex-a53_musl/netifd-2026.07.08~6088f7b3'
[1/30] Generating ethtool-modes.h
[2/30] Building C object CMakeFiles/netifd.dir/main.c.o
[3/30] Building C object CMakeFiles/netifd.dir/utils.c.o
[4/30] Building C object CMakeFiles/netifd.dir/system.c.o
[5/30] Building C object CMakeFiles/netifd.dir/tunnel.c.o
[6/30] Building C object CMakeFiles/netifd.dir/handler.c.o
[7/30] Building C object CMakeFiles/netifd.dir/interface.c.o
[8/30] Building C object CMakeFiles/netifd.dir/interface-ip.c.o
[9/30] Building C object CMakeFiles/netifd.dir/interface-event.c.o
[10/30] Building C object CMakeFiles/netifd.dir/iprule.c.o
[11/30] Building C object CMakeFiles/netifd.dir/proto.c.o
[12/30] Building C object CMakeFiles/netifd.dir/proto-static.c.o
[13/30] Building C object CMakeFiles/netifd.dir/proto-shell.c.o
[14/30] Building C object CMakeFiles/netifd.dir/proto-ext.c.o
[15/30] Building C object CMakeFiles/netifd.dir/proto-ucode.c.o
[16/30] Building C object CMakeFiles/netifd.dir/config.c.o
[17/30] Building C object CMakeFiles/netifd.dir/device.c.o
[18/30] Building C object CMakeFiles/netifd.dir/bridge.c.o
[19/30] Building C object CMakeFiles/netifd.dir/veth.c.o
[20/30] Building C object CMakeFiles/netifd.dir/vlan.c.o
[21/30] Building C object CMakeFiles/netifd.dir/alias.c.o
[22/30] Building C object CMakeFiles/netifd.dir/macvlan.c.o
[23/30] Building C object CMakeFiles/netifd.dir/ubus.c.o
[24/30] Building C object CMakeFiles/netifd.dir/vlandev.c.o
[25/30] Building C object CMakeFiles/netifd.dir/extdev.c.o
[26/30] Building C object CMakeFiles/netifd.dir/bonding.c.o
[27/30] Building C object CMakeFiles/netifd.dir/vrf.c.o
[28/30] Building C object CMakeFiles/netifd.dir/ucode.c.o
[29/30] Building C object CMakeFiles/netifd.dir/system-linux.c.o
[30/30] Linking C executable netifd
DESTDIR="/home/jackie/Downloads/Askey_Spectrum_SBE1V1K/build_dir/target-aarch64_cortex-a53_musl/netifd-2026.07.08~6088f7b3/ipkg-install" MAKEFLAGS="" /home/jackie/Downloads/Askey_Spectrum_SBE1V1K/staging_dir/host/bin/ninja  -j1 -C /home/jackie/Downloads/Askey_Spectrum_SBE1V1K/build_dir/target-aarch64_cortex-a53_musl/netifd-2026.07.08~6088f7b3 install
ninja: Entering directory `/home/jackie/Downloads/Askey_Spectrum_SBE1V1K/build_dir/target-aarch64_cortex-a53_musl/netifd-2026.07.08~6088f7b3'
[0/1] Install the project...
-- Install configuration: "Release"
-- Installing: /home/jackie/Downloads/Askey_Spectrum_SBE1V1K/build_dir/target-aarch64_cortex-a53_musl/netifd-2026.07.08~6088f7b3/ipkg-install/usr/sbin/netifd
touch /home/jackie/Downloads/Askey_Spectrum_SBE1V1K/build_dir/target-aarch64_cortex-a53_musl/netifd-2026.07.08~6088f7b3/.built
rm -rf /home/jackie/Downloads/Askey_Spectrum_SBE1V1K/build_dir/target-aarch64_cortex-a53_musl/netifd-2026.07.08~6088f7b3/ipkg-aarch64_cortex-a53/netifd
mkdir -p /home/jackie/Downloads/Askey_Spectrum_SBE1V1K/bin/targets/qualcommbe/ipq95xx/packages /home/jackie/Downloads/Askey_Spectrum_SBE1V1K/build_dir/target-aarch64_cortex-a53_musl/netifd-2026.07.08~6088f7b3/ipkg-aarch64_cortex-a53/netifd /home/jackie/Downloads/Askey_Spectrum_SBE1V1K/staging_dir/target-aarch64_cortex-a53_musl/pkginfo
install -d -m0755 /home/jackie/Downloads/Askey_Spectrum_SBE1V1K/build_dir/target-aarch64_cortex-a53_musl/netifd-2026.07.08~6088f7b3/ipkg-aarch64_cortex-a53/netifd/sbin
install -m0755 /home/jackie/Downloads/Askey_Spectrum_SBE1V1K/build_dir/target-aarch64_cortex-a53_musl/netifd-2026.07.08~6088f7b3/netifd /home/jackie/Downloads/Askey_Spectrum_SBE1V1K/build_dir/target-aarch64_cortex-a53_musl/netifd-2026.07.08~6088f7b3/ipkg-aarch64_cortex-a53/netifd/sbin/
cp -fpR ./files/* /home/jackie/Downloads/Askey_Spectrum_SBE1V1K/build_dir/target-aarch64_cortex-a53_musl/netifd-2026.07.08~6088f7b3/ipkg-aarch64_cortex-a53/netifd/
install -d -m0755 /home/jackie/Downloads/Askey_Spectrum_SBE1V1K/build_dir/target-aarch64_cortex-a53_musl/netifd-2026.07.08~6088f7b3/ipkg-aarch64_cortex-a53/netifd/etc/udhcpc.user.d/
cp -fpR /home/jackie/Downloads/Askey_Spectrum_SBE1V1K/build_dir/target-aarch64_cortex-a53_musl/netifd-2026.07.08~6088f7b3/scripts/utils.sh /home/jackie/Downloads/Askey_Spectrum_SBE1V1K/build_dir/target-aarch64_cortex-a53_musl/netifd-2026.07.08~6088f7b3/scripts/netifd-proto.sh /home/jackie/Downloads/Askey_Spectrum_SBE1V1K/build_dir/target-aarch64_cortex-a53_musl/netifd-2026.07.08~6088f7b3/ipkg-aarch64_cortex-a53/netifd/lib/netifd/
find /home/jackie/Downloads/Askey_Spectrum_SBE1V1K/build_dir/target-aarch64_cortex-a53_musl/netifd-2026.07.08~6088f7b3/ipkg-aarch64_cortex-a53/netifd -name '.svn' -o -name '.#*' -o -name '*~'| xargs -r rm -rf
export CROSS="aarch64-openwrt-linux-musl-"  NO_RENAME=1 ; NM="aarch64-openwrt-linux-musl-nm" STRIP="/home/jackie/Downloads/Askey_Spectrum_SBE1V1K/staging_dir/host/bin/sstrip -z" STRIP_KMOD="/home/jackie/Downloads/Askey_Spectrum_SBE1V1K/scripts/strip-kmod.sh" PATCHELF="/home/jackie/Downloads/Askey_Spectrum_SBE1V1K/staging_dir/host/bin/patchelf" /home/jackie/Downloads/Askey_Spectrum_SBE1V1K/scripts/rstrip.sh /home/jackie/Downloads/Askey_Spectrum_SBE1V1K/build_dir/target-aarch64_cortex-a53_musl/netifd-2026.07.08~6088f7b3/ipkg-aarch64_cortex-a53/netifd
rstrip.sh: /home/jackie/Downloads/Askey_Spectrum_SBE1V1K/build_dir/target-aarch64_cortex-a53_musl/netifd-2026.07.08~6088f7b3/ipkg-aarch64_cortex-a53/netifd/sbin/netifd: executable
install -d -m0755 /home/jackie/Downloads/Askey_Spectrum_SBE1V1K/bin/packages/aarch64_cortex-a53/base
mkdir -p /home/jackie/Downloads/Askey_Spectrum_SBE1V1K/build_dir/target-aarch64_cortex-a53_musl/netifd-2026.07.08~6088f7b3/apk-aarch64_cortex-a53/netifd/
mkdir -p /home/jackie/Downloads/Askey_Spectrum_SBE1V1K/build_dir/target-aarch64_cortex-a53_musl/netifd-2026.07.08~6088f7b3/ipkg-aarch64_cortex-a53/netifd/lib/apk/packages/
(cd /home/jackie/Downloads/Askey_Spectrum_SBE1V1K/build_dir/target-aarch64_cortex-a53_musl/netifd-2026.07.08~6088f7b3/apk-aarch64_cortex-a53/netifd; echo "$V_Package_netifd_conffiles" > conffiles; )
( echo "#!/bin/sh"; echo "[ \"\${IPKG_NO_SCRIPT}\" = \"1\" ] && exit 0"; echo "[ -s "\${IPKG_INSTROOT}/lib/functions.sh" ] || exit 0"; echo ". \${IPKG_INSTROOT}/lib/functions.sh"; echo 'export root="${IPKG_INSTROOT}"'; echo 'export pkgname="netifd"'; echo "add_group_and_user"; echo "default_postinst"; [ ! -f /home/jackie/Downloads/Askey_Spectrum_SBE1V1K/build_dir/target-aarch64_cortex-a53_musl/netifd-2026.07.08~6088f7b3/apk-aarch64_cortex-a53/netifd/postinst-pkg ] || sed '/^\s*#!/d' "/home/jackie/Downloads/Askey_Spectrum_SBE1V1K/build_dir/target-aarch64_cortex-a53_musl/netifd-2026.07.08~6088f7b3/apk-aarch64_cortex-a53/netifd/postinst-pkg"; ) > /home/jackie/Downloads/Askey_Spectrum_SBE1V1K/build_dir/target-aarch64_cortex-a53_musl/netifd-2026.07.08~6088f7b3/apk-aarch64_cortex-a53/netifd/post-install;
( echo "#!/bin/sh"; echo 'export PKG_UPGRADE=1'; [ ! -f /home/jackie/Downloads/Askey_Spectrum_SBE1V1K/build_dir/target-aarch64_cortex-a53_musl/netifd-2026.07.08~6088f7b3/apk-aarch64_cortex-a53/netifd/post-install ] || sed '/^\s*#!/d' "/home/jackie/Downloads/Askey_Spectrum_SBE1V1K/build_dir/target-aarch64_cortex-a53_musl/netifd-2026.07.08~6088f7b3/apk-aarch64_cortex-a53/netifd/post-install"; ) > /home/jackie/Downloads/Askey_Spectrum_SBE1V1K/build_dir/target-aarch64_cortex-a53_musl/netifd-2026.07.08~6088f7b3/apk-aarch64_cortex-a53/netifd/post-upgrade;
( echo "#!/bin/sh"; echo "[ -s "\${IPKG_INSTROOT}/lib/functions.sh" ] || exit 0"; echo ". \${IPKG_INSTROOT}/lib/functions.sh"; echo 'export root="${IPKG_INSTROOT}"'; echo 'export pkgname="netifd"'; echo "default_prerm"; [ ! -f /home/jackie/Downloads/Askey_Spectrum_SBE1V1K/build_dir/target-aarch64_cortex-a53_musl/netifd-2026.07.08~6088f7b3/apk-aarch64_cortex-a53/netifd/prerm-pkg ] || sed '/^\s*#!/d' "/home/jackie/Downloads/Askey_Spectrum_SBE1V1K/build_dir/target-aarch64_cortex-a53_musl/netifd-2026.07.08~6088f7b3/apk-aarch64_cortex-a53/netifd/prerm-pkg"; ) > /home/jackie/Downloads/Askey_Spectrum_SBE1V1K/build_dir/target-aarch64_cortex-a53_musl/netifd-2026.07.08~6088f7b3/apk-aarch64_cortex-a53/netifd/pre-deinstall;
[ ! -f /home/jackie/Downloads/Askey_Spectrum_SBE1V1K/build_dir/target-aarch64_cortex-a53_musl/netifd-2026.07.08~6088f7b3/apk-aarch64_cortex-a53/netifd/postrm ] || sed -zi 's/^\s*#!/#!/' "/home/jackie/Downloads/Askey_Spectrum_SBE1V1K/build_dir/target-aarch64_cortex-a53_musl/netifd-2026.07.08~6088f7b3/apk-aarch64_cortex-a53/netifd/postrm";
if [ -n "" ]; then echo  > /home/jackie/Downloads/Askey_Spectrum_SBE1V1K/build_dir/target-aarch64_cortex-a53_musl/netifd-2026.07.08~6088f7b3/ipkg-aarch64_cortex-a53/netifd/lib/apk/packages/netifd.rusers; fi;
if [ -n "" ]; then echo  > /home/jackie/Downloads/Askey_Spectrum_SBE1V1K/build_dir/target-aarch64_cortex-a53_musl/netifd-2026.07.08~6088f7b3/ipkg-aarch64_cortex-a53/netifd/lib/apk/packages/netifd.alternatives; fi;
(cd /home/jackie/Downloads/Askey_Spectrum_SBE1V1K/build_dir/target-aarch64_cortex-a53_musl/netifd-2026.07.08~6088f7b3/ipkg-aarch64_cortex-a53/netifd && find . -type f,l -printf "/%P\n" | sort > /home/jackie/Downloads/Askey_Spectrum_SBE1V1K/tmp/netifd.list && mv /home/jackie/Downloads/Askey_Spectrum_SBE1V1K/tmp/netifd.list /home/jackie/Downloads/Askey_Spectrum_SBE1V1K/build_dir/target-aarch64_cortex-a53_musl/netifd-2026.07.08~6088f7b3/ipkg-aarch64_cortex-a53/netifd/lib/apk/packages/netifd.list)
# Move conffiles to IDIR and build conffiles_static with csums
if [ -f /home/jackie/Downloads/Askey_Spectrum_SBE1V1K/build_dir/target-aarch64_cortex-a53_musl/netifd-2026.07.08~6088f7b3/apk-aarch64_cortex-a53/netifd/conffiles ]; then mv -f /home/jackie/Downloads/Askey_Spectrum_SBE1V1K/build_dir/target-aarch64_cortex-a53_musl/netifd-2026.07.08~6088f7b3/apk-aarch64_cortex-a53/netifd/conffiles /home/jackie/Downloads/Askey_Spectrum_SBE1V1K/build_dir/target-aarch64_cortex-a53_musl/netifd-2026.07.08~6088f7b3/ipkg-aarch64_cortex-a53/netifd/lib/apk/packages/netifd.conffiles; for file in $(cat /home/jackie/Downloads/Askey_Spectrum_SBE1V1K/build_dir/target-aarch64_cortex-a53_musl/netifd-2026.07.08~6088f7b3/ipkg-aarch64_cortex-a53/netifd/lib/apk/packages/netifd.conffiles); do [ -f /home/jackie/Downloads/Askey_Spectrum_SBE1V1K/build_dir/target-aarch64_cortex-a53_musl/netifd-2026.07.08~6088f7b3/ipkg-aarch64_cortex-a53/netifd/$file ] || continue; csum=$(/home/jackie/Downloads/Askey_Spectrum_SBE1V1K/staging_dir/host/bin/mkhash sha256 /home/jackie/Downloads/Askey_Spectrum_SBE1V1K/build_dir/target-aarch64_cortex-a53_musl/netifd-2026.07.08~6088f7b3/ipkg-aarch64_cortex-a53/netifd/$file); echo $file $csum >> /home/jackie/Downloads/Askey_Spectrum_SBE1V1K/build_dir/target-aarch64_cortex-a53_musl/netifd-2026.07.08~6088f7b3/ipkg-aarch64_cortex-a53/netifd/lib/apk/packages/netifd.conffiles_static; done; fi
# Some package (base-files) manually append stuff to conffiles
# Append stuff from it and delete the CONTROL directory since everything else should be migrated
if [ -f /home/jackie/Downloads/Askey_Spectrum_SBE1V1K/build_dir/target-aarch64_cortex-a53_musl/netifd-2026.07.08~6088f7b3/ipkg-aarch64_cortex-a53/netifd/CONTROL/conffiles ]; then echo $(IDIR_netifd)/CONTROL/conffiles >> /home/jackie/Downloads/Askey_Spectrum_SBE1V1K/build_dir/target-aarch64_cortex-a53_musl/netifd-2026.07.08~6088f7b3/ipkg-aarch64_cortex-a53/netifd/lib/apk/packages/netifd.conffiles; for file in $(cat /home/jackie/Downloads/Askey_Spectrum_SBE1V1K/build_dir/target-aarch64_cortex-a53_musl/netifd-2026.07.08~6088f7b3/ipkg-aarch64_cortex-a53/netifd/CONTROL/conffiles); do [ -f /home/jackie/Downloads/Askey_Spectrum_SBE1V1K/build_dir/target-aarch64_cortex-a53_musl/netifd-2026.07.08~6088f7b3/ipkg-aarch64_cortex-a53/netifd/$file ] || continue; csum=$(/home/jackie/Downloads/Askey_Spectrum_SBE1V1K/staging_dir/host/bin/mkhash sha256 /home/jackie/Downloads/Askey_Spectrum_SBE1V1K/build_dir/target-aarch64_cortex-a53_musl/netifd-2026.07.08~6088f7b3/ipkg-aarch64_cortex-a53/netifd/$file); echo $file $csum >> /home/jackie/Downloads/Askey_Spectrum_SBE1V1K/build_dir/target-aarch64_cortex-a53_musl/netifd-2026.07.08~6088f7b3/ipkg-aarch64_cortex-a53/netifd/lib/apk/packages/netifd.conffiles_static; done; rm -rf /home/jackie/Downloads/Askey_Spectrum_SBE1V1K/build_dir/target-aarch64_cortex-a53_musl/netifd-2026.07.08~6088f7b3/ipkg-aarch64_cortex-a53/netifd/CONTROL/conffiles; fi
if [ -z "$(ls -A /home/jackie/Downloads/Askey_Spectrum_SBE1V1K/build_dir/target-aarch64_cortex-a53_musl/netifd-2026.07.08~6088f7b3/ipkg-aarch64_cortex-a53/netifd/CONTROL 2>/dev/null)" ]; then rm -rf /home/jackie/Downloads/Askey_Spectrum_SBE1V1K/build_dir/target-aarch64_cortex-a53_musl/netifd-2026.07.08~6088f7b3/ipkg-aarch64_cortex-a53/netifd/CONTROL; else echo "CONTROL directory /home/jackie/Downloads/Askey_Spectrum_SBE1V1K/build_dir/target-aarch64_cortex-a53_musl/netifd-2026.07.08~6088f7b3/ipkg-aarch64_cortex-a53/netifd/CONTROL is not empty! This is not right and should be checked!" >&2; exit 1; fi
SOURCE_DATE_EPOCH=0 /home/jackie/Downloads/Askey_Spectrum_SBE1V1K/staging_dir/host/bin/fakeroot /home/jackie/Downloads/Askey_Spectrum_SBE1V1K/staging_dir/host/bin/apk mkpkg --info "name:netifd" --info "version:2026.07.08~6088f7b3-r3" --info "tags:openwrt:section=base" --info "description:OpenWrt Network Interface Configuration Daemon" --info "arch:aarch64_cortex-a53" --info "license:GPL-2.0" --info "origin:feeds/base/network/config/netifd" --info "url:" --info "maintainer:Felix Fietkau <nbd@nbd.name>" --info "provides:netifd-any"  --script "post-install:/home/jackie/Downloads/Askey_Spectrum_SBE1V1K/build_dir/target-aarch64_cortex-a53_musl/netifd-2026.07.08~6088f7b3/apk-aarch64_cortex-a53/netifd/post-install" --script "post-upgrade:/home/jackie/Downloads/Askey_Spectrum_SBE1V1K/build_dir/target-aarch64_cortex-a53_musl/netifd-2026.07.08~6088f7b3/apk-aarch64_cortex-a53/netifd/post-upgrade" --script "pre-deinstall:/home/jackie/Downloads/Askey_Spectrum_SBE1V1K/build_dir/target-aarch64_cortex-a53_musl/netifd-2026.07.08~6088f7b3/apk-aarch64_cortex-a53/netifd/pre-deinstall" --info "depends:libc libuci20250120 libnl-tiny1 libubus20260628 ubus ubusd jshn libubox20260721 libudebug ucode ucode-mod-fs ucode-mod-ubus ucode-mod-uloop ucode-mod-uci" --files "/home/jackie/Downloads/Askey_Spectrum_SBE1V1K/build_dir/target-aarch64_cortex-a53_musl/netifd-2026.07.08~6088f7b3/ipkg-aarch64_cortex-a53/netifd" --sign /home/jackie/Downloads/Askey_Spectrum_SBE1V1K/private-key.pem --output "/home/jackie/Downloads/Askey_Spectrum_SBE1V1K/bin/packages/aarch64_cortex-a53/base/netifd-2026.07.08~6088f7b3-r3.apk"
rm -rf /home/jackie/Downloads/Askey_Spectrum_SBE1V1K/build_dir/target-aarch64_cortex-a53_musl/netifd-2026.07.08~6088f7b3/.pkgdir/netifd.installed /home/jackie/Downloads/Askey_Spectrum_SBE1V1K/build_dir/target-aarch64_cortex-a53_musl/netifd-2026.07.08~6088f7b3/.pkgdir/netifd
mkdir -p /home/jackie/Downloads/Askey_Spectrum_SBE1V1K/build_dir/target-aarch64_cortex-a53_musl/netifd-2026.07.08~6088f7b3/.pkgdir/netifd
install -d -m0755 /home/jackie/Downloads/Askey_Spectrum_SBE1V1K/build_dir/target-aarch64_cortex-a53_musl/netifd-2026.07.08~6088f7b3/.pkgdir/netifd/sbin
install -m0755 /home/jackie/Downloads/Askey_Spectrum_SBE1V1K/build_dir/target-aarch64_cortex-a53_musl/netifd-2026.07.08~6088f7b3/netifd /home/jackie/Downloads/Askey_Spectrum_SBE1V1K/build_dir/target-aarch64_cortex-a53_musl/netifd-2026.07.08~6088f7b3/.pkgdir/netifd/sbin/
cp -fpR ./files/* /home/jackie/Downloads/Askey_Spectrum_SBE1V1K/build_dir/target-aarch64_cortex-a53_musl/netifd-2026.07.08~6088f7b3/.pkgdir/netifd/
install -d -m0755 /home/jackie/Downloads/Askey_Spectrum_SBE1V1K/build_dir/target-aarch64_cortex-a53_musl/netifd-2026.07.08~6088f7b3/.pkgdir/netifd/etc/udhcpc.user.d/
cp -fpR /home/jackie/Downloads/Askey_Spectrum_SBE1V1K/build_dir/target-aarch64_cortex-a53_musl/netifd-2026.07.08~6088f7b3/scripts/utils.sh /home/jackie/Downloads/Askey_Spectrum_SBE1V1K/build_dir/target-aarch64_cortex-a53_musl/netifd-2026.07.08~6088f7b3/scripts/netifd-proto.sh /home/jackie/Downloads/Askey_Spectrum_SBE1V1K/build_dir/target-aarch64_cortex-a53_musl/netifd-2026.07.08~6088f7b3/.pkgdir/netifd/lib/netifd/
touch /home/jackie/Downloads/Askey_Spectrum_SBE1V1K/build_dir/target-aarch64_cortex-a53_musl/netifd-2026.07.08~6088f7b3/.pkgdir/netifd.installed
mkdir -p /home/jackie/Downloads/Askey_Spectrum_SBE1V1K/staging_dir/target-aarch64_cortex-a53_musl/root-qualcommbe/stamp
SHELL= flock /home/jackie/Downloads/Askey_Spectrum_SBE1V1K/tmp/.root-copy.flock -c 'cp -fpR /home/jackie/Downloads/Askey_Spectrum_SBE1V1K/build_dir/target-aarch64_cortex-a53_musl/netifd-2026.07.08~6088f7b3/.pkgdir/netifd/. /home/jackie/Downloads/Askey_Spectrum_SBE1V1K/staging_dir/target-aarch64_cortex-a53_musl/root-qualcommbe/'
touch /home/jackie/Downloads/Askey_Spectrum_SBE1V1K/staging_dir/target-aarch64_cortex-a53_musl/root-qualcommbe/stamp/.netifd_installed
echo "netifd" >> /home/jackie/Downloads/Askey_Spectrum_SBE1V1K/staging_dir/target-aarch64_cortex-a53_musl/pkginfo/netifd.default.install
rm -rf /home/jackie/Downloads/Askey_Spectrum_SBE1V1K/tmp/stage-netifd
mkdir -p /home/jackie/Downloads/Askey_Spectrum_SBE1V1K/tmp/stage-netifd/host /home/jackie/Downloads/Askey_Spectrum_SBE1V1K/staging_dir/target-aarch64_cortex-a53_musl/packages
find /home/jackie/Downloads/Askey_Spectrum_SBE1V1K/tmp/stage-netifd -name '*.la' | xargs -r rm -f; 
if [ -f /home/jackie/Downloads/Askey_Spectrum_SBE1V1K/staging_dir/target-aarch64_cortex-a53_musl/packages/netifd.list ]; then /home/jackie/Downloads/Askey_Spectrum_SBE1V1K/scripts/clean-package.sh "/home/jackie/Downloads/Askey_Spectrum_SBE1V1K/staging_dir/target-aarch64_cortex-a53_musl/packages/netifd.list" "/home/jackie/Downloads/Askey_Spectrum_SBE1V1K/staging_dir/target-aarch64_cortex-a53_musl"; fi
if [ -d /home/jackie/Downloads/Askey_Spectrum_SBE1V1K/tmp/stage-netifd ]; then (cd /home/jackie/Downloads/Askey_Spectrum_SBE1V1K/tmp/stage-netifd; find ./ > /home/jackie/Downloads/Askey_Spectrum_SBE1V1K/tmp/stage-netifd.files); 	SHELL= flock /home/jackie/Downloads/Askey_Spectrum_SBE1V1K/tmp/.staging-dir.flock -c ' mv /home/jackie/Downloads/Askey_Spectrum_SBE1V1K/tmp/stage-netifd.files /home/jackie/Downloads/Askey_Spectrum_SBE1V1K/staging_dir/target-aarch64_cortex-a53_musl/packages/netifd.list && cp -fpR /home/jackie/Downloads/Askey_Spectrum_SBE1V1K/tmp/stage-netifd/* /home/jackie/Downloads/Askey_Spectrum_SBE1V1K/staging_dir/target-aarch64_cortex-a53_musl/; '; fi
rm -rf /home/jackie/Downloads/Askey_Spectrum_SBE1V1K/tmp/stage-netifd
touch /home/jackie/Downloads/Askey_Spectrum_SBE1V1K/staging_dir/target-aarch64_cortex-a53_musl/stamp/.netifd_installed
make[3]: Leaving directory '/home/jackie/Downloads/Askey_Spectrum_SBE1V1K/package/network/config/netifd'
time: package/network/config/netifd/compile#10.02#1.51#6.72
make[2]: Circular package/firmware/linux-firmware/compile <- package/kernel/linux/compile dependency dropped.
make[3]: Entering directory '/home/jackie/Downloads/Askey_Spectrum_SBE1V1K/package/firmware/linux-firmware'
touch /home/jackie/Downloads/Askey_Spectrum_SBE1V1K/build_dir/target-aarch64_cortex-a53_musl/linux-firmware-20260810/.prepared_c15c3b2c43ac5c1204ee008cbc459092_6664517399ebbbc92a37c5bb081b5c53_check
. /home/jackie/Downloads/Askey_Spectrum_SBE1V1K/include/shell.sh; xzcat /home/jackie/Downloads/Askey_Spectrum_SBE1V1K/dl/linux-firmware-20260810.tar.xz | tar -C /home/jackie/Downloads/Askey_Spectrum_SBE1V1K/build_dir/target-aarch64_cortex-a53_musl/linux-firmware-20260810/.. -xf -
find /home/jackie/Downloads/Askey_Spectrum_SBE1V1K/build_dir/target-aarch64_cortex-a53_musl/linux-firmware-20260810 -mindepth 1 -type f -not -name '.*' -not -name 'version.date' -printf '%T@\n' 2>/dev/null | cut -d. -f1 | sort -n | tail -n1 > /home/jackie/Downloads/Askey_Spectrum_SBE1V1K/build_dir/target-aarch64_cortex-a53_musl/linux-firmware-20260810/version.date
[ ! -d ./src/ ] || cp -fpR ./src/. /home/jackie/Downloads/Askey_Spectrum_SBE1V1K/build_dir/target-aarch64_cortex-a53_musl/linux-firmware-20260810
touch /home/jackie/Downloads/Askey_Spectrum_SBE1V1K/build_dir/target-aarch64_cortex-a53_musl/linux-firmware-20260810/.prepared_c15c3b2c43ac5c1204ee008cbc459092_6664517399ebbbc92a37c5bb081b5c53
rm -f /home/jackie/Downloads/Askey_Spectrum_SBE1V1K/build_dir/target-aarch64_cortex-a53_musl/linux-firmware-20260810/.configured_*
rm -f /home/jackie/Downloads/Askey_Spectrum_SBE1V1K/staging_dir/target-aarch64_cortex-a53_musl/stamp/.linux-firmware_installed
(cd /home/jackie/Downloads/Askey_Spectrum_SBE1V1K/build_dir/target-aarch64_cortex-a53_musl/linux-firmware-20260810/./; if [ -x ./configure ]; then find /home/jackie/Downloads/Askey_Spectrum_SBE1V1K/build_dir/target-aarch64_cortex-a53_musl/linux-firmware-20260810/ -name config.guess | xargs -r chmod u+w; find /home/jackie/Downloads/Askey_Spectrum_SBE1V1K/build_dir/target-aarch64_cortex-a53_musl/linux-firmware-20260810/ -name config.guess | xargs -r -n1 cp --remove-destination /home/jackie/Downloads/Askey_Spectrum_SBE1V1K/scripts/config.guess; find /home/jackie/Downloads/Askey_Spectrum_SBE1V1K/build_dir/target-aarch64_cortex-a53_musl/linux-firmware-20260810/ -name config.sub | xargs -r chmod u+w; find /home/jackie/Downloads/Askey_Spectrum_SBE1V1K/build_dir/target-aarch64_cortex-a53_musl/linux-firmware-20260810/ -name config.sub | xargs -r -n1 cp --remove-destination /home/jackie/Downloads/Askey_Spectrum_SBE1V1K/scripts/config.sub; AR="aarch64-openwrt-linux-musl-gcc-ar" AS="aarch64-openwrt-linux-musl-gcc -c -O2 -pipe -mcpu=cortex-a73 -fno-caller-saves -fno-plt -fhonour-copts -fmacro-prefix-map=/home/jackie/Downloads/Askey_Spectrum_SBE1V1K/build_dir/target-aarch64_cortex-a53_musl/linux-firmware-20260810=linux-firmware-20260810 -Wl,-z,max-page-size=4096 -Wformat -Werror=format-security -fstack-protector -D_FORTIFY_SOURCE=1 -Wl,-z,now -Wl,-z,relro -Wl,-z,pack-relative-relocs" LD="aarch64-openwrt-linux-musl-ld.bfd" NM="aarch64-openwrt-linux-musl-gcc-nm" CC="aarch64-openwrt-linux-musl-gcc" GCC="aarch64-openwrt-linux-musl-gcc" CXX="aarch64-openwrt-linux-musl-g++" RANLIB="aarch64-openwrt-linux-musl-gcc-ranlib" STRIP=aarch64-openwrt-linux-musl-strip OBJCOPY=aarch64-openwrt-linux-musl-objcopy OBJDUMP=aarch64-openwrt-linux-musl-objdump SIZE=aarch64-openwrt-linux-musl-size CFLAGS="-O2 -pipe -mcpu=cortex-a73 -fno-caller-saves -fno-plt -fhonour-copts -fmacro-prefix-map=/home/jackie/Downloads/Askey_Spectrum_SBE1V1K/build_dir/target-aarch64_cortex-a53_musl/linux-firmware-20260810=linux-firmware-20260810 -Wl,-z,max-page-size=4096 -Wformat -Werror=format-security -fstack-protector -D_FORTIFY_SOURCE=1 -Wl,-z,now -Wl,-z,relro -Wl,-z,pack-relative-relocs " CXXFLAGS="-O2 -pipe -mcpu=cortex-a73 -fno-caller-saves -fno-plt -fhonour-copts -fmacro-prefix-map=/home/jackie/Downloads/Askey_Spectrum_SBE1V1K/build_dir/target-aarch64_cortex-a53_musl/linux-firmware-20260810=linux-firmware-20260810 -Wl,-z,max-page-size=4096 -Wformat -Werror=format-security -fstack-protector -D_FORTIFY_SOURCE=1 -Wl,-z,now -Wl,-z,relro -Wl,-z,pack-relative-relocs " CPPFLAGS="-I/home/jackie/Downloads/Askey_Spectrum_SBE1V1K/staging_dir/toolchain-aarch64_cortex-a53_gcc-14.4.0_musl/usr/include -I/home/jackie/Downloads/Askey_Spectrum_SBE1V1K/staging_dir/toolchain-aarch64_cortex-a53_gcc-14.4.0_musl/include -I/home/jackie/Downloads/Askey_Spectrum_SBE1V1K/staging_dir/toolchain-aarch64_cortex-a53_gcc-14.4.0_musl/include/fortify " LDFLAGS="-L/home/jackie/Downloads/Askey_Spectrum_SBE1V1K/staging_dir/toolchain-aarch64_cortex-a53_gcc-14.4.0_musl/usr/lib -L/home/jackie/Downloads/Askey_Spectrum_SBE1V1K/staging_dir/toolchain-aarch64_cortex-a53_gcc-14.4.0_musl/lib -fuse-ld=bfd -zmax-page-size=4096 -znow -zrelro -zpack-relative-relocs "   ./configure --target=aarch64-openwrt-linux --host=aarch64-openwrt-linux --build=x86_64-pc-linux-gnu --disable-dependency-tracking --program-prefix="" --program-suffix="" --prefix=/usr --exec-prefix=/usr --bindir=/usr/bin --sbindir=/usr/sbin --libexecdir=/usr/lib --sysconfdir=/etc --datadir=/usr/share --localstatedir=/var --mandir=/usr/man --infodir=/usr/info --disable-nls  ; fi; )
touch /home/jackie/Downloads/Askey_Spectrum_SBE1V1K/build_dir/target-aarch64_cortex-a53_musl/linux-firmware-20260810/.configured_68b329da9893e34099c7d8ad5cb9c940
rm -f /home/jackie/Downloads/Askey_Spectrum_SBE1V1K/build_dir/target-aarch64_cortex-a53_musl/linux-firmware-20260810/.built
touch /home/jackie/Downloads/Askey_Spectrum_SBE1V1K/build_dir/target-aarch64_cortex-a53_musl/linux-firmware-20260810/.built_check
touch /home/jackie/Downloads/Askey_Spectrum_SBE1V1K/build_dir/target-aarch64_cortex-a53_musl/linux-firmware-20260810/.built
rm -rf /home/jackie/Downloads/Askey_Spectrum_SBE1V1K/build_dir/target-aarch64_cortex-a53_musl/linux-firmware-20260810/ipkg-aarch64_cortex-a53/ath12k-firmware-qcn9274
/home/jackie/Downloads/Askey_Spectrum_SBE1V1K/scripts/ipkg-remove ath12k-firmware-qcn9274 /home/jackie/Downloads/Askey_Spectrum_SBE1V1K/bin/packages/aarch64_cortex-a53/base/ath12k-firmware-qcn9274-20260810-r1.apk
removed '/home/jackie/Downloads/Askey_Spectrum_SBE1V1K/bin/packages/aarch64_cortex-a53/base/ath12k-firmware-qcn9274-20260810-r1.apk'
mkdir -p /home/jackie/Downloads/Askey_Spectrum_SBE1V1K/bin/targets/qualcommbe/ipq95xx/packages /home/jackie/Downloads/Askey_Spectrum_SBE1V1K/build_dir/target-aarch64_cortex-a53_musl/linux-firmware-20260810/ipkg-aarch64_cortex-a53/ath12k-firmware-qcn9274 /home/jackie/Downloads/Askey_Spectrum_SBE1V1K/staging_dir/target-aarch64_cortex-a53_musl/pkginfo
install -d -m0755 /home/jackie/Downloads/Askey_Spectrum_SBE1V1K/build_dir/target-aarch64_cortex-a53_musl/linux-firmware-20260810/ipkg-aarch64_cortex-a53/ath12k-firmware-qcn9274/lib/firmware/ath12k/QCN9274/hw2.0
install -m0644 /home/jackie/Downloads/Askey_Spectrum_SBE1V1K/build_dir/target-aarch64_cortex-a53_musl/linux-firmware-20260810/ath12k/QCN9274/hw2.0/* /home/jackie/Downloads/Askey_Spectrum_SBE1V1K/build_dir/target-aarch64_cortex-a53_musl/linux-firmware-20260810/ipkg-aarch64_cortex-a53/ath12k-firmware-qcn9274/lib/firmware/ath12k/QCN9274/hw2.0/
find /home/jackie/Downloads/Askey_Spectrum_SBE1V1K/build_dir/target-aarch64_cortex-a53_musl/linux-firmware-20260810/ipkg-aarch64_cortex-a53/ath12k-firmware-qcn9274 -name '.svn' -o -name '.#*' -o -name '*~'| xargs -r rm -rf
: /home/jackie/Downloads/Askey_Spectrum_SBE1V1K/build_dir/target-aarch64_cortex-a53_musl/linux-firmware-20260810/ipkg-aarch64_cortex-a53/ath12k-firmware-qcn9274
install -d -m0755 /home/jackie/Downloads/Askey_Spectrum_SBE1V1K/bin/packages/aarch64_cortex-a53/base
mkdir -p /home/jackie/Downloads/Askey_Spectrum_SBE1V1K/build_dir/target-aarch64_cortex-a53_musl/linux-firmware-20260810/apk-aarch64_cortex-a53/ath12k-firmware-qcn9274/
mkdir -p /home/jackie/Downloads/Askey_Spectrum_SBE1V1K/build_dir/target-aarch64_cortex-a53_musl/linux-firmware-20260810/ipkg-aarch64_cortex-a53/ath12k-firmware-qcn9274/lib/apk/packages/
(cd /home/jackie/Downloads/Askey_Spectrum_SBE1V1K/build_dir/target-aarch64_cortex-a53_musl/linux-firmware-20260810/apk-aarch64_cortex-a53/ath12k-firmware-qcn9274; )
( echo "#!/bin/sh"; echo "[ \"\${IPKG_NO_SCRIPT}\" = \"1\" ] && exit 0"; echo "[ -s "\${IPKG_INSTROOT}/lib/functions.sh" ] || exit 0"; echo ". \${IPKG_INSTROOT}/lib/functions.sh"; echo 'export root="${IPKG_INSTROOT}"'; echo 'export pkgname="ath12k-firmware-qcn9274"'; echo "add_group_and_user"; echo "default_postinst"; [ ! -f /home/jackie/Downloads/Askey_Spectrum_SBE1V1K/build_dir/target-aarch64_cortex-a53_musl/linux-firmware-20260810/apk-aarch64_cortex-a53/ath12k-firmware-qcn9274/postinst-pkg ] || sed '/^\s*#!/d' "/home/jackie/Downloads/Askey_Spectrum_SBE1V1K/build_dir/target-aarch64_cortex-a53_musl/linux-firmware-20260810/apk-aarch64_cortex-a53/ath12k-firmware-qcn9274/postinst-pkg"; ) > /home/jackie/Downloads/Askey_Spectrum_SBE1V1K/build_dir/target-aarch64_cortex-a53_musl/linux-firmware-20260810/apk-aarch64_cortex-a53/ath12k-firmware-qcn9274/post-install;
( echo "#!/bin/sh"; echo 'export PKG_UPGRADE=1'; [ ! -f /home/jackie/Downloads/Askey_Spectrum_SBE1V1K/build_dir/target-aarch64_cortex-a53_musl/linux-firmware-20260810/apk-aarch64_cortex-a53/ath12k-firmware-qcn9274/post-install ] || sed '/^\s*#!/d' "/home/jackie/Downloads/Askey_Spectrum_SBE1V1K/build_dir/target-aarch64_cortex-a53_musl/linux-firmware-20260810/apk-aarch64_cortex-a53/ath12k-firmware-qcn9274/post-install"; ) > /home/jackie/Downloads/Askey_Spectrum_SBE1V1K/build_dir/target-aarch64_cortex-a53_musl/linux-firmware-20260810/apk-aarch64_cortex-a53/ath12k-firmware-qcn9274/post-upgrade;
( echo "#!/bin/sh"; echo "[ -s "\${IPKG_INSTROOT}/lib/functions.sh" ] || exit 0"; echo ". \${IPKG_INSTROOT}/lib/functions.sh"; echo 'export root="${IPKG_INSTROOT}"'; echo 'export pkgname="ath12k-firmware-qcn9274"'; echo "default_prerm"; [ ! -f /home/jackie/Downloads/Askey_Spectrum_SBE1V1K/build_dir/target-aarch64_cortex-a53_musl/linux-firmware-20260810/apk-aarch64_cortex-a53/ath12k-firmware-qcn9274/prerm-pkg ] || sed '/^\s*#!/d' "/home/jackie/Downloads/Askey_Spectrum_SBE1V1K/build_dir/target-aarch64_cortex-a53_musl/linux-firmware-20260810/apk-aarch64_cortex-a53/ath12k-firmware-qcn9274/prerm-pkg"; ) > /home/jackie/Downloads/Askey_Spectrum_SBE1V1K/build_dir/target-aarch64_cortex-a53_musl/linux-firmware-20260810/apk-aarch64_cortex-a53/ath12k-firmware-qcn9274/pre-deinstall;
[ ! -f /home/jackie/Downloads/Askey_Spectrum_SBE1V1K/build_dir/target-aarch64_cortex-a53_musl/linux-firmware-20260810/apk-aarch64_cortex-a53/ath12k-firmware-qcn9274/postrm ] || sed -zi 's/^\s*#!/#!/' "/home/jackie/Downloads/Askey_Spectrum_SBE1V1K/build_dir/target-aarch64_cortex-a53_musl/linux-firmware-20260810/apk-aarch64_cortex-a53/ath12k-firmware-qcn9274/postrm";
if [ -n "" ]; then echo  > /home/jackie/Downloads/Askey_Spectrum_SBE1V1K/build_dir/target-aarch64_cortex-a53_musl/linux-firmware-20260810/ipkg-aarch64_cortex-a53/ath12k-firmware-qcn9274/lib/apk/packages/ath12k-firmware-qcn9274.rusers; fi;
if [ -n "" ]; then echo  > /home/jackie/Downloads/Askey_Spectrum_SBE1V1K/build_dir/target-aarch64_cortex-a53_musl/linux-firmware-20260810/ipkg-aarch64_cortex-a53/ath12k-firmware-qcn9274/lib/apk/packages/ath12k-firmware-qcn9274.alternatives; fi;
(cd /home/jackie/Downloads/Askey_Spectrum_SBE1V1K/build_dir/target-aarch64_cortex-a53_musl/linux-firmware-20260810/ipkg-aarch64_cortex-a53/ath12k-firmware-qcn9274 && find . -type f,l -printf "/%P\n" | sort > /home/jackie/Downloads/Askey_Spectrum_SBE1V1K/tmp/ath12k-firmware-qcn9274.list && mv /home/jackie/Downloads/Askey_Spectrum_SBE1V1K/tmp/ath12k-firmware-qcn9274.list /home/jackie/Downloads/Askey_Spectrum_SBE1V1K/build_dir/target-aarch64_cortex-a53_musl/linux-firmware-20260810/ipkg-aarch64_cortex-a53/ath12k-firmware-qcn9274/lib/apk/packages/ath12k-firmware-qcn9274.list)
# Move conffiles to IDIR and build conffiles_static with csums
if [ -f /home/jackie/Downloads/Askey_Spectrum_SBE1V1K/build_dir/target-aarch64_cortex-a53_musl/linux-firmware-20260810/apk-aarch64_cortex-a53/ath12k-firmware-qcn9274/conffiles ]; then mv -f /home/jackie/Downloads/Askey_Spectrum_SBE1V1K/build_dir/target-aarch64_cortex-a53_musl/linux-firmware-20260810/apk-aarch64_cortex-a53/ath12k-firmware-qcn9274/conffiles /home/jackie/Downloads/Askey_Spectrum_SBE1V1K/build_dir/target-aarch64_cortex-a53_musl/linux-firmware-20260810/ipkg-aarch64_cortex-a53/ath12k-firmware-qcn9274/lib/apk/packages/ath12k-firmware-qcn9274.conffiles; for file in $(cat /home/jackie/Downloads/Askey_Spectrum_SBE1V1K/build_dir/target-aarch64_cortex-a53_musl/linux-firmware-20260810/ipkg-aarch64_cortex-a53/ath12k-firmware-qcn9274/lib/apk/packages/ath12k-firmware-qcn9274.conffiles); do [ -f /home/jackie/Downloads/Askey_Spectrum_SBE1V1K/build_dir/target-aarch64_cortex-a53_musl/linux-firmware-20260810/ipkg-aarch64_cortex-a53/ath12k-firmware-qcn9274/$file ] || continue; csum=$(/home/jackie/Downloads/Askey_Spectrum_SBE1V1K/staging_dir/host/bin/mkhash sha256 /home/jackie/Downloads/Askey_Spectrum_SBE1V1K/build_dir/target-aarch64_cortex-a53_musl/linux-firmware-20260810/ipkg-aarch64_cortex-a53/ath12k-firmware-qcn9274/$file); echo $file $csum >> /home/jackie/Downloads/Askey_Spectrum_SBE1V1K/build_dir/target-aarch64_cortex-a53_musl/linux-firmware-20260810/ipkg-aarch64_cortex-a53/ath12k-firmware-qcn9274/lib/apk/packages/ath12k-firmware-qcn9274.conffiles_static; done; fi
# Some package (base-files) manually append stuff to conffiles
# Append stuff from it and delete the CONTROL directory since everything else should be migrated
if [ -f /home/jackie/Downloads/Askey_Spectrum_SBE1V1K/build_dir/target-aarch64_cortex-a53_musl/linux-firmware-20260810/ipkg-aarch64_cortex-a53/ath12k-firmware-qcn9274/CONTROL/conffiles ]; then echo $(IDIR_ath12k-firmware-qcn9274)/CONTROL/conffiles >> /home/jackie/Downloads/Askey_Spectrum_SBE1V1K/build_dir/target-aarch64_cortex-a53_musl/linux-firmware-20260810/ipkg-aarch64_cortex-a53/ath12k-firmware-qcn9274/lib/apk/packages/ath12k-firmware-qcn9274.conffiles; for file in $(cat /home/jackie/Downloads/Askey_Spectrum_SBE1V1K/build_dir/target-aarch64_cortex-a53_musl/linux-firmware-20260810/ipkg-aarch64_cortex-a53/ath12k-firmware-qcn9274/CONTROL/conffiles); do [ -f /home/jackie/Downloads/Askey_Spectrum_SBE1V1K/build_dir/target-aarch64_cortex-a53_musl/linux-firmware-20260810/ipkg-aarch64_cortex-a53/ath12k-firmware-qcn9274/$file ] || continue; csum=$(/home/jackie/Downloads/Askey_Spectrum_SBE1V1K/staging_dir/host/bin/mkhash sha256 /home/jackie/Downloads/Askey_Spectrum_SBE1V1K/build_dir/target-aarch64_cortex-a53_musl/linux-firmware-20260810/ipkg-aarch64_cortex-a53/ath12k-firmware-qcn9274/$file); echo $file $csum >> /home/jackie/Downloads/Askey_Spectrum_SBE1V1K/build_dir/target-aarch64_cortex-a53_musl/linux-firmware-20260810/ipkg-aarch64_cortex-a53/ath12k-firmware-qcn9274/lib/apk/packages/ath12k-firmware-qcn9274.conffiles_static; done; rm -rf /home/jackie/Downloads/Askey_Spectrum_SBE1V1K/build_dir/target-aarch64_cortex-a53_musl/linux-firmware-20260810/ipkg-aarch64_cortex-a53/ath12k-firmware-qcn9274/CONTROL/conffiles; fi
if [ -z "$(ls -A /home/jackie/Downloads/Askey_Spectrum_SBE1V1K/build_dir/target-aarch64_cortex-a53_musl/linux-firmware-20260810/ipkg-aarch64_cortex-a53/ath12k-firmware-qcn9274/CONTROL 2>/dev/null)" ]; then rm -rf /home/jackie/Downloads/Askey_Spectrum_SBE1V1K/build_dir/target-aarch64_cortex-a53_musl/linux-firmware-20260810/ipkg-aarch64_cortex-a53/ath12k-firmware-qcn9274/CONTROL; else echo "CONTROL directory /home/jackie/Downloads/Askey_Spectrum_SBE1V1K/build_dir/target-aarch64_cortex-a53_musl/linux-firmware-20260810/ipkg-aarch64_cortex-a53/ath12k-firmware-qcn9274/CONTROL is not empty! This is not right and should be checked!" >&2; exit 1; fi
SOURCE_DATE_EPOCH=0 /home/jackie/Downloads/Askey_Spectrum_SBE1V1K/staging_dir/host/bin/fakeroot /home/jackie/Downloads/Askey_Spectrum_SBE1V1K/staging_dir/host/bin/apk mkpkg --info "name:ath12k-firmware-qcn9274" --info "version:20260810-r1" --info "tags:openwrt:section=firmware" --info "description:QCN9274 ath12k firmware" --info "arch:aarch64_cortex-a53" --info "license:" --info "origin:feeds/base/firmware/linux-firmware" --info "url:https://git.kernel.org/pub/scm/linux/kernel/git/firmware/linux-firmware.git" --info "maintainer:Felix Fietkau <nbd@nbd.name>" --info "provides:ath12k-firmware-qcn9274-any"  --script "post-install:/home/jackie/Downloads/Askey_Spectrum_SBE1V1K/build_dir/target-aarch64_cortex-a53_musl/linux-firmware-20260810/apk-aarch64_cortex-a53/ath12k-firmware-qcn9274/post-install" --script "post-upgrade:/home/jackie/Downloads/Askey_Spectrum_SBE1V1K/build_dir/target-aarch64_cortex-a53_musl/linux-firmware-20260810/apk-aarch64_cortex-a53/ath12k-firmware-qcn9274/post-upgrade" --script "pre-deinstall:/home/jackie/Downloads/Askey_Spectrum_SBE1V1K/build_dir/target-aarch64_cortex-a53_musl/linux-firmware-20260810/apk-aarch64_cortex-a53/ath12k-firmware-qcn9274/pre-deinstall" --info "depends:libc" --files "/home/jackie/Downloads/Askey_Spectrum_SBE1V1K/build_dir/target-aarch64_cortex-a53_musl/linux-firmware-20260810/ipkg-aarch64_cortex-a53/ath12k-firmware-qcn9274" --sign /home/jackie/Downloads/Askey_Spectrum_SBE1V1K/private-key.pem --output "/home/jackie/Downloads/Askey_Spectrum_SBE1V1K/bin/packages/aarch64_cortex-a53/base/ath12k-firmware-qcn9274-20260810-r1.apk"
rm -rf /home/jackie/Downloads/Askey_Spectrum_SBE1V1K/build_dir/target-aarch64_cortex-a53_musl/linux-firmware-20260810/.pkgdir/ath12k-firmware-qcn9274.installed /home/jackie/Downloads/Askey_Spectrum_SBE1V1K/build_dir/target-aarch64_cortex-a53_musl/linux-firmware-20260810/.pkgdir/ath12k-firmware-qcn9274
mkdir -p /home/jackie/Downloads/Askey_Spectrum_SBE1V1K/build_dir/target-aarch64_cortex-a53_musl/linux-firmware-20260810/.pkgdir/ath12k-firmware-qcn9274
install -d -m0755 /home/jackie/Downloads/Askey_Spectrum_SBE1V1K/build_dir/target-aarch64_cortex-a53_musl/linux-firmware-20260810/.pkgdir/ath12k-firmware-qcn9274/lib/firmware/ath12k/QCN9274/hw2.0
install -m0644 /home/jackie/Downloads/Askey_Spectrum_SBE1V1K/build_dir/target-aarch64_cortex-a53_musl/linux-firmware-20260810/ath12k/QCN9274/hw2.0/* /home/jackie/Downloads/Askey_Spectrum_SBE1V1K/build_dir/target-aarch64_cortex-a53_musl/linux-firmware-20260810/.pkgdir/ath12k-firmware-qcn9274/lib/firmware/ath12k/QCN9274/hw2.0/
touch /home/jackie/Downloads/Askey_Spectrum_SBE1V1K/build_dir/target-aarch64_cortex-a53_musl/linux-firmware-20260810/.pkgdir/ath12k-firmware-qcn9274.installed
mkdir -p /home/jackie/Downloads/Askey_Spectrum_SBE1V1K/staging_dir/target-aarch64_cortex-a53_musl/root-qualcommbe/stamp
SHELL= flock /home/jackie/Downloads/Askey_Spectrum_SBE1V1K/tmp/.root-copy.flock -c 'cp -fpR /home/jackie/Downloads/Askey_Spectrum_SBE1V1K/build_dir/target-aarch64_cortex-a53_musl/linux-firmware-20260810/.pkgdir/ath12k-firmware-qcn9274/. /home/jackie/Downloads/Askey_Spectrum_SBE1V1K/staging_dir/target-aarch64_cortex-a53_musl/root-qualcommbe/'
touch /home/jackie/Downloads/Askey_Spectrum_SBE1V1K/staging_dir/target-aarch64_cortex-a53_musl/root-qualcommbe/stamp/.ath12k-firmware-qcn9274_installed
echo "ath12k-firmware-qcn9274" >> /home/jackie/Downloads/Askey_Spectrum_SBE1V1K/staging_dir/target-aarch64_cortex-a53_musl/pkginfo/linux-firmware.default.install
make[3]: Leaving directory '/home/jackie/Downloads/Askey_Spectrum_SBE1V1K/package/firmware/linux-firmware'
time: package/firmware/linux-firmware/compile#29.65#5.54#11.91
make[3]: Entering directory '/home/jackie/Downloads/Askey_Spectrum_SBE1V1K/package/kernel/gpio-button-hotplug'
rm -f /home/jackie/Downloads/Askey_Spectrum_SBE1V1K/build_dir/target-aarch64_cortex-a53_musl/linux-qualcommbe_ipq95xx/gpio-button-hotplug/.built
touch /home/jackie/Downloads/Askey_Spectrum_SBE1V1K/build_dir/target-aarch64_cortex-a53_musl/linux-qualcommbe_ipq95xx/gpio-button-hotplug/.built_check
make -C /home/jackie/Downloads/Askey_Spectrum_SBE1V1K/build_dir/target-aarch64_cortex-a53_musl/linux-qualcommbe_ipq95xx/linux-6.18.44 KCFLAGS="-fmacro-prefix-map=/home/jackie/Downloads/Askey_Spectrum_SBE1V1K/build_dir/target-aarch64_cortex-a53_musl=target-aarch64_cortex-a53_musl -fno-caller-saves " KAFLAGS="-fmacro-prefix-map=/home/jackie/Downloads/Askey_Spectrum_SBE1V1K/build_dir/target-aarch64_cortex-a53_musl=target-aarch64_cortex-a53_musl" HOSTCFLAGS="-O2 -I/home/jackie/Downloads/Askey_Spectrum_SBE1V1K/staging_dir/host/include -I/home/jackie/Downloads/Askey_Spectrum_SBE1V1K/staging_dir/hostpkg/include -I/home/jackie/Downloads/Askey_Spectrum_SBE1V1K/staging_dir/target-aarch64_cortex-a53_musl/host/include -Wall -Wmissing-prototypes -Wstrict-prototypes" CROSS_COMPILE="aarch64-openwrt-linux-musl-" ARCH="arm64" KBUILD_HAVE_NLS=no KBUILD_BUILD_USER="" KBUILD_BUILD_HOST="" KBUILD_BUILD_TIMESTAMP="Sat Sep 12 10:36:20 2026" KBUILD_BUILD_VERSION="0" KBUILD_HOSTLDFLAGS="-L/home/jackie/Downloads/Askey_Spectrum_SBE1V1K/staging_dir/host/lib" CONFIG_SHELL="bash" V=''  cmd_syscalls= KBUILD_EXTRA_SYMBOLS="/home/jackie/Downloads/Askey_Spectrum_SBE1V1K/build_dir/target-aarch64_cortex-a53_musl/linux-qualcommbe_ipq95xx/symvers/gpio-button-hotplug.symvers" CC="aarch64-openwrt-linux-musl-gcc" KERNELRELEASE=6.18.44 M="/home/jackie/Downloads/Askey_Spectrum_SBE1V1K/build_dir/target-aarch64_cortex-a53_musl/linux-qualcommbe_ipq95xx/gpio-button-hotplug" modules
make[4]: Entering directory '/home/jackie/Downloads/Askey_Spectrum_SBE1V1K/build_dir/target-aarch64_cortex-a53_musl/linux-qualcommbe_ipq95xx/linux-6.18.44'
make[5]: Entering directory '/home/jackie/Downloads/Askey_Spectrum_SBE1V1K/build_dir/target-aarch64_cortex-a53_musl/linux-qualcommbe_ipq95xx/gpio-button-hotplug'
  MODPOST Module.symvers
WARNING: modpost: missing MODULE_DESCRIPTION() in gpio-button-hotplug.o
make[5]: Leaving directory '/home/jackie/Downloads/Askey_Spectrum_SBE1V1K/build_dir/target-aarch64_cortex-a53_musl/linux-qualcommbe_ipq95xx/gpio-button-hotplug'
make[4]: Leaving directory '/home/jackie/Downloads/Askey_Spectrum_SBE1V1K/build_dir/target-aarch64_cortex-a53_musl/linux-qualcommbe_ipq95xx/linux-6.18.44'
for subdir in .; do realdir=$(readlink -f /home/jackie/Downloads/Askey_Spectrum_SBE1V1K/build_dir/target-aarch64_cortex-a53_musl/linux-qualcommbe_ipq95xx/gpio-button-hotplug); grep -F /home/jackie/Downloads/Askey_Spectrum_SBE1V1K/build_dir/target-aarch64_cortex-a53_musl/linux-qualcommbe_ipq95xx/gpio-button-hotplug /home/jackie/Downloads/Askey_Spectrum_SBE1V1K/build_dir/target-aarch64_cortex-a53_musl/linux-qualcommbe_ipq95xx/gpio-button-hotplug/$subdir/Module.symvers >> /home/jackie/Downloads/Askey_Spectrum_SBE1V1K/build_dir/target-aarch64_cortex-a53_musl/linux-qualcommbe_ipq95xx/gpio-button-hotplug/Module.symvers.tmp; [ "/home/jackie/Downloads/Askey_Spectrum_SBE1V1K/build_dir/target-aarch64_cortex-a53_musl/linux-qualcommbe_ipq95xx/gpio-button-hotplug" = "$realdir" ] || grep -F $realdir /home/jackie/Downloads/Askey_Spectrum_SBE1V1K/build_dir/target-aarch64_cortex-a53_musl/linux-qualcommbe_ipq95xx/gpio-button-hotplug/$subdir/Module.symvers >> /home/jackie/Downloads/Askey_Spectrum_SBE1V1K/build_dir/target-aarch64_cortex-a53_musl/linux-qualcommbe_ipq95xx/gpio-button-hotplug/Module.symvers.tmp; [ -s "/home/jackie/Downloads/Askey_Spectrum_SBE1V1K/build_dir/target-aarch64_cortex-a53_musl/linux-qualcommbe_ipq95xx/gpio-button-hotplug/Module.symvers.tmp" ] || [ "6.18" = "6.18" ] && sed 's/\.o$//' /home/jackie/Downloads/Askey_Spectrum_SBE1V1K/build_dir/target-aarch64_cortex-a53_musl/linux-qualcommbe_ipq95xx/gpio-button-hotplug/$subdir/modules.order | grep -Ff - /home/jackie/Downloads/Askey_Spectrum_SBE1V1K/build_dir/target-aarch64_cortex-a53_musl/linux-qualcommbe_ipq95xx/gpio-button-hotplug/$subdir/Module.symvers >> /home/jackie/Downloads/Askey_Spectrum_SBE1V1K/build_dir/target-aarch64_cortex-a53_musl/linux-qualcommbe_ipq95xx/gpio-button-hotplug/Module.symvers.tmp; done; sort -u /home/jackie/Downloads/Askey_Spectrum_SBE1V1K/build_dir/target-aarch64_cortex-a53_musl/linux-qualcommbe_ipq95xx/gpio-button-hotplug/Module.symvers.tmp > /home/jackie/Downloads/Askey_Spectrum_SBE1V1K/build_dir/target-aarch64_cortex-a53_musl/linux-qualcommbe_ipq95xx/gpio-button-hotplug/Module.symvers; mkdir -p /home/jackie/Downloads/Askey_Spectrum_SBE1V1K/build_dir/target-aarch64_cortex-a53_musl/linux-qualcommbe_ipq95xx/symvers; mv /home/jackie/Downloads/Askey_Spectrum_SBE1V1K/build_dir/target-aarch64_cortex-a53_musl/linux-qualcommbe_ipq95xx/gpio-button-hotplug/Module.symvers /home/jackie/Downloads/Askey_Spectrum_SBE1V1K/build_dir/target-aarch64_cortex-a53_musl/linux-qualcommbe_ipq95xx/symvers/gpio-button-hotplug.symvers
touch /home/jackie/Downloads/Askey_Spectrum_SBE1V1K/build_dir/target-aarch64_cortex-a53_musl/linux-qualcommbe_ipq95xx/gpio-button-hotplug/.built
rm -rf /home/jackie/Downloads/Askey_Spectrum_SBE1V1K/build_dir/target-aarch64_cortex-a53_musl/linux-qualcommbe_ipq95xx/gpio-button-hotplug/ipkg-aarch64_cortex-a53/kmod-gpio-button-hotplug
mkdir -p /home/jackie/Downloads/Askey_Spectrum_SBE1V1K/bin/targets/qualcommbe/ipq95xx/packages /home/jackie/Downloads/Askey_Spectrum_SBE1V1K/build_dir/target-aarch64_cortex-a53_musl/linux-qualcommbe_ipq95xx/gpio-button-hotplug/ipkg-aarch64_cortex-a53/kmod-gpio-button-hotplug /home/jackie/Downloads/Askey_Spectrum_SBE1V1K/staging_dir/target-aarch64_cortex-a53_musl/pkginfo
mkdir -p /home/jackie/Downloads/Askey_Spectrum_SBE1V1K/build_dir/target-aarch64_cortex-a53_musl/linux-qualcommbe_ipq95xx/gpio-button-hotplug/ipkg-aarch64_cortex-a53/kmod-gpio-button-hotplug/etc/modules.d; ( echo "gpio-button-hotplug"; ) > /home/jackie/Downloads/Askey_Spectrum_SBE1V1K/build_dir/target-aarch64_cortex-a53_musl/linux-qualcommbe_ipq95xx/gpio-button-hotplug/ipkg-aarch64_cortex-a53/kmod-gpio-button-hotplug/etc/modules.d/30-gpio-button-hotplug;  mkdir -p /home/jackie/Downloads/Askey_Spectrum_SBE1V1K/build_dir/target-aarch64_cortex-a53_musl/linux-qualcommbe_ipq95xx/gpio-button-hotplug/ipkg-aarch64_cortex-a53/kmod-gpio-button-hotplug/etc/modules-boot.d; ln -sf ../modules.d/30-gpio-button-hotplug /home/jackie/Downloads/Askey_Spectrum_SBE1V1K/build_dir/target-aarch64_cortex-a53_musl/linux-qualcommbe_ipq95xx/gpio-button-hotplug/ipkg-aarch64_cortex-a53/kmod-gpio-button-hotplug/etc/modules-boot.d/;
find /home/jackie/Downloads/Askey_Spectrum_SBE1V1K/build_dir/target-aarch64_cortex-a53_musl/linux-qualcommbe_ipq95xx/gpio-button-hotplug/ipkg-aarch64_cortex-a53/kmod-gpio-button-hotplug -name '.svn' -o -name '.#*' -o -name '*~'| xargs -r rm -rf
export CROSS="aarch64-openwrt-linux-musl-"  NO_RENAME=1 ; NM="aarch64-openwrt-linux-musl-nm" STRIP="/home/jackie/Downloads/Askey_Spectrum_SBE1V1K/staging_dir/host/bin/sstrip -z" STRIP_KMOD="/home/jackie/Downloads/Askey_Spectrum_SBE1V1K/scripts/strip-kmod.sh" PATCHELF="/home/jackie/Downloads/Askey_Spectrum_SBE1V1K/staging_dir/host/bin/patchelf" /home/jackie/Downloads/Askey_Spectrum_SBE1V1K/scripts/rstrip.sh /home/jackie/Downloads/Askey_Spectrum_SBE1V1K/build_dir/target-aarch64_cortex-a53_musl/linux-qualcommbe_ipq95xx/gpio-button-hotplug/ipkg-aarch64_cortex-a53/kmod-gpio-button-hotplug
rstrip.sh: /home/jackie/Downloads/Askey_Spectrum_SBE1V1K/build_dir/target-aarch64_cortex-a53_musl/linux-qualcommbe_ipq95xx/gpio-button-hotplug/ipkg-aarch64_cortex-a53/kmod-gpio-button-hotplug/lib/modules/6.18.44/gpio-button-hotplug.ko: relocatable
install -d -m0755 /home/jackie/Downloads/Askey_Spectrum_SBE1V1K/bin/targets/qualcommbe/ipq95xx/packages
mkdir -p /home/jackie/Downloads/Askey_Spectrum_SBE1V1K/build_dir/target-aarch64_cortex-a53_musl/linux-qualcommbe_ipq95xx/gpio-button-hotplug/apk-aarch64_cortex-a53/kmod-gpio-button-hotplug/
mkdir -p /home/jackie/Downloads/Askey_Spectrum_SBE1V1K/build_dir/target-aarch64_cortex-a53_musl/linux-qualcommbe_ipq95xx/gpio-button-hotplug/ipkg-aarch64_cortex-a53/kmod-gpio-button-hotplug/lib/apk/packages/
(cd /home/jackie/Downloads/Askey_Spectrum_SBE1V1K/build_dir/target-aarch64_cortex-a53_musl/linux-qualcommbe_ipq95xx/gpio-button-hotplug/apk-aarch64_cortex-a53/kmod-gpio-button-hotplug; )
( echo "#!/bin/sh"; echo "[ \"\${IPKG_NO_SCRIPT}\" = \"1\" ] && exit 0"; echo "[ -s "\${IPKG_INSTROOT}/lib/functions.sh" ] || exit 0"; echo ". \${IPKG_INSTROOT}/lib/functions.sh"; echo 'export root="${IPKG_INSTROOT}"'; echo 'export pkgname="kmod-gpio-button-hotplug"'; echo "add_group_and_user"; echo "default_postinst"; [ ! -f /home/jackie/Downloads/Askey_Spectrum_SBE1V1K/build_dir/target-aarch64_cortex-a53_musl/linux-qualcommbe_ipq95xx/gpio-button-hotplug/apk-aarch64_cortex-a53/kmod-gpio-button-hotplug/postinst-pkg ] || sed '/^\s*#!/d' "/home/jackie/Downloads/Askey_Spectrum_SBE1V1K/build_dir/target-aarch64_cortex-a53_musl/linux-qualcommbe_ipq95xx/gpio-button-hotplug/apk-aarch64_cortex-a53/kmod-gpio-button-hotplug/postinst-pkg"; ) > /home/jackie/Downloads/Askey_Spectrum_SBE1V1K/build_dir/target-aarch64_cortex-a53_musl/linux-qualcommbe_ipq95xx/gpio-button-hotplug/apk-aarch64_cortex-a53/kmod-gpio-button-hotplug/post-install;
( echo "#!/bin/sh"; echo 'export PKG_UPGRADE=1'; [ ! -f /home/jackie/Downloads/Askey_Spectrum_SBE1V1K/build_dir/target-aarch64_cortex-a53_musl/linux-qualcommbe_ipq95xx/gpio-button-hotplug/apk-aarch64_cortex-a53/kmod-gpio-button-hotplug/post-install ] || sed '/^\s*#!/d' "/home/jackie/Downloads/Askey_Spectrum_SBE1V1K/build_dir/target-aarch64_cortex-a53_musl/linux-qualcommbe_ipq95xx/gpio-button-hotplug/apk-aarch64_cortex-a53/kmod-gpio-button-hotplug/post-install"; ) > /home/jackie/Downloads/Askey_Spectrum_SBE1V1K/build_dir/target-aarch64_cortex-a53_musl/linux-qualcommbe_ipq95xx/gpio-button-hotplug/apk-aarch64_cortex-a53/kmod-gpio-button-hotplug/post-upgrade;
( echo "#!/bin/sh"; echo "[ -s "\${IPKG_INSTROOT}/lib/functions.sh" ] || exit 0"; echo ". \${IPKG_INSTROOT}/lib/functions.sh"; echo 'export root="${IPKG_INSTROOT}"'; echo 'export pkgname="kmod-gpio-button-hotplug"'; echo "default_prerm"; [ ! -f /home/jackie/Downloads/Askey_Spectrum_SBE1V1K/build_dir/target-aarch64_cortex-a53_musl/linux-qualcommbe_ipq95xx/gpio-button-hotplug/apk-aarch64_cortex-a53/kmod-gpio-button-hotplug/prerm-pkg ] || sed '/^\s*#!/d' "/home/jackie/Downloads/Askey_Spectrum_SBE1V1K/build_dir/target-aarch64_cortex-a53_musl/linux-qualcommbe_ipq95xx/gpio-button-hotplug/apk-aarch64_cortex-a53/kmod-gpio-button-hotplug/prerm-pkg"; ) > /home/jackie/Downloads/Askey_Spectrum_SBE1V1K/build_dir/target-aarch64_cortex-a53_musl/linux-qualcommbe_ipq95xx/gpio-button-hotplug/apk-aarch64_cortex-a53/kmod-gpio-button-hotplug/pre-deinstall;
[ ! -f /home/jackie/Downloads/Askey_Spectrum_SBE1V1K/build_dir/target-aarch64_cortex-a53_musl/linux-qualcommbe_ipq95xx/gpio-button-hotplug/apk-aarch64_cortex-a53/kmod-gpio-button-hotplug/postrm ] || sed -zi 's/^\s*#!/#!/' "/home/jackie/Downloads/Askey_Spectrum_SBE1V1K/build_dir/target-aarch64_cortex-a53_musl/linux-qualcommbe_ipq95xx/gpio-button-hotplug/apk-aarch64_cortex-a53/kmod-gpio-button-hotplug/postrm";
if [ -n "" ]; then echo  > /home/jackie/Downloads/Askey_Spectrum_SBE1V1K/build_dir/target-aarch64_cortex-a53_musl/linux-qualcommbe_ipq95xx/gpio-button-hotplug/ipkg-aarch64_cortex-a53/kmod-gpio-button-hotplug/lib/apk/packages/kmod-gpio-button-hotplug.rusers; fi;
if [ -n "" ]; then echo  > /home/jackie/Downloads/Askey_Spectrum_SBE1V1K/build_dir/target-aarch64_cortex-a53_musl/linux-qualcommbe_ipq95xx/gpio-button-hotplug/ipkg-aarch64_cortex-a53/kmod-gpio-button-hotplug/lib/apk/packages/kmod-gpio-button-hotplug.alternatives; fi;
(cd /home/jackie/Downloads/Askey_Spectrum_SBE1V1K/build_dir/target-aarch64_cortex-a53_musl/linux-qualcommbe_ipq95xx/gpio-button-hotplug/ipkg-aarch64_cortex-a53/kmod-gpio-button-hotplug && find . -type f,l -printf "/%P\n" | sort > /home/jackie/Downloads/Askey_Spectrum_SBE1V1K/tmp/kmod-gpio-button-hotplug.list && mv /home/jackie/Downloads/Askey_Spectrum_SBE1V1K/tmp/kmod-gpio-button-hotplug.list /home/jackie/Downloads/Askey_Spectrum_SBE1V1K/build_dir/target-aarch64_cortex-a53_musl/linux-qualcommbe_ipq95xx/gpio-button-hotplug/ipkg-aarch64_cortex-a53/kmod-gpio-button-hotplug/lib/apk/packages/kmod-gpio-button-hotplug.list)
# Move conffiles to IDIR and build conffiles_static with csums
if [ -f /home/jackie/Downloads/Askey_Spectrum_SBE1V1K/build_dir/target-aarch64_cortex-a53_musl/linux-qualcommbe_ipq95xx/gpio-button-hotplug/apk-aarch64_cortex-a53/kmod-gpio-button-hotplug/conffiles ]; then mv -f /home/jackie/Downloads/Askey_Spectrum_SBE1V1K/build_dir/target-aarch64_cortex-a53_musl/linux-qualcommbe_ipq95xx/gpio-button-hotplug/apk-aarch64_cortex-a53/kmod-gpio-button-hotplug/conffiles /home/jackie/Downloads/Askey_Spectrum_SBE1V1K/build_dir/target-aarch64_cortex-a53_musl/linux-qualcommbe_ipq95xx/gpio-button-hotplug/ipkg-aarch64_cortex-a53/kmod-gpio-button-hotplug/lib/apk/packages/kmod-gpio-button-hotplug.conffiles; for file in $(cat /home/jackie/Downloads/Askey_Spectrum_SBE1V1K/build_dir/target-aarch64_cortex-a53_musl/linux-qualcommbe_ipq95xx/gpio-button-hotplug/ipkg-aarch64_cortex-a53/kmod-gpio-button-hotplug/lib/apk/packages/kmod-gpio-button-hotplug.conffiles); do [ -f /home/jackie/Downloads/Askey_Spectrum_SBE1V1K/build_dir/target-aarch64_cortex-a53_musl/linux-qualcommbe_ipq95xx/gpio-button-hotplug/ipkg-aarch64_cortex-a53/kmod-gpio-button-hotplug/$file ] || continue; csum=$(/home/jackie/Downloads/Askey_Spectrum_SBE1V1K/staging_dir/host/bin/mkhash sha256 /home/jackie/Downloads/Askey_Spectrum_SBE1V1K/build_dir/target-aarch64_cortex-a53_musl/linux-qualcommbe_ipq95xx/gpio-button-hotplug/ipkg-aarch64_cortex-a53/kmod-gpio-button-hotplug/$file); echo $file $csum >> /home/jackie/Downloads/Askey_Spectrum_SBE1V1K/build_dir/target-aarch64_cortex-a53_musl/linux-qualcommbe_ipq95xx/gpio-button-hotplug/ipkg-aarch64_cortex-a53/kmod-gpio-button-hotplug/lib/apk/packages/kmod-gpio-button-hotplug.conffiles_static; done; fi
# Some package (base-files) manually append stuff to conffiles
# Append stuff from it and delete the CONTROL directory since everything else should be migrated
if [ -f /home/jackie/Downloads/Askey_Spectrum_SBE1V1K/build_dir/target-aarch64_cortex-a53_musl/linux-qualcommbe_ipq95xx/gpio-button-hotplug/ipkg-aarch64_cortex-a53/kmod-gpio-button-hotplug/CONTROL/conffiles ]; then echo $(IDIR_kmod-gpio-button-hotplug)/CONTROL/conffiles >> /home/jackie/Downloads/Askey_Spectrum_SBE1V1K/build_dir/target-aarch64_cortex-a53_musl/linux-qualcommbe_ipq95xx/gpio-button-hotplug/ipkg-aarch64_cortex-a53/kmod-gpio-button-hotplug/lib/apk/packages/kmod-gpio-button-hotplug.conffiles; for file in $(cat /home/jackie/Downloads/Askey_Spectrum_SBE1V1K/build_dir/target-aarch64_cortex-a53_musl/linux-qualcommbe_ipq95xx/gpio-button-hotplug/ipkg-aarch64_cortex-a53/kmod-gpio-button-hotplug/CONTROL/conffiles); do [ -f /home/jackie/Downloads/Askey_Spectrum_SBE1V1K/build_dir/target-aarch64_cortex-a53_musl/linux-qualcommbe_ipq95xx/gpio-button-hotplug/ipkg-aarch64_cortex-a53/kmod-gpio-button-hotplug/$file ] || continue; csum=$(/home/jackie/Downloads/Askey_Spectrum_SBE1V1K/staging_dir/host/bin/mkhash sha256 /home/jackie/Downloads/Askey_Spectrum_SBE1V1K/build_dir/target-aarch64_cortex-a53_musl/linux-qualcommbe_ipq95xx/gpio-button-hotplug/ipkg-aarch64_cortex-a53/kmod-gpio-button-hotplug/$file); echo $file $csum >> /home/jackie/Downloads/Askey_Spectrum_SBE1V1K/build_dir/target-aarch64_cortex-a53_musl/linux-qualcommbe_ipq95xx/gpio-button-hotplug/ipkg-aarch64_cortex-a53/kmod-gpio-button-hotplug/lib/apk/packages/kmod-gpio-button-hotplug.conffiles_static; done; rm -rf /home/jackie/Downloads/Askey_Spectrum_SBE1V1K/build_dir/target-aarch64_cortex-a53_musl/linux-qualcommbe_ipq95xx/gpio-button-hotplug/ipkg-aarch64_cortex-a53/kmod-gpio-button-hotplug/CONTROL/conffiles; fi
if [ -z "$(ls -A /home/jackie/Downloads/Askey_Spectrum_SBE1V1K/build_dir/target-aarch64_cortex-a53_musl/linux-qualcommbe_ipq95xx/gpio-button-hotplug/ipkg-aarch64_cortex-a53/kmod-gpio-button-hotplug/CONTROL 2>/dev/null)" ]; then rm -rf /home/jackie/Downloads/Askey_Spectrum_SBE1V1K/build_dir/target-aarch64_cortex-a53_musl/linux-qualcommbe_ipq95xx/gpio-button-hotplug/ipkg-aarch64_cortex-a53/kmod-gpio-button-hotplug/CONTROL; else echo "CONTROL directory /home/jackie/Downloads/Askey_Spectrum_SBE1V1K/build_dir/target-aarch64_cortex-a53_musl/linux-qualcommbe_ipq95xx/gpio-button-hotplug/ipkg-aarch64_cortex-a53/kmod-gpio-button-hotplug/CONTROL is not empty! This is not right and should be checked!" >&2; exit 1; fi
SOURCE_DATE_EPOCH=0 /home/jackie/Downloads/Askey_Spectrum_SBE1V1K/staging_dir/host/bin/fakeroot /home/jackie/Downloads/Askey_Spectrum_SBE1V1K/staging_dir/host/bin/apk mkpkg --info "name:kmod-gpio-button-hotplug" --info "version:6.18.44-r6" --info "tags:openwrt:section=kernel" --info "description:This is a replacement for the following in-kernel drivers: 1) gpio_keys (KEYBOARD_GPIO) 2) gpio_keys_polled (KEYBOARD_GPIO_POLLED) Instead of generating input events (like in-kernel drivers do) it generates uevent-s and broadcasts them. This allows disabling input subsystem which is an overkill for OpenWrt simple needs." --info "arch:aarch64_cortex-a53" --info "license:GPL-2.0" --info "origin:feeds/base/kernel/gpio-button-hotplug" --info "url:" --info "maintainer:" --info "provides:kmod-gpio-button-hotplug-any"  --script "post-install:/home/jackie/Downloads/Askey_Spectrum_SBE1V1K/build_dir/target-aarch64_cortex-a53_musl/linux-qualcommbe_ipq95xx/gpio-button-hotplug/apk-aarch64_cortex-a53/kmod-gpio-button-hotplug/post-install" --script "post-upgrade:/home/jackie/Downloads/Askey_Spectrum_SBE1V1K/build_dir/target-aarch64_cortex-a53_musl/linux-qualcommbe_ipq95xx/gpio-button-hotplug/apk-aarch64_cortex-a53/kmod-gpio-button-hotplug/post-upgrade" --script "pre-deinstall:/home/jackie/Downloads/Askey_Spectrum_SBE1V1K/build_dir/target-aarch64_cortex-a53_musl/linux-qualcommbe_ipq95xx/gpio-button-hotplug/apk-aarch64_cortex-a53/kmod-gpio-button-hotplug/pre-deinstall" --info "depends:kernel=6.18.44~unknown-r1" --files "/home/jackie/Downloads/Askey_Spectrum_SBE1V1K/build_dir/target-aarch64_cortex-a53_musl/linux-qualcommbe_ipq95xx/gpio-button-hotplug/ipkg-aarch64_cortex-a53/kmod-gpio-button-hotplug" --sign /home/jackie/Downloads/Askey_Spectrum_SBE1V1K/private-key.pem --output "/home/jackie/Downloads/Askey_Spectrum_SBE1V1K/bin/targets/qualcommbe/ipq95xx/packages/kmod-gpio-button-hotplug-6.18.44-r6.apk"
ERROR: info field 'depends' has invalid value: dependency format is invalid
ERROR: failed to create package: dependency format is invalid
make[3]: *** [Makefile:69: /home/jackie/Downloads/Askey_Spectrum_SBE1V1K/bin/targets/qualcommbe/ipq95xx/packages/kmod-gpio-button-hotplug-6.18.44-r6.apk] Error 99
make[3]: Leaving directory '/home/jackie/Downloads/Askey_Spectrum_SBE1V1K/package/kernel/gpio-button-hotplug'
time: package/kernel/gpio-button-hotplug/compile#6.10#0.73#6.82
    ERROR: package/kernel/gpio-button-hotplug failed to build.
make[2]: *** [package/Makefile:198: package/kernel/gpio-button-hotplug/compile] Error 1
make[2]: Leaving directory '/home/jackie/Downloads/Askey_Spectrum_SBE1V1K'
make[1]: *** [package/Makefile:192: /home/jackie/Downloads/Askey_Spectrum_SBE1V1K/staging_dir/target-aarch64_cortex-a53_musl/stamp/.package_compile] Error 2
make[1]: Leaving directory '/home/jackie/Downloads/Askey_Spectrum_SBE1V1K'
make: *** [/home/jackie/Downloads/Askey_Spectrum_SBE1V1K/include/toplevel.mk:233: world] Error 2
